{"walk": 0, "surface": "rp2", "n": 28, "seed": null, "best": 1504.14, "elapsed": 7}
{"walk": 1, "surface": "genus2", "n": 33, "seed": null, "best": 8.0, "elapsed": 18}
{"walk": 2, "surface": "rp2x3", "n": 22, "seed": null, "best": 8.0, "elapsed": 24}
{"walk": 3, "surface": "torus", "n": 34, "seed": null, "best": 24.0, "elapsed": 47}
{"walk": 4, "surface": "klein", "n": 26, "seed": null, "best": 14.0, "elapsed": 54}
{"walk": 5, "surface": "rp2", "n": 33, "seed": null, "best": 1014.33, "elapsed": 85}
{"walk": 6, "surface": "genus2", "n": 24, "seed": null, "best": 8.0, "elapsed": 91}
{"walk": 7, "surface": "rp2x3", "n": 23, "seed": null, "best": 6.0, "elapsed": 96}
{"walk": 8, "surface": "torus", "n": 29, "seed": null, "best": 10.0, "elapsed": 105}
{"walk": 9, "surface": "klein", "n": 34, "seed": null, "best": 18.0, "elapsed": 163}
{"walk": 10, "surface": "rp2", "n": 31, "seed": null, "best": 9.0, "elapsed": 177}
{"walk": 11, "surface": "genus2", "n": 33, "seed": null, "best": 12.0, "elapsed": 187}
{"walk": 12, "surface": "rp2x3", "n": 27, "seed": null, "best": 8.0, "elapsed": 194}
{"walk": 13, "surface": "torus", "n": 32, "seed": null, "best": 15.0, "elapsed": 213}
{"walk": 14, "surface": "klein", "n": 30, "seed": null, "best": 11.0, "elapsed": 225}
{"walk": 15, "surface": "rp2", "n": 33, "seed": null, "best": 16.0, "elapsed": 253}
{"walk": 16, "surface": "genus2", "n": 25, "seed": null, "best": 7.0, "elapsed": 259}
{"walk": 17, "surface": "rp2x3", "n": 23, "seed": null, "best": 10.9, "elapsed": 264}
{"walk": 18, "surface": "torus", "n": 29, "seed": null, "best": 11.0, "elapsed": 276}
{"walk": 19, "surface": "klein", "n": 27, "seed": null, "best": 12.0, "elapsed": 281}
{"walk": 20, "surface": "rp2", "n": 34, "seed": null, "best": 24.0, "elapsed": 364}
{"walk": 21, "surface": "genus2", "n": 34, "seed": null, "best": 11.0, "elapsed": 397}
{"walk": 22, "surface": "rp2x3", "n": 31, "seed": null, "best": 11.0, "elapsed": 421}
{"walk": 23, "surface": "torus", "n": 22, "seed": null, "best": 7.25, "elapsed": 426}
{"walk": 24, "surface": "klein", "n": 27, "seed": null, "best": 12.0, "elapsed": 432}
{"walk": 25, "surface": "rp2", "n": 31, "seed": null, "best": 16.75, "elapsed": 450}
{"walk": 26, "surface": "genus2", "n": 22, "seed": null, "best": 5.0, "elapsed": 459}
{"walk": 27, "surface": "rp2x3", "n": 24, "seed": null, "best": 14.0, "elapsed": 467}
{"walk": 28, "surface": "torus", "n": 28, "seed": null, "best": 8.0, "elapsed": 475}
{"walk": 29, "surface": "klein", "n": 30, "seed": null, "best": 10.0, "elapsed": 486}
{"walk": 30, "surface": "rp2", "n": 29, "seed": null, "best": 13.0, "elapsed": 503}
{"walk": 31, "surface": "genus2", "n": 29, "seed": null, "best": 11.0, "elapsed": 513}
{"walk": 32, "surface": "rp2x3", "n": 34, "seed": null, "best": 11.0, "elapsed": 533}
{"walk": 33, "surface": "torus", "n": 29, "seed": null, "best": 8.0, "elapsed": 545}
{"walk": 34, "surface": "klein", "n": 31, "seed": null, "best": 14.5, "elapsed": 559}
{"walk": 35, "surface": "rp2", "n": 29, "seed": null, "best": 17.0, "elapsed": 577}
{"walk": 36, "surface": "genus2", "n": 29, "seed": null, "best": 8.0, "elapsed": 589}
{"walk": 37, "surface": "rp2x3", "n": 26, "seed": null, "best": 11.0, "elapsed": 597}
{"walk": 38, "surface": "torus", "n": 32, "seed": null, "best": 9.0, "elapsed": 613}
{"walk": 39, "surface": "klein", "n": 27, "seed": null, "best": 9.0, "elapsed": 619}
{"walk": 40, "surface": "rp2", "n": 23, "seed": null, "best": 11.0, "elapsed": 623}
{"walk": 41, "surface": "genus2", "n": 24, "seed": null, "best": 7.0, "elapsed": 629}
{"walk": 42, "surface": "rp2x3", "n": 26, "seed": null, "best": 8.0, "elapsed": 635}
{"walk": 43, "surface": "torus", "n": 31, "seed": null, "best": 11.0, "elapsed": 655}
{"walk": 44, "surface": "klein", "n": 25, "seed": null, "best": 8.25, "elapsed": 660}
{"walk": 45, "surface": "rp2", "n": 25, "seed": null, "best": 13.0, "elapsed": 668}
{"walk": 46, "surface": "genus2", "n": 34, "seed": null, "best": 8.0, "elapsed": 684}
{"walk": 47, "surface": "rp2x3", "n": 31, "seed": null, "best": 14.5, "elapsed": 695}
{"walk": 48, "surface": "torus", "n": 29, "seed": null, "best": 12.0, "elapsed": 702}
{"walk": 49, "surface": "klein", "n": 33, "seed": null, "best": 16.62, "elapsed": 723}
{"walk": 50, "surface": "rp2", "n": 30, "seed": null, "best": 13.0, "elapsed": 738}
{"walk": 51, "surface": "genus2", "n": 25, "seed": null, "best": 8.0, "elapsed": 743}
{"walk": 52, "surface": "rp2x3", "n": 34, "seed": null, "best": 9.0, "elapsed": 754}
{"walk": 53, "surface": "torus", "n": 34, "seed": null, "best": 11.5, "elapsed": 788}
{"walk": 54, "surface": "klein", "n": 30, "seed": null, "best": 12.0, "elapsed": 796}
{"walk": 55, "surface": "rp2", "n": 24, "seed": null, "best": 14.75, "elapsed": 800}
{"walk": 56, "surface": "genus2", "n": 30, "seed": null, "best": 8.0, "elapsed": 807}
{"walk": 57, "surface": "rp2x3", "n": 25, "seed": null, "best": 8.0, "elapsed": 811}
{"walk": 58, "surface": "torus", "n": 31, "seed": null, "best": 13.0, "elapsed": 825}
{"walk": 59, "surface": "klein", "n": 25, "seed": null, "best": 8.0, "elapsed": 829}
{"walk": 60, "surface": "rp2", "n": 30, "seed": null, "best": 15.75, "elapsed": 840}
{"walk": 61, "surface": "genus2", "n": 26, "seed": null, "best": 9.0, "elapsed": 846}
{"walk": 62, "surface": "rp2x3", "n": 34, "seed": null, "best": 12.0, "elapsed": 865}
{"walk": 63, "surface": "torus", "n": 25, "seed": null, "best": 7.0, "elapsed": 870}
{"walk": 64, "surface": "klein", "n": 34, "seed": null, "best": 11.0, "elapsed": 886}
{"walk": 65, "surface": "rp2", "n": 24, "seed": null, "best": 15.0, "elapsed": 891}
{"walk": 66, "surface": "genus2", "n": 23, "seed": null, "best": 6.0, "elapsed": 895}
{"walk": 67, "surface": "rp2x3", "n": 32, "seed": null, "best": 10.0, "elapsed": 904}
{"walk": 68, "surface": "torus", "n": 24, "seed": null, "best": 13.0, "elapsed": 909}
{"walk": 69, "surface": "klein", "n": 31, "seed": null, "best": 12.0, "elapsed": 928}
{"walk": 70, "surface": "rp2", "n": 32, "seed": null, "best": 17.17, "elapsed": 967}
{"walk": 71, "surface": "genus2", "n": 25, "seed": null, "best": 7.0, "elapsed": 971}
{"walk": 72, "surface": "rp2x3", "n": 25, "seed": null, "best": 7.0, "elapsed": 976}
{"walk": 73, "surface": "torus", "n": 29, "seed": null, "best": 12.0, "elapsed": 982}
{"walk": 74, "surface": "klein", "n": 30, "seed": null, "best": 12.0, "elapsed": 995}
{"walk": 75, "surface": "rp2", "n": 26, "seed": null, "best": 11.75, "elapsed": 1001}
{"walk": 76, "surface": "genus2", "n": 24, "seed": null, "best": 9.0, "elapsed": 1006}
{"walk": 77, "surface": "rp2x3", "n": 29, "seed": null, "best": 16.69, "elapsed": 1013}
{"walk": 78, "surface": "torus", "n": 24, "seed": null, "best": 9.0, "elapsed": 1016}
{"walk": 79, "surface": "klein", "n": 30, "seed": null, "best": 17.0, "elapsed": 1028}
{"walk": 80, "surface": "rp2", "n": 29, "seed": null, "best": 18.56, "elapsed": 1040}
{"walk": 81, "surface": "genus2", "n": 34, "seed": null, "best": 10.0, "elapsed": 1053}
{"walk": 82, "surface": "rp2x3", "n": 29, "seed": null, "best": 16.0, "elapsed": 1059}
{"walk": 83, "surface": "torus", "n": 32, "seed": null, "best": 17.0, "elapsed": 1071}
{"walk": 84, "surface": "klein", "n": 25, "seed": null, "best": 10.0, "elapsed": 1076}
{"walk": 85, "surface": "rp2", "n": 30, "seed": null, "best": 12.0, "elapsed": 1089}
{"walk": 86, "surface": "genus2", "n": 26, "seed": null, "best": 8.0, "elapsed": 1095}
{"walk": 87, "surface": "rp2x3", "n": 24, "seed": null, "best": 8.0, "elapsed": 1099}
{"walk": 88, "surface": "torus", "n": 31, "seed": null, "best": 20.0, "elapsed": 1111}
{"walk": 89, "surface": "klein", "n": 34, "seed": null, "best": 22.0, "elapsed": 1127}
{"walk": 90, "surface": "rp2", "n": 31, "seed": null, "best": 17.0, "elapsed": 1151}
{"walk": 91, "surface": "genus2", "n": 28, "seed": null, "best": 9.0, "elapsed": 1157}
{"walk": 92, "surface": "rp2x3", "n": 25, "seed": null, "best": 8.0, "elapsed": 1162}
{"walk": 93, "surface": "torus", "n": 26, "seed": null, "best": 13.0, "elapsed": 1166}
{"walk": 94, "surface": "klein", "n": 25, "seed": null, "best": 12.0, "elapsed": 1171}
{"walk": 95, "surface": "rp2", "n": 29, "seed": null, "best": 1015.86, "elapsed": 1187}
{"walk": 96, "surface": "genus2", "n": 24, "seed": null, "best": 7.0, "elapsed": 1192}
{"walk": 97, "surface": "rp2x3", "n": 29, "seed": null, "best": 14.0, "elapsed": 1198}
{"walk": 98, "surface": "torus", "n": 29, "seed": null, "best": 14.0, "elapsed": 1209}
{"walk": 99, "surface": "klein", "n": 34, "seed": null, "best": 17.0, "elapsed": 1234}
{"walk": 100, "surface": "rp2", "n": 27, "seed": null, "best": 14.0, "elapsed": 1240}
{"walk": 101, "surface": "genus2", "n": 23, "seed": null, "best": 7.0, "elapsed": 1245}
{"walk": 102, "surface": "rp2x3", "n": 24, "seed": null, "best": 7.0, "elapsed": 1249}
{"walk": 103, "surface": "torus", "n": 25, "seed": null, "best": 11.0, "elapsed": 1256}
{"walk": 104, "surface": "klein", "n": 34, "seed": null, "best": 13.67, "elapsed": 1292}
{"walk": 105, "surface": "rp2", "n": 33, "seed": null, "best": 19.0, "elapsed": 1325}
{"walk": 106, "surface": "genus2", "n": 26, "seed": null, "best": 8.0, "elapsed": 1331}
{"walk": 107, "surface": "rp2x3", "n": 32, "seed": null, "best": 7.0, "elapsed": 1338}
{"walk": 108, "surface": "torus", "n": 27, "seed": null, "best": 8.0, "elapsed": 1345}
{"walk": 109, "surface": "klein", "n": 30, "seed": null, "best": 10.0, "elapsed": 1355}
{"walk": 110, "surface": "rp2", "n": 28, "seed": null, "best": 10.38, "elapsed": 1363}
{"walk": 111, "surface": "genus2", "n": 34, "seed": null, "best": 8.0, "elapsed": 1375}
{"walk": 112, "surface": "rp2x3", "n": 22, "seed": null, "best": 10.0, "elapsed": 1379}
{"walk": 113, "surface": "torus", "n": 29, "seed": null, "best": 9.0, "elapsed": 1385}
{"walk": 114, "surface": "klein", "n": 26, "seed": null, "best": 20.56, "elapsed": 1390}
{"walk": 115, "surface": "rp2", "n": 25, "seed": null, "best": 19.5, "elapsed": 1396}
{"walk": 116, "surface": "genus2", "n": 29, "seed": null, "best": 8.75, "elapsed": 1401}
{"walk": 117, "surface": "rp2x3", "n": 34, "seed": null, "best": 12.0, "elapsed": 1416}
{"walk": 118, "surface": "torus", "n": 30, "seed": null, "best": 12.0, "elapsed": 1425}
{"walk": 119, "surface": "klein", "n": 31, "seed": null, "best": 9.0, "elapsed": 1436}
{"walk": 120, "surface": "rp2", "n": 26, "seed": null, "best": 22.5, "elapsed": 1444}
{"walk": 121, "surface": "genus2", "n": 34, "seed": null, "best": 9.0, "elapsed": 1456}
{"walk": 122, "surface": "rp2x3", "n": 30, "seed": null, "best": 9.0, "elapsed": 1464}
{"walk": 123, "surface": "torus", "n": 32, "seed": null, "best": 50.0, "elapsed": 1488}
{"walk": 124, "surface": "klein", "n": 26, "seed": null, "best": 9.0, "elapsed": 1492}
{"walk": 125, "surface": "rp2", "n": 32, "seed": null, "best": 15.5, "elapsed": 1530}
{"walk": 126, "surface": "genus2", "n": 27, "seed": null, "best": 6.0, "elapsed": 1552}
{"walk": 127, "surface": "rp2x3", "n": 31, "seed": null, "best": 10.0, "elapsed": 1573}
{"walk": 128, "surface": "torus", "n": 33, "seed": null, "best": 10.0, "elapsed": 1595}
{"walk": 129, "surface": "klein", "n": 27, "seed": null, "best": 15.0, "elapsed": 1601}
{"walk": 130, "surface": "rp2", "n": 24, "seed": null, "best": 18.94, "elapsed": 1605}
{"walk": 131, "surface": "genus2", "n": 29, "seed": null, "best": 8.0, "elapsed": 1613}
{"walk": 132, "surface": "rp2x3", "n": 24, "seed": null, "best": 12.0, "elapsed": 1617}
{"walk": 133, "surface": "torus", "n": 23, "seed": null, "best": 9.0, "elapsed": 1623}
{"walk": 134, "surface": "klein", "n": 30, "seed": null, "best": 11.0, "elapsed": 1632}
{"walk": 135, "surface": "rp2", "n": 25, "seed": null, "best": 11.5, "elapsed": 1635}
{"walk": 136, "surface": "genus2", "n": 32, "seed": null, "best": 10.0, "elapsed": 1644}
{"walk": 137, "surface": "rp2x3", "n": 28, "seed": null, "best": 12.0, "elapsed": 1652}
{"walk": 138, "surface": "torus", "n": 26, "seed": null, "best": 11.0, "elapsed": 1659}
{"walk": 139, "surface": "klein", "n": 30, "seed": null, "best": 11.0, "elapsed": 1670}
{"walk": 140, "surface": "rp2", "n": 30, "seed": null, "best": 15.0, "elapsed": 1689}
{"walk": 141, "surface": "genus2", "n": 31, "seed": null, "best": 8.0, "elapsed": 1697}
{"walk": 142, "surface": "rp2x3", "n": 25, "seed": null, "best": 8.0, "elapsed": 1703}
{"walk": 143, "surface": "torus", "n": 29, "seed": null, "best": 19.75, "elapsed": 1713}
{"walk": 144, "surface": "klein", "n": 24, "seed": null, "best": 9.0, "elapsed": 1718}
{"walk": 145, "surface": "rp2", "n": 32, "seed": null, "best": 15.0, "elapsed": 1739}
{"walk": 146, "surface": "genus2", "n": 29, "seed": null, "best": 8.0, "elapsed": 1747}
{"walk": 147, "surface": "rp2x3", "n": 29, "seed": null, "best": 11.0, "elapsed": 1755}
{"walk": 148, "surface": "torus", "n": 27, "seed": null, "best": 16.53, "elapsed": 1761}
{"walk": 149, "surface": "klein", "n": 30, "seed": null, "best": 15.59, "elapsed": 1774}
{"walk": 150, "surface": "rp2", "n": 31, "seed": null, "best": 14.0, "elapsed": 1792}
{"walk": 151, "surface": "genus2", "n": 25, "seed": null, "best": 9.0, "elapsed": 1799}
{"walk": 152, "surface": "rp2x3", "n": 26, "seed": null, "best": 8.0, "elapsed": 1805}
{"walk": 153, "surface": "torus", "n": 24, "seed": null, "best": 7.0, "elapsed": 1810}
{"walk": 154, "surface": "klein", "n": 34, "seed": null, "best": 20.5, "elapsed": 1846}
{"walk": 155, "surface": "rp2", "n": 28, "seed": null, "best": 18.0, "elapsed": 1858}
{"walk": 156, "surface": "genus2", "n": 34, "seed": null, "best": 8.0, "elapsed": 1868}
{"walk": 157, "surface": "rp2x3", "n": 27, "seed": null, "best": 11.0, "elapsed": 1876}
{"walk": 158, "surface": "torus", "n": 31, "seed": null, "best": 10.0, "elapsed": 1889}
{"walk": 159, "surface": "klein", "n": 26, "seed": null, "best": 9.0, "elapsed": 1896}
{"walk": 160, "surface": "rp2", "n": 25, "seed": null, "best": 11.0, "elapsed": 1901}
{"walk": 161, "surface": "genus2", "n": 27, "seed": null, "best": 7.0, "elapsed": 1906}
{"walk": 162, "surface": "rp2x3", "n": 26, "seed": null, "best": 13.0, "elapsed": 1913}
{"walk": 163, "surface": "torus", "n": 24, "seed": null, "best": 7.9, "elapsed": 1918}
{"walk": 164, "surface": "klein", "n": 34, "seed": null, "best": 20.62, "elapsed": 1940}
{"walk": 165, "surface": "rp2", "n": 22, "seed": null, "best": 11.5, "elapsed": 1943}
{"walk": 166, "surface": "genus2", "n": 32, "seed": null, "best": 9.0, "elapsed": 1955}
{"walk": 167, "surface": "rp2x3", "n": 34, "seed": null, "best": 11.0, "elapsed": 1972}
{"walk": 168, "surface": "torus", "n": 33, "seed": null, "best": 17.0, "elapsed": 1989}
{"walk": 169, "surface": "klein", "n": 32, "seed": null, "best": 15.0, "elapsed": 2007}
{"walk": 170, "surface": "rp2", "n": 29, "seed": null, "best": 22.5, "elapsed": 2021}
{"walk": 171, "surface": "genus2", "n": 22, "seed": null, "best": 8.0, "elapsed": 2027}
{"walk": 172, "surface": "rp2x3", "n": 29, "seed": null, "best": 12.75, "elapsed": 2035}
{"walk": 173, "surface": "torus", "n": 30, "seed": null, "best": 9.0, "elapsed": 2044}
{"walk": 174, "surface": "klein", "n": 30, "seed": null, "best": 23.5, "elapsed": 2057}
{"walk": 175, "surface": "rp2", "n": 24, "seed": null, "best": 12.5, "elapsed": 2063}
{"walk": 176, "surface": "genus2", "n": 32, "seed": null, "best": 9.0, "elapsed": 2075}
{"walk": 177, "surface": "rp2x3", "n": 34, "seed": null, "best": 14.0, "elapsed": 2087}
{"walk": 178, "surface": "torus", "n": 29, "seed": null, "best": 9.0, "elapsed": 2093}
{"walk": 179, "surface": "klein", "n": 34, "seed": null, "best": 19.0, "elapsed": 2132}
{"walk": 180, "surface": "rp2", "n": 31, "seed": null, "best": 21.0, "elapsed": 2147}
{"walk": 181, "surface": "genus2", "n": 24, "seed": null, "best": 7.0, "elapsed": 2153}
{"walk": 182, "surface": "rp2x3", "n": 30, "seed": null, "best": 12.75, "elapsed": 2163}
{"walk": 183, "surface": "torus", "n": 24, "seed": null, "best": 9.0, "elapsed": 2170}
{"walk": 184, "surface": "klein", "n": 25, "seed": null, "best": 17.69, "elapsed": 2175}
{"walk": 185, "surface": "rp2", "n": 32, "seed": null, "best": 19.0, "elapsed": 2200}
{"walk": 186, "surface": "genus2", "n": 27, "seed": null, "best": 7.0, "elapsed": 2206}
{"walk": 187, "surface": "rp2x3", "n": 33, "seed": null, "best": 14.0, "elapsed": 2226}
{"walk": 188, "surface": "torus", "n": 25, "seed": null, "best": 11.0, "elapsed": 2231}
{"walk": 189, "surface": "klein", "n": 28, "seed": null, "best": 8.0, "elapsed": 2238}
{"walk": 190, "surface": "rp2", "n": 26, "seed": null, "best": 12.0, "elapsed": 2244}
{"walk": 191, "surface": "genus2", "n": 23, "seed": null, "best": 5.0, "elapsed": 2250}
{"walk": 192, "surface": "rp2x3", "n": 32, "seed": null, "best": 10.0, "elapsed": 2260}
{"walk": 193, "surface": "torus", "n": 24, "seed": null, "best": 11.0, "elapsed": 2265}
{"walk": 194, "surface": "klein", "n": 30, "seed": null, "best": 14.0, "elapsed": 2274}
{"walk": 195, "surface": "rp2", "n": 30, "seed": null, "best": 11.0, "elapsed": 2285}
{"walk": 196, "surface": "genus2", "n": 29, "seed": null, "best": 9.0, "elapsed": 2293}
{"walk": 197, "surface": "rp2x3", "n": 23, "seed": null, "best": 8.0, "elapsed": 2298}
{"walk": 198, "surface": "torus", "n": 22, "seed": null, "best": 7.0, "elapsed": 2302}
{"walk": 199, "surface": "klein", "n": 31, "seed": null, "best": 13.0, "elapsed": 2315}
{"walk": 200, "surface": "rp2", "n": 22, "seed": null, "best": 15.5, "elapsed": 2319}
{"walk": 201, "surface": "genus2", "n": 31, "seed": null, "best": 8.0, "elapsed": 2326}
{"walk": 202, "surface": "rp2x3", "n": 34, "seed": null, "best": 11.0, "elapsed": 2344}
{"walk": 203, "surface": "torus", "n": 24, "seed": null, "best": 10.0, "elapsed": 2350}
{"walk": 204, "surface": "klein", "n": 22, "seed": null, "best": 8.0, "elapsed": 2356}
{"walk": 205, "surface": "rp2", "n": 24, "seed": null, "best": 16.55, "elapsed": 2361}
{"walk": 206, "surface": "genus2", "n": 28, "seed": null, "best": 7.0, "elapsed": 2367}
{"walk": 207, "surface": "rp2x3", "n": 34, "seed": null, "best": 24.0, "elapsed": 2381}
{"walk": 208, "surface": "torus", "n": 28, "seed": null, "best": 9.56, "elapsed": 2387}
{"walk": 209, "surface": "klein", "n": 30, "seed": null, "best": 13.0, "elapsed": 2397}
{"walk": 210, "surface": "rp2", "n": 30, "seed": null, "best": 13.0, "elapsed": 2413}
{"walk": 211, "surface": "genus2", "n": 25, "seed": null, "best": 8.0, "elapsed": 2418}
{"walk": 212, "surface": "rp2x3", "n": 31, "seed": null, "best": 13.0, "elapsed": 2431}
{"walk": 213, "surface": "torus", "n": 32, "seed": null, "best": 14.0, "elapsed": 2450}
{"walk": 214, "surface": "klein", "n": 30, "seed": null, "best": 17.0, "elapsed": 2459}
{"walk": 215, "surface": "rp2", "n": 33, "seed": null, "best": 19.5, "elapsed": 2512}
{"walk": 216, "surface": "genus2", "n": 22, "seed": null, "best": 8.0, "elapsed": 2519}
{"walk": 217, "surface": "rp2x3", "n": 24, "seed": null, "best": 6.5, "elapsed": 2524}
{"walk": 218, "surface": "torus", "n": 28, "seed": null, "best": 10.0, "elapsed": 2532}
{"walk": 219, "surface": "klein", "n": 33, "seed": null, "best": 11.0, "elapsed": 2547}
{"walk": 220, "surface": "rp2", "n": 29, "seed": null, "best": 14.5, "elapsed": 2556}
{"walk": 221, "surface": "genus2", "n": 30, "seed": null, "best": 8.0, "elapsed": 2564}
{"walk": 222, "surface": "rp2x3", "n": 28, "seed": null, "best": 10.0, "elapsed": 2570}
{"walk": 223, "surface": "torus", "n": 34, "seed": null, "best": 12.0, "elapsed": 2598}
{"walk": 224, "surface": "klein", "n": 30, "seed": null, "best": 9.0, "elapsed": 2608}
{"walk": 225, "surface": "rp2", "n": 29, "seed": null, "best": 17.0, "elapsed": 2625}
{"walk": 226, "surface": "genus2", "n": 28, "seed": null, "best": 7.0, "elapsed": 2633}
{"walk": 227, "surface": "rp2x3", "n": 24, "seed": null, "best": 8.0, "elapsed": 2639}
{"walk": 228, "surface": "torus", "n": 24, "seed": null, "best": 8.0, "elapsed": 2644}
{"walk": 229, "surface": "klein", "n": 33, "seed": null, "best": 17.0, "elapsed": 2660}
{"walk": 230, "surface": "rp2", "n": 22, "seed": null, "best": 12.5, "elapsed": 2665}
{"walk": 231, "surface": "genus2", "n": 29, "seed": null, "best": 9.0, "elapsed": 2672}
{"walk": 232, "surface": "rp2x3", "n": 22, "seed": null, "best": 10.0, "elapsed": 2679}
{"walk": 233, "surface": "torus", "n": 32, "seed": null, "best": 16.0, "elapsed": 2703}
{"walk": 234, "surface": "klein", "n": 25, "seed": null, "best": 14.0, "elapsed": 2709}
{"walk": 235, "surface": "rp2", "n": 34, "seed": null, "best": 16.0, "elapsed": 2745}
{"walk": 236, "surface": "genus2", "n": 33, "seed": null, "best": 10.0, "elapsed": 2756}
{"walk": 237, "surface": "rp2x3", "n": 33, "seed": null, "best": 16.0, "elapsed": 2776}
{"walk": 238, "surface": "torus", "n": 28, "seed": null, "best": 8.0, "elapsed": 2782}
{"walk": 239, "surface": "klein", "n": 30, "seed": null, "best": 11.0, "elapsed": 2791}
{"walk": 240, "surface": "rp2", "n": 22, "seed": null, "best": 10.5, "elapsed": 2796}
{"walk": 241, "surface": "genus2", "n": 30, "seed": null, "best": 8.0, "elapsed": 2804}
{"walk": 242, "surface": "rp2x3", "n": 31, "seed": null, "best": 13.0, "elapsed": 2816}
{"walk": 243, "surface": "torus", "n": 22, "seed": null, "best": 8.25, "elapsed": 2821}
{"walk": 244, "surface": "klein", "n": 22, "seed": null, "best": 8.0, "elapsed": 2826}
{"walk": 245, "surface": "rp2", "n": 33, "seed": null, "best": 16.0, "elapsed": 2853}
{"walk": 246, "surface": "genus2", "n": 31, "seed": null, "best": 8.0, "elapsed": 2862}
{"walk": 247, "surface": "rp2x3", "n": 31, "seed": null, "best": 14.0, "elapsed": 2872}
{"walk": 248, "surface": "torus", "n": 33, "seed": null, "best": 14.67, "elapsed": 2888}
{"walk": 249, "surface": "klein", "n": 28, "seed": null, "best": 9.0, "elapsed": 2898}
{"walk": 250, "surface": "rp2", "n": 34, "seed": null, "best": 19.5, "elapsed": 2958}
{"walk": 251, "surface": "genus2", "n": 25, "seed": null, "best": 6.0, "elapsed": 2964}
{"walk": 252, "surface": "rp2x3", "n": 24, "seed": null, "best": 8.0, "elapsed": 2969}
{"walk": 253, "surface": "torus", "n": 23, "seed": null, "best": 8.0, "elapsed": 2974}
{"walk": 254, "surface": "klein", "n": 30, "seed": null, "best": 9.0, "elapsed": 2986}
{"walk": 255, "surface": "rp2", "n": 30, "seed": null, "best": 17.5, "elapsed": 3007}
{"walk": 256, "surface": "genus2", "n": 25, "seed": null, "best": 6.0, "elapsed": 3015}
{"walk": 257, "surface": "rp2x3", "n": 27, "seed": null, "best": 11.0, "elapsed": 3021}
{"walk": 258, "surface": "torus", "n": 24, "seed": null, "best": 7.0, "elapsed": 3027}
{"walk": 259, "surface": "klein", "n": 24, "seed": null, "best": 8.0, "elapsed": 3032}
{"walk": 260, "surface": "rp2", "n": 34, "seed": null, "best": 16.0, "elapsed": 3099}
{"walk": 261, "surface": "genus2", "n": 31, "seed": null, "best": 9.0, "elapsed": 3106}
{"walk": 262, "surface": "rp2x3", "n": 33, "seed": null, "best": 8.0, "elapsed": 3119}
{"walk": 263, "surface": "torus", "n": 32, "seed": null, "best": 11.0, "elapsed": 3135}
{"walk": 264, "surface": "klein", "n": 22, "seed": null, "best": 9.0, "elapsed": 3140}
{"walk": 265, "surface": "rp2", "n": 23, "seed": null, "best": 11.5, "elapsed": 3144}
{"walk": 266, "surface": "genus2", "n": 23, "seed": null, "best": 5.0, "elapsed": 3149}
{"walk": 267, "surface": "rp2x3", "n": 23, "seed": null, "best": 10.0, "elapsed": 3154}
{"walk": 268, "surface": "torus", "n": 33, "seed": null, "best": 10.0, "elapsed": 3171}
{"walk": 269, "surface": "klein", "n": 30, "seed": null, "best": 13.0, "elapsed": 3180}
{"walk": 270, "surface": "rp2", "n": 27, "seed": null, "best": 10.0, "elapsed": 3188}
{"walk": 271, "surface": "genus2", "n": 30, "seed": null, "best": 8.0, "elapsed": 3198}
{"walk": 272, "surface": "rp2x3", "n": 27, "seed": null, "best": 9.0, "elapsed": 3204}
{"walk": 273, "surface": "torus", "n": 28, "seed": null, "best": 9.25, "elapsed": 3211}
{"walk": 274, "surface": "klein", "n": 25, "seed": null, "best": 10.0, "elapsed": 3216}
{"walk": 275, "surface": "rp2", "n": 29, "seed": null, "best": 1504.86, "elapsed": 3224}
{"walk": 276, "surface": "genus2", "n": 26, "seed": null, "best": 7.0, "elapsed": 3230}
{"walk": 277, "surface": "rp2x3", "n": 27, "seed": null, "best": 8.0, "elapsed": 3237}
{"walk": 278, "surface": "torus", "n": 27, "seed": null, "best": 9.0, "elapsed": 3241}
{"walk": 279, "surface": "klein", "n": 34, "seed": null, "best": 16.0, "elapsed": 3271}
{"walk": 280, "surface": "rp2", "n": 32, "seed": null, "best": 20.62, "elapsed": 3304}
{"walk": 281, "surface": "genus2", "n": 26, "seed": null, "best": 7.25, "elapsed": 3310}
{"walk": 282, "surface": "rp2x3", "n": 30, "seed": null, "best": 9.0, "elapsed": 3317}
{"walk": 283, "surface": "torus", "n": 24, "seed": null, "best": 9.5, "elapsed": 3323}
{"walk": 284, "surface": "klein", "n": 31, "seed": null, "best": 13.0, "elapsed": 3340}
{"walk": 285, "surface": "rp2", "n": 26, "seed": null, "best": 9.5, "elapsed": 3345}
{"walk": 286, "surface": "genus2", "n": 32, "seed": null, "best": 10.0, "elapsed": 3355}
{"walk": 287, "surface": "rp2x3", "n": 31, "seed": null, "best": 15.0, "elapsed": 3365}
{"walk": 288, "surface": "torus", "n": 29, "seed": null, "best": 9.0, "elapsed": 3373}
{"walk": 289, "surface": "klein", "n": 34, "seed": null, "best": 1045.08, "elapsed": 3393}
{"walk": 290, "surface": "rp2", "n": 30, "seed": null, "best": 19.0, "elapsed": 3406}
{"walk": 291, "surface": "genus2", "n": 33, "seed": null, "best": 9.0, "elapsed": 3413}
{"walk": 292, "surface": "rp2x3", "n": 25, "seed": null, "best": 8.0, "elapsed": 3416}
{"walk": 293, "surface": "torus", "n": 24, "seed": null, "best": 8.0, "elapsed": 3420}
{"walk": 294, "surface": "klein", "n": 33, "seed": null, "best": 12.0, "elapsed": 3434}
{"walk": 295, "surface": "rp2", "n": 30, "seed": null, "best": 13.75, "elapsed": 3445}
{"walk": 296, "surface": "genus2", "n": 26, "seed": null, "best": 7.0, "elapsed": 3450}
{"walk": 297, "surface": "rp2x3", "n": 26, "seed": null, "best": 7.5, "elapsed": 3454}
{"walk": 298, "surface": "torus", "n": 24, "seed": null, "best": 13.0, "elapsed": 3457}
{"walk": 299, "surface": "klein", "n": 32, "seed": null, "best": 17.0, "elapsed": 3470}
{"walk": 300, "surface": "rp2", "n": 23, "seed": null, "best": 11.5, "elapsed": 3473}
{"walk": 301, "surface": "genus2", "n": 26, "seed": null, "best": 8.0, "elapsed": 3477}
{"walk": 302, "surface": "rp2x3", "n": 23, "seed": null, "best": 9.0, "elapsed": 3481}
{"walk": 303, "surface": "torus", "n": 29, "seed": null, "best": 15.5, "elapsed": 3491}
{"walk": 304, "surface": "klein", "n": 32, "seed": null, "best": 13.0, "elapsed": 3505}
{"walk": 305, "surface": "rp2", "n": 26, "seed": null, "best": 15.0, "elapsed": 3510}
{"walk": 306, "surface": "genus2", "n": 32, "seed": null, "best": 7.0, "elapsed": 3515}
{"walk": 307, "surface": "rp2x3", "n": 34, "seed": null, "best": 15.0, "elapsed": 3530}
{"walk": 308, "surface": "torus", "n": 27, "seed": null, "best": 10.5, "elapsed": 3536}
{"walk": 309, "surface": "klein", "n": 33, "seed": null, "best": 11.0, "elapsed": 3562}
{"walk": 310, "surface": "rp2", "n": 33, "seed": null, "best": 17.0, "elapsed": 3586}
{"walk": 311, "surface": "genus2", "n": 26, "seed": null, "best": 6.0, "elapsed": 3590}
{"walk": 312, "surface": "rp2x3", "n": 30, "seed": null, "best": 9.0, "elapsed": 3600}
{"walk": 313, "surface": "torus", "n": 29, "seed": null, "best": 9.0, "elapsed": 3606}
{"walk": 314, "surface": "klein", "n": 31, "seed": null, "best": 24.2, "elapsed": 3620}
{"walk": 315, "surface": "rp2", "n": 24, "seed": null, "best": 11.5, "elapsed": 3625}
{"walk": 316, "surface": "genus2", "n": 24, "seed": null, "best": 6.0, "elapsed": 3629}
{"walk": 317, "surface": "rp2x3", "n": 22, "seed": null, "best": 8.0, "elapsed": 3632}
{"walk": 318, "surface": "torus", "n": 29, "seed": null, "best": 11.0, "elapsed": 3639}
{"walk": 319, "surface": "klein", "n": 29, "seed": null, "best": 11.0, "elapsed": 3644}
{"walk": 320, "surface": "rp2", "n": 33, "seed": null, "best": 13.0, "elapsed": 3669}
{"walk": 321, "surface": "genus2", "n": 26, "seed": null, "best": 7.0, "elapsed": 3674}
{"walk": 322, "surface": "rp2x3", "n": 24, "seed": null, "best": 7.0, "elapsed": 3678}
{"walk": 323, "surface": "torus", "n": 27, "seed": null, "best": 8.0, "elapsed": 3683}
{"walk": 324, "surface": "klein", "n": 30, "seed": null, "best": 16.75, "elapsed": 3689}
{"walk": 325, "surface": "rp2", "n": 34, "seed": null, "best": 19.0, "elapsed": 3738}
{"walk": 326, "surface": "genus2", "n": 26, "seed": null, "best": 7.0, "elapsed": 3743}
{"walk": 327, "surface": "rp2x3", "n": 34, "seed": null, "best": 18.0, "elapsed": 3755}
{"walk": 328, "surface": "torus", "n": 24, "seed": null, "best": 9.5, "elapsed": 3759}
{"walk": 329, "surface": "klein", "n": 25, "seed": null, "best": 14.5, "elapsed": 3763}
{"walk": 330, "surface": "rp2", "n": 30, "seed": null, "best": 16.5, "elapsed": 3775}
{"walk": 331, "surface": "genus2", "n": 33, "seed": null, "best": 9.0, "elapsed": 3783}
{"walk": 332, "surface": "rp2x3", "n": 26, "seed": null, "best": 20.0, "elapsed": 3788}
{"walk": 333, "surface": "torus", "n": 32, "seed": null, "best": 11.0, "elapsed": 3807}
{"walk": 334, "surface": "klein", "n": 34, "seed": null, "best": 14.0, "elapsed": 3836}
{"walk": 335, "surface": "rp2", "n": 24, "seed": null, "best": 13.0, "elapsed": 3840}
{"walk": 336, "surface": "genus2", "n": 22, "seed": null, "best": 5.7, "elapsed": 3844}
{"walk": 337, "surface": "rp2x3", "n": 29, "seed": null, "best": 9.0, "elapsed": 3850}
{"walk": 338, "surface": "torus", "n": 25, "seed": null, "best": 11.0, "elapsed": 3853}
{"walk": 339, "surface": "klein", "n": 30, "seed": null, "best": 13.0, "elapsed": 3860}
{"walk": 340, "surface": "rp2", "n": 22, "seed": null, "best": 18.5, "elapsed": 3863}
{"walk": 341, "surface": "genus2", "n": 31, "seed": null, "best": 8.0, "elapsed": 3867}
{"walk": 342, "surface": "rp2x3", "n": 22, "seed": null, "best": 9.0, "elapsed": 3871}
{"walk": 343, "surface": "torus", "n": 22, "seed": null, "best": 9.0, "elapsed": 3875}
{"walk": 344, "surface": "klein", "n": 25, "seed": null, "best": 9.0, "elapsed": 3879}
{"walk": 345, "surface": "rp2", "n": 27, "seed": null, "best": 1499.5, "elapsed": 3884}
{"walk": 346, "surface": "genus2", "n": 29, "seed": null, "best": 8.0, "elapsed": 3890}
{"walk": 347, "surface": "rp2x3", "n": 26, "seed": null, "best": 13.0, "elapsed": 3895}
{"walk": 348, "surface": "torus", "n": 33, "seed": null, "best": 16.0, "elapsed": 3918}
{"walk": 349, "surface": "klein", "n": 33, "seed": null, "best": 23.08, "elapsed": 3943}
{"walk": 350, "surface": "rp2", "n": 31, "seed": null, "best": 1070.5, "elapsed": 3964}
{"walk": 351, "surface": "genus2", "n": 29, "seed": null, "best": 8.0, "elapsed": 3969}
{"walk": 352, "surface": "rp2x3", "n": 33, "seed": null, "best": 8.0, "elapsed": 3978}
{"walk": 353, "surface": "torus", "n": 28, "seed": null, "best": 10.67, "elapsed": 3983}
{"walk": 354, "surface": "klein", "n": 32, "seed": null, "best": 20.0, "elapsed": 3996}
{"walk": 355, "surface": "rp2", "n": 30, "seed": null, "best": 13.0, "elapsed": 4006}
{"walk": 356, "surface": "genus2", "n": 23, "seed": null, "best": 7.0, "elapsed": 4010}
{"walk": 357, "surface": "rp2x3", "n": 25, "seed": null, "best": 7.0, "elapsed": 4014}
{"walk": 358, "surface": "torus", "n": 30, "seed": null, "best": 10.0, "elapsed": 4026}
{"walk": 359, "surface": "klein", "n": 26, "seed": null, "best": 7.0, "elapsed": 4029}
{"walk": 360, "surface": "rp2", "n": 34, "seed": null, "best": 12.5, "elapsed": 4069}
{"walk": 361, "surface": "genus2", "n": 30, "seed": null, "best": 7.0, "elapsed": 4074}
{"walk": 362, "surface": "rp2x3", "n": 27, "seed": null, "best": 6.0, "elapsed": 4078}
{"walk": 363, "surface": "torus", "n": 31, "seed": null, "best": 13.0, "elapsed": 4092}
{"walk": 364, "surface": "klein", "n": 25, "seed": null, "best": 8.25, "elapsed": 4096}
{"walk": 365, "surface": "rp2", "n": 31, "seed": null, "best": 1013.2, "elapsed": 4111}
{"walk": 366, "surface": "genus2", "n": 33, "seed": null, "best": 8.0, "elapsed": 4118}
{"walk": 367, "surface": "rp2x3", "n": 24, "seed": null, "best": 9.0, "elapsed": 4122}
{"walk": 368, "surface": "torus", "n": 22, "seed": null, "best": 9.0, "elapsed": 4126}
{"walk": 369, "surface": "klein", "n": 30, "seed": null, "best": 14.0, "elapsed": 4139}
{"walk": 370, "surface": "rp2", "n": 31, "seed": null, "best": 13.0, "elapsed": 4161}
{"walk": 371, "surface": "genus2", "n": 29, "seed": null, "best": 10.0, "elapsed": 4168}
{"walk": 372, "surface": "rp2x3", "n": 24, "seed": null, "best": 8.0, "elapsed": 4172}
{"walk": 373, "surface": "torus", "n": 26, "seed": null, "best": 10.0, "elapsed": 4176}
{"walk": 374, "surface": "klein", "n": 29, "seed": null, "best": 1514.14, "elapsed": 4181}
{"walk": 375, "surface": "rp2", "n": 33, "seed": null, "best": 17.0, "elapsed": 4214}
{"walk": 376, "surface": "genus2", "n": 33, "seed": null, "best": 10.0, "elapsed": 4221}
{"walk": 377, "surface": "rp2x3", "n": 27, "seed": null, "best": 8.17, "elapsed": 4225}
{"walk": 378, "surface": "torus", "n": 25, "seed": null, "best": 7.5, "elapsed": 4229}
{"walk": 379, "surface": "klein", "n": 30, "seed": null, "best": 22.0, "elapsed": 4239}
{"walk": 380, "surface": "rp2", "n": 33, "seed": null, "best": 18.0, "elapsed": 4279}
{"walk": 381, "surface": "genus2", "n": 30, "seed": null, "best": 8.0, "elapsed": 4285}
{"walk": 382, "surface": "rp2x3", "n": 24, "seed": null, "best": 6.0, "elapsed": 4288}
{"walk": 383, "surface": "torus", "n": 27, "seed": null, "best": 14.0, "elapsed": 4295}
{"walk": 384, "surface": "klein", "n": 26, "seed": null, "best": 9.83, "elapsed": 4299}
{"walk": 385, "surface": "rp2", "n": 24, "seed": null, "best": 14.0, "elapsed": 4303}
{"walk": 386, "surface": "genus2", "n": 30, "seed": null, "best": 8.0, "elapsed": 4309}
{"walk": 387, "surface": "rp2x3", "n": 25, "seed": null, "best": 11.0, "elapsed": 4313}
{"walk": 388, "surface": "torus", "n": 34, "seed": null, "best": 18.5, "elapsed": 4342}
{"walk": 389, "surface": "klein", "n": 29, "seed": null, "best": 9.0, "elapsed": 4349}
{"walk": 390, "surface": "rp2", "n": 28, "seed": null, "best": 21.5, "elapsed": 4357}
{"walk": 391, "surface": "genus2", "n": 22, "seed": null, "best": 5.0, "elapsed": 4361}
{"walk": 392, "surface": "rp2x3", "n": 27, "seed": null, "best": 13.0, "elapsed": 4365}
{"walk": 393, "surface": "torus", "n": 23, "seed": null, "best": 9.0, "elapsed": 4369}
{"walk": 394, "surface": "klein", "n": 31, "seed": null, "best": 14.0, "elapsed": 4377}
{"walk": 395, "surface": "rp2", "n": 23, "seed": null, "best": 12.5, "elapsed": 4381}
{"walk": 396, "surface": "genus2", "n": 24, "seed": null, "best": 8.0, "elapsed": 4385}
{"walk": 397, "surface": "rp2x3", "n": 22, "seed": null, "best": 7.0, "elapsed": 4389}
{"walk": 398, "surface": "torus", "n": 30, "seed": null, "best": 16.0, "elapsed": 4397}
{"walk": 399, "surface": "klein", "n": 30, "seed": null, "best": 13.0, "elapsed": 4406}
{"walk": 400, "surface": "rp2", "n": 22, "seed": null, "best": 11.0, "elapsed": 4409}
{"walk": 401, "surface": "genus2", "n": 29, "seed": null, "best": 7.0, "elapsed": 4413}
{"walk": 402, "surface": "rp2x3", "n": 22, "seed": null, "best": 8.0, "elapsed": 4418}
{"walk": 403, "surface": "torus", "n": 29, "seed": null, "best": 15.0, "elapsed": 4426}
{"walk": 404, "surface": "klein", "n": 31, "seed": null, "best": 9.17, "elapsed": 4438}
{"walk": 405, "surface": "rp2", "n": 33, "seed": null, "best": 18.16, "elapsed": 4487}
{"walk": 406, "surface": "genus2", "n": 33, "seed": null, "best": 9.0, "elapsed": 4496}
{"walk": 407, "surface": "rp2x3", "n": 26, "seed": null, "best": 9.0, "elapsed": 4501}
{"walk": 408, "surface": "torus", "n": 22, "seed": null, "best": 9.0, "elapsed": 4505}
{"walk": 409, "surface": "klein", "n": 34, "seed": null, "best": 19.0, "elapsed": 4538}
{"walk": 410, "surface": "rp2", "n": 27, "seed": null, "best": 22.0, "elapsed": 4545}
{"walk": 411, "surface": "genus2", "n": 32, "seed": null, "best": 9.0, "elapsed": 4551}
{"walk": 412, "surface": "rp2x3", "n": 28, "seed": null, "best": 19.5, "elapsed": 4559}
{"walk": 413, "surface": "torus", "n": 28, "seed": null, "best": 8.5, "elapsed": 4564}
{"walk": 414, "surface": "klein", "n": 33, "seed": null, "best": 16.0, "elapsed": 4594}
{"walk": 415, "surface": "rp2", "n": 22, "seed": null, "best": 12.5, "elapsed": 4597}
{"walk": 416, "surface": "genus2", "n": 28, "seed": null, "best": 8.0, "elapsed": 4602}
{"walk": 417, "surface": "rp2x3", "n": 32, "seed": null, "best": 11.0, "elapsed": 4609}
{"walk": 418, "surface": "torus", "n": 25, "seed": null, "best": 12.5, "elapsed": 4612}
{"walk": 419, "surface": "klein", "n": 28, "seed": null, "best": 14.0, "elapsed": 4617}
{"walk": 420, "surface": "rp2", "n": 29, "seed": null, "best": 17.0, "elapsed": 4630}
{"walk": 421, "surface": "genus2", "n": 33, "seed": null, "best": 8.0, "elapsed": 4637}
{"walk": 422, "surface": "rp2x3", "n": 32, "seed": null, "best": 11.0, "elapsed": 4648}
{"walk": 423, "surface": "torus", "n": 26, "seed": null, "best": 17.0, "elapsed": 4651}
{"walk": 424, "surface": "klein", "n": 30, "seed": null, "best": 14.0, "elapsed": 4660}
{"walk": 425, "surface": "rp2", "n": 28, "seed": null, "best": 12.0, "elapsed": 4668}
{"walk": 426, "surface": "genus2", "n": 31, "seed": null, "best": 9.0, "elapsed": 4674}
{"walk": 427, "surface": "rp2x3", "n": 23, "seed": null, "best": 9.0, "elapsed": 4678}
{"walk": 428, "surface": "torus", "n": 30, "seed": null, "best": 10.0, "elapsed": 4686}
{"walk": 429, "surface": "klein", "n": 23, "seed": null, "best": 9.0, "elapsed": 4689}
{"walk": 430, "surface": "rp2", "n": 22, "seed": null, "best": 1037.77, "elapsed": 4692}
{"walk": 431, "surface": "genus2", "n": 29, "seed": null, "best": 9.0, "elapsed": 4698}
{"walk": 432, "surface": "rp2x3", "n": 31, "seed": null, "best": 9.0, "elapsed": 4703}
{"walk": 433, "surface": "torus", "n": 23, "seed": null, "best": 8.0, "elapsed": 4706}
{"walk": 434, "surface": "klein", "n": 31, "seed": null, "best": 15.0, "elapsed": 4720}
{"walk": 435, "surface": "rp2", "n": 24, "seed": null, "best": 10.5, "elapsed": 4724}
{"walk": 436, "surface": "genus2", "n": 22, "seed": null, "best": 5.5, "elapsed": 4728}
{"walk": 437, "surface": "rp2x3", "n": 26, "seed": null, "best": 9.0, "elapsed": 4732}
{"walk": 438, "surface": "torus", "n": 32, "seed": null, "best": 16.5, "elapsed": 4743}
{"walk": 439, "surface": "klein", "n": 30, "seed": null, "best": 1021.74, "elapsed": 4751}
{"walk": 440, "surface": "rp2", "n": 25, "seed": null, "best": 18.5, "elapsed": 4754}
{"walk": 441, "surface": "genus2", "n": 26, "seed": null, "best": 9.0, "elapsed": 4759}
{"walk": 442, "surface": "rp2x3", "n": 25, "seed": null, "best": 11.0, "elapsed": 4762}
{"walk": 443, "surface": "torus", "n": 30, "seed": null, "best": 13.0, "elapsed": 4770}
{"walk": 444, "surface": "klein", "n": 32, "seed": null, "best": 25.5, "elapsed": 4785}
{"walk": 445, "surface": "rp2", "n": 29, "seed": null, "best": 12.0, "elapsed": 4801}
{"walk": 446, "surface": "genus2", "n": 31, "seed": null, "best": 8.0, "elapsed": 4807}
{"walk": 447, "surface": "rp2x3", "n": 23, "seed": null, "best": 8.0, "elapsed": 4811}
{"walk": 448, "surface": "torus", "n": 26, "seed": null, "best": 13.8, "elapsed": 4816}
{"walk": 449, "surface": "klein", "n": 30, "seed": null, "best": 9.0, "elapsed": 4826}
{"walk": 450, "surface": "rp2", "n": 27, "seed": null, "best": 18.75, "elapsed": 4833}
{"walk": 451, "surface": "genus2", "n": 27, "seed": null, "best": 8.0, "elapsed": 4838}
{"walk": 452, "surface": "rp2x3", "n": 27, "seed": null, "best": 17.0, "elapsed": 4844}
{"walk": 453, "surface": "torus", "n": 31, "seed": null, "best": 11.0, "elapsed": 4850}
{"walk": 454, "surface": "klein", "n": 25, "seed": null, "best": 17.0, "elapsed": 4854}
{"walk": 455, "surface": "rp2", "n": 31, "seed": null, "best": 15.0, "elapsed": 4872}
{"walk": 456, "surface": "genus2", "n": 23, "seed": null, "best": 8.0, "elapsed": 4876}
{"walk": 457, "surface": "rp2x3", "n": 25, "seed": null, "best": 8.0, "elapsed": 4880}
{"walk": 458, "surface": "torus", "n": 26, "seed": null, "best": 11.0, "elapsed": 4885}
{"walk": 459, "surface": "klein", "n": 33, "seed": null, "best": 24.0, "elapsed": 4903}
{"walk": 460, "surface": "rp2", "n": 26, "seed": null, "best": 13.5, "elapsed": 4908}
{"walk": 461, "surface": "genus2", "n": 23, "seed": null, "best": 9.0, "elapsed": 4912}
{"walk": 462, "surface": "rp2x3", "n": 31, "seed": null, "best": 9.0, "elapsed": 4919}
{"walk": 463, "surface": "torus", "n": 27, "seed": null, "best": 10.0, "elapsed": 4925}
{"walk": 464, "surface": "klein", "n": 25, "seed": null, "best": 12.0, "elapsed": 4929}
{"walk": 465, "surface": "rp2", "n": 34, "seed": null, "best": 22.75, "elapsed": 4977}
{"walk": 466, "surface": "genus2", "n": 33, "seed": null, "best": 9.0, "elapsed": 4984}
{"walk": 467, "surface": "rp2x3", "n": 23, "seed": null, "best": 8.0, "elapsed": 4988}
{"walk": 468, "surface": "torus", "n": 24, "seed": null, "best": 8.0, "elapsed": 4991}
{"walk": 469, "surface": "klein", "n": 30, "seed": null, "best": 12.0, "elapsed": 5000}
{"walk": 470, "surface": "rp2", "n": 33, "seed": null, "best": 17.5, "elapsed": 5052}
{"walk": 471, "surface": "genus2", "n": 34, "seed": null, "best": 8.0, "elapsed": 5060}
{"walk": 472, "surface": "rp2x3", "n": 25, "seed": null, "best": 8.0, "elapsed": 5064}
{"walk": 473, "surface": "torus", "n": 32, "seed": null, "best": 9.0, "elapsed": 5077}
{"walk": 474, "surface": "klein", "n": 22, "seed": null, "best": 7.5, "elapsed": 5080}
{"walk": 475, "surface": "rp2", "n": 24, "seed": null, "best": 9.67, "elapsed": 5083}
{"walk": 476, "surface": "genus2", "n": 29, "seed": null, "best": 8.0, "elapsed": 5088}
{"walk": 477, "surface": "rp2x3", "n": 25, "seed": null, "best": 8.0, "elapsed": 5092}
{"walk": 478, "surface": "torus", "n": 24, "seed": null, "best": 9.0, "elapsed": 5096}
{"walk": 479, "surface": "klein", "n": 25, "seed": null, "best": 14.5, "elapsed": 5100}
{"walk": 480, "surface": "rp2", "n": 30, "seed": null, "best": 9.5, "elapsed": 5111}
{"walk": 481, "surface": "genus2", "n": 30, "seed": null, "best": 9.0, "elapsed": 5117}
{"walk": 482, "surface": "rp2x3", "n": 28, "seed": null, "best": 8.0, "elapsed": 5121}
{"walk": 483, "surface": "torus", "n": 28, "seed": null, "best": 16.0, "elapsed": 5128}
{"walk": 484, "surface": "klein", "n": 25, "seed": null, "best": 16.0, "elapsed": 5132}
{"walk": 485, "surface": "rp2", "n": 24, "seed": null, "best": 11.0, "elapsed": 5134}
{"walk": 486, "surface": "genus2", "n": 26, "seed": null, "best": 8.0, "elapsed": 5139}
{"walk": 487, "surface": "rp2x3", "n": 22, "seed": null, "best": 6.57, "elapsed": 5142}
{"walk": 488, "surface": "torus", "n": 24, "seed": null, "best": 11.0, "elapsed": 5146}
{"walk": 489, "surface": "klein", "n": 26, "seed": null, "best": 10.0, "elapsed": 5150}
{"walk": 490, "surface": "rp2", "n": 32, "seed": null, "best": 17.5, "elapsed": 5178}
{"walk": 491, "surface": "genus2", "n": 22, "seed": null, "best": 7.0, "elapsed": 5182}
{"walk": 492, "surface": "rp2x3", "n": 23, "seed": null, "best": 6.0, "elapsed": 5185}
{"walk": 493, "surface": "torus", "n": 32, "seed": null, "best": 14.0, "elapsed": 5200}
{"walk": 494, "surface": "klein", "n": 31, "seed": null, "best": 15.0, "elapsed": 5215}
{"walk": 495, "surface": "rp2", "n": 25, "seed": null, "best": 14.0, "elapsed": 5218}
{"walk": 496, "surface": "genus2", "n": 29, "seed": null, "best": 7.0, "elapsed": 5222}
{"walk": 497, "surface": "rp2x3", "n": 31, "seed": null, "best": 11.0, "elapsed": 5228}
{"walk": 498, "surface": "torus", "n": 24, "seed": null, "best": 8.0, "elapsed": 5233}
{"walk": 499, "surface": "klein", "n": 30, "seed": null, "best": 9.0, "elapsed": 5241}
{"walk": 500, "surface": "rp2", "n": 27, "seed": null, "best": 16.58, "elapsed": 5248}
{"walk": 501, "surface": "genus2", "n": 28, "seed": null, "best": 8.0, "elapsed": 5253}
{"walk": 502, "surface": "rp2x3", "n": 26, "seed": null, "best": 11.0, "elapsed": 5257}
{"walk": 503, "surface": "torus", "n": 29, "seed": null, "best": 9.0, "elapsed": 5263}
{"walk": 504, "surface": "klein", "n": 25, "seed": null, "best": 10.0, "elapsed": 5268}
{"walk": 505, "surface": "rp2", "n": 34, "seed": null, "best": 15.5, "elapsed": 5320}
{"walk": 506, "surface": "genus2", "n": 30, "seed": null, "best": 8.0, "elapsed": 5327}
{"walk": 507, "surface": "rp2x3", "n": 28, "seed": null, "best": 11.0, "elapsed": 5332}
{"walk": 508, "surface": "torus", "n": 27, "seed": null, "best": 20.0, "elapsed": 5343}
{"walk": 509, "surface": "klein", "n": 30, "seed": null, "best": 8.0, "elapsed": 5349}
{"walk": 510, "surface": "rp2", "n": 26, "seed": null, "best": 17.0, "elapsed": 5353}
{"walk": 511, "surface": "genus2", "n": 24, "seed": null, "best": 8.0, "elapsed": 5357}
{"walk": 512, "surface": "rp2x3", "n": 31, "seed": null, "best": 23.5, "elapsed": 5366}
{"walk": 513, "surface": "torus", "n": 32, "seed": null, "best": 14.62, "elapsed": 5382}
{"walk": 514, "surface": "klein", "n": 34, "seed": null, "best": 12.0, "elapsed": 5400}
{"walk": 515, "surface": "rp2", "n": 23, "seed": null, "best": 11.5, "elapsed": 5403}
{"walk": 516, "surface": "genus2", "n": 31, "seed": null, "best": 9.0, "elapsed": 5410}
{"walk": 517, "surface": "rp2x3", "n": 30, "seed": null, "best": 8.0, "elapsed": 5416}
{"walk": 518, "surface": "torus", "n": 24, "seed": null, "best": 9.0, "elapsed": 5419}
{"walk": 519, "surface": "klein", "n": 30, "seed": null, "best": 9.0, "elapsed": 5427}
{"walk": 520, "surface": "rp2", "n": 26, "seed": null, "best": 10.05, "elapsed": 5432}
{"walk": 521, "surface": "genus2", "n": 22, "seed": null, "best": 7.62, "elapsed": 5437}
{"walk": 522, "surface": "rp2x3", "n": 28, "seed": null, "best": 8.9, "elapsed": 5442}
{"walk": 523, "surface": "torus", "n": 23, "seed": null, "best": 9.0, "elapsed": 5446}
{"walk": 524, "surface": "klein", "n": 24, "seed": null, "best": 8.0, "elapsed": 5450}
{"walk": 525, "surface": "rp2", "n": 28, "seed": null, "best": 9.0, "elapsed": 5456}
{"walk": 526, "surface": "genus2", "n": 30, "seed": null, "best": 9.0, "elapsed": 5463}
{"walk": 527, "surface": "rp2x3", "n": 31, "seed": null, "best": 14.0, "elapsed": 5469}
{"walk": 528, "surface": "torus", "n": 26, "seed": null, "best": 8.5, "elapsed": 5474}
{"walk": 529, "surface": "klein", "n": 30, "seed": null, "best": 17.0, "elapsed": 5481}
{"walk": 530, "surface": "rp2", "n": 22, "seed": null, "best": 12.0, "elapsed": 5484}
{"walk": 531, "surface": "genus2", "n": 30, "seed": null, "best": 8.0, "elapsed": 5489}
{"walk": 532, "surface": "rp2x3", "n": 22, "seed": null, "best": 6.0, "elapsed": 5493}
{"walk": 533, "surface": "torus", "n": 32, "seed": null, "best": 19.0, "elapsed": 5513}
{"walk": 534, "surface": "klein", "n": 31, "seed": null, "best": 18.0, "elapsed": 5530}
{"walk": 535, "surface": "rp2", "n": 29, "seed": null, "best": 19.0, "elapsed": 5541}
{"walk": 536, "surface": "genus2", "n": 22, "seed": null, "best": 5.0, "elapsed": 5545}
{"walk": 537, "surface": "rp2x3", "n": 34, "seed": null, "best": 13.0, "elapsed": 5557}
{"walk": 538, "surface": "torus", "n": 28, "seed": null, "best": 18.5, "elapsed": 5568}
{"walk": 539, "surface": "klein", "n": 30, "seed": null, "best": 15.0, "elapsed": 5577}
{"walk": 540, "surface": "rp2", "n": 29, "seed": null, "best": 1493.68, "elapsed": 5586}
{"walk": 541, "surface": "genus2", "n": 29, "seed": null, "best": 7.0, "elapsed": 5591}
{"walk": 542, "surface": "rp2x3", "n": 27, "seed": null, "best": 10.0, "elapsed": 5596}
{"walk": 543, "surface": "torus", "n": 28, "seed": null, "best": 9.0, "elapsed": 5601}
{"walk": 544, "surface": "klein", "n": 31, "seed": null, "best": 8.0, "elapsed": 5609}
{"walk": 545, "surface": "rp2", "n": 25, "seed": null, "best": 14.0, "elapsed": 5613}
{"walk": 546, "surface": "genus2", "n": 23, "seed": null, "best": 6.25, "elapsed": 5618}
{"walk": 547, "surface": "rp2x3", "n": 22, "seed": null, "best": 11.0, "elapsed": 5622}
{"walk": 548, "surface": "torus", "n": 32, "seed": null, "best": 11.0, "elapsed": 5639}
{"walk": 549, "surface": "klein", "n": 30, "seed": null, "best": 16.0, "elapsed": 5653}
{"walk": 550, "surface": "rp2", "n": 34, "seed": null, "best": 15.83, "elapsed": 5702}
{"walk": 551, "surface": "genus2", "n": 26, "seed": null, "best": 15.0, "elapsed": 5707}
{"walk": 552, "surface": "rp2x3", "n": 26, "seed": null, "best": 9.0, "elapsed": 5710}
{"walk": 553, "surface": "torus", "n": 32, "seed": null, "best": 9.0, "elapsed": 5721}
{"walk": 554, "surface": "klein", "n": 25, "seed": null, "best": 15.5, "elapsed": 5724}
{"walk": 555, "surface": "rp2", "n": 32, "seed": null, "best": 16.0, "elapsed": 5743}
{"walk": 556, "surface": "genus2", "n": 29, "seed": null, "best": 9.0, "elapsed": 5748}
{"walk": 557, "surface": "rp2x3", "n": 31, "seed": null, "best": 11.0, "elapsed": 5753}
{"walk": 558, "surface": "torus", "n": 24, "seed": null, "best": 9.0, "elapsed": 5758}
{"walk": 559, "surface": "klein", "n": 30, "seed": null, "best": 8.0, "elapsed": 5763}
{"walk": 560, "surface": "rp2", "n": 28, "seed": null, "best": 15.0, "elapsed": 5772}
{"walk": 561, "surface": "genus2", "n": 31, "seed": null, "best": 8.0, "elapsed": 5779}
{"walk": 562, "surface": "rp2x3", "n": 24, "seed": null, "best": 9.0, "elapsed": 5782}
{"walk": 563, "surface": "torus", "n": 24, "seed": null, "best": 8.0, "elapsed": 5786}
{"walk": 564, "surface": "klein", "n": 33, "seed": null, "best": 14.0, "elapsed": 5823}
{"walk": 565, "surface": "rp2", "n": 25, "seed": null, "best": 15.75, "elapsed": 5828}
{"walk": 566, "surface": "genus2", "n": 31, "seed": null, "best": 8.0, "elapsed": 5834}
{"walk": 567, "surface": "rp2x3", "n": 28, "seed": null, "best": 11.0, "elapsed": 5838}
{"walk": 568, "surface": "torus", "n": 22, "seed": null, "best": 9.0, "elapsed": 5842}
{"walk": 569, "surface": "klein", "n": 34, "seed": null, "best": 17.0, "elapsed": 5861}
{"walk": 570, "surface": "rp2", "n": 29, "seed": null, "best": 13.0, "elapsed": 5874}
{"walk": 571, "surface": "genus2", "n": 23, "seed": null, "best": 5.0, "elapsed": 5878}
{"walk": 572, "surface": "rp2x3", "n": 30, "seed": null, "best": 7.5, "elapsed": 5883}
{"walk": 573, "surface": "torus", "n": 32, "seed": null, "best": 17.75, "elapsed": 5896}
{"walk": 574, "surface": "klein", "n": 26, "seed": null, "best": 9.67, "elapsed": 5901}
{"walk": 575, "surface": "rp2", "n": 23, "seed": null, "best": 11.5, "elapsed": 5905}
{"walk": 576, "surface": "genus2", "n": 32, "seed": null, "best": 10.0, "elapsed": 5912}
{"walk": 577, "surface": "rp2x3", "n": 34, "seed": null, "best": 9.0, "elapsed": 5919}
{"walk": 578, "surface": "torus", "n": 22, "seed": null, "best": 8.0, "elapsed": 5922}
{"walk": 579, "surface": "klein", "n": 30, "seed": null, "best": 14.75, "elapsed": 5933}
{"walk": 580, "surface": "rp2", "n": 25, "seed": null, "best": 15.0, "elapsed": 5938}
{"walk": 581, "surface": "genus2", "n": 26, "seed": null, "best": 7.0, "elapsed": 5943}
{"walk": 582, "surface": "rp2x3", "n": 28, "seed": null, "best": 11.0, "elapsed": 5948}
{"walk": 583, "surface": "torus", "n": 25, "seed": null, "best": 15.0, "elapsed": 5952}
{"walk": 584, "surface": "klein", "n": 30, "seed": null, "best": 14.0, "elapsed": 5959}
{"walk": 585, "surface": "rp2", "n": 22, "seed": null, "best": 11.0, "elapsed": 5961}
{"walk": 586, "surface": "genus2", "n": 32, "seed": null, "best": 8.0, "elapsed": 5969}
{"walk": 587, "surface": "rp2x3", "n": 31, "seed": null, "best": 11.0, "elapsed": 5976}
{"walk": 588, "surface": "torus", "n": 28, "seed": null, "best": 12.0, "elapsed": 5982}
{"walk": 589, "surface": "klein", "n": 29, "seed": null, "best": 11.0, "elapsed": 5990}
{"walk": 590, "surface": "rp2", "n": 22, "seed": null, "best": 22.5, "elapsed": 5993}
