step 0 score (0, 0, 14, 0.048369) best (0, 0, 14, 0.048369)
step 1 score (0, 0, 16, 0.072178) best (0, 0, 16, 0.072178)
step 2 score (0, 0, 18, 0.089882) best (0, 0, 18, 0.089882)
step 3 score (0, 0, 19, 0.101608) best (0, 0, 19, 0.101608)
step 4 score (0, 1, 19, 0.100919) best (0, 1, 19, 0.100919)
step 5 score (0, 2, 19, 0.106025) best (0, 2, 19, 0.106025)
step 6 score (0, 1, 20, 0.112579) best (0, 2, 19, 0.106025)
step 7 score (0, 1, 21, 0.115068) best (0, 2, 19, 0.106025)
step 8 score (0, 1, 20, 0.118876) best (0, 2, 19, 0.106025)
step 9 score (0, 2, 19, 0.117521) best (0, 2, 19, 0.117521)
step 10 score (0, 1, 21, 0.115391) best (0, 2, 19, 0.117521)
step 11 score (0, 2, 22, 0.110593) best (0, 2, 22, 0.110593)
step 12 score (0, 2, 21, 0.115933) best (0, 2, 22, 0.110593)
step 13 score (0, 2, 21, 0.112895) best (0, 2, 22, 0.110593)
step 14 score (0, 0, 22, 0.110534) best (0, 2, 22, 0.110593)
step 15 score (0, 4, 22, 0.116018) best (0, 4, 22, 0.116018)
step 16 score (0, 1, 23, 0.110799) best (0, 4, 22, 0.116018)
step 17 score (0, 5, 22, 0.11127) best (0, 5, 22, 0.11127)
step 18 score (0, 2, 23, 0.11223) best (0, 5, 22, 0.11127)
step 19 score (0, 3, 25, 0.1074) best (0, 5, 22, 0.11127)
step 20 score (0, 2, 24, 0.103416) best (0, 5, 22, 0.11127)
step 21 score (0, 3, 26, 0.108448) best (0, 5, 22, 0.11127)
step 22 score (0, 3, 26, 0.115405) best (0, 5, 22, 0.11127)
step 23 score (0, 7, 27, 0.111818) best (0, 7, 27, 0.111818)
step 24 score (0, 5, 25, 0.108998) best (0, 7, 27, 0.111818)
step 25 score (0, 6, 23, 0.110119) best (0, 7, 27, 0.111818)
step 26 score (0, 4, 24, 0.113764) best (0, 7, 27, 0.111818)
step 27 score (0, 4, 23, 0.114365) best (0, 7, 27, 0.111818)
step 28 score (0, 3, 23, 0.117685) best (0, 7, 27, 0.111818)
step 29 score (0, 5, 24, 0.116299) best (0, 7, 27, 0.111818)
step 30 score (0, 4, 24, 0.113764) best (0, 7, 27, 0.111818)
step 31 score (0, 3, 23, 0.112394) best (0, 7, 27, 0.111818)
step 32 score (0, 4, 23, 0.107321) best (0, 7, 27, 0.111818)
step 33 score (0, 3, 22, 0.109201) best (0, 7, 27, 0.111818)
step 34 score (0, 0, 24, 0.10557) best (0, 7, 27, 0.111818)
step 35 score (0, 2, 23, 0.116624) best (0, 7, 27, 0.111818)
step 36 score (0, 2, 24, 0.112724) best (0, 7, 27, 0.111818)
step 37 score (0, 3, 25, 0.110639) best (0, 7, 27, 0.111818)
step 38 score (0, 3, 24, 0.118528) best (0, 7, 27, 0.111818)
step 39 score (0, 1, 25, 0.121282) best (0, 7, 27, 0.111818)
step 40 score (0, 2, 26, 0.120241) best (0, 7, 27, 0.111818)
step 41 score (0, 4, 25, 0.114759) best (0, 7, 27, 0.111818)
step 42 score (0, 5, 25, 0.115325) best (0, 7, 27, 0.111818)
step 43 score (0, 3, 26, 0.12532) best (0, 7, 27, 0.111818)
step 44 score (0, 5, 27, 0.120927) best (0, 7, 27, 0.111818)
step 45 score (0, 4, 27, 0.123402) best (0, 7, 27, 0.111818)
step 46 score (0, 8, 26, 0.118153) best (0, 8, 26, 0.118153)
step 47 score (0, 9, 25, 0.123476) best (0, 9, 25, 0.123476)
step 48 score (0, 5, 25, 0.121573) best (0, 9, 25, 0.123476)
step 49 score (0, 4, 24, 0.114193) best (0, 9, 25, 0.123476)
step 50 score (0, 5, 24, 0.123302) best (0, 9, 25, 0.123476)
step 51 score (0, 5, 25, 0.118297) best (0, 9, 25, 0.123476)
step 52 score (0, 7, 24, 0.115681) best (0, 9, 25, 0.123476)
step 53 score (0, 4, 25, 0.108004) best (0, 9, 25, 0.123476)
step 54 score (0, 3, 26, 0.112701) best (0, 9, 25, 0.123476)
step 55 score (0, 10, 25, 0.112314) best (0, 10, 25, 0.112314)
step 56 score (0, 9, 25, 0.105698) best (0, 10, 25, 0.112314)
step 57 score (0, 4, 26, 0.10758) best (0, 10, 25, 0.112314)
step 58 score (0, 3, 27, 0.113981) best (0, 10, 25, 0.112314)
step 59 score (0, 4, 26, 0.10758) best (0, 10, 25, 0.112314)
step 60 score (0, 9, 25, 0.105698) best (0, 10, 25, 0.112314)
step 61 score (0, 4, 26, 0.113902) best (0, 10, 25, 0.112314)
step 62 score (0, 7, 26, 0.108268) best (0, 10, 25, 0.112314)
step 63 score (0, 6, 25, 0.110076) best (0, 10, 25, 0.112314)
step 64 score (0, 3, 24, 0.116229) best (0, 10, 25, 0.112314)
step 65 score (0, 2, 25, 0.113928) best (0, 10, 25, 0.112314)
step 66 score (0, 1, 27, 0.111029) best (0, 10, 25, 0.112314)
step 67 score (0, 2, 26, 0.112983) best (0, 10, 25, 0.112314)
step 68 score (0, 1, 26, 0.108147) best (0, 10, 25, 0.112314)
step 69 score (0, 4, 24, 0.115824) best (0, 10, 25, 0.112314)
step 70 score (0, 4, 23, 0.115217) best (0, 10, 25, 0.112314)
step 71 score (0, 3, 24, 0.112836) best (0, 10, 25, 0.112314)
step 72 score (0, 6, 26, 0.112768) best (0, 10, 25, 0.112314)
step 73 score (0, 5, 25, 0.113527) best (0, 10, 25, 0.112314)
step 74 score (0, 5, 26, 0.123688) best (0, 10, 25, 0.112314)
step 75 score (0, 5, 26, 0.124374) best (0, 10, 25, 0.112314)
step 76 score (0, 4, 25, 0.125956) best (0, 10, 25, 0.112314)
step 77 score (0, 5, 26, 0.124374) best (0, 10, 25, 0.112314)
step 78 score (0, 7, 26, 0.123283) best (0, 10, 25, 0.112314)
step 79 score (0, 7, 27, 0.123324) best (0, 10, 25, 0.112314)
step 80 score (0, 8, 25, 0.122924) best (0, 10, 25, 0.112314)
step 81 score (0, 8, 24, 0.121729) best (0, 10, 25, 0.112314)
step 82 score (0, 8, 24, 0.107104) best (0, 10, 25, 0.112314)
step 83 score (0, 8, 25, 0.118144) best (0, 10, 25, 0.112314)
step 84 score (0, 9, 25, 0.127727) best (0, 10, 25, 0.112314)
step 85 score (0, 7, 23, 0.11948) best (0, 10, 25, 0.112314)
step 86 score (0, 9, 22, 0.117957) best (0, 10, 25, 0.112314)
step 87 score (0, 7, 22, 0.121767) best (0, 10, 25, 0.112314)
step 88 score (0, 8, 24, 0.127779) best (0, 10, 25, 0.112314)
step 89 score (0, 10, 25, 0.121898) best (0, 10, 25, 0.121898)
step 90 score (0, 5, 26, 0.11873) best (0, 10, 25, 0.121898)
step 91 score (0, 10, 25, 0.121898) best (0, 10, 25, 0.121898)
step 92 score (0, 7, 23, 0.128704) best (0, 10, 25, 0.121898)
step 93 score (0, 8, 22, 0.136401) best (0, 10, 25, 0.121898)
step 94 score (0, 8, 23, 0.132676) best (0, 10, 25, 0.121898)
step 95 score (0, 10, 22, 0.14207) best (0, 10, 25, 0.121898)
step 96 score (0, 12, 23, 0.133428) best (0, 12, 23, 0.133428)
