/Users/fulkanjou/mathlib4-planemap/Mathlib/Combinatorics/SimpleGraph/PlaneMap/JordanCycle.lean:88:6: warning: `simp` already closes the goal

Hint: Use `simp` instead of `simpa`:
  [apply] simp [hxv]

Note: This linter can be disabled with `set_option linter.unnecessarySimpa false`
/Users/fulkanjou/mathlib4-planemap/Mathlib/Combinatorics/SimpleGraph/PlaneMap/JordanCycle.lean:93:6: warning: `simp` already closes the goal

Hint: Use `simp` instead of `simpa`:
  [apply] simp [hxv]

Note: This linter can be disabled with `set_option linter.unnecessarySimpa false`
/Users/fulkanjou/mathlib4-planemap/Mathlib/Combinatorics/SimpleGraph/PlaneMap/JordanCycle.lean:214:16: warning: This simp argument is unused:
  eq_comm

Hint: Omit it from the simp argument list.
  [apply] simp

Note: This linter can be disabled with `set_option linter.unusedSimpArgs false`
/Users/fulkanjou/mathlib4-planemap/Mathlib/Combinatorics/SimpleGraph/PlaneMap/JordanCycle.lean:302:5: warning: Variable name `hdeg` is not explicitly referenced.

Hint: The binding can be removed (if unused) or named `_` (if used implicitly). Alternatively, prefix the name with `_` to silence this warning:
  [apply] _hdeg

Note: This linter can be disabled with `set_option linter.unusedVariables false`
/Users/fulkanjou/mathlib4-planemap/Mathlib/Combinatorics/SimpleGraph/PlaneMap/JordanCycle.lean:304:5: warning: Variable name `h0` is not explicitly referenced.

Hint: The binding can be removed (if unused) or named `_` (if used implicitly). Alternatively, prefix the name with `_` to silence this warning:
  [apply] _h0

Note: This linter can be disabled with `set_option linter.unusedVariables false`
/Users/fulkanjou/mathlib4-planemap/Mathlib/Combinatorics/SimpleGraph/PlaneMap/JordanCycle.lean:304:27: warning: Variable name `h1` is not explicitly referenced.

Hint: The binding can be removed (if unused) or named `_` (if used implicitly). Alternatively, prefix the name with `_` to silence this warning:
  [apply] _h1

Note: This linter can be disabled with `set_option linter.unusedVariables false`
/Users/fulkanjou/mathlib4-planemap/Mathlib/Combinatorics/SimpleGraph/PlaneMap/JordanCycle.lean:305:5: warning: Variable name `h2` is not explicitly referenced.

Hint: The binding can be removed (if unused) or named `_` (if used implicitly). Alternatively, prefix the name with `_` to silence this warning:
  [apply] _h2

Note: This linter can be disabled with `set_option linter.unusedVariables false`
/Users/fulkanjou/mathlib4-planemap/Mathlib/Combinatorics/SimpleGraph/PlaneMap/JordanCycle.lean:305:24: warning: Variable name `h3` is not explicitly referenced.

Hint: The binding can be removed (if unused) or named `_` (if used implicitly). Alternatively, prefix the name with `_` to silence this warning:
  [apply] _h3

Note: This linter can be disabled with `set_option linter.unusedVariables false`
/Users/fulkanjou/mathlib4-planemap/Mathlib/Combinatorics/SimpleGraph/PlaneMap/JordanCycle.lean:306:5: warning: Variable name `hv0` is not explicitly referenced.

Hint: The binding can be removed (if unused) or named `_` (if used implicitly). Alternatively, prefix the name with `_` to silence this warning:
  [apply] _hv0

Note: This linter can be disabled with `set_option linter.unusedVariables false`
