FAIL Lemma S: chi_c(AB)=0 (AB chain unicyclic) graph=rp25_s404_1 h=6 : 
FAIL Lemma S: chi_c(AB)=0 (AB chain unicyclic) graph=rp25_s404_1 h=12 : 
FAIL Z(c): N(Zc)>=9 (unconditional) graph=rp25_s404_1 h=22 : N=8 dl=1 D=0
FAIL Z(c): N(Zc)>=9 (unconditional) graph=rp25_s404_2 h=18 : N=8 dl=1 D=0
FAIL Z(c): N(Zc)>=9 (unconditional) graph=rp25_s404_2 h=18 : N=8 dl=1 D=0
FAIL Z(c): N(Zc)>=9 (unconditional) graph=rp25_s404_2 h=18 : N=8 dl=1 D=0
FAIL Z(c): N(Zc)>=9 (unconditional) graph=rp25_s404_2 h=8 : N=8 dl=1 D=0
FAIL Z(c): N(Zc)>=9 (unconditional) graph=rp25_s404_2 h=26 : N=8 dl=1 D=0
FAIL Z(c): N(Zc)>=9 (unconditional) graph=rp25_s404_2 h=25 : N=8 dl=1 D=0
FAIL Z(c): N(Zc)>=9 (unconditional) graph=rp25_s404_2 h=25 : N=8 dl=1 D=0
FAIL Z(c): N(Zc)>=9 (unconditional) graph=rp25_s404_2 h=14 : N=8 dl=1 D=0
FAIL Z(c): N(Zc)>=9 (unconditional) graph=rp25_s404_2 h=14 : N=8 dl=1 D=0
FAIL Z(c): N(Zc)>=9 (unconditional) graph=rp25_s404_2 h=2 : N=8 dl=1 D=0
FAIL Lemma S: chi_c(AB)=0 (AB chain unicyclic) graph=rp25_s404_2 h=2 : 
FAIL Z(c): N(Zc)>=9 (unconditional) graph=rp25_s404_2 h=1 : N=8 dl=1 D=0
FAIL Z(c): N(Zc)>=9 (unconditional) graph=rp25_s404_2 h=1 : N=8 dl=1 D=0
FAIL Z(c): N(Zc)>=9 (unconditional) graph=rp25_s404_2 h=11 : N=8 dl=1 D=0
FAIL Z(c): N(Zc)>=9 (unconditional) graph=rp25_s404_2 h=11 : N=8 dl=1 D=0
FAIL Z(c): N(Zc)>=9 (unconditional) graph=rp25_s404_2 h=0 : N=8 dl=1 D=0
FAIL Z(c): N(Zc)>=9 (unconditional) graph=rp25_s404_2 h=0 : N=8 dl=1 D=0
FAIL Z(c): N(Zc)>=9 (unconditional) graph=rp25_s404_2 h=0 : N=8 dl=1 D=0
FAIL Z(c): N(Zc)>=9 (unconditional) graph=rp25_s404_4 h=11 : N=8 dl=1 D=0
FAIL Z(c): N(Zc)>=9 (unconditional) graph=rp25_s404_4 h=2 : N=8 dl=1 D=0
FAIL Z(c): N(Zc)>=9 (unconditional) graph=rp25_s404_6 h=17 : N=8 dl=0 D=0
FAIL Z(c): N(Zc)>=9 (unconditional) graph=rp25_s404_6 h=1 : N=8 dl=0 D=0
FAIL Z(c): N(Zc)>=9 (unconditional) graph=rp25_s404_6 h=22 : N=8 dl=0 D=0
FAIL Lemma S: chi_c(AB)=0 (AB chain unicyclic) graph=rp25_s404_9 h=10 : 
FAIL Lemma S: chi_c(AB)=0 (AB chain unicyclic) graph=rp25_s404_9 h=10 : 
FAIL Z(c): N(Zc)>=9 (unconditional) graph=rp25_s404_9 h=9 : N=8 dl=1 D=0
FAIL Z(c): N(Zc)>=9 (unconditional) graph=rp25_s404_9 h=25 : N=8 dl=1 D=0
FAIL Z(c): N(Zc)>=9 (unconditional) graph=rp25_s404_13 h=30 : N=8 dl=1 D=0
FAIL Z(c): N(Zc)>=9 (unconditional) graph=rp25_s404_13 h=1 : N=8 dl=1 D=0
FAIL Z(c): N(Zc)>=9 (unconditional) graph=rp25_s404_13 h=24 : N=8 dl=1 D=0
FAIL Lemma S: chi_c(AB)=0 (AB chain unicyclic) graph=rp25_s404_13 h=31 : 
FAIL Z(c): N(Zc)>=9 (unconditional) graph=rp25_s404_13 h=31 : N=8 dl=1 D=0
FAIL Lemma S: chi_c(AB)=0 (AB chain unicyclic) graph=rp25_s404_13 h=8 : 
FAIL Lemma S: chi_c(AB)=0 (AB chain unicyclic) graph=rp25_s404_13 h=16 : 
FAIL Z(c): N(Zc)>=9 (unconditional) graph=rp25_s404_13 h=16 : N=8 dl=0 D=0
FAIL J4 in-shape: N(Z c)>=9 graph=rp25_s404_13 h=16 : N=8 dl=0 D=0
FAIL Z(c): N(Zc)>=9 (unconditional) graph=rp25_s404_18 h=1 : N=8 dl=0 D=0
FAIL Z(c): N(Zc)>=9 (unconditional) graph=rp25_s404_18 h=1 : N=8 dl=0 D=0
FAIL Z(c): N(Zc)>=9 (unconditional) graph=rp25_s404_18 h=1 : N=8 dl=0 D=0
FAIL Z(c): N(Zc)>=9 (unconditional) graph=rp25_s404_18 h=1 : N=8 dl=0 D=0
FAIL Z(c): N(Zc)>=9 (unconditional) graph=rp25_s404_18 h=6 : N=8 dl=1 D=0
FAIL Z(c): N(Zc)>=9 (unconditional) graph=rp25_s404_18 h=20 : N=8 dl=1 D=0
FAIL Z(c): N(Zc)>=9 (unconditional) graph=rp25_s404_18 h=19 : N=8 dl=0 D=0
FAIL Lemma S: chi_c(AB)=0 (AB chain unicyclic) graph=rp25_s404_19 h=3 : 
FAIL Z(c): N(Zc)>=9 (unconditional) graph=rp25_s404_19 h=13 : N=8 dl=1 D=0
FAIL Z(c): N(Zc)>=9 (unconditional) graph=rp25_s404_20 h=15 : N=8 dl=1 D=0
FAIL Z(c): N(Zc)>=9 (unconditional) graph=rp25_s404_20 h=21 : N=8 dl=1 D=0
FAIL Z(c): N(Zc)>=9 (unconditional) graph=rp25_s404_20 h=7 : N=8 dl=1 D=0
FAIL Z(c): N(Zc)>=9 (unconditional) graph=rp25_s404_20 h=20 : N=8 dl=1 D=0
FAIL Z(c): N(Zc)>=9 (unconditional) graph=rp25_s404_20 h=14 : N=8 dl=1 D=0
FAIL Z(c): N(Zc)>=9 (unconditional) graph=rp25_s404_21 h=4 : N=8 dl=0 D=0
FAIL Z(c): N(Zc)>=9 (unconditional) graph=rp25_s404_21 h=14 : N=8 dl=1 D=0
FAIL Lemma S: chi_c(AB)=0 (AB chain unicyclic) graph=rp25_s404_21 h=3 : 
FAIL Lemma S: chi_c(AB)=0 (AB chain unicyclic) graph=rp25_s404_21 h=3 : 
FAIL Lemma S: chi_c(AB)=0 (AB chain unicyclic) graph=rp25_s404_21 h=24 : 
FAIL Lemma S: chi_c(AB)=0 (AB chain unicyclic) graph=rp25_s404_21 h=17 : 
FAIL Lemma S: chi_c(AB)=0 (AB chain unicyclic) graph=rp25_s404_21 h=25 : 
FAIL Z(c): N(Zc)>=9 (unconditional) graph=rp25_s404_22 h=8 : N=8 dl=1 D=0
FAIL Z(c): N(Zc)>=9 (unconditional) graph=rp25_s404_22 h=2 : N=8 dl=1 D=0
FAIL Z(c): N(Zc)>=9 (unconditional) graph=rp25_s404_22 h=4 : N=8 dl=1 D=0
FAIL Z(c): N(Zc)>=9 (unconditional) graph=rp25_s404_22 h=12 : N=8 dl=1 D=0
FAIL Z(c): N(Zc)>=9 (unconditional) graph=rp25_s404_22 h=5 : N=8 dl=1 D=0
FAIL Z(c): N(Zc)>=9 (unconditional) graph=rp25_s404_22 h=20 : N=8 dl=1 D=0
FAIL Z(c): N(Zc)>=9 (unconditional) graph=rp25_s404_22 h=19 : N=8 dl=1 D=0
FAIL Z(c): N(Zc)>=9 (unconditional) graph=rp25_s404_22 h=9 : N=8 dl=1 D=0
FAIL Z(c): N(Zc)>=9 (unconditional) graph=rp25_s404_23 h=16 : N=7 dl=1 D=0
FAIL Z(c): N(Zc)>=9 (unconditional) graph=rp25_s404_23 h=17 : N=7 dl=1 D=0
FAIL Lemma S: chi_c(AB)=0 (AB chain unicyclic) graph=rp25_s404_24 h=32 : 
FAIL Lemma S: chi_c(AB)=0 (AB chain unicyclic) graph=rp25_s404_24 h=32 : 
FAIL Lemma S: chi_c(AB)=0 (AB chain unicyclic) graph=rp25_s404_24 h=32 : 
FAIL Z(c): N(Zc)>=9 (unconditional) graph=rp25_s404_24 h=32 : N=8 dl=1 D=0
FAIL Z(c): N(Zc)>=9 (unconditional) graph=rp25_s404_24 h=3 : N=8 dl=1 D=0
FAIL Z(c): N(Zc)>=9 (unconditional) graph=rp25_s404_24 h=10 : N=8 dl=0 D=0
FAIL Lemma S: chi_c(AB)=0 (AB chain unicyclic) graph=rp25_s404_24 h=22 : 
FAIL Lemma S: chi_c(AB)=0 (AB chain unicyclic) graph=rp25_s404_24 h=22 : 
FAIL Z(c): N(Zc)>=9 (unconditional) graph=rp25_s404_24 h=26 : N=8 dl=1 D=0
FAIL Z(c): N(Zc)>=9 (unconditional) graph=rp25_s404_24 h=26 : N=8 dl=1 D=0
FAIL S2 mirror: pi rigid, extra not in P3 => alpha-mu graph=rp25_s404_24 h=26 : ex=1
FAIL Z(c): N(Zc)>=9 (unconditional) graph=rp25_s404_24 h=14 : N=8 dl=1 D=0
FAIL Lemma S: (#amu,#AB)(c)=(2,1) graph=rp25_s404_24 h=14 : cnt=1,2 dl=1
FAIL Lemma S: chi_c(AB)=0 (AB chain unicyclic) graph=rp25_s404_24 h=14 : 
FAIL S2: pinv rigid, extra not in P2 => alpha-mu graph=rp25_s404_24 h=14 : ex=1
FAIL Z(c): N(Zc)>=9 (unconditional) graph=rp25_s404_25 h=6 : N=8 dl=1 D=0
FAIL Z(c): N(Zc)>=9 (unconditional) graph=rp25_s404_25 h=13 : N=8 dl=1 D=0
FAIL Z(c): N(Zc)>=9 (unconditional) graph=rp25_s404_25 h=13 : N=8 dl=1 D=0
FAIL Z(c): N(Zc)>=9 (unconditional) graph=rp25_s404_25 h=0 : N=7 dl=1 D=0
FAIL Z(c): N(Zc)>=9 (unconditional) graph=rp25_s404_25 h=0 : N=7 dl=1 D=0
FAIL Z(c): N(Zc)>=9 (unconditional) graph=rp25_s404_25 h=0 : N=8 dl=1 D=0
FAIL Z(c): N(Zc)>=9 (unconditional) graph=rp25_s404_25 h=0 : N=7 dl=1 D=0
FAIL Z(c): N(Zc)>=9 (unconditional) graph=rp25_s404_25 h=0 : N=8 dl=1 D=0
FAIL Z(c): N(Zc)>=9 (unconditional) graph=rp25_s404_25 h=0 : N=8 dl=1 D=0
FAIL Z(c): N(Zc)>=9 (unconditional) graph=rp25_s404_25 h=8 : N=8 dl=1 D=0
FAIL Z(c): N(Zc)>=9 (unconditional) graph=rp25_s404_25 h=18 : N=7 dl=1 D=0
FAIL Z(c): N(Zc)>=9 (unconditional) graph=rp25_s404_25 h=18 : N=7 dl=1 D=0
FAIL Z(c): N(Zc)>=9 (unconditional) graph=rp25_s404_25 h=18 : N=8 dl=1 D=0
FAIL Z(c): N(Zc)>=9 (unconditional) graph=rp25_s404_25 h=18 : N=7 dl=1 D=0
FAIL Z(c): N(Zc)>=9 (unconditional) graph=rp25_s404_25 h=18 : N=8 dl=1 D=0
FAIL Z(c): N(Zc)>=9 (unconditional) graph=rp25_s404_25 h=18 : N=8 dl=1 D=0
FAIL Z(c): N(Zc)>=9 (unconditional) graph=rp25_s404_25 h=27 : N=8 dl=1 D=0
FAIL Z(c): N(Zc)>=9 (unconditional) graph=rp25_s404_25 h=21 : N=8 dl=1 D=0
FAIL Z(c): N(Zc)>=9 (unconditional) graph=rp25_s404_26 h=19 : N=8 dl=1 D=0
FAIL Z(c): N(Zc)>=9 (unconditional) graph=rp25_s404_26 h=7 : N=8 dl=1 D=0
FAIL Lemma S: chi_c(AB)=0 (AB chain unicyclic) graph=rp25_s404_26 h=7 : 
FAIL Z(c): N(Zc)>=9 (unconditional) graph=rp25_s404_26 h=7 : N=8 dl=0 D=0
FAIL Z(c): N(Zc)>=9 (unconditional) graph=rp25_s404_26 h=4 : N=8 dl=1 D=0
FAIL Z(c): N(Zc)>=9 (unconditional) graph=rp25_s404_26 h=23 : N=8 dl=0 D=0
FAIL Lemma S: chi_c(AB)=0 (AB chain unicyclic) graph=rp25_s404_26 h=15 : 
FAIL Lemma S: chi_c(AB)=0 (AB chain unicyclic) graph=rp25_s404_27 h=28 : 
FAIL Lemma S: chi_c(AB)=0 (AB chain unicyclic) graph=rp25_s404_27 h=28 : 
FAIL Lemma S: chi_c(AB)=0 (AB chain unicyclic) graph=rp25_s404_27 h=0 : 
FAIL Lemma S: chi_c(AB)=0 (AB chain unicyclic) graph=rp25_s404_27 h=9 : 
FAIL Z(c): N(Zc)>=9 (unconditional) graph=rp25_s404_28 h=1 : N=7 dl=1 D=0
FAIL Z(c): N(Zc)>=9 (unconditional) graph=rp25_s404_29 h=5 : N=8 dl=0 D=0
FAIL Lemma S: chi_c(AB)=0 (AB chain unicyclic) graph=rp25_s404_29 h=13 : 
FAIL Z(c): N(Zc)>=9 (unconditional) graph=rp25_s404_30 h=24 : N=8 dl=1 D=0
FAIL Z(c): N(Zc)>=9 (unconditional) graph=rp25_s404_30 h=3 : N=8 dl=1 D=0
FAIL Z(c): N(Zc)>=9 (unconditional) graph=rp25_s404_30 h=2 : N=8 dl=1 D=0
FAIL Z(c): N(Zc)>=9 (unconditional) graph=rp25_s404_31 h=16 : N=8 dl=1 D=0
FAIL Z(c): N(Zc)>=9 (unconditional) graph=rp25_s404_31 h=10 : N=8 dl=1 D=0
FAIL Z(c): N(Zc)>=9 (unconditional) graph=rp25_s404_32 h=15 : N=8 dl=1 D=0
FAIL Z(c): N(Zc)>=9 (unconditional) graph=rp25_s404_33 h=4 : N=8 dl=1 D=0
FAIL Z(c): N(Zc)>=9 (unconditional) graph=rp25_s404_33 h=19 : N=8 dl=1 D=0
FAIL Z(c): N(Zc)>=9 (unconditional) graph=rp25_s404_33 h=10 : N=8 dl=1 D=0
FAIL Z(c): N(Zc)>=9 (unconditional) graph=rp25_s404_33 h=23 : N=8 dl=1 D=0
FAIL Z(c): N(Zc)>=9 (unconditional) graph=rp25_s404_34 h=17 : N=8 dl=1 D=0
FAIL Z(c): N(Zc)>=9 (unconditional) graph=rp25_s404_34 h=17 : N=8 dl=1 D=0
FAIL Z(c): N(Zc)>=9 (unconditional) graph=rp25_s404_34 h=27 : N=8 dl=1 D=0
FAIL Lemma S: chi_c(AB)=0 (AB chain unicyclic) graph=rp25_s404_34 h=28 : 
FAIL Z(c): N(Zc)>=9 (unconditional) graph=rp25_s404_34 h=2 : N=8 dl=1 D=0
FAIL Z(c): N(Zc)>=9 (unconditional) graph=rp25_s404_34 h=2 : N=8 dl=1 D=0
FAIL Z(c): N(Zc)>=9 (unconditional) graph=rp25_s404_34 h=2 : N=8 dl=1 D=0
FAIL Z(c): N(Zc)>=9 (unconditional) graph=rp25_s404_35 h=28 : N=8 dl=0 D=0
FAIL Z(c): N(Zc)>=9 (unconditional) graph=rp25_s404_35 h=28 : N=8 dl=0 D=0
FAIL Z(c): N(Zc)>=9 (unconditional) graph=rp25_s404_35 h=28 : N=8 dl=0 D=0
FAIL Lemma S: chi_c(AB)=0 (AB chain unicyclic) graph=rp25_s404_37 h=11 : 
FAIL Z(c): N(Zc)>=9 (unconditional) graph=rp25_s404_38 h=20 : N=8 dl=1 D=0
FAIL Lemma S: chi_c(AB)=0 (AB chain unicyclic) graph=rp25_s404_38 h=14 : 
FAIL Lemma S: chi_c(AB)=0 (AB chain unicyclic) graph=rp25_s404_40 h=13 : 
FAIL Lemma S: chi_c(AB)=0 (AB chain unicyclic) graph=rp25_s404_40 h=26 : 
FAIL Lemma S: chi_c(AB)=0 (AB chain unicyclic) graph=rp25_s404_40 h=26 : 
FAIL Lemma S: chi_c(AB)=0 (AB chain unicyclic) graph=rp25_s404_40 h=25 : 
FAIL Z(c): N(Zc)>=9 (unconditional) graph=rp25_s404_41 h=16 : N=8 dl=1 D=0
FAIL Lemma S: chi_c(AB)=0 (AB chain unicyclic) graph=rp25_s404_41 h=16 : 
FAIL Z(c): N(Zc)>=9 (unconditional) graph=rp25_s404_41 h=26 : N=7 dl=1 D=0
FAIL Z(c): N(Zc)>=9 (unconditional) graph=rp25_s404_41 h=21 : N=8 dl=1 D=0
FAIL Z(c): N(Zc)>=9 (unconditional) graph=rp25_s404_41 h=21 : N=8 dl=1 D=0
FAIL Lemma S: chi_c(AB)=0 (AB chain unicyclic) graph=rp25_s404_41 h=5 : 
FAIL Z(c): N(Zc)>=9 (unconditional) graph=rp25_s404_41 h=6 : N=8 dl=0 D=0
FAIL Lemma S: chi_c(AB)=0 (AB chain unicyclic) graph=rp25_s404_41 h=6 : 
FAIL Z(c): N(Zc)>=9 (unconditional) graph=rp25_s404_41 h=6 : N=8 dl=0 D=0
FAIL Lemma S: chi_c(AB)=0 (AB chain unicyclic) graph=rp25_s404_41 h=6 : 
FAIL Z(c): N(Zc)>=9 (unconditional) graph=rp25_s404_41 h=24 : N=7 dl=1 D=0
FAIL Z(c): N(Zc)>=9 (unconditional) graph=rp25_s404_41 h=7 : N=8 dl=1 D=0
FAIL Lemma S: chi_c(AB)=0 (AB chain unicyclic) graph=rp25_s404_41 h=9 : 
FAIL Lemma S: chi_c(AB)=0 (AB chain unicyclic) graph=rp25_s404_45 h=2 : 
FAIL Lemma S: chi_c(AB)=0 (AB chain unicyclic) graph=rp25_s404_45 h=3 : 
FAIL Z(c): N(Zc)>=9 (unconditional) graph=rp25_s404_47 h=16 : N=8 dl=1 D=0
FAIL Z(c): N(Zc)>=9 (unconditional) graph=rp25_s404_47 h=13 : N=8 dl=1 D=0
FAIL Lemma S: chi_c(AB)=0 (AB chain unicyclic) graph=rp25_s404_47 h=22 : 
FAIL Z(c): N(Zc)>=9 (unconditional) graph=rp25_s404_47 h=20 : N=8 dl=1 D=0
FAIL Lemma S: chi_c(AB)=0 (AB chain unicyclic) graph=rp25_s404_49 h=7 : 
FAIL Lemma S: chi_c(AB)=0 (AB chain unicyclic) graph=rp25_s404_49 h=16 : 
FAIL Lemma S: chi_c(AB)=0 (AB chain unicyclic) graph=rp25_s404_49 h=5 : 
FAIL Lemma S: chi_c(AB)=0 (AB chain unicyclic) graph=rp25_s404_49 h=5 : 
FAIL Lemma S: chi_c(AB)=0 (AB chain unicyclic) graph=rp25_s404_49 h=8 : 
FAIL Z(c): N(Zc)>=9 (unconditional) graph=rp25_s404_50 h=19 : N=8 dl=1 D=0
FAIL Z(c): N(Zc)>=9 (unconditional) graph=rp25_s404_50 h=19 : N=8 dl=1 D=0
FAIL Z(c): N(Zc)>=9 (unconditional) graph=rp25_s404_50 h=23 : N=8 dl=1 D=0
FAIL Z(c): N(Zc)>=9 (unconditional) graph=rp25_s404_50 h=23 : N=8 dl=1 D=0
FAIL Z(c): N(Zc)>=9 (unconditional) graph=rp25_s404_51 h=18 : N=8 dl=1 D=0
FAIL Z(c): N(Zc)>=9 (unconditional) graph=rp25_s404_51 h=18 : N=8 dl=1 D=0
FAIL Z(c): N(Zc)>=9 (unconditional) graph=rp25_s404_51 h=0 : N=8 dl=1 D=0
FAIL Z(c): N(Zc)>=9 (unconditional) graph=rp25_s404_51 h=0 : N=8 dl=1 D=0
FAIL Lemma S: chi_c(AB)=0 (AB chain unicyclic) graph=rp25_s404_52 h=18 : 
FAIL Z(c): N(Zc)>=9 (unconditional) graph=rp25_s404_58 h=6 : N=8 dl=1 D=0
FAIL Lemma S: chi_c(AB)=0 (AB chain unicyclic) graph=rp25_s404_58 h=22 : 
FAIL Z(c): N(Zc)>=9 (unconditional) graph=rp25_s404_58 h=28 : N=8 dl=1 D=0
FAIL Z(c): N(Zc)>=9 (unconditional) graph=rp25_s404_58 h=26 : N=8 dl=1 D=0
FAIL Z(c): N(Zc)>=9 (unconditional) graph=rp25_s404_58 h=5 : N=8 dl=1 D=0
FAIL Z(c): N(Zc)>=9 (unconditional) graph=rp25_s404_58 h=5 : N=8 dl=1 D=0
FAIL Z(c): N(Zc)>=9 (unconditional) graph=rp25_s404_58 h=23 : N=8 dl=0 D=0
FAIL Z(c): N(Zc)>=9 (unconditional) graph=rp25_s404_59 h=13 : N=8 dl=1 D=0
FAIL Z(c): N(Zc)>=9 (unconditional) graph=rp25_s404_59 h=8 : N=8 dl=1 D=0
FAIL Z(c): N(Zc)>=9 (unconditional) graph=rp25_s404_59 h=5 : N=8 dl=1 D=0
FAIL Z(c): N(Zc)>=9 (unconditional) graph=rp25_s404_61 h=5 : N=8 dl=1 D=0
FAIL Z(c): N(Zc)>=9 (unconditional) graph=rp25_s404_61 h=1 : N=8 dl=1 D=0
FAIL Z(c): N(Zc)>=9 (unconditional) graph=rp25_s404_61 h=4 : N=8 dl=1 D=0
FAIL Z(c): N(Zc)>=9 (unconditional) graph=rp25_s404_62 h=10 : N=8 dl=0 D=0
FAIL Z(c): N(Zc)>=9 (unconditional) graph=rp25_s404_62 h=10 : N=8 dl=0 D=0
FAIL Z(c): N(Zc)>=9 (unconditional) graph=rp25_s404_62 h=10 : N=8 dl=0 D=0
FAIL Z(c): N(Zc)>=9 (unconditional) graph=rp25_s404_62 h=10 : N=8 dl=0 D=0
FAIL Z(c): N(Zc)>=9 (unconditional) graph=rp25_s404_62 h=10 : N=8 dl=0 D=0
FAIL Z(c): N(Zc)>=9 (unconditional) graph=rp25_s404_62 h=10 : N=8 dl=0 D=0
FAIL Z(c): N(Zc)>=9 (unconditional) graph=rp25_s404_62 h=10 : N=8 dl=0 D=0
FAIL Z(c): N(Zc)>=9 (unconditional) graph=rp25_s404_62 h=10 : N=8 dl=0 D=0
FAIL Z(c): N(Zc)>=9 (unconditional) graph=rp25_s404_62 h=23 : N=8 dl=0 D=0
FAIL Z(c): N(Zc)>=9 (unconditional) graph=rp25_s404_62 h=23 : N=8 dl=0 D=0
