step 0 score (0, 0, 2, 10, 0.065343) best (0, 0, 2, 10, 0.065343)
step 1 score (0, 0, 6, 13, 0.061821) best (0, 0, 6, 13, 0.061821)
step 2 score (0, 0, 0, 14, 0.080465) best (0, 0, 6, 13, 0.061821)
step 3 score (0, 0, 6, 13, 0.061821) best (0, 0, 6, 13, 0.061821)
step 4 score (0, 0, 0, 13, 0.083016) best (0, 0, 6, 13, 0.061821)
step 5 score (0, 0, 2, 14, 0.09117) best (0, 0, 6, 13, 0.061821)
step 6 score (0, 0, 1, 15, 0.093128) best (0, 0, 6, 13, 0.061821)
step 7 score (0, 0, 2, 14, 0.09117) best (0, 0, 6, 13, 0.061821)
step 8 score (0, 0, 1, 13, 0.096002) best (0, 0, 6, 13, 0.061821)
step 9 score (0, 0, 1, 17, 0.107119) best (0, 0, 6, 13, 0.061821)
step 10 score (0, 0, 0, 19, 0.111029) best (0, 0, 6, 13, 0.061821)
step 11 score (0, 0, 1, 17, 0.107119) best (0, 0, 6, 13, 0.061821)
step 12 score (0, 0, 1, 13, 0.096002) best (0, 0, 6, 13, 0.061821)
step 13 score (0, 0, 2, 14, 0.09117) best (0, 0, 6, 13, 0.061821)
step 14 score (0, 0, 0, 15, 0.093512) best (0, 0, 6, 13, 0.061821)
step 15 score (0, 0, 0, 16, 0.101631) best (0, 0, 6, 13, 0.061821)
step 16 score (0, 0, 0, 16, 0.107997) best (0, 0, 6, 13, 0.061821)
step 17 score (0, 0, 1, 14, 0.091359) best (0, 0, 6, 13, 0.061821)
step 18 score (0, 0, 0, 16, 0.107997) best (0, 0, 6, 13, 0.061821)
step 19 score (0, 0, 0, 16, 0.105644) best (0, 0, 6, 13, 0.061821)
step 20 score (0, 0, 0, 17, 0.121413) best (0, 0, 6, 13, 0.061821)
step 21 score (0, 0, 1, 15, 0.111566) best (0, 0, 6, 13, 0.061821)
step 22 score (0, 0, 0, 17, 0.11117) best (0, 0, 6, 13, 0.061821)
step 23 score (0, 0, 0, 18, 0.106541) best (0, 0, 6, 13, 0.061821)
step 24 score (0, 0, 2, 17, 0.107621) best (0, 0, 6, 13, 0.061821)
step 25 score (0, 0, 1, 17, 0.116432) best (0, 0, 6, 13, 0.061821)
step 26 score (0, 0, 0, 17, 0.1173) best (0, 0, 6, 13, 0.061821)
step 27 score (0, 0, 0, 18, 0.114815) best (0, 0, 6, 13, 0.061821)
step 28 score (0, 0, 1, 19, 0.109939) best (0, 0, 6, 13, 0.061821)
step 29 score (0, 0, 2, 17, 0.102329) best (0, 0, 6, 13, 0.061821)
step 30 score (0, 0, 0, 20, 0.11822) best (0, 0, 6, 13, 0.061821)
step 31 score (0, 0, 2, 17, 0.102329) best (0, 0, 6, 13, 0.061821)
step 32 score (0, 0, 1, 19, 0.109939) best (0, 0, 6, 13, 0.061821)
step 33 score (0, 0, 2, 17, 0.101261) best (0, 0, 6, 13, 0.061821)
step 34 score (0, 0, 0, 18, 0.107709) best (0, 0, 6, 13, 0.061821)
step 35 score (0, 0, 2, 17, 0.101261) best (0, 0, 6, 13, 0.061821)
step 36 score (0, 0, 2, 18, 0.105984) best (0, 0, 6, 13, 0.061821)
step 37 score (0, 0, 0, 18, 0.111773) best (0, 0, 6, 13, 0.061821)
step 38 score (0, 0, 1, 18, 0.093379) best (0, 0, 6, 13, 0.061821)
step 39 score (0, 0, 1, 20, 0.091351) best (0, 0, 6, 13, 0.061821)
step 40 score (0, 0, 1, 18, 0.093379) best (0, 0, 6, 13, 0.061821)
step 41 score (0, 0, 1, 19, 0.091236) best (0, 0, 6, 13, 0.061821)
step 42 score (0, 0, 1, 18, 0.093379) best (0, 0, 6, 13, 0.061821)
step 43 score (0, 0, 1, 16, 0.08182) best (0, 0, 6, 13, 0.061821)
step 44 score (0, 0, 0, 19, 0.096648) best (0, 0, 6, 13, 0.061821)
step 45 score (0, 0, 0, 19, 0.111331) best (0, 0, 6, 13, 0.061821)
step 46 score (0, 0, 0, 19, 0.10994) best (0, 0, 6, 13, 0.061821)
step 47 score (0, 0, 2, 19, 0.12298) best (0, 0, 6, 13, 0.061821)
step 48 score (0, 0, 0, 20, 0.110895) best (0, 0, 6, 13, 0.061821)
step 49 score (0, 0, 2, 19, 0.12298) best (0, 0, 6, 13, 0.061821)
step 50 score (0, 0, 0, 19, 0.10994) best (0, 0, 6, 13, 0.061821)
step 51 score (0, 0, 0, 20, 0.106665) best (0, 0, 6, 13, 0.061821)
step 52 score (0, 0, 0, 19, 0.110041) best (0, 0, 6, 13, 0.061821)
step 53 score (0, 0, 0, 19, 0.114089) best (0, 0, 6, 13, 0.061821)
step 54 score (0, 0, 0, 20, 0.111719) best (0, 0, 6, 13, 0.061821)
step 55 score (0, 0, 1, 21, 0.115877) best (0, 0, 6, 13, 0.061821)
step 56 score (0, 0, 0, 22, 0.108575) best (0, 0, 6, 13, 0.061821)
step 57 score (0, 0, 0, 21, 0.116906) best (0, 0, 6, 13, 0.061821)
step 58 score (0, 0, 0, 22, 0.108575) best (0, 0, 6, 13, 0.061821)
step 59 score (0, 0, 1, 21, 0.115877) best (0, 0, 6, 13, 0.061821)
step 60 score (0, 0, 0, 21, 0.113062) best (0, 0, 6, 13, 0.061821)
step 61 score (0, 0, 1, 21, 0.115877) best (0, 0, 6, 13, 0.061821)
step 62 score (0, 0, 0, 22, 0.108575) best (0, 0, 6, 13, 0.061821)
step 63 score (0, 0, 0, 21, 0.116906) best (0, 0, 6, 13, 0.061821)
step 64 score (0, 0, 2, 20, 0.117895) best (0, 0, 6, 13, 0.061821)
step 65 score (0, 0, 0, 19, 0.114041) best (0, 0, 6, 13, 0.061821)
step 66 score (0, 0, 0, 19, 0.121594) best (0, 0, 6, 13, 0.061821)
step 67 score (0, 0, 2, 16, 0.114508) best (0, 0, 6, 13, 0.061821)
step 68 score (0, 0, 1, 19, 0.112454) best (0, 0, 6, 13, 0.061821)
step 69 score (0, 0, 2, 16, 0.114508) best (0, 0, 6, 13, 0.061821)
step 70 score (0, 0, 0, 18, 0.122734) best (0, 0, 6, 13, 0.061821)
step 71 score (0, 0, 2, 16, 0.114508) best (0, 0, 6, 13, 0.061821)
step 72 score (0, 0, 2, 15, 0.103661) best (0, 0, 6, 13, 0.061821)
step 73 score (0, 0, 2, 16, 0.114508) best (0, 0, 6, 13, 0.061821)
step 74 score (0, 0, 1, 17, 0.115024) best (0, 0, 6, 13, 0.061821)
step 75 score (0, 0, 1, 17, 0.106469) best (0, 0, 6, 13, 0.061821)
step 76 score (0, 0, 0, 18, 0.117472) best (0, 0, 6, 13, 0.061821)
step 77 score (0, 0, 1, 17, 0.118104) best (0, 0, 6, 13, 0.061821)
step 78 score (0, 0, 1, 17, 0.118386) best (0, 0, 6, 13, 0.061821)
step 79 score (0, 0, 0, 19, 0.117605) best (0, 0, 6, 13, 0.061821)
step 80 score (0, 0, 1, 17, 0.118386) best (0, 0, 6, 13, 0.061821)
step 81 score (0, 0, 1, 19, 0.121272) best (0, 0, 6, 13, 0.061821)
step 82 score (0, 0, 1, 17, 0.118386) best (0, 0, 6, 13, 0.061821)
step 83 score (0, 0, 1, 17, 0.118104) best (0, 0, 6, 13, 0.061821)
step 84 score (0, 0, 2, 19, 0.109363) best (0, 0, 6, 13, 0.061821)
step 85 score (0, 0, 1, 18, 0.113905) best (0, 0, 6, 13, 0.061821)
step 86 score (0, 0, 0, 19, 0.122706) best (0, 0, 6, 13, 0.061821)
step 87 score (0, 0, 2, 16, 0.114508) best (0, 0, 6, 13, 0.061821)
step 88 score (0, 0, 2, 15, 0.103661) best (0, 0, 6, 13, 0.061821)
step 89 score (0, 0, 1, 16, 0.102795) best (0, 0, 6, 13, 0.061821)
step 90 score (0, 0, 2, 15, 0.103661) best (0, 0, 6, 13, 0.061821)
step 91 score (0, 0, 0, 17, 0.114246) best (0, 0, 6, 13, 0.061821)
step 92 score (0, 0, 0, 19, 0.122706) best (0, 0, 6, 13, 0.061821)
step 93 score (0, 0, 2, 16, 0.114508) best (0, 0, 6, 13, 0.061821)
step 94 score (0, 0, 1, 19, 0.112454) best (0, 0, 6, 13, 0.061821)
step 95 score (0, 0, 2, 16, 0.114508) best (0, 0, 6, 13, 0.061821)
step 96 score (0, 0, 2, 15, 0.103661) best (0, 0, 6, 13, 0.061821)
step 97 score (0, 0, 0, 17, 0.116387) best (0, 0, 6, 13, 0.061821)
step 98 score (0, 0, 0, 19, 0.122679) best (0, 0, 6, 13, 0.061821)
step 99 score (0, 0, 0, 19, 0.117775) best (0, 0, 6, 13, 0.061821)
step 100 score (0, 0, 1, 18, 0.098977) best (0, 0, 6, 13, 0.061821)
step 101 score (0, 0, 0, 19, 0.117775) best (0, 0, 6, 13, 0.061821)
step 102 score (0, 0, 1, 20, 0.118051) best (0, 0, 6, 13, 0.061821)
step 103 score (0, 0, 1, 18, 0.122067) best (0, 0, 6, 13, 0.061821)
step 104 score (0, 0, 1, 20, 0.118051) best (0, 0, 6, 13, 0.061821)
step 105 score (0, 0, 0, 20, 0.111606) best (0, 0, 6, 13, 0.061821)
step 106 score (0, 0, 1, 18, 0.101285) best (0, 0, 6, 13, 0.061821)
step 107 score (0, 0, 0, 21, 0.115422) best (0, 0, 6, 13, 0.061821)
step 108 score (0, 0, 1, 20, 0.117037) best (0, 0, 6, 13, 0.061821)
step 109 score (0, 0, 0, 21, 0.105763) best (0, 0, 6, 13, 0.061821)
step 110 score (0, 0, 2, 20, 0.099419) best (0, 0, 6, 13, 0.061821)
step 111 score (0, 0, 1, 19, 0.103043) best (0, 0, 6, 13, 0.061821)
step 112 score (0, 0, 2, 20, 0.099419) best (0, 0, 6, 13, 0.061821)
step 113 score (0, 0, 0, 22, 0.098354) best (0, 0, 6, 13, 0.061821)
step 114 score (0, 0, 2, 20, 0.099419) best (0, 0, 6, 13, 0.061821)
step 115 score (0, 0, 1, 19, 0.103043) best (0, 0, 6, 13, 0.061821)
step 116 score (0, 0, 1, 18, 0.112489) best (0, 0, 6, 13, 0.061821)
step 117 score (0, 0, 1, 19, 0.103043) best (0, 0, 6, 13, 0.061821)
step 118 score (0, 0, 2, 20, 0.099419) best (0, 0, 6, 13, 0.061821)
step 119 score (0, 0, 0, 22, 0.098354) best (0, 0, 6, 13, 0.061821)
step 120 score (0, 0, 0, 21, 0.099818) best (0, 0, 6, 13, 0.061821)
step 121 score (0, 0, 0, 22, 0.098354) best (0, 0, 6, 13, 0.061821)
step 122 score (0, 0, 2, 20, 0.099419) best (0, 0, 6, 13, 0.061821)
step 123 score (0, 0, 1, 19, 0.103043) best (0, 0, 6, 13, 0.061821)
step 124 score (0, 0, 1, 18, 0.112489) best (0, 0, 6, 13, 0.061821)
step 125 score (0, 0, 1, 16, 0.104316) best (0, 0, 6, 13, 0.061821)
step 126 score (0, 0, 0, 18, 0.112542) best (0, 0, 6, 13, 0.061821)
step 127 score (0, 0, 1, 19, 0.11543) best (0, 0, 6, 13, 0.061821)
step 128 score (0, 0, 1, 19, 0.100371) best (0, 0, 6, 13, 0.061821)
step 129 score (0, 0, 1, 16, 0.104316) best (0, 0, 6, 13, 0.061821)
step 130 score (0, 0, 1, 18, 0.112489) best (0, 0, 6, 13, 0.061821)
step 131 score (0, 0, 0, 19, 0.113054) best (0, 0, 6, 13, 0.061821)
step 132 score (0, 0, 0, 19, 0.109864) best (0, 0, 6, 13, 0.061821)
step 133 score (0, 0, 0, 19, 0.113223) best (0, 0, 6, 13, 0.061821)
step 134 score (0, 0, 1, 20, 0.118058) best (0, 0, 6, 13, 0.061821)
step 135 score (0, 0, 1, 20, 0.12206) best (0, 0, 6, 13, 0.061821)
step 136 score (0, 0, 2, 20, 0.119122) best (0, 0, 6, 13, 0.061821)
step 137 score (0, 0, 2, 19, 0.109561) best (0, 0, 6, 13, 0.061821)
step 138 score (0, 0, 2, 21, 0.120634) best (0, 0, 6, 13, 0.061821)
step 139 score (0, 0, 2, 19, 0.109561) best (0, 0, 6, 13, 0.061821)
step 140 score (0, 0, 2, 20, 0.119122) best (0, 0, 6, 13, 0.061821)
step 141 score (0, 0, 1, 19, 0.114471) best (0, 0, 6, 13, 0.061821)
step 142 score (0, 0, 0, 19, 0.113961) best (0, 0, 6, 13, 0.061821)
step 143 score (0, 0, 1, 18, 0.1154) best (0, 0, 6, 13, 0.061821)
step 144 score (0, 0, 1, 18, 0.1062) best (0, 0, 6, 13, 0.061821)
step 145 score (0, 0, 3, 17, 0.086876) best (0, 0, 6, 13, 0.061821)
step 146 score (0, 0, 1, 18, 0.1062) best (0, 0, 6, 13, 0.061821)
step 147 score (0, 0, 2, 21, 0.114153) best (0, 0, 6, 13, 0.061821)
step 148 score (0, 0, 3, 22, 0.112963) best (0, 0, 6, 13, 0.061821)
step 149 score (0, 0, 3, 21, 0.113624) best (0, 0, 6, 13, 0.061821)
step 150 score (0, 0, 3, 22, 0.112963) best (0, 0, 6, 13, 0.061821)
step 151 score (0, 0, 2, 22, 0.12322) best (0, 0, 6, 13, 0.061821)
step 152 score (0, 0, 0, 22, 0.103803) best (0, 0, 6, 13, 0.061821)
step 153 score (0, 0, 2, 22, 0.12322) best (0, 0, 6, 13, 0.061821)
step 154 score (0, 0, 3, 22, 0.112963) best (0, 0, 6, 13, 0.061821)
step 155 score (0, 0, 3, 21, 0.113624) best (0, 0, 6, 13, 0.061821)
step 156 score (0, 0, 0, 19, 0.10722) best (0, 0, 6, 13, 0.061821)
step 157 score (0, 0, 0, 21, 0.100865) best (0, 0, 6, 13, 0.061821)
step 158 score (0, 0, 0, 22, 0.103361) best (0, 0, 6, 13, 0.061821)
step 159 score (0, 0, 0, 22, 0.112837) best (0, 0, 6, 13, 0.061821)
step 160 score (0, 0, 0, 23, 0.103856) best (0, 0, 6, 13, 0.061821)
step 161 score (0, 0, 0, 24, 0.109641) best (0, 0, 6, 13, 0.061821)
step 162 score (0, 0, 0, 23, 0.107977) best (0, 0, 6, 13, 0.061821)
step 163 score (0, 0, 1, 22, 0.114186) best (0, 0, 6, 13, 0.061821)
step 164 score (0, 0, 1, 22, 0.119337) best (0, 0, 6, 13, 0.061821)
step 165 score (0, 0, 1, 22, 0.114186) best (0, 0, 6, 13, 0.061821)
step 166 score (0, 0, 0, 23, 0.107977) best (0, 0, 6, 13, 0.061821)
step 167 score (0, 0, 0, 24, 0.109641) best (0, 0, 6, 13, 0.061821)
step 168 score (0, 0, 0, 23, 0.107977) best (0, 0, 6, 13, 0.061821)
step 169 score (0, 0, 1, 22, 0.114186) best (0, 0, 6, 13, 0.061821)
step 170 score (0, 0, 1, 22, 0.119337) best (0, 0, 6, 13, 0.061821)
step 171 score (0, 0, 1, 22, 0.114186) best (0, 0, 6, 13, 0.061821)
step 172 score (0, 0, 0, 23, 0.107977) best (0, 0, 6, 13, 0.061821)
step 173 score (0, 0, 0, 24, 0.109641) best (0, 0, 6, 13, 0.061821)
step 174 score (0, 0, 0, 23, 0.107977) best (0, 0, 6, 13, 0.061821)
step 175 score (0, 0, 1, 22, 0.114186) best (0, 0, 6, 13, 0.061821)
step 176 score (0, 0, 0, 21, 0.112887) best (0, 0, 6, 13, 0.061821)
step 177 score (0, 0, 0, 21, 0.118628) best (0, 0, 6, 13, 0.061821)
step 178 score (0, 0, 0, 21, 0.110803) best (0, 0, 6, 13, 0.061821)
step 179 score (0, 0, 1, 22, 0.115019) best (0, 0, 6, 13, 0.061821)
step 180 score (0, 0, 2, 20, 0.116248) best (0, 0, 6, 13, 0.061821)
step 181 score (0, 0, 0, 20, 0.112764) best (0, 0, 6, 13, 0.061821)
step 182 score (0, 0, 2, 20, 0.116248) best (0, 0, 6, 13, 0.061821)
step 183 score (0, 0, 0, 20, 0.110881) best (0, 0, 6, 13, 0.061821)
step 184 score (0, 0, 2, 20, 0.116248) best (0, 0, 6, 13, 0.061821)
step 185 score (0, 0, 1, 22, 0.115019) best (0, 0, 6, 13, 0.061821)
step 186 score (0, 0, 2, 20, 0.116248) best (0, 0, 6, 13, 0.061821)
step 187 score (0, 0, 0, 19, 0.115067) best (0, 0, 6, 13, 0.061821)
step 188 score (0, 0, 0, 20, 0.110869) best (0, 0, 6, 13, 0.061821)
step 189 score (0, 0, 1, 21, 0.119917) best (0, 0, 6, 13, 0.061821)
step 190 score (0, 0, 1, 21, 0.117701) best (0, 0, 6, 13, 0.061821)
step 191 score (0, 0, 0, 22, 0.109469) best (0, 0, 6, 13, 0.061821)
step 192 score (0, 0, 1, 21, 0.117701) best (0, 0, 6, 13, 0.061821)
step 193 score (0, 0, 1, 21, 0.119917) best (0, 0, 6, 13, 0.061821)
step 194 score (0, 0, 0, 21, 0.119586) best (0, 0, 6, 13, 0.061821)
step 195 score (0, 0, 0, 20, 0.116953) best (0, 0, 6, 13, 0.061821)
step 196 score (0, 0, 0, 21, 0.110803) best (0, 0, 6, 13, 0.061821)
step 197 score (0, 0, 1, 22, 0.115019) best (0, 0, 6, 13, 0.061821)
step 198 score (0, 0, 2, 20, 0.116248) best (0, 0, 6, 13, 0.061821)
step 199 score (0, 0, 0, 20, 0.112764) best (0, 0, 6, 13, 0.061821)
step 200 score (0, 0, 2, 20, 0.116248) best (0, 0, 6, 13, 0.061821)
step 201 score (0, 0, 0, 20, 0.110881) best (0, 0, 6, 13, 0.061821)
step 202 score (0, 0, 2, 20, 0.116248) best (0, 0, 6, 13, 0.061821)
step 203 score (0, 0, 1, 22, 0.115019) best (0, 0, 6, 13, 0.061821)
step 204 score (0, 0, 2, 20, 0.116248) best (0, 0, 6, 13, 0.061821)
step 205 score (0, 0, 0, 19, 0.115067) best (0, 0, 6, 13, 0.061821)
step 206 score (0, 0, 0, 20, 0.115142) best (0, 0, 6, 13, 0.061821)
step 207 score (0, 0, 1, 20, 0.100007) best (0, 0, 6, 13, 0.061821)
step 208 score (0, 0, 0, 21, 0.102569) best (0, 0, 6, 13, 0.061821)
step 209 score (0, 0, 1, 20, 0.100007) best (0, 0, 6, 13, 0.061821)
step 210 score (0, 0, 0, 20, 0.115142) best (0, 0, 6, 13, 0.061821)
step 211 score (0, 0, 0, 21, 0.116454) best (0, 0, 6, 13, 0.061821)
step 212 score (0, 0, 1, 20, 0.10824) best (0, 0, 6, 13, 0.061821)
step 213 score (0, 0, 0, 20, 0.111598) best (0, 0, 6, 13, 0.061821)
step 214 score (0, 0, 0, 22, 0.106819) best (0, 0, 6, 13, 0.061821)
step 215 score (0, 0, 0, 23, 0.12319) best (0, 0, 6, 13, 0.061821)
step 216 score (0, 0, 1, 23, 0.114163) best (0, 0, 6, 13, 0.061821)
step 217 score (0, 0, 1, 23, 0.114389) best (0, 0, 6, 13, 0.061821)
step 218 score (0, 0, 1, 23, 0.114163) best (0, 0, 6, 13, 0.061821)
step 219 score (0, 0, 1, 22, 0.111606) best (0, 0, 6, 13, 0.061821)
step 220 score (0, 0, 0, 22, 0.112559) best (0, 0, 6, 13, 0.061821)
step 221 score (0, 0, 0, 21, 0.116454) best (0, 0, 6, 13, 0.061821)
step 222 score (0, 0, 1, 20, 0.10824) best (0, 0, 6, 13, 0.061821)
step 223 score (0, 0, 0, 21, 0.116454) best (0, 0, 6, 13, 0.061821)
step 224 score (0, 0, 0, 22, 0.112559) best (0, 0, 6, 13, 0.061821)
step 225 score (0, 0, 0, 23, 0.12319) best (0, 0, 6, 13, 0.061821)
step 226 score (0, 0, 0, 22, 0.122654) best (0, 0, 6, 13, 0.061821)
step 227 score (0, 0, 0, 23, 0.12319) best (0, 0, 6, 13, 0.061821)
step 228 score (0, 0, 1, 23, 0.114163) best (0, 0, 6, 13, 0.061821)
step 229 score (0, 0, 1, 23, 0.114389) best (0, 0, 6, 13, 0.061821)
step 230 score (0, 0, 1, 22, 0.124498) best (0, 0, 6, 13, 0.061821)
step 231 score (0, 0, 1, 23, 0.114389) best (0, 0, 6, 13, 0.061821)
step 232 score (0, 0, 1, 23, 0.114163) best (0, 0, 6, 13, 0.061821)
step 233 score (0, 0, 1, 22, 0.111606) best (0, 0, 6, 13, 0.061821)
step 234 score (0, 0, 0, 22, 0.112559) best (0, 0, 6, 13, 0.061821)
step 235 score (0, 0, 0, 21, 0.116454) best (0, 0, 6, 13, 0.061821)
step 236 score (0, 0, 1, 20, 0.10824) best (0, 0, 6, 13, 0.061821)
step 237 score (0, 0, 0, 21, 0.116454) best (0, 0, 6, 13, 0.061821)
step 238 score (0, 0, 0, 22, 0.112559) best (0, 0, 6, 13, 0.061821)
step 239 score (0, 0, 1, 22, 0.111606) best (0, 0, 6, 13, 0.061821)
step 240 score (0, 0, 1, 23, 0.114163) best (0, 0, 6, 13, 0.061821)
step 241 score (0, 0, 1, 23, 0.114389) best (0, 0, 6, 13, 0.061821)
step 242 score (0, 0, 0, 22, 0.121646) best (0, 0, 6, 13, 0.061821)
step 243 score (0, 0, 0, 22, 0.103993) best (0, 0, 6, 13, 0.061821)
step 244 score (0, 0, 1, 22, 0.113892) best (0, 0, 6, 13, 0.061821)
step 245 score (0, 0, 1, 20, 0.10605) best (0, 0, 6, 13, 0.061821)
step 246 score (0, 0, 1, 22, 0.113892) best (0, 0, 6, 13, 0.061821)
step 247 score (0, 0, 1, 20, 0.097744) best (0, 0, 6, 13, 0.061821)
step 248 score (0, 0, 0, 22, 0.102167) best (0, 0, 6, 13, 0.061821)
step 249 score (0, 0, 1, 19, 0.102133) best (0, 0, 6, 13, 0.061821)
step 250 score (0, 0, 1, 21, 0.099745) best (0, 0, 6, 13, 0.061821)
step 251 score (0, 0, 1, 19, 0.102133) best (0, 0, 6, 13, 0.061821)
step 252 score (0, 0, 0, 22, 0.102167) best (0, 0, 6, 13, 0.061821)
step 253 score (0, 0, 1, 20, 0.097744) best (0, 0, 6, 13, 0.061821)
step 254 score (0, 0, 1, 22, 0.113892) best (0, 0, 6, 13, 0.061821)
step 255 score (0, 0, 1, 20, 0.10605) best (0, 0, 6, 13, 0.061821)
step 256 score (0, 0, 0, 20, 0.091676) best (0, 0, 6, 13, 0.061821)
step 257 score (0, 0, 1, 20, 0.098966) best (0, 0, 6, 13, 0.061821)
step 258 score (0, 0, 0, 22, 0.104819) best (0, 0, 6, 13, 0.061821)
step 259 score (0, 0, 1, 20, 0.098966) best (0, 0, 6, 13, 0.061821)
step 260 score (0, 0, 0, 20, 0.103231) best (0, 0, 6, 13, 0.061821)
step 261 score (0, 0, 1, 20, 0.098966) best (0, 0, 6, 13, 0.061821)
step 262 score (0, 0, 0, 22, 0.104819) best (0, 0, 6, 13, 0.061821)
step 263 score (0, 0, 0, 21, 0.109271) best (0, 0, 6, 13, 0.061821)
stuck at step 264 - back to the global best
step 264 score (0, 0, 2, 10, 0.065343) best (0, 0, 6, 13, 0.061821)
step 265 score (0, 0, 0, 13, 0.082553) best (0, 0, 6, 13, 0.061821)
step 266 score (0, 0, 2, 10, 0.065343) best (0, 0, 6, 13, 0.061821)
step 267 score (0, 0, 0, 13, 0.082553) best (0, 0, 6, 13, 0.061821)
step 268 score (0, 0, 0, 14, 0.094514) best (0, 0, 6, 13, 0.061821)
step 269 score (0, 0, 1, 14, 0.101083) best (0, 0, 6, 13, 0.061821)
step 270 score (0, 0, 0, 16, 0.104326) best (0, 0, 6, 13, 0.061821)
step 271 score (0, 0, 0, 18, 0.105676) best (0, 0, 6, 13, 0.061821)
step 272 score (0, 0, 1, 18, 0.108787) best (0, 0, 6, 13, 0.061821)
step 273 score (0, 0, 0, 18, 0.105676) best (0, 0, 6, 13, 0.061821)
step 274 score (0, 0, 0, 18, 0.097668) best (0, 0, 6, 13, 0.061821)
step 275 score (0, 0, 0, 19, 0.10711) best (0, 0, 6, 13, 0.061821)
step 276 score (0, 0, 0, 18, 0.099864) best (0, 0, 6, 13, 0.061821)
step 277 score (0, 0, 3, 16, 0.110988) best (0, 0, 6, 13, 0.061821)
step 278 score (0, 0, 0, 18, 0.099864) best (0, 0, 6, 13, 0.061821)
step 279 score (0, 0, 0, 18, 0.093759) best (0, 0, 6, 13, 0.061821)
step 280 score (0, 0, 0, 19, 0.106218) best (0, 0, 6, 13, 0.061821)
step 281 score (0, 0, 2, 18, 0.108917) best (0, 0, 6, 13, 0.061821)
step 282 score (0, 0, 1, 19, 0.111633) best (0, 0, 6, 13, 0.061821)
step 283 score (0, 0, 2, 18, 0.108917) best (0, 0, 6, 13, 0.061821)
step 284 score (0, 0, 0, 19, 0.116399) best (0, 0, 6, 13, 0.061821)
step 285 score (0, 0, 2, 18, 0.108917) best (0, 0, 6, 13, 0.061821)
step 286 score (0, 0, 1, 19, 0.111633) best (0, 0, 6, 13, 0.061821)
step 287 score (0, 0, 0, 19, 0.099624) best (0, 0, 6, 13, 0.061821)
step 288 score (0, 0, 1, 19, 0.111633) best (0, 0, 6, 13, 0.061821)
step 289 score (0, 0, 2, 18, 0.108917) best (0, 0, 6, 13, 0.061821)
step 290 score (0, 0, 0, 19, 0.116399) best (0, 0, 6, 13, 0.061821)
step 291 score (0, 0, 2, 17, 0.109452) best (0, 0, 6, 13, 0.061821)
step 292 score (0, 0, 0, 18, 0.114476) best (0, 0, 6, 13, 0.061821)
step 293 score (0, 0, 2, 17, 0.109452) best (0, 0, 6, 13, 0.061821)
step 294 score (0, 0, 0, 19, 0.116399) best (0, 0, 6, 13, 0.061821)
step 295 score (0, 0, 2, 18, 0.108917) best (0, 0, 6, 13, 0.061821)
step 296 score (0, 0, 0, 19, 0.111457) best (0, 0, 6, 13, 0.061821)
step 297 score (0, 0, 2, 18, 0.108917) best (0, 0, 6, 13, 0.061821)
step 298 score (0, 0, 1, 19, 0.111633) best (0, 0, 6, 13, 0.061821)
step 299 score (0, 0, 2, 18, 0.108917) best (0, 0, 6, 13, 0.061821)
step 300 score (0, 0, 0, 19, 0.116399) best (0, 0, 6, 13, 0.061821)
step 301 score (0, 0, 2, 17, 0.109452) best (0, 0, 6, 13, 0.061821)
step 302 score (0, 0, 0, 18, 0.114476) best (0, 0, 6, 13, 0.061821)
step 303 score (0, 0, 0, 21, 0.108914) best (0, 0, 6, 13, 0.061821)
step 304 score (0, 0, 1, 20, 0.10973) best (0, 0, 6, 13, 0.061821)
step 305 score (0, 0, 0, 21, 0.108914) best (0, 0, 6, 13, 0.061821)
step 306 score (0, 0, 0, 20, 0.117186) best (0, 0, 6, 13, 0.061821)
step 307 score (0, 0, 0, 22, 0.109161) best (0, 0, 6, 13, 0.061821)
step 308 score (0, 0, 0, 20, 0.117186) best (0, 0, 6, 13, 0.061821)
step 309 score (0, 0, 0, 19, 0.115315) best (0, 0, 6, 13, 0.061821)
step 310 score (0, 0, 1, 18, 0.112745) best (0, 0, 6, 13, 0.061821)
step 311 score (0, 0, 0, 19, 0.106731) best (0, 0, 6, 13, 0.061821)
step 312 score (0, 0, 1, 18, 0.112745) best (0, 0, 6, 13, 0.061821)
step 313 score (0, 0, 0, 18, 0.120352) best (0, 0, 6, 13, 0.061821)
step 314 score (0, 0, 1, 16, 0.127801) best (0, 0, 6, 13, 0.061821)
step 315 score (0, 0, 3, 16, 0.110988) best (0, 0, 6, 13, 0.061821)
step 316 score (0, 0, 0, 17, 0.110258) best (0, 0, 6, 13, 0.061821)
step 317 score (0, 0, 2, 18, 0.108917) best (0, 0, 6, 13, 0.061821)
step 318 score (0, 0, 1, 19, 0.111633) best (0, 0, 6, 13, 0.061821)
step 319 score (0, 0, 2, 18, 0.108917) best (0, 0, 6, 13, 0.061821)
step 320 score (0, 0, 0, 19, 0.116399) best (0, 0, 6, 13, 0.061821)
step 321 score (0, 0, 2, 18, 0.108917) best (0, 0, 6, 13, 0.061821)
step 322 score (0, 0, 1, 19, 0.111633) best (0, 0, 6, 13, 0.061821)
step 323 score (0, 0, 0, 19, 0.099624) best (0, 0, 6, 13, 0.061821)
step 324 score (0, 0, 0, 20, 0.110117) best (0, 0, 6, 13, 0.061821)
step 325 score (0, 0, 0, 20, 0.107645) best (0, 0, 6, 13, 0.061821)
step 326 score (0, 0, 1, 21, 0.109579) best (0, 0, 6, 13, 0.061821)
step 327 score (0, 0, 1, 20, 0.111505) best (0, 0, 6, 13, 0.061821)
step 328 score (0, 0, 1, 21, 0.109579) best (0, 0, 6, 13, 0.061821)
step 329 score (0, 0, 0, 20, 0.115965) best (0, 0, 6, 13, 0.061821)
step 330 score (0, 0, 1, 21, 0.109579) best (0, 0, 6, 13, 0.061821)
step 331 score (0, 0, 1, 20, 0.111505) best (0, 0, 6, 13, 0.061821)
step 332 score (0, 0, 1, 19, 0.104115) best (0, 0, 6, 13, 0.061821)
step 333 score (0, 0, 1, 20, 0.111505) best (0, 0, 6, 13, 0.061821)
step 334 score (0, 0, 1, 21, 0.109579) best (0, 0, 6, 13, 0.061821)
step 335 score (0, 0, 0, 20, 0.115965) best (0, 0, 6, 13, 0.061821)
step 336 score (0, 0, 1, 19, 0.110108) best (0, 0, 6, 13, 0.061821)
step 337 score (0, 0, 1, 19, 0.110156) best (0, 0, 6, 13, 0.061821)
step 338 score (0, 0, 2, 17, 0.110341) best (0, 0, 6, 13, 0.061821)
step 339 score (0, 0, 0, 19, 0.101105) best (0, 0, 6, 13, 0.061821)
step 340 score (0, 0, 2, 17, 0.110341) best (0, 0, 6, 13, 0.061821)
step 341 score (0, 0, 1, 19, 0.110156) best (0, 0, 6, 13, 0.061821)
step 342 score (0, 0, 1, 20, 0.109398) best (0, 0, 6, 13, 0.061821)
step 343 score (0, 0, 1, 20, 0.112967) best (0, 0, 6, 13, 0.061821)
step 344 score (0, 0, 3, 21, 0.108327) best (0, 0, 6, 13, 0.061821)
step 345 score (0, 0, 1, 20, 0.112967) best (0, 0, 6, 13, 0.061821)
step 346 score (0, 0, 2, 19, 0.114877) best (0, 0, 6, 13, 0.061821)
step 347 score (0, 0, 1, 17, 0.114917) best (0, 0, 6, 13, 0.061821)
step 348 score (0, 0, 1, 17, 0.115328) best (0, 0, 6, 13, 0.061821)
step 349 score (0, 0, 0, 18, 0.118861) best (0, 0, 6, 13, 0.061821)
step 350 score (0, 0, 1, 18, 0.122585) best (0, 0, 6, 13, 0.061821)
step 351 score (0, 0, 1, 16, 0.103925) best (0, 0, 6, 13, 0.061821)
step 352 score (0, 0, 0, 17, 0.115096) best (0, 0, 6, 13, 0.061821)
step 353 score (0, 0, 1, 16, 0.103925) best (0, 0, 6, 13, 0.061821)
step 354 score (0, 0, 0, 18, 0.117894) best (0, 0, 6, 13, 0.061821)
step 355 score (0, 0, 2, 18, 0.111803) best (0, 0, 6, 13, 0.061821)
step 356 score (0, 0, 0, 18, 0.107538) best (0, 0, 6, 13, 0.061821)
step 357 score (0, 0, 0, 19, 0.125733) best (0, 0, 6, 13, 0.061821)
step 358 score (0, 0, 0, 19, 0.123554) best (0, 0, 6, 13, 0.061821)
step 359 score (0, 0, 0, 19, 0.125733) best (0, 0, 6, 13, 0.061821)
step 360 score (0, 0, 0, 18, 0.121416) best (0, 0, 6, 13, 0.061821)
step 361 score (0, 0, 0, 19, 0.125733) best (0, 0, 6, 13, 0.061821)
step 362 score (0, 0, 0, 19, 0.123554) best (0, 0, 6, 13, 0.061821)
step 363 score (0, 0, 0, 19, 0.125733) best (0, 0, 6, 13, 0.061821)
step 364 score (0, 0, 0, 18, 0.118237) best (0, 0, 6, 13, 0.061821)
step 365 score (0, 0, 0, 19, 0.11011) best (0, 0, 6, 13, 0.061821)
step 366 score (0, 0, 1, 16, 0.110793) best (0, 0, 6, 13, 0.061821)
step 367 score (0, 0, 0, 19, 0.118987) best (0, 0, 6, 13, 0.061821)
step 368 score (0, 0, 1, 16, 0.110793) best (0, 0, 6, 13, 0.061821)
step 369 score (0, 0, 0, 19, 0.117836) best (0, 0, 6, 13, 0.061821)
step 370 score (0, 0, 2, 18, 0.111284) best (0, 0, 6, 13, 0.061821)
step 371 score (0, 0, 1, 17, 0.108419) best (0, 0, 6, 13, 0.061821)
step 372 score (0, 0, 2, 18, 0.111284) best (0, 0, 6, 13, 0.061821)
step 373 score (0, 0, 0, 19, 0.126014) best (0, 0, 6, 13, 0.061821)
step 374 score (0, 0, 2, 18, 0.111284) best (0, 0, 6, 13, 0.061821)
step 375 score (0, 0, 1, 17, 0.108419) best (0, 0, 6, 13, 0.061821)
step 376 score (0, 0, 0, 19, 0.109078) best (0, 0, 6, 13, 0.061821)
step 377 score (0, 0, 1, 18, 0.105915) best (0, 0, 6, 13, 0.061821)
step 378 score (0, 0, 1, 20, 0.112495) best (0, 0, 6, 13, 0.061821)
step 379 score (0, 0, 1, 22, 0.109981) best (0, 0, 6, 13, 0.061821)
step 380 score (0, 0, 1, 21, 0.105046) best (0, 0, 6, 13, 0.061821)
step 381 score (0, 0, 1, 22, 0.109981) best (0, 0, 6, 13, 0.061821)
step 382 score (0, 0, 0, 23, 0.100788) best (0, 0, 6, 13, 0.061821)
step 383 score (0, 0, 1, 22, 0.109981) best (0, 0, 6, 13, 0.061821)
step 384 score (0, 0, 1, 21, 0.105046) best (0, 0, 6, 13, 0.061821)
step 385 score (0, 0, 1, 22, 0.117986) best (0, 0, 6, 13, 0.061821)
step 386 score (0, 0, 1, 21, 0.105046) best (0, 0, 6, 13, 0.061821)
step 387 score (0, 0, 1, 22, 0.109981) best (0, 0, 6, 13, 0.061821)
step 388 score (0, 0, 1, 20, 0.112495) best (0, 0, 6, 13, 0.061821)
step 389 score (0, 0, 1, 20, 0.107977) best (0, 0, 6, 13, 0.061821)
step 390 score (0, 0, 1, 20, 0.112495) best (0, 0, 6, 13, 0.061821)
step 391 score (0, 0, 1, 22, 0.109981) best (0, 0, 6, 13, 0.061821)
step 392 score (0, 0, 1, 21, 0.105046) best (0, 0, 6, 13, 0.061821)
step 393 score (0, 0, 0, 21, 0.115133) best (0, 0, 6, 13, 0.061821)
step 394 score (0, 0, 0, 21, 0.117154) best (0, 0, 6, 13, 0.061821)
step 395 score (0, 0, 0, 21, 0.115133) best (0, 0, 6, 13, 0.061821)
step 396 score (0, 0, 0, 20, 0.117171) best (0, 0, 6, 13, 0.061821)
step 397 score (0, 0, 0, 21, 0.115133) best (0, 0, 6, 13, 0.061821)
step 398 score (0, 0, 0, 21, 0.117154) best (0, 0, 6, 13, 0.061821)
step 399 score (0, 0, 0, 21, 0.109687) best (0, 0, 6, 13, 0.061821)
step 400 score (0, 0, 2, 21, 0.101807) best (0, 0, 6, 13, 0.061821)
step 401 score (0, 0, 0, 21, 0.109687) best (0, 0, 6, 13, 0.061821)
step 402 score (0, 0, 1, 19, 0.107627) best (0, 0, 6, 13, 0.061821)
step 403 score (0, 0, 1, 20, 0.110079) best (0, 0, 6, 13, 0.061821)
step 404 score (0, 0, 1, 19, 0.107627) best (0, 0, 6, 13, 0.061821)
step 405 score (0, 0, 0, 19, 0.109331) best (0, 0, 6, 13, 0.061821)
step 406 score (0, 0, 1, 19, 0.107627) best (0, 0, 6, 13, 0.061821)
step 407 score (0, 0, 1, 20, 0.110079) best (0, 0, 6, 13, 0.061821)
step 408 score (0, 0, 2, 17, 0.109576) best (0, 0, 6, 13, 0.061821)
step 409 score (0, 0, 1, 20, 0.111968) best (0, 0, 6, 13, 0.061821)
step 410 score (0, 0, 2, 17, 0.109576) best (0, 0, 6, 13, 0.061821)
step 411 score (0, 0, 1, 20, 0.110079) best (0, 0, 6, 13, 0.061821)
step 412 score (0, 0, 0, 21, 0.107894) best (0, 0, 6, 13, 0.061821)
step 413 score (0, 0, 2, 21, 0.099298) best (0, 0, 6, 13, 0.061821)
step 414 score (0, 0, 1, 21, 0.11519) best (0, 0, 6, 13, 0.061821)
step 415 score (0, 0, 2, 21, 0.099298) best (0, 0, 6, 13, 0.061821)
step 416 score (0, 0, 1, 18, 0.107042) best (0, 0, 6, 13, 0.061821)
step 417 score (0, 0, 2, 21, 0.099298) best (0, 0, 6, 13, 0.061821)
step 418 score (0, 0, 1, 21, 0.11519) best (0, 0, 6, 13, 0.061821)
step 419 score (0, 0, 1, 22, 0.110503) best (0, 0, 6, 13, 0.061821)
step 420 score (0, 0, 1, 22, 0.094043) best (0, 0, 6, 13, 0.061821)
step 421 score (0, 0, 1, 23, 0.08466) best (0, 0, 6, 13, 0.061821)
step 422 score (0, 0, 1, 23, 0.093889) best (0, 0, 6, 13, 0.061821)
step 423 score (0, 0, 2, 22, 0.106084) best (0, 0, 6, 13, 0.061821)
step 424 score (0, 0, 1, 21, 0.11519) best (0, 0, 6, 13, 0.061821)
step 425 score (0, 0, 2, 21, 0.099298) best (0, 0, 6, 13, 0.061821)
step 426 score (0, 0, 1, 18, 0.107042) best (0, 0, 6, 13, 0.061821)
step 427 score (0, 0, 0, 21, 0.115308) best (0, 0, 6, 13, 0.061821)
step 428 score (0, 0, 0, 21, 0.116276) best (0, 0, 6, 13, 0.061821)
step 429 score (0, 0, 1, 21, 0.112078) best (0, 0, 6, 13, 0.061821)
step 430 score (0, 0, 0, 21, 0.096693) best (0, 0, 6, 13, 0.061821)
step 431 score (0, 0, 1, 21, 0.112078) best (0, 0, 6, 13, 0.061821)
step 432 score (0, 0, 0, 21, 0.116276) best (0, 0, 6, 13, 0.061821)
step 433 score (0, 0, 2, 21, 0.099298) best (0, 0, 6, 13, 0.061821)
step 434 score (0, 0, 1, 21, 0.11519) best (0, 0, 6, 13, 0.061821)
step 435 score (0, 0, 1, 22, 0.110503) best (0, 0, 6, 13, 0.061821)
step 436 score (0, 0, 1, 23, 0.093889) best (0, 0, 6, 13, 0.061821)
step 437 score (0, 0, 2, 22, 0.106084) best (0, 0, 6, 13, 0.061821)
step 438 score (0, 0, 0, 22, 0.105151) best (0, 0, 6, 13, 0.061821)
step 439 score (0, 0, 2, 22, 0.106084) best (0, 0, 6, 13, 0.061821)
step 440 score (0, 0, 1, 23, 0.093889) best (0, 0, 6, 13, 0.061821)
step 441 score (0, 0, 1, 22, 0.110503) best (0, 0, 6, 13, 0.061821)
step 442 score (0, 0, 1, 22, 0.094043) best (0, 0, 6, 13, 0.061821)
step 443 score (0, 0, 1, 22, 0.110503) best (0, 0, 6, 13, 0.061821)
step 444 score (0, 0, 1, 23, 0.093889) best (0, 0, 6, 13, 0.061821)
step 445 score (0, 0, 1, 22, 0.107194) best (0, 0, 6, 13, 0.061821)
step 446 score (0, 0, 1, 23, 0.093889) best (0, 0, 6, 13, 0.061821)
step 447 score (0, 0, 1, 23, 0.08466) best (0, 0, 6, 13, 0.061821)
step 448 score (0, 0, 1, 22, 0.094043) best (0, 0, 6, 13, 0.061821)
step 449 score (0, 0, 0, 22, 0.103036) best (0, 0, 6, 13, 0.061821)
step 450 score (0, 0, 0, 21, 0.115084) best (0, 0, 6, 13, 0.061821)
step 451 score (0, 0, 1, 20, 0.114383) best (0, 0, 6, 13, 0.061821)
step 452 score (0, 0, 1, 19, 0.107487) best (0, 0, 6, 13, 0.061821)
step 453 score (0, 0, 0, 20, 0.115027) best (0, 0, 6, 13, 0.061821)
step 454 score (0, 0, 1, 19, 0.107487) best (0, 0, 6, 13, 0.061821)
step 455 score (0, 0, 1, 20, 0.114383) best (0, 0, 6, 13, 0.061821)
step 456 score (0, 0, 1, 19, 0.107487) best (0, 0, 6, 13, 0.061821)
step 457 score (0, 0, 0, 20, 0.105858) best (0, 0, 6, 13, 0.061821)
step 458 score (0, 0, 1, 19, 0.107487) best (0, 0, 6, 13, 0.061821)
step 459 score (0, 0, 1, 17, 0.108268) best (0, 0, 6, 13, 0.061821)
step 460 score (0, 0, 0, 19, 0.119398) best (0, 0, 6, 13, 0.061821)
step 461 score (0, 0, 0, 21, 0.108719) best (0, 0, 6, 13, 0.061821)
step 462 score (0, 0, 0, 19, 0.119398) best (0, 0, 6, 13, 0.061821)
step 463 score (0, 0, 1, 17, 0.108268) best (0, 0, 6, 13, 0.061821)
step 464 score (0, 0, 1, 19, 0.107487) best (0, 0, 6, 13, 0.061821)
step 465 score (0, 0, 0, 20, 0.115027) best (0, 0, 6, 13, 0.061821)
step 466 score (0, 0, 0, 21, 0.104739) best (0, 0, 6, 13, 0.061821)
step 467 score (0, 0, 0, 21, 0.096372) best (0, 0, 6, 13, 0.061821)
step 468 score (0, 0, 0, 22, 0.103324) best (0, 0, 6, 13, 0.061821)
step 469 score (0, 0, 0, 21, 0.110006) best (0, 0, 6, 13, 0.061821)
step 470 score (0, 0, 0, 22, 0.111517) best (0, 0, 6, 13, 0.061821)
step 471 score (0, 0, 0, 21, 0.117661) best (0, 0, 6, 13, 0.061821)
step 472 score (0, 0, 0, 22, 0.111517) best (0, 0, 6, 13, 0.061821)
step 473 score (0, 0, 0, 21, 0.110006) best (0, 0, 6, 13, 0.061821)
step 474 score (0, 0, 0, 22, 0.103324) best (0, 0, 6, 13, 0.061821)
step 475 score (0, 0, 0, 21, 0.096372) best (0, 0, 6, 13, 0.061821)
step 476 score (0, 0, 0, 21, 0.104739) best (0, 0, 6, 13, 0.061821)
step 477 score (0, 0, 0, 20, 0.116251) best (0, 0, 6, 13, 0.061821)
step 478 score (0, 0, 0, 20, 0.121425) best (0, 0, 6, 13, 0.061821)
step 479 score (0, 0, 1, 19, 0.098308) best (0, 0, 6, 13, 0.061821)
step 480 score (0, 0, 1, 17, 0.101883) best (0, 0, 6, 13, 0.061821)
step 481 score (0, 0, 1, 19, 0.098308) best (0, 0, 6, 13, 0.061821)
step 482 score (0, 0, 0, 21, 0.106487) best (0, 0, 6, 13, 0.061821)
step 483 score (0, 0, 0, 21, 0.108731) best (0, 0, 6, 13, 0.061821)
step 484 score (0, 0, 0, 21, 0.113667) best (0, 0, 6, 13, 0.061821)
step 485 score (0, 0, 0, 22, 0.117042) best (0, 0, 6, 13, 0.061821)
step 486 score (0, 0, 0, 22, 0.111657) best (0, 0, 6, 13, 0.061821)
step 487 score (0, 0, 0, 22, 0.117042) best (0, 0, 6, 13, 0.061821)
step 488 score (0, 0, 0, 21, 0.113667) best (0, 0, 6, 13, 0.061821)
step 489 score (0, 0, 0, 21, 0.108731) best (0, 0, 6, 13, 0.061821)
step 490 score (0, 0, 0, 21, 0.106487) best (0, 0, 6, 13, 0.061821)
step 491 score (0, 0, 1, 19, 0.098308) best (0, 0, 6, 13, 0.061821)
step 492 score (0, 0, 1, 17, 0.101883) best (0, 0, 6, 13, 0.061821)
step 493 score (0, 0, 0, 19, 0.113096) best (0, 0, 6, 13, 0.061821)
step 494 score (0, 0, 1, 18, 0.103982) best (0, 0, 6, 13, 0.061821)
step 495 score (0, 0, 1, 17, 0.10853) best (0, 0, 6, 13, 0.061821)
step 496 score (0, 0, 0, 19, 0.110826) best (0, 0, 6, 13, 0.061821)
step 497 score (0, 0, 1, 20, 0.109199) best (0, 0, 6, 13, 0.061821)
step 498 score (0, 0, 1, 17, 0.102419) best (0, 0, 6, 13, 0.061821)
step 499 score (0, 0, 0, 21, 0.100639) best (0, 0, 6, 13, 0.061821)
step 500 score (0, 0, 1, 19, 0.114529) best (0, 0, 6, 13, 0.061821)
step 501 score (0, 0, 1, 20, 0.112039) best (0, 0, 6, 13, 0.061821)
step 502 score (0, 0, 1, 19, 0.113494) best (0, 0, 6, 13, 0.061821)
step 503 score (0, 0, 0, 20, 0.102767) best (0, 0, 6, 13, 0.061821)
step 504 score (0, 0, 0, 22, 0.11353) best (0, 0, 6, 13, 0.061821)
step 505 score (0, 0, 0, 21, 0.116752) best (0, 0, 6, 13, 0.061821)
step 506 score (0, 0, 0, 22, 0.11353) best (0, 0, 6, 13, 0.061821)
step 507 score (0, 0, 0, 22, 0.10984) best (0, 0, 6, 13, 0.061821)
step 508 score (0, 0, 1, 22, 0.112105) best (0, 0, 6, 13, 0.061821)
step 509 score (0, 0, 0, 22, 0.110213) best (0, 0, 6, 13, 0.061821)
step 510 score (0, 0, 1, 22, 0.11346) best (0, 0, 6, 13, 0.061821)
step 511 score (0, 0, 1, 20, 0.109533) best (0, 0, 6, 13, 0.061821)
step 512 score (0, 0, 1, 22, 0.11346) best (0, 0, 6, 13, 0.061821)
step 513 score (0, 0, 0, 22, 0.117249) best (0, 0, 6, 13, 0.061821)
step 514 score (0, 0, 0, 22, 0.120067) best (0, 0, 6, 13, 0.061821)
step 515 score (0, 0, 0, 22, 0.110184) best (0, 0, 6, 13, 0.061821)
step 516 score (0, 0, 2, 21, 0.105896) best (0, 0, 6, 13, 0.061821)
step 517 score (0, 0, 1, 22, 0.117137) best (0, 0, 6, 13, 0.061821)
step 518 score (0, 0, 3, 22, 0.12988) best (0, 0, 6, 13, 0.061821)
step 519 score (0, 0, 2, 21, 0.11481) best (0, 0, 6, 13, 0.061821)
step 520 score (0, 0, 0, 21, 0.114587) best (0, 0, 6, 13, 0.061821)
step 521 score (0, 0, 0, 22, 0.110977) best (0, 0, 6, 13, 0.061821)
step 522 score (0, 0, 0, 21, 0.114587) best (0, 0, 6, 13, 0.061821)
step 523 score (0, 0, 2, 21, 0.11481) best (0, 0, 6, 13, 0.061821)
step 524 score (0, 0, 3, 22, 0.12988) best (0, 0, 6, 13, 0.061821)
step 525 score (0, 0, 1, 22, 0.117137) best (0, 0, 6, 13, 0.061821)
step 526 score (0, 0, 0, 21, 0.123682) best (0, 0, 6, 13, 0.061821)
step 527 score (0, 0, 1, 22, 0.117137) best (0, 0, 6, 13, 0.061821)
step 528 score (0, 0, 3, 22, 0.12988) best (0, 0, 6, 13, 0.061821)
step 529 score (0, 0, 2, 21, 0.11481) best (0, 0, 6, 13, 0.061821)
step 530 score (0, 0, 0, 21, 0.114587) best (0, 0, 6, 13, 0.061821)
step 531 score (0, 0, 0, 22, 0.110977) best (0, 0, 6, 13, 0.061821)
step 532 score (0, 0, 0, 21, 0.113705) best (0, 0, 6, 13, 0.061821)
step 533 score (0, 0, 0, 22, 0.110285) best (0, 0, 6, 13, 0.061821)
step 534 score (0, 0, 1, 19, 0.114529) best (0, 0, 6, 13, 0.061821)
step 535 score (0, 0, 2, 19, 0.112339) best (0, 0, 6, 13, 0.061821)
step 536 score (0, 0, 1, 19, 0.114529) best (0, 0, 6, 13, 0.061821)
step 537 score (0, 0, 1, 20, 0.112039) best (0, 0, 6, 13, 0.061821)
step 538 score (0, 0, 0, 21, 0.108428) best (0, 0, 6, 13, 0.061821)
step 539 score (0, 0, 0, 22, 0.10984) best (0, 0, 6, 13, 0.061821)
step 540 score (0, 0, 1, 22, 0.112105) best (0, 0, 6, 13, 0.061821)
step 541 score (0, 0, 0, 22, 0.110213) best (0, 0, 6, 13, 0.061821)
step 542 score (0, 0, 1, 22, 0.11346) best (0, 0, 6, 13, 0.061821)
step 543 score (0, 0, 1, 20, 0.109533) best (0, 0, 6, 13, 0.061821)
step 544 score (0, 0, 1, 21, 0.117375) best (0, 0, 6, 13, 0.061821)
step 545 score (0, 0, 1, 20, 0.109533) best (0, 0, 6, 13, 0.061821)
step 546 score (0, 0, 1, 22, 0.11346) best (0, 0, 6, 13, 0.061821)
step 547 score (0, 0, 0, 22, 0.117249) best (0, 0, 6, 13, 0.061821)
step 548 score (0, 0, 0, 22, 0.120639) best (0, 0, 6, 13, 0.061821)
step 549 score (0, 0, 0, 22, 0.11874) best (0, 0, 6, 13, 0.061821)
step 550 score (0, 0, 2, 21, 0.122185) best (0, 0, 6, 13, 0.061821)
step 551 score (0, 0, 0, 21, 0.123848) best (0, 0, 6, 13, 0.061821)
step 552 score (0, 0, 0, 21, 0.120757) best (0, 0, 6, 13, 0.061821)
step 553 score (0, 0, 0, 21, 0.121402) best (0, 0, 6, 13, 0.061821)
step 554 score (0, 0, 0, 23, 0.128408) best (0, 0, 6, 13, 0.061821)
step 555 score (0, 0, 0, 22, 0.128652) best (0, 0, 6, 13, 0.061821)
step 556 score (0, 0, 1, 21, 0.105683) best (0, 0, 6, 13, 0.061821)
step 557 score (0, 0, 1, 21, 0.116715) best (0, 0, 6, 13, 0.061821)
step 558 score (0, 0, 0, 21, 0.117439) best (0, 0, 6, 13, 0.061821)
step 559 score (0, 0, 0, 22, 0.128652) best (0, 0, 6, 13, 0.061821)
step 560 score (0, 0, 0, 23, 0.128408) best (0, 0, 6, 13, 0.061821)
step 561 score (0, 0, 0, 22, 0.124772) best (0, 0, 6, 13, 0.061821)
step 562 score (0, 0, 0, 23, 0.128408) best (0, 0, 6, 13, 0.061821)
step 563 score (0, 0, 0, 23, 0.117687) best (0, 0, 6, 13, 0.061821)
step 564 score (0, 0, 1, 20, 0.112885) best (0, 0, 6, 13, 0.061821)
step 565 score (0, 0, 0, 20, 0.124723) best (0, 0, 6, 13, 0.061821)
step 566 score (0, 0, 1, 20, 0.119946) best (0, 0, 6, 13, 0.061821)
step 567 score (0, 0, 1, 18, 0.099254) best (0, 0, 6, 13, 0.061821)
step 568 score (0, 0, 1, 17, 0.095508) best (0, 0, 6, 13, 0.061821)
step 569 score (0, 0, 0, 18, 0.084801) best (0, 0, 6, 13, 0.061821)
step 570 score (0, 0, 1, 17, 0.094799) best (0, 0, 6, 13, 0.061821)
step 571 score (0, 0, 0, 19, 0.107889) best (0, 0, 6, 13, 0.061821)
step 572 score (0, 0, 2, 20, 0.104528) best (0, 0, 6, 13, 0.061821)
step 573 score (0, 0, 1, 19, 0.11206) best (0, 0, 6, 13, 0.061821)
step 574 score (0, 0, 1, 18, 0.125698) best (0, 0, 6, 13, 0.061821)
step 575 score (0, 0, 1, 18, 0.118293) best (0, 0, 6, 13, 0.061821)
step 576 score (0, 0, 0, 18, 0.126928) best (0, 0, 6, 13, 0.061821)
step 577 score (0, 0, 1, 18, 0.118293) best (0, 0, 6, 13, 0.061821)
step 578 score (0, 0, 1, 18, 0.125698) best (0, 0, 6, 13, 0.061821)
step 579 score (0, 0, 0, 19, 0.121725) best (0, 0, 6, 13, 0.061821)
step 580 score (0, 0, 0, 19, 0.123397) best (0, 0, 6, 13, 0.061821)
step 581 score (0, 0, 1, 17, 0.104391) best (0, 0, 6, 13, 0.061821)
step 582 score (0, 0, 0, 19, 0.123397) best (0, 0, 6, 13, 0.061821)
step 583 score (0, 0, 0, 20, 0.117489) best (0, 0, 6, 13, 0.061821)
step 584 score (0, 0, 1, 18, 0.114429) best (0, 0, 6, 13, 0.061821)
step 585 score (0, 0, 1, 18, 0.105547) best (0, 0, 6, 13, 0.061821)
step 586 score (0, 0, 3, 18, 0.087923) best (0, 0, 6, 13, 0.061821)
step 587 score (0, 0, 1, 19, 0.085454) best (0, 0, 6, 13, 0.061821)
step 588 score (0, 0, 0, 19, 0.094519) best (0, 0, 6, 13, 0.061821)
step 589 score (0, 0, 0, 19, 0.098603) best (0, 0, 6, 13, 0.061821)
step 590 score (0, 0, 1, 19, 0.10105) best (0, 0, 6, 13, 0.061821)
step 591 score (0, 0, 3, 17, 0.113733) best (0, 0, 6, 13, 0.061821)
step 592 score (0, 0, 0, 18, 0.104851) best (0, 0, 6, 13, 0.061821)
step 593 score (0, 0, 0, 18, 0.100428) best (0, 0, 6, 13, 0.061821)
step 594 score (0, 0, 1, 19, 0.10105) best (0, 0, 6, 13, 0.061821)
step 595 score (0, 0, 3, 17, 0.113733) best (0, 0, 6, 13, 0.061821)
step 596 score (0, 0, 0, 18, 0.100926) best (0, 0, 6, 13, 0.061821)
step 597 score (0, 0, 1, 18, 0.09221) best (0, 0, 6, 13, 0.061821)
step 598 score (0, 0, 0, 19, 0.092464) best (0, 0, 6, 13, 0.061821)
step 599 score (0, 0, 1, 19, 0.085454) best (0, 0, 6, 13, 0.061821)
step 600 score (0, 0, 3, 18, 0.087923) best (0, 0, 6, 13, 0.061821)
step 601 score (0, 0, 0, 19, 0.084711) best (0, 0, 6, 13, 0.061821)
step 602 score (0, 0, 3, 18, 0.087923) best (0, 0, 6, 13, 0.061821)
step 603 score (0, 0, 1, 19, 0.085454) best (0, 0, 6, 13, 0.061821)
step 604 score (0, 0, 0, 18, 0.096067) best (0, 0, 6, 13, 0.061821)
step 605 score (0, 0, 1, 19, 0.085454) best (0, 0, 6, 13, 0.061821)
step 606 score (0, 0, 0, 19, 0.094519) best (0, 0, 6, 13, 0.061821)
step 607 score (0, 0, 1, 19, 0.108373) best (0, 0, 6, 13, 0.061821)
step 608 score (0, 0, 1, 18, 0.102171) best (0, 0, 6, 13, 0.061821)
step 609 score (0, 0, 1, 19, 0.108811) best (0, 0, 6, 13, 0.061821)
step 610 score (0, 0, 2, 19, 0.103513) best (0, 0, 6, 13, 0.061821)
step 611 score (0, 0, 0, 20, 0.095287) best (0, 0, 6, 13, 0.061821)
step 612 score (0, 0, 2, 19, 0.103513) best (0, 0, 6, 13, 0.061821)
step 613 score (0, 0, 1, 19, 0.108811) best (0, 0, 6, 13, 0.061821)
step 614 score (0, 0, 1, 18, 0.102171) best (0, 0, 6, 13, 0.061821)
step 615 score (0, 0, 1, 19, 0.108373) best (0, 0, 6, 13, 0.061821)
step 616 score (0, 0, 0, 19, 0.09936) best (0, 0, 6, 13, 0.061821)
step 617 score (0, 0, 0, 18, 0.103109) best (0, 0, 6, 13, 0.061821)
step 618 score (0, 0, 1, 18, 0.09971) best (0, 0, 6, 13, 0.061821)
step 619 score (0, 0, 0, 19, 0.095005) best (0, 0, 6, 13, 0.061821)
step 620 score (0, 0, 1, 19, 0.103851) best (0, 0, 6, 13, 0.061821)
step 621 score (0, 0, 1, 18, 0.120686) best (0, 0, 6, 13, 0.061821)
step 622 score (0, 0, 1, 18, 0.125698) best (0, 0, 6, 13, 0.061821)
step 623 score (0, 0, 1, 19, 0.11206) best (0, 0, 6, 13, 0.061821)
step 624 score (0, 0, 2, 20, 0.104528) best (0, 0, 6, 13, 0.061821)
step 625 score (0, 0, 0, 20, 0.116431) best (0, 0, 6, 13, 0.061821)
step 626 score (0, 0, 1, 20, 0.119946) best (0, 0, 6, 13, 0.061821)
step 627 score (0, 0, 0, 21, 0.115606) best (0, 0, 6, 13, 0.061821)
step 628 score (0, 0, 2, 20, 0.119643) best (0, 0, 6, 13, 0.061821)
step 629 score (0, 0, 1, 20, 0.101059) best (0, 0, 6, 13, 0.061821)
step 630 score (0, 0, 2, 20, 0.119643) best (0, 0, 6, 13, 0.061821)
step 631 score (0, 0, 0, 21, 0.115606) best (0, 0, 6, 13, 0.061821)
step 632 score (0, 0, 1, 20, 0.119946) best (0, 0, 6, 13, 0.061821)
step 633 score (0, 0, 4, 20, 0.115178) best (0, 0, 6, 13, 0.061821)
step 634 score (0, 0, 3, 20, 0.109822) best (0, 0, 6, 13, 0.061821)
step 635 score (0, 0, 0, 19, 0.122491) best (0, 0, 6, 13, 0.061821)
step 636 score (0, 0, 0, 20, 0.116839) best (0, 0, 6, 13, 0.061821)
step 637 score (0, 0, 1, 19, 0.11206) best (0, 0, 6, 13, 0.061821)
step 638 score (0, 0, 2, 20, 0.104528) best (0, 0, 6, 13, 0.061821)
step 639 score (0, 0, 0, 20, 0.116431) best (0, 0, 6, 13, 0.061821)
step 640 score (0, 0, 1, 20, 0.119946) best (0, 0, 6, 13, 0.061821)
step 641 score (0, 0, 4, 20, 0.115178) best (0, 0, 6, 13, 0.061821)
step 642 score (0, 0, 3, 20, 0.109822) best (0, 0, 6, 13, 0.061821)
step 643 score (0, 0, 0, 20, 0.119575) best (0, 0, 6, 13, 0.061821)
step 644 score (0, 0, 1, 18, 0.110133) best (0, 0, 6, 13, 0.061821)
step 645 score (0, 0, 0, 20, 0.119575) best (0, 0, 6, 13, 0.061821)
step 646 score (0, 0, 3, 20, 0.109822) best (0, 0, 6, 13, 0.061821)
step 647 score (0, 0, 0, 19, 0.122491) best (0, 0, 6, 13, 0.061821)
step 648 score (0, 0, 1, 20, 0.119946) best (0, 0, 6, 13, 0.061821)
step 649 score (0, 0, 4, 20, 0.115178) best (0, 0, 6, 13, 0.061821)
step 650 score (0, 0, 0, 21, 0.130605) best (0, 0, 6, 13, 0.061821)
step 651 score (0, 0, 3, 20, 0.120209) best (0, 0, 6, 13, 0.061821)
step 652 score (0, 0, 1, 19, 0.115028) best (0, 0, 6, 13, 0.061821)
step 653 score (0, 0, 3, 20, 0.120209) best (0, 0, 6, 13, 0.061821)
step 654 score (0, 0, 3, 20, 0.118015) best (0, 0, 6, 13, 0.061821)
step 655 score (0, 0, 3, 20, 0.120209) best (0, 0, 6, 13, 0.061821)
step 656 score (0, 0, 1, 19, 0.115028) best (0, 0, 6, 13, 0.061821)
step 657 score (0, 0, 0, 20, 0.113072) best (0, 0, 6, 13, 0.061821)
step 658 score (0, 0, 1, 19, 0.115028) best (0, 0, 6, 13, 0.061821)
step 659 score (0, 0, 3, 20, 0.120209) best (0, 0, 6, 13, 0.061821)
step 660 score (0, 0, 0, 20, 0.115839) best (0, 0, 6, 13, 0.061821)
step 661 score (0, 0, 3, 20, 0.120209) best (0, 0, 6, 13, 0.061821)
step 662 score (0, 0, 3, 20, 0.118015) best (0, 0, 6, 13, 0.061821)
step 663 score (0, 0, 0, 21, 0.11559) best (0, 0, 6, 13, 0.061821)
step 664 score (0, 0, 1, 21, 0.104689) best (0, 0, 6, 13, 0.061821)
step 665 score (0, 0, 0, 21, 0.11559) best (0, 0, 6, 13, 0.061821)
step 666 score (0, 0, 3, 20, 0.118015) best (0, 0, 6, 13, 0.061821)
step 667 score (0, 0, 3, 20, 0.120209) best (0, 0, 6, 13, 0.061821)
step 668 score (0, 0, 1, 19, 0.115028) best (0, 0, 6, 13, 0.061821)
step 669 score (0, 0, 0, 20, 0.113072) best (0, 0, 6, 13, 0.061821)
step 670 score (0, 0, 1, 19, 0.115028) best (0, 0, 6, 13, 0.061821)
step 671 score (0, 0, 3, 20, 0.120209) best (0, 0, 6, 13, 0.061821)
step 672 score (0, 0, 3, 20, 0.118015) best (0, 0, 6, 13, 0.061821)
step 673 score (0, 0, 0, 21, 0.11559) best (0, 0, 6, 13, 0.061821)
step 674 score (0, 0, 1, 21, 0.104689) best (0, 0, 6, 13, 0.061821)
step 675 score (0, 0, 2, 21, 0.105122) best (0, 0, 6, 13, 0.061821)
step 676 score (0, 0, 1, 21, 0.109133) best (0, 0, 6, 13, 0.061821)
step 677 score (0, 0, 2, 21, 0.105122) best (0, 0, 6, 13, 0.061821)
step 678 score (0, 0, 1, 21, 0.104689) best (0, 0, 6, 13, 0.061821)
step 679 score (0, 0, 0, 22, 0.116282) best (0, 0, 6, 13, 0.061821)
step 680 score (0, 0, 2, 21, 0.118605) best (0, 0, 6, 13, 0.061821)
step 681 score (0, 0, 0, 23, 0.119551) best (0, 0, 6, 13, 0.061821)
step 682 score (0, 0, 2, 21, 0.118605) best (0, 0, 6, 13, 0.061821)
step 683 score (0, 0, 0, 22, 0.116282) best (0, 0, 6, 13, 0.061821)
step 684 score (0, 0, 2, 21, 0.118605) best (0, 0, 6, 13, 0.061821)
step 685 score (0, 0, 0, 22, 0.116322) best (0, 0, 6, 13, 0.061821)
step 686 score (0, 0, 0, 21, 0.121419) best (0, 0, 6, 13, 0.061821)
step 687 score (0, 0, 1, 20, 0.120473) best (0, 0, 6, 13, 0.061821)
step 688 score (0, 0, 0, 22, 0.112823) best (0, 0, 6, 13, 0.061821)
step 689 score (0, 0, 1, 20, 0.120473) best (0, 0, 6, 13, 0.061821)
step 690 score (0, 0, 0, 21, 0.12392) best (0, 0, 6, 13, 0.061821)
step 691 score (0, 0, 1, 20, 0.120473) best (0, 0, 6, 13, 0.061821)
step 692 score (0, 0, 0, 21, 0.112753) best (0, 0, 6, 13, 0.061821)
step 693 score (0, 0, 0, 21, 0.118598) best (0, 0, 6, 13, 0.061821)
step 694 score (0, 0, 3, 21, 0.121627) best (0, 0, 6, 13, 0.061821)
step 695 score (0, 0, 1, 22, 0.11763) best (0, 0, 6, 13, 0.061821)
step 696 score (0, 0, 0, 21, 0.115162) best (0, 0, 6, 13, 0.061821)
step 697 score (0, 0, 0, 21, 0.121058) best (0, 0, 6, 13, 0.061821)
step 698 score (0, 0, 2, 21, 0.120843) best (0, 0, 6, 13, 0.061821)
step 699 score (0, 0, 1, 20, 0.119832) best (0, 0, 6, 13, 0.061821)
step 700 score (0, 0, 0, 20, 0.107237) best (0, 0, 6, 13, 0.061821)
step 701 score (0, 0, 0, 20, 0.112758) best (0, 0, 6, 13, 0.061821)
step 702 score (0, 0, 0, 21, 0.102227) best (0, 0, 6, 13, 0.061821)
step 703 score (0, 0, 0, 22, 0.116282) best (0, 0, 6, 13, 0.061821)
step 704 score (0, 0, 2, 21, 0.118605) best (0, 0, 6, 13, 0.061821)
step 705 score (0, 0, 0, 23, 0.119551) best (0, 0, 6, 13, 0.061821)
step 706 score (0, 0, 2, 21, 0.118605) best (0, 0, 6, 13, 0.061821)
step 707 score (0, 0, 0, 22, 0.116282) best (0, 0, 6, 13, 0.061821)
step 708 score (0, 0, 2, 21, 0.118605) best (0, 0, 6, 13, 0.061821)
step 709 score (0, 0, 0, 22, 0.114244) best (0, 0, 6, 13, 0.061821)
step 710 score (0, 0, 2, 21, 0.120843) best (0, 0, 6, 13, 0.061821)
step 711 score (0, 0, 1, 20, 0.119832) best (0, 0, 6, 13, 0.061821)
step 712 score (0, 0, 2, 21, 0.120843) best (0, 0, 6, 13, 0.061821)
step 713 score (0, 0, 1, 20, 0.116162) best (0, 0, 6, 13, 0.061821)
step 714 score (0, 0, 0, 22, 0.111065) best (0, 0, 6, 13, 0.061821)
step 715 score (0, 0, 0, 22, 0.114244) best (0, 0, 6, 13, 0.061821)
