step 0 score (0, 0, 0, 14, 0.068927) best (0, 0, 0, 14, 0.068927)
step 1 score (0, 0, 0, 16, 0.081564) best (0, 0, 0, 16, 0.081564)
step 2 score (0, 0, 0, 18, 0.089953) best (0, 0, 0, 18, 0.089953)
step 3 score (0, 0, 1, 18, 0.09432) best (0, 0, 1, 18, 0.09432)
step 4 score (0, 0, 0, 18, 0.097121) best (0, 0, 1, 18, 0.09432)
step 5 score (0, 0, 0, 19, 0.094647) best (0, 0, 1, 18, 0.09432)
step 6 score (0, 0, 1, 19, 0.090713) best (0, 0, 1, 19, 0.090713)
step 7 score (0, 0, 3, 17, 0.08924) best (0, 0, 3, 17, 0.08924)
step 8 score (0, 0, 0, 19, 0.1002) best (0, 0, 3, 17, 0.08924)
step 9 score (0, 0, 2, 19, 0.100906) best (0, 0, 3, 17, 0.08924)
step 10 score (0, 0, 2, 20, 0.105656) best (0, 0, 3, 17, 0.08924)
step 11 score (0, 0, 2, 20, 0.0986) best (0, 0, 3, 17, 0.08924)
step 12 score (0, 0, 1, 19, 0.101802) best (0, 0, 3, 17, 0.08924)
step 13 score (0, 0, 1, 20, 0.095939) best (0, 0, 3, 17, 0.08924)
step 14 score (0, 0, 0, 21, 0.090066) best (0, 0, 3, 17, 0.08924)
step 15 score (0, 0, 0, 22, 0.097599) best (0, 0, 3, 17, 0.08924)
step 16 score (0, 0, 0, 22, 0.104416) best (0, 0, 3, 17, 0.08924)
step 17 score (0, 0, 1, 22, 0.103214) best (0, 0, 3, 17, 0.08924)
step 18 score (0, 0, 1, 22, 0.095585) best (0, 0, 3, 17, 0.08924)
step 19 score (0, 0, 1, 23, 0.103466) best (0, 0, 3, 17, 0.08924)
step 20 score (0, 0, 1, 22, 0.108342) best (0, 0, 3, 17, 0.08924)
step 21 score (0, 0, 1, 23, 0.103466) best (0, 0, 3, 17, 0.08924)
step 22 score (0, 0, 0, 23, 0.105776) best (0, 0, 3, 17, 0.08924)
step 23 score (0, 0, 1, 23, 0.103466) best (0, 0, 3, 17, 0.08924)
step 24 score (0, 0, 1, 24, 0.104902) best (0, 0, 3, 17, 0.08924)
step 25 score (0, 0, 1, 24, 0.104699) best (0, 0, 3, 17, 0.08924)
step 26 score (0, 0, 1, 23, 0.098511) best (0, 0, 3, 17, 0.08924)
step 27 score (0, 0, 1, 24, 0.095316) best (0, 0, 3, 17, 0.08924)
step 28 score (0, 0, 3, 24, 0.099638) best (0, 0, 3, 24, 0.099638)
step 29 score (0, 0, 1, 24, 0.098758) best (0, 0, 3, 24, 0.099638)
step 30 score (0, 0, 3, 24, 0.099638) best (0, 0, 3, 24, 0.099638)
step 31 score (0, 0, 1, 24, 0.095316) best (0, 0, 3, 24, 0.099638)
step 32 score (0, 0, 2, 24, 0.098259) best (0, 0, 3, 24, 0.099638)
step 33 score (0, 0, 1, 24, 0.092955) best (0, 0, 3, 24, 0.099638)
step 34 score (0, 0, 2, 24, 0.098259) best (0, 0, 3, 24, 0.099638)
step 35 score (0, 0, 1, 24, 0.101029) best (0, 0, 3, 24, 0.099638)
step 36 score (0, 0, 2, 24, 0.098259) best (0, 0, 3, 24, 0.099638)
step 37 score (0, 0, 1, 23, 0.100022) best (0, 0, 3, 24, 0.099638)
step 38 score (0, 0, 3, 22, 0.09535) best (0, 0, 3, 24, 0.099638)
step 39 score (0, 0, 3, 22, 0.10379) best (0, 0, 3, 24, 0.099638)
step 40 score (0, 0, 1, 24, 0.103508) best (0, 0, 3, 24, 0.099638)
step 41 score (0, 0, 1, 25, 0.108228) best (0, 0, 3, 24, 0.099638)
step 42 score (0, 0, 2, 24, 0.112394) best (0, 0, 3, 24, 0.099638)
step 43 score (0, 0, 2, 22, 0.101115) best (0, 0, 3, 24, 0.099638)
step 44 score (0, 0, 2, 22, 0.100456) best (0, 0, 3, 24, 0.099638)
step 45 score (0, 0, 4, 21, 0.104149) best (0, 0, 4, 21, 0.104149)
step 46 score (0, 0, 3, 22, 0.111536) best (0, 0, 4, 21, 0.104149)
step 47 score (0, 0, 1, 21, 0.104074) best (0, 0, 4, 21, 0.104149)
step 48 score (0, 0, 2, 21, 0.107104) best (0, 0, 4, 21, 0.104149)
step 49 score (0, 0, 2, 20, 0.106815) best (0, 0, 4, 21, 0.104149)
step 50 score (0, 0, 2, 21, 0.10523) best (0, 0, 4, 21, 0.104149)
step 51 score (0, 0, 2, 20, 0.106815) best (0, 0, 4, 21, 0.104149)
step 52 score (0, 0, 3, 20, 0.118555) best (0, 0, 4, 21, 0.104149)
step 53 score (0, 0, 3, 20, 0.114348) best (0, 0, 4, 21, 0.104149)
step 54 score (0, 0, 3, 21, 0.103885) best (0, 0, 4, 21, 0.104149)
step 55 score (0, 0, 1, 20, 0.097505) best (0, 0, 4, 21, 0.104149)
step 56 score (0, 0, 5, 19, 0.101678) best (0, 0, 5, 19, 0.101678)
step 57 score (0, 0, 1, 18, 0.097754) best (0, 0, 5, 19, 0.101678)
step 58 score (0, 0, 0, 19, 0.093406) best (0, 0, 5, 19, 0.101678)
step 59 score (0, 0, 1, 18, 0.097754) best (0, 0, 5, 19, 0.101678)
step 60 score (0, 0, 0, 20, 0.09733) best (0, 0, 5, 19, 0.101678)
step 61 score (0, 0, 1, 22, 0.092508) best (0, 0, 5, 19, 0.101678)
step 62 score (0, 0, 1, 22, 0.088256) best (0, 0, 5, 19, 0.101678)
step 63 score (0, 0, 1, 22, 0.096021) best (0, 0, 5, 19, 0.101678)
step 64 score (0, 0, 1, 21, 0.096733) best (0, 0, 5, 19, 0.101678)
step 65 score (0, 0, 2, 19, 0.097574) best (0, 0, 5, 19, 0.101678)
step 66 score (0, 0, 0, 20, 0.101776) best (0, 0, 5, 19, 0.101678)
step 67 score (0, 0, 0, 21, 0.1026) best (0, 0, 5, 19, 0.101678)
step 68 score (0, 0, 2, 22, 0.106335) best (0, 0, 5, 19, 0.101678)
step 69 score (0, 0, 2, 23, 0.098909) best (0, 0, 5, 19, 0.101678)
step 70 score (0, 0, 2, 24, 0.098137) best (0, 0, 5, 19, 0.101678)
step 71 score (0, 0, 2, 23, 0.098779) best (0, 0, 5, 19, 0.101678)
step 72 score (0, 0, 1, 23, 0.10351) best (0, 0, 5, 19, 0.101678)
step 73 score (0, 0, 1, 25, 0.113082) best (0, 0, 5, 19, 0.101678)
step 74 score (0, 0, 3, 25, 0.112064) best (0, 0, 5, 19, 0.101678)
step 75 score (0, 0, 5, 26, 0.108499) best (0, 0, 5, 26, 0.108499)
step 76 score (0, 0, 3, 25, 0.112064) best (0, 0, 5, 26, 0.108499)
step 77 score (0, 0, 3, 24, 0.100467) best (0, 0, 5, 26, 0.108499)
step 78 score (0, 0, 2, 25, 0.10053) best (0, 0, 5, 26, 0.108499)
step 79 score (0, 0, 1, 26, 0.100514) best (0, 0, 5, 26, 0.108499)
step 80 score (0, 0, 2, 25, 0.10053) best (0, 0, 5, 26, 0.108499)
step 81 score (0, 0, 3, 24, 0.100467) best (0, 0, 5, 26, 0.108499)
step 82 score (0, 0, 3, 25, 0.112064) best (0, 0, 5, 26, 0.108499)
step 83 score (0, 0, 5, 26, 0.108499) best (0, 0, 5, 26, 0.108499)
step 84 score (0, 0, 2, 25, 0.106325) best (0, 0, 5, 26, 0.108499)
step 85 score (0, 0, 3, 27, 0.100546) best (0, 0, 5, 26, 0.108499)
step 86 score (0, 0, 4, 28, 0.106688) best (0, 0, 5, 26, 0.108499)
step 87 score (0, 0, 1, 27, 0.105918) best (0, 0, 5, 26, 0.108499)
step 88 score (0, 0, 3, 25, 0.107805) best (0, 0, 5, 26, 0.108499)
step 89 score (0, 0, 4, 23, 0.101397) best (0, 0, 5, 26, 0.108499)
step 90 score (0, 0, 4, 24, 0.102371) best (0, 0, 5, 26, 0.108499)
step 91 score (0, 0, 4, 23, 0.101397) best (0, 0, 5, 26, 0.108499)
step 92 score (0, 0, 2, 24, 0.103684) best (0, 0, 5, 26, 0.108499)
step 93 score (0, 0, 4, 23, 0.101397) best (0, 0, 5, 26, 0.108499)
step 94 score (0, 0, 4, 24, 0.102371) best (0, 0, 5, 26, 0.108499)
step 95 score (0, 0, 3, 25, 0.105971) best (0, 0, 5, 26, 0.108499)
step 96 score (0, 0, 4, 24, 0.10535) best (0, 0, 5, 26, 0.108499)
step 97 score (0, 0, 1, 26, 0.114113) best (0, 0, 5, 26, 0.108499)
step 98 score (0, 0, 2, 24, 0.115312) best (0, 0, 5, 26, 0.108499)
step 99 score (0, 0, 1, 25, 0.111699) best (0, 0, 5, 26, 0.108499)
step 100 score (0, 0, 3, 25, 0.108827) best (0, 0, 5, 26, 0.108499)
step 101 score (0, 0, 1, 25, 0.10151) best (0, 0, 5, 26, 0.108499)
step 102 score (0, 0, 2, 25, 0.096289) best (0, 0, 5, 26, 0.108499)
step 103 score (0, 0, 5, 25, 0.101077) best (0, 0, 5, 26, 0.108499)
step 104 score (0, 0, 7, 25, 0.106832) best (0, 0, 7, 25, 0.106832)
step 105 score (0, 0, 3, 24, 0.113261) best (0, 0, 7, 25, 0.106832)
step 106 score (0, 0, 2, 25, 0.107836) best (0, 0, 7, 25, 0.106832)
step 107 score (0, 0, 3, 25, 0.110512) best (0, 0, 7, 25, 0.106832)
step 108 score (0, 0, 4, 24, 0.115172) best (0, 0, 7, 25, 0.106832)
step 109 score (0, 0, 2, 25, 0.108396) best (0, 0, 7, 25, 0.106832)
step 110 score (0, 0, 3, 26, 0.102639) best (0, 0, 7, 25, 0.106832)
step 111 score (0, 0, 1, 25, 0.099831) best (0, 0, 7, 25, 0.106832)
step 112 score (0, 0, 3, 24, 0.095675) best (0, 0, 7, 25, 0.106832)
step 113 score (0, 0, 2, 25, 0.10145) best (0, 0, 7, 25, 0.106832)
step 114 score (0, 0, 3, 24, 0.105916) best (0, 0, 7, 25, 0.106832)
step 115 score (0, 0, 3, 24, 0.10585) best (0, 0, 7, 25, 0.106832)
step 116 score (0, 0, 5, 25, 0.104612) best (0, 0, 7, 25, 0.106832)
step 117 score (0, 0, 5, 24, 0.111447) best (0, 0, 7, 25, 0.106832)
step 118 score (0, 0, 4, 26, 0.113823) best (0, 0, 7, 25, 0.106832)
step 119 score (0, 0, 2, 24, 0.109646) best (0, 0, 7, 25, 0.106832)
step 120 score (0, 0, 2, 26, 0.112228) best (0, 0, 7, 25, 0.106832)
step 121 score (0, 0, 2, 26, 0.111426) best (0, 0, 7, 25, 0.106832)
step 122 score (0, 0, 5, 26, 0.10966) best (0, 0, 7, 25, 0.106832)
step 123 score (0, 0, 2, 26, 0.111426) best (0, 0, 7, 25, 0.106832)
step 124 score (0, 0, 4, 26, 0.114591) best (0, 0, 7, 25, 0.106832)
step 125 score (0, 0, 2, 25, 0.116069) best (0, 0, 7, 25, 0.106832)
step 126 score (0, 0, 3, 26, 0.112986) best (0, 0, 7, 25, 0.106832)
step 127 score (0, 0, 3, 25, 0.107854) best (0, 0, 7, 25, 0.106832)
step 128 score (0, 0, 4, 24, 0.114623) best (0, 0, 7, 25, 0.106832)
step 129 score (0, 0, 7, 25, 0.116988) best (0, 0, 7, 25, 0.116988)
step 130 score (0, 0, 10, 26, 0.111987) best (0, 0, 10, 26, 0.111987)
step 131 score (0, 0, 9, 25, 0.112864) best (0, 0, 10, 26, 0.111987)
step 132 score (0, 0, 8, 25, 0.104695) best (0, 0, 10, 26, 0.111987)
step 133 score (0, 0, 7, 26, 0.098113) best (0, 0, 10, 26, 0.111987)
step 134 score (0, 0, 8, 25, 0.104695) best (0, 0, 10, 26, 0.111987)
step 135 score (0, 0, 8, 25, 0.104553) best (0, 0, 10, 26, 0.111987)
step 136 score (0, 0, 8, 24, 0.108901) best (0, 0, 10, 26, 0.111987)
step 137 score (0, 0, 8, 23, 0.111057) best (0, 0, 10, 26, 0.111987)
CERTIFICATE f1b55b7d00124bb4
step 138 score (0, 1, 3, 24, 0.105065) best (0, 1, 3, 24, 0.105065)
CERTIFICATE 3e3b6a9fe161ac9c
step 139 score (0, 1, 2, 25, 0.10597) best (0, 1, 3, 24, 0.105065)
CERTIFICATE 1a6f75176a1e5b07
step 140 score (0, 1, 2, 26, 0.105643) best (0, 1, 3, 24, 0.105065)
step 141 score (0, 0, 7, 25, 0.102032) best (0, 1, 3, 24, 0.105065)
CERTIFICATE 75eb87ea9dcb98c2
CERTIFICATE 05202bca0ad703fe
CERTIFICATE fefca664dfd235a6
step 142 score (0, 1, 6, 25, 0.101613) best (0, 1, 6, 25, 0.101613)
CERTIFICATE 2f23148c36cd3359
step 143 score (0, 1, 7, 25, 0.108094) best (0, 1, 7, 25, 0.108094)
CERTIFICATE 9e666ab97bdc7170
CERTIFICATE d5d0c06746831b04
CERTIFICATE fffbf5e24fe25c0c
step 144 score (0, 1, 6, 25, 0.101613) best (0, 1, 7, 25, 0.108094)
step 145 score (0, 0, 5, 23, 0.096564) best (0, 1, 7, 25, 0.108094)
step 146 score (0, 0, 5, 24, 0.099732) best (0, 1, 7, 25, 0.108094)
step 147 score (0, 0, 7, 23, 0.103317) best (0, 1, 7, 25, 0.108094)
step 148 score (0, 0, 6, 23, 0.101395) best (0, 1, 7, 25, 0.108094)
step 149 score (0, 0, 9, 23, 0.092789) best (0, 1, 7, 25, 0.108094)
step 150 score (0, 0, 7, 23, 0.095564) best (0, 1, 7, 25, 0.108094)
step 151 score (0, 0, 8, 23, 0.101938) best (0, 1, 7, 25, 0.108094)
step 152 score (0, 0, 6, 23, 0.101395) best (0, 1, 7, 25, 0.108094)
step 153 score (0, 0, 7, 23, 0.103317) best (0, 1, 7, 25, 0.108094)
step 154 score (0, 0, 8, 23, 0.100925) best (0, 1, 7, 25, 0.108094)
step 155 score (0, 0, 8, 24, 0.101155) best (0, 1, 7, 25, 0.108094)
step 156 score (0, 0, 5, 25, 0.106909) best (0, 1, 7, 25, 0.108094)
step 157 score (0, 0, 8, 24, 0.101155) best (0, 1, 7, 25, 0.108094)
step 158 score (0, 0, 4, 23, 0.105144) best (0, 1, 7, 25, 0.108094)
step 159 score (0, 0, 3, 23, 0.106701) best (0, 1, 7, 25, 0.108094)
step 160 score (0, 0, 4, 23, 0.105144) best (0, 1, 7, 25, 0.108094)
step 161 score (0, 0, 8, 24, 0.101155) best (0, 1, 7, 25, 0.108094)
step 162 score (0, 0, 8, 23, 0.100925) best (0, 1, 7, 25, 0.108094)
step 163 score (0, 0, 5, 24, 0.104621) best (0, 1, 7, 25, 0.108094)
step 164 score (0, 0, 5, 24, 0.106727) best (0, 1, 7, 25, 0.108094)
step 165 score (0, 0, 7, 25, 0.11679) best (0, 1, 7, 25, 0.108094)
step 166 score (0, 0, 8, 24, 0.108901) best (0, 1, 7, 25, 0.108094)
step 167 score (0, 0, 8, 25, 0.104553) best (0, 1, 7, 25, 0.108094)
step 168 score (0, 0, 8, 25, 0.104695) best (0, 1, 7, 25, 0.108094)
step 169 score (0, 0, 11, 25, 0.104509) best (0, 1, 7, 25, 0.108094)
step 170 score (0, 0, 8, 25, 0.104695) best (0, 1, 7, 25, 0.108094)
step 171 score (0, 0, 4, 26, 0.114126) best (0, 1, 7, 25, 0.108094)
step 172 score (0, 0, 5, 25, 0.107781) best (0, 1, 7, 25, 0.108094)
step 173 score (0, 0, 4, 25, 0.108498) best (0, 1, 7, 25, 0.108094)
