step 0 score (0, 0, 1, 14, 0.066181) best (0, 0, 1, 14, 0.066181)
step 1 score (0, 0, 1, 15, 0.084589) best (0, 0, 1, 15, 0.084589)
step 2 score (0, 0, 0, 16, 0.096351) best (0, 0, 1, 15, 0.084589)
step 3 score (0, 0, 1, 17, 0.105783) best (0, 0, 1, 17, 0.105783)
step 4 score (0, 0, 2, 17, 0.100676) best (0, 0, 2, 17, 0.100676)
step 5 score (0, 0, 3, 17, 0.093401) best (0, 0, 3, 17, 0.093401)
step 6 score (0, 0, 0, 18, 0.098441) best (0, 0, 3, 17, 0.093401)
step 7 score (0, 0, 0, 20, 0.100286) best (0, 0, 3, 17, 0.093401)
step 8 score (0, 0, 1, 19, 0.102885) best (0, 0, 3, 17, 0.093401)
step 9 score (0, 0, 1, 19, 0.114976) best (0, 0, 3, 17, 0.093401)
step 10 score (0, 0, 1, 19, 0.113593) best (0, 0, 3, 17, 0.093401)
step 11 score (0, 0, 1, 18, 0.107511) best (0, 0, 3, 17, 0.093401)
step 12 score (0, 0, 2, 19, 0.112061) best (0, 0, 3, 17, 0.093401)
step 13 score (0, 0, 1, 18, 0.107511) best (0, 0, 3, 17, 0.093401)
step 14 score (0, 0, 0, 19, 0.117148) best (0, 0, 3, 17, 0.093401)
step 15 score (0, 0, 1, 21, 0.110318) best (0, 0, 3, 17, 0.093401)
step 16 score (0, 0, 1, 21, 0.113393) best (0, 0, 3, 17, 0.093401)
step 17 score (0, 0, 1, 20, 0.109702) best (0, 0, 3, 17, 0.093401)
step 18 score (0, 0, 1, 21, 0.104448) best (0, 0, 3, 17, 0.093401)
step 19 score (0, 0, 1, 21, 0.091366) best (0, 0, 3, 17, 0.093401)
step 20 score (0, 0, 1, 21, 0.104448) best (0, 0, 3, 17, 0.093401)
step 21 score (0, 0, 3, 22, 0.098685) best (0, 0, 3, 22, 0.098685)
