step 0 score (0, 0, 0, 14, 0.066218) best (0, 0, 0, 14, 0.066218)
step 1 score (0, 0, 0, 16, 0.084828) best (0, 0, 0, 16, 0.084828)
step 2 score (0, 0, 3, 18, 0.086589) best (0, 0, 3, 18, 0.086589)
step 3 score (0, 0, 1, 18, 0.093752) best (0, 0, 3, 18, 0.086589)
step 4 score (0, 0, 2, 19, 0.101679) best (0, 0, 3, 18, 0.086589)
step 5 score (0, 0, 2, 20, 0.103266) best (0, 0, 3, 18, 0.086589)
step 6 score (0, 0, 1, 22, 0.107486) best (0, 0, 3, 18, 0.086589)
step 7 score (0, 0, 2, 20, 0.111456) best (0, 0, 3, 18, 0.086589)
step 8 score (0, 0, 1, 22, 0.107486) best (0, 0, 3, 18, 0.086589)
step 9 score (0, 0, 2, 21, 0.104205) best (0, 0, 3, 18, 0.086589)
step 10 score (0, 0, 3, 23, 0.101968) best (0, 0, 3, 23, 0.101968)
step 11 score (0, 0, 2, 25, 0.100825) best (0, 0, 3, 23, 0.101968)
step 12 score (0, 0, 1, 25, 0.097926) best (0, 0, 3, 23, 0.101968)
step 13 score (0, 0, 2, 23, 0.101942) best (0, 0, 3, 23, 0.101968)
step 14 score (0, 0, 2, 24, 0.107324) best (0, 0, 3, 23, 0.101968)
step 15 score (0, 0, 2, 24, 0.106228) best (0, 0, 3, 23, 0.101968)
step 16 score (0, 0, 4, 25, 0.111894) best (0, 0, 4, 25, 0.111894)
step 17 score (0, 0, 2, 24, 0.112897) best (0, 0, 4, 25, 0.111894)
step 18 score (0, 0, 2, 23, 0.109789) best (0, 0, 4, 25, 0.111894)
step 19 score (0, 0, 4, 23, 0.098817) best (0, 0, 4, 25, 0.111894)
step 20 score (0, 0, 3, 22, 0.100765) best (0, 0, 4, 25, 0.111894)
step 21 score (0, 0, 4, 23, 0.098817) best (0, 0, 4, 25, 0.111894)
step 22 score (0, 0, 2, 24, 0.104524) best (0, 0, 4, 25, 0.111894)
step 23 score (0, 0, 2, 26, 0.100999) best (0, 0, 4, 25, 0.111894)
step 24 score (0, 0, 3, 26, 0.10616) best (0, 0, 4, 25, 0.111894)
step 25 score (0, 0, 2, 27, 0.108942) best (0, 0, 4, 25, 0.111894)
step 26 score (0, 0, 3, 28, 0.108504) best (0, 0, 4, 25, 0.111894)
step 27 score (0, 0, 2, 29, 0.111782) best (0, 0, 4, 25, 0.111894)
step 28 score (0, 0, 2, 28, 0.114373) best (0, 0, 4, 25, 0.111894)
step 29 score (0, 0, 2, 29, 0.111782) best (0, 0, 4, 25, 0.111894)
step 30 score (0, 0, 3, 28, 0.108504) best (0, 0, 4, 25, 0.111894)
step 31 score (0, 0, 2, 27, 0.107606) best (0, 0, 4, 25, 0.111894)
step 32 score (0, 0, 2, 28, 0.106867) best (0, 0, 4, 25, 0.111894)
step 33 score (0, 0, 3, 26, 0.104331) best (0, 0, 4, 25, 0.111894)
step 34 score (0, 0, 1, 27, 0.107082) best (0, 0, 4, 25, 0.111894)
step 35 score (0, 0, 2, 29, 0.104142) best (0, 0, 4, 25, 0.111894)
step 36 score (0, 0, 3, 29, 0.105777) best (0, 0, 4, 25, 0.111894)
step 37 score (0, 0, 3, 29, 0.107747) best (0, 0, 4, 25, 0.111894)
step 38 score (0, 0, 3, 29, 0.106774) best (0, 0, 4, 25, 0.111894)
step 39 score (0, 0, 2, 31, 0.109633) best (0, 0, 4, 25, 0.111894)
step 40 score (0, 0, 3, 31, 0.111102) best (0, 0, 4, 25, 0.111894)
step 41 score (0, 0, 4, 30, 0.108989) best (0, 0, 4, 30, 0.108989)
step 42 score (0, 0, 3, 29, 0.110558) best (0, 0, 4, 30, 0.108989)
step 43 score (0, 0, 3, 27, 0.105781) best (0, 0, 4, 30, 0.108989)
step 44 score (0, 0, 1, 29, 0.10237) best (0, 0, 4, 30, 0.108989)
step 45 score (0, 0, 3, 27, 0.105781) best (0, 0, 4, 30, 0.108989)
step 46 score (0, 0, 3, 29, 0.110558) best (0, 0, 4, 30, 0.108989)
step 47 score (0, 0, 2, 29, 0.112989) best (0, 0, 4, 30, 0.108989)
step 48 score (0, 0, 3, 28, 0.115681) best (0, 0, 4, 30, 0.108989)
step 49 score (0, 0, 2, 29, 0.112989) best (0, 0, 4, 30, 0.108989)
step 50 score (0, 0, 3, 29, 0.110558) best (0, 0, 4, 30, 0.108989)
step 51 score (0, 0, 3, 27, 0.105781) best (0, 0, 4, 30, 0.108989)
step 52 score (0, 0, 2, 28, 0.103622) best (0, 0, 4, 30, 0.108989)
step 53 score (0, 0, 4, 30, 0.108989) best (0, 0, 4, 30, 0.108989)
step 54 score (0, 0, 5, 28, 0.107408) best (0, 0, 5, 28, 0.107408)
step 55 score (0, 0, 3, 28, 0.107193) best (0, 0, 5, 28, 0.107408)
step 56 score (0, 0, 1, 27, 0.106347) best (0, 0, 5, 28, 0.107408)
