step 0 score (1, 14, 0.119908) best (1, 14, 0.119908)
step 1 score (0, 15, 0.13623) best (1, 14, 0.119908)
step 2 score (1, 16, 0.132771) best (1, 16, 0.132771)
step 3 score (3, 15, 0.130473) best (3, 15, 0.130473)
step 4 score (2, 14, 0.108322) best (3, 15, 0.130473)
step 5 score (6, 15, 0.118902) best (6, 15, 0.118902)
step 6 score (5, 16, 0.150711) best (6, 15, 0.118902)
CERTIFICATE 91a307d1852a1764
step 7 score (3, 16, 0.155272) best (6, 15, 0.118902)
step 8 score (5, 16, 0.150711) best (6, 15, 0.118902)
step 9 score (6, 15, 0.118902) best (6, 15, 0.118902)
step 10 score (3, 17, 0.126023) best (6, 15, 0.118902)
step 11 score (5, 18, 0.134963) best (6, 15, 0.118902)
step 12 score (2, 9, 0.113248) best (6, 15, 0.118902)
step 13 score (5, 18, 0.134963) best (6, 15, 0.118902)
step 14 score (1, 16, 0.134893) best (6, 15, 0.118902)
step 15 score (2, 14, 0.135198) best (6, 15, 0.118902)
step 16 score (2, 15, 0.122963) best (6, 15, 0.118902)
step 17 score (4, 11, 0.113388) best (6, 15, 0.118902)
step 18 score (3, 12, 0.121878) best (6, 15, 0.118902)
step 19 score (0, 15, 0.128744) best (6, 15, 0.118902)
step 20 score (1, 13, 0.118775) best (6, 15, 0.118902)
step 21 score (2, 15, 0.142122) best (6, 15, 0.118902)
step 22 score (4, 18, 0.154645) best (6, 15, 0.118902)
step 23 score (3, 18, 0.152387) best (6, 15, 0.118902)
step 24 score (2, 12, 0.1334) best (6, 15, 0.118902)
step 25 score (2, 11, 0.129797) best (6, 15, 0.118902)
step 26 score (3, 15, 0.142408) best (6, 15, 0.118902)
step 27 score (2, 11, 0.129797) best (6, 15, 0.118902)
step 28 score (2, 14, 0.14988) best (6, 15, 0.118902)
CERTIFICATE 8a23ee3ec7b2bb33
step 29 score (4, 8, 0.094035) best (6, 15, 0.118902)
step 30 score (3, 15, 0.123522) best (6, 15, 0.118902)
CERTIFICATE 62661a3f304f4caa
step 31 score (4, 15, 0.136306) best (6, 15, 0.118902)
step 32 score (3, 13, 0.118944) best (6, 15, 0.118902)
step 33 score (4, 15, 0.136306) best (6, 15, 0.118902)
step 34 score (1, 10, 0.129828) best (6, 15, 0.118902)
step 35 score (1, 14, 0.121517) best (6, 15, 0.118902)
step 36 score (1, 12, 0.128327) best (6, 15, 0.118902)
step 37 score (3, 16, 0.130694) best (6, 15, 0.118902)
step 38 score (2, 16, 0.128196) best (6, 15, 0.118902)
step 39 score (3, 16, 0.130694) best (6, 15, 0.118902)
step 40 score (2, 14, 0.121482) best (6, 15, 0.118902)
step 41 score (1, 15, 0.135607) best (6, 15, 0.118902)
step 42 score (1, 13, 0.105919) best (6, 15, 0.118902)
step 43 score (1, 15, 0.135607) best (6, 15, 0.118902)
step 44 score (1, 17, 0.137968) best (6, 15, 0.118902)
step 45 score (2, 14, 0.140735) best (6, 15, 0.118902)
step 46 score (7, 13, 0.15261) best (7, 13, 0.15261)
step 47 score (1, 13, 0.141119) best (7, 13, 0.15261)
step 48 score (2, 14, 0.141893) best (7, 13, 0.15261)
step 49 score (7, 10, 0.13758) best (7, 13, 0.15261)
step 50 score (2, 14, 0.141893) best (7, 13, 0.15261)
step 51 score (8, 17, 0.168598) best (8, 17, 0.168598)
step 52 score (7, 13, 0.15261) best (8, 17, 0.168598)
step 53 score (4, 12, 0.148532) best (8, 17, 0.168598)
step 54 score (2, 15, 0.137198) best (8, 17, 0.168598)
step 55 score (1, 13, 0.168925) best (8, 17, 0.168598)
step 56 score (3, 13, 0.146168) best (8, 17, 0.168598)
step 57 score (0, 16, 0.156727) best (8, 17, 0.168598)
step 58 score (3, 13, 0.146168) best (8, 17, 0.168598)
step 59 score (3, 15, 0.15482) best (8, 17, 0.168598)
step 60 score (3, 13, 0.146168) best (8, 17, 0.168598)
step 61 score (3, 14, 0.147431) best (8, 17, 0.168598)
step 62 score (3, 13, 0.146168) best (8, 17, 0.168598)
step 63 score (3, 15, 0.15482) best (8, 17, 0.168598)
step 64 score (5, 16, 0.151106) best (8, 17, 0.168598)
step 65 score (5, 14, 0.138415) best (8, 17, 0.168598)
step 66 score (10, 18, 0.202581) best (10, 18, 0.202581)
step 67 score (8, 18, 0.211423) best (10, 18, 0.202581)
step 68 score (10, 18, 0.202581) best (10, 18, 0.202581)
step 69 score (12, 18, 0.177658) best (12, 18, 0.177658)
step 70 score (7, 16, 0.158557) best (12, 18, 0.177658)
step 71 score (9, 15, 0.178006) best (12, 18, 0.177658)
step 72 score (3, 13, 0.161186) best (12, 18, 0.177658)
step 73 score (9, 15, 0.178006) best (12, 18, 0.177658)
step 74 score (7, 16, 0.158557) best (12, 18, 0.177658)
step 75 score (5, 15, 0.145202) best (12, 18, 0.177658)
step 76 score (2, 13, 0.13726) best (12, 18, 0.177658)
step 77 score (5, 14, 0.108812) best (12, 18, 0.177658)
step 78 score (6, 10, 0.127289) best (12, 18, 0.177658)
step 79 score (7, 17, 0.166002) best (12, 18, 0.177658)
step 80 score (6, 16, 0.169632) best (12, 18, 0.177658)
step 81 score (9, 16, 0.167005) best (12, 18, 0.177658)
step 82 score (6, 10, 0.132363) best (12, 18, 0.177658)
step 83 score (5, 17, 0.18183) best (12, 18, 0.177658)
step 84 score (6, 16, 0.20077) best (12, 18, 0.177658)
step 85 score (4, 16, 0.194202) best (12, 18, 0.177658)
step 86 score (8, 16, 0.190646) best (12, 18, 0.177658)
step 87 score (3, 14, 0.150056) best (12, 18, 0.177658)
step 88 score (8, 11, 0.141294) best (12, 18, 0.177658)
step 89 score (6, 16, 0.145411) best (12, 18, 0.177658)
step 90 score (5, 16, 0.167152) best (12, 18, 0.177658)
step 91 score (12, 16, 0.172135) best (12, 18, 0.177658)
step 92 score (9, 16, 0.187344) best (12, 18, 0.177658)
step 93 score (6, 16, 0.203346) best (12, 18, 0.177658)
step 94 score (8, 16, 0.190646) best (12, 18, 0.177658)
step 95 score (4, 16, 0.194202) best (12, 18, 0.177658)
step 96 score (8, 16, 0.173432) best (12, 18, 0.177658)
step 97 score (3, 10, 0.148657) best (12, 18, 0.177658)
step 98 score (8, 11, 0.141294) best (12, 18, 0.177658)
step 99 score (5, 12, 0.162273) best (12, 18, 0.177658)
step 100 score (10, 12, 0.167221) best (12, 18, 0.177658)
step 101 score (11, 18, 0.183616) best (12, 18, 0.177658)
step 102 score (11, 18, 0.193492) best (12, 18, 0.177658)
step 103 score (12, 18, 0.181078) best (12, 18, 0.181078)
step 104 score (12, 18, 0.187064) best (12, 18, 0.187064)
step 105 score (12, 18, 0.181078) best (12, 18, 0.187064)
step 106 score (11, 18, 0.193492) best (12, 18, 0.187064)
step 107 score (11, 18, 0.183616) best (12, 18, 0.187064)
step 108 score (10, 16, 0.181529) best (12, 18, 0.187064)
step 109 score (12, 16, 0.183629) best (12, 18, 0.187064)
step 110 score (10, 16, 0.156392) best (12, 18, 0.187064)
step 111 score (12, 16, 0.170116) best (12, 18, 0.187064)
step 112 score (11, 16, 0.172976) best (12, 18, 0.187064)
step 113 score (11, 16, 0.159114) best (12, 18, 0.187064)
step 114 score (5, 16, 0.121504) best (12, 18, 0.187064)
step 115 score (11, 16, 0.159114) best (12, 18, 0.187064)
step 116 score (10, 16, 0.181529) best (12, 18, 0.187064)
step 117 score (12, 16, 0.183629) best (12, 18, 0.187064)
step 118 score (10, 16, 0.156392) best (12, 18, 0.187064)
step 119 score (7, 13, 0.111457) best (12, 18, 0.187064)
step 120 score (1, 11, 0.108892) best (12, 18, 0.187064)
step 121 score (7, 13, 0.111457) best (12, 18, 0.187064)
step 122 score (10, 16, 0.156392) best (12, 18, 0.187064)
step 123 score (6, 13, 0.173896) best (12, 18, 0.187064)
step 124 score (10, 16, 0.156392) best (12, 18, 0.187064)
step 125 score (12, 16, 0.183629) best (12, 18, 0.187064)
step 126 score (5, 14, 0.137082) best (12, 18, 0.187064)
step 127 score (12, 16, 0.183629) best (12, 18, 0.187064)
step 128 score (10, 16, 0.181529) best (12, 18, 0.187064)
step 129 score (3, 14, 0.132458) best (12, 18, 0.187064)
step 130 score (9, 16, 0.167005) best (12, 18, 0.187064)
step 131 score (9, 11, 0.111071) best (12, 18, 0.187064)
step 132 score (6, 18, 0.12647) best (12, 18, 0.187064)
step 133 score (9, 11, 0.111071) best (12, 18, 0.187064)
step 134 score (4, 11, 0.123868) best (12, 18, 0.187064)
step 135 score (6, 16, 0.169632) best (12, 18, 0.187064)
step 136 score (7, 17, 0.166002) best (12, 18, 0.187064)
step 137 score (6, 16, 0.169632) best (12, 18, 0.187064)
step 138 score (5, 15, 0.172301) best (12, 18, 0.187064)
step 139 score (6, 13, 0.166914) best (12, 18, 0.187064)
step 140 score (6, 16, 0.176725) best (12, 18, 0.187064)
step 141 score (5, 16, 0.185409) best (12, 18, 0.187064)
step 142 score (9, 16, 0.187344) best (12, 18, 0.187064)
step 143 score (13, 16, 0.175088) best (13, 16, 0.175088)
step 144 score (8, 16, 0.190646) best (13, 16, 0.175088)
step 145 score (3, 14, 0.150056) best (13, 16, 0.175088)
step 146 score (9, 17, 0.17533) best (13, 16, 0.175088)
step 147 score (11, 18, 0.183616) best (13, 16, 0.175088)
step 148 score (11, 18, 0.193492) best (13, 16, 0.175088)
step 149 score (6, 16, 0.150564) best (13, 16, 0.175088)
step 150 score (4, 15, 0.148461) best (13, 16, 0.175088)
step 151 score (7, 14, 0.135674) best (13, 16, 0.175088)
step 152 score (5, 13, 0.107169) best (13, 16, 0.175088)
step 153 score (6, 14, 0.123113) best (13, 16, 0.175088)
step 154 score (5, 13, 0.107169) best (13, 16, 0.175088)
step 155 score (4, 14, 0.154349) best (13, 16, 0.175088)
step 156 score (9, 18, 0.192393) best (13, 16, 0.175088)
step 157 score (12, 16, 0.183629) best (13, 16, 0.175088)
step 158 score (5, 15, 0.167253) best (13, 16, 0.175088)
step 159 score (5, 14, 0.174777) best (13, 16, 0.175088)
step 160 score (9, 16, 0.167005) best (13, 16, 0.175088)
step 161 score (9, 11, 0.111071) best (13, 16, 0.175088)
step 162 score (6, 18, 0.12647) best (13, 16, 0.175088)
step 163 score (3, 16, 0.173314) best (13, 16, 0.175088)
step 164 score (6, 16, 0.176725) best (13, 16, 0.175088)
step 165 score (5, 16, 0.185409) best (13, 16, 0.175088)
step 166 score (6, 16, 0.20077) best (13, 16, 0.175088)
step 167 score (9, 15, 0.179508) best (13, 16, 0.175088)
step 168 score (6, 12, 0.122189) best (13, 16, 0.175088)
step 169 score (3, 12, 0.13112) best (13, 16, 0.175088)
step 170 score (2, 13, 0.125376) best (13, 16, 0.175088)
step 171 score (2, 15, 0.1595) best (13, 16, 0.175088)
step 172 score (1, 14, 0.13136) best (13, 16, 0.175088)
step 173 score (2, 15, 0.162718) best (13, 16, 0.175088)
step 174 score (2, 14, 0.109676) best (13, 16, 0.175088)
step 175 score (1, 9, 0.095472) best (13, 16, 0.175088)
step 176 score (1, 9, 0.097025) best (13, 16, 0.175088)
step 177 score (2, 15, 0.1089) best (13, 16, 0.175088)
step 178 score (1, 14, 0.128993) best (13, 16, 0.175088)
step 179 score (3, 13, 0.113946) best (13, 16, 0.175088)
step 180 score (0, 14, 0.123507) best (13, 16, 0.175088)
step 181 score (3, 13, 0.113946) best (13, 16, 0.175088)
step 182 score (2, 13, 0.130353) best (13, 16, 0.175088)
step 183 score (3, 13, 0.113946) best (13, 16, 0.175088)
step 184 score (0, 14, 0.123507) best (13, 16, 0.175088)
step 185 score (0, 12, 0.098379) best (13, 16, 0.175088)
step 186 score (0, 15, 0.124835) best (13, 16, 0.175088)
step 187 score (2, 14, 0.138105) best (13, 16, 0.175088)
step 188 score (0, 14, 0.149044) best (13, 16, 0.175088)
step 189 score (0, 15, 0.149172) best (13, 16, 0.175088)
step 190 score (1, 16, 0.125482) best (13, 16, 0.175088)
step 191 score (2, 13, 0.126571) best (13, 16, 0.175088)
step 192 score (1, 16, 0.125482) best (13, 16, 0.175088)
step 193 score (3, 12, 0.121487) best (13, 16, 0.175088)
step 194 score (1, 16, 0.125482) best (13, 16, 0.175088)
step 195 score (1, 12, 0.135194) best (13, 16, 0.175088)
step 196 score (1, 9, 0.099145) best (13, 16, 0.175088)
step 197 score (1, 9, 0.125444) best (13, 16, 0.175088)
step 198 score (1, 10, 0.111647) best (13, 16, 0.175088)
step 199 score (1, 9, 0.137104) best (13, 16, 0.175088)
step 200 score (4, 11, 0.136016) best (13, 16, 0.175088)
step 201 score (3, 11, 0.119613) best (13, 16, 0.175088)
step 202 score (2, 15, 0.131959) best (13, 16, 0.175088)
step 203 score (1, 15, 0.129914) best (13, 16, 0.175088)
step 204 score (3, 12, 0.100366) best (13, 16, 0.175088)
step 205 score (4, 11, 0.127184) best (13, 16, 0.175088)
step 206 score (3, 11, 0.107603) best (13, 16, 0.175088)
step 207 score (1, 10, 0.113289) best (13, 16, 0.175088)
step 208 score (6, 14, 0.103097) best (13, 16, 0.175088)
step 209 score (0, 12, 0.106685) best (13, 16, 0.175088)
step 210 score (4, 12, 0.111685) best (13, 16, 0.175088)
step 211 score (3, 11, 0.119613) best (13, 16, 0.175088)
step 212 score (2, 15, 0.131959) best (13, 16, 0.175088)
step 213 score (1, 14, 0.115833) best (13, 16, 0.175088)
step 214 score (6, 14, 0.103097) best (13, 16, 0.175088)
step 215 score (0, 13, 0.130916) best (13, 16, 0.175088)
step 216 score (6, 14, 0.103097) best (13, 16, 0.175088)
step 217 score (2, 9, 0.096093) best (13, 16, 0.175088)
step 218 score (6, 14, 0.103097) best (13, 16, 0.175088)
step 219 score (5, 9, 0.096223) best (13, 16, 0.175088)
step 220 score (6, 14, 0.103097) best (13, 16, 0.175088)
step 221 score (1, 11, 0.10155) best (13, 16, 0.175088)
step 222 score (4, 14, 0.122799) best (13, 16, 0.175088)
step 223 score (3, 15, 0.099421) best (13, 16, 0.175088)
step 224 score (2, 14, 0.119194) best (13, 16, 0.175088)
step 225 score (3, 15, 0.099421) best (13, 16, 0.175088)
step 226 score (2, 10, 0.102003) best (13, 16, 0.175088)
step 227 score (1, 12, 0.093553) best (13, 16, 0.175088)
step 228 score (5, 9, 0.086462) best (13, 16, 0.175088)
step 229 score (1, 14, 0.080756) best (13, 16, 0.175088)
step 230 score (2, 15, 0.120568) best (13, 16, 0.175088)
step 231 score (1, 14, 0.080756) best (13, 16, 0.175088)
step 232 score (5, 9, 0.086462) best (13, 16, 0.175088)
step 233 score (1, 12, 0.093553) best (13, 16, 0.175088)
step 234 score (0, 11, 0.099984) best (13, 16, 0.175088)
step 235 score (2, 8, 0.120421) best (13, 16, 0.175088)
step 236 score (2, 10, 0.102003) best (13, 16, 0.175088)
step 237 score (3, 15, 0.099421) best (13, 16, 0.175088)
step 238 score (4, 14, 0.122799) best (13, 16, 0.175088)
step 239 score (3, 13, 0.082524) best (13, 16, 0.175088)
step 240 score (2, 11, 0.097387) best (13, 16, 0.175088)
step 241 score (3, 13, 0.082524) best (13, 16, 0.175088)
step 242 score (6, 14, 0.121399) best (13, 16, 0.175088)
step 243 score (2, 10, 0.084834) best (13, 16, 0.175088)
step 244 score (1, 15, 0.121023) best (13, 16, 0.175088)
step 245 score (8, 16, 0.150912) best (13, 16, 0.175088)
step 246 score (8, 16, 0.155284) best (13, 16, 0.175088)
step 247 score (3, 14, 0.149825) best (13, 16, 0.175088)
step 248 score (1, 16, 0.164686) best (13, 16, 0.175088)
step 249 score (2, 14, 0.154903) best (13, 16, 0.175088)
step 250 score (2, 14, 0.143767) best (13, 16, 0.175088)
step 251 score (1, 11, 0.141563) best (13, 16, 0.175088)
step 252 score (0, 11, 0.145046) best (13, 16, 0.175088)
step 253 score (0, 13, 0.115192) best (13, 16, 0.175088)
step 254 score (0, 11, 0.116718) best (13, 16, 0.175088)
step 255 score (1, 8, 0.102273) best (13, 16, 0.175088)
step 256 score (0, 15, 0.113681) best (13, 16, 0.175088)
step 257 score (1, 14, 0.11547) best (13, 16, 0.175088)
step 258 score (0, 15, 0.134749) best (13, 16, 0.175088)
step 259 score (2, 16, 0.132448) best (13, 16, 0.175088)
step 260 score (4, 12, 0.121277) best (13, 16, 0.175088)
step 261 score (4, 14, 0.119598) best (13, 16, 0.175088)
step 262 score (3, 15, 0.15517) best (13, 16, 0.175088)
step 263 score (1, 13, 0.123989) best (13, 16, 0.175088)
step 264 score (3, 15, 0.13876) best (13, 16, 0.175088)
step 265 score (1, 11, 0.121601) best (13, 16, 0.175088)
step 266 score (3, 13, 0.139611) best (13, 16, 0.175088)
step 267 score (2, 15, 0.118858) best (13, 16, 0.175088)
step 268 score (0, 12, 0.117503) best (13, 16, 0.175088)
step 269 score (3, 11, 0.112678) best (13, 16, 0.175088)
step 270 score (1, 11, 0.113121) best (13, 16, 0.175088)
step 271 score (3, 11, 0.112678) best (13, 16, 0.175088)
step 272 score (0, 11, 0.097612) best (13, 16, 0.175088)
step 273 score (0, 12, 0.119264) best (13, 16, 0.175088)
step 274 score (3, 12, 0.107256) best (13, 16, 0.175088)
step 275 score (0, 14, 0.122694) best (13, 16, 0.175088)
step 276 score (3, 12, 0.107256) best (13, 16, 0.175088)
step 277 score (0, 11, 0.119513) best (13, 16, 0.175088)
step 278 score (3, 12, 0.107256) best (13, 16, 0.175088)
step 279 score (0, 12, 0.106522) best (13, 16, 0.175088)
step 280 score (2, 12, 0.112455) best (13, 16, 0.175088)
step 281 score (2, 13, 0.123706) best (13, 16, 0.175088)
step 282 score (1, 13, 0.125827) best (13, 16, 0.175088)
step 283 score (2, 13, 0.123706) best (13, 16, 0.175088)
step 284 score (2, 12, 0.112455) best (13, 16, 0.175088)
step 285 score (1, 17, 0.12321) best (13, 16, 0.175088)
step 286 score (2, 12, 0.112455) best (13, 16, 0.175088)
