step 0 score (1, -0.38951795535425426, 3, 1) best (1, -0.35928328699413037, 3, 2)
step 1 score (1, -0.3575554879902706, 2, 1) best (1, -0.3575554879902706, 2, 1)
step 2 score (1, -0.3272321843352225, 2, 3) best (1, -0.3272321843352225, 2, 3)
step 3 score (1, -0.3448763250883392, 2, 1) best (1, -0.3272321843352225, 2, 3)
step 4 score (1, -0.3328537170263789, 2, 1) best (1, -0.3272321843352225, 2, 3)
step 5 score (1, -0.3430379746835443, 2, 1) best (1, -0.3272321843352225, 2, 3)
step 6 score (1, -0.3328537170263789, 2, 1) best (1, -0.3272321843352225, 2, 3)
step 7 score (1, -0.36452106214375085, 2, 1) best (1, -0.3272321843352225, 2, 3)
step 8 score (1, -0.3244766505636071, 2, 1) best (1, -0.3244766505636071, 2, 1)
step 9 score (1, -0.3540994189799871, 2, 1) best (1, -0.3244766505636071, 2, 1)
step 10 score (1, -0.3491536674410886, 3, 1) best (1, -0.3244766505636071, 2, 1)
step 11 score (1, -0.33992597733055746, 3, 1) best (1, -0.3244766505636071, 2, 1)
step 12 score (1, -0.35960264900662253, 3, 1) best (1, -0.3244766505636071, 2, 1)
step 13 score (1, -0.38135269392434085, 2, 1) best (1, -0.3244766505636071, 2, 1)
step 14 score (1, -0.3770913770913771, 2, 1) best (1, -0.3244766505636071, 2, 1)
step 15 score (1, -0.3912429378531073, 3, 1) best (1, -0.3244766505636071, 2, 1)
step 16 score (1, -0.37372013651877134, 3, 1) best (1, -0.3244766505636071, 2, 1)
step 17 score (1, -0.35894125242091673, 3, 1) best (1, -0.3244766505636071, 2, 1)
step 18 score (1, -0.34326113116726836, 3, 1) best (1, -0.3244766505636071, 2, 1)
step 19 score (1, -0.36524040582267314, 3, 1) best (1, -0.3244766505636071, 2, 1)
step 20 score (1, -0.3692390139335477, 3, 3) best (1, -0.3244766505636071, 2, 1)
step 21 score (1, -0.37811233352634627, 4, 1) best (1, -0.3244766505636071, 2, 1)
step 22 score (1, -0.36227544910179643, 3, 1) best (1, -0.3244766505636071, 2, 1)
step 23 score (1, -0.3407202216066482, 3, 1) best (1, -0.3244766505636071, 2, 1)
step 24 score (1, -0.32653061224489793, 2, 3) best (1, -0.3244766505636071, 2, 1)
step 25 score (1, -0.32653061224489793, 2, 5) best (1, -0.3244766505636071, 2, 1)
step 26 score (1, -0.32247632247632246, 3, 2) best (1, -0.32247632247632246, 3, 2)
step 27 score (1, -0.3407202216066482, 3, 1) best (1, -0.32247632247632246, 3, 2)
step 28 score (1, -0.3297118564005668, 3, 1) best (1, -0.32247632247632246, 3, 2)
step 29 score (1, -0.36203423967774423, 3, 1) best (1, -0.32247632247632246, 3, 2)
step 30 score (1, -0.3378952336007551, 3, 1) best (1, -0.32247632247632246, 3, 2)
step 31 score (1, -0.3432017543859649, 4, 1) best (1, -0.32247632247632246, 3, 2)
step 32 score (1, -0.3569784473739276, 3, 1) best (1, -0.32247632247632246, 3, 2)
step 33 score (1, -0.34515320871073424, 3, 1) best (1, -0.32247632247632246, 3, 2)
step 34 score (1, -0.34350036310820625, 3, 1) best (1, -0.32247632247632246, 3, 2)
step 35 score (1, -0.3892278194178142, 2, 1) best (1, -0.32247632247632246, 3, 2)
step 36 score (1, -0.37098363887246205, 3, 2) best (1, -0.32247632247632246, 3, 2)
step 37 score (1, -0.3828613460831188, 3, 1) best (1, -0.32247632247632246, 3, 2)
step 38 score (1, -0.37052664478824815, 3, 1) best (1, -0.32247632247632246, 3, 2)
step 39 score (1, -0.36614340263046247, 3, 1) best (1, -0.32247632247632246, 3, 2)
step 40 score (1, -0.3637862796833773, 3, 2) best (1, -0.32247632247632246, 3, 2)
step 41 score (1, -0.3668078744081734, 3, 2) best (1, -0.32247632247632246, 3, 2)
step 42 score (1, -0.3447990053874845, 3, 1) best (1, -0.32247632247632246, 3, 2)
step 43 score (1, -0.35851183765501693, 3, 2) best (1, -0.32247632247632246, 3, 2)
step 44 score (1, -0.3447990053874845, 3, 1) best (1, -0.32247632247632246, 3, 2)
step 45 score (1, -0.33293535732560126, 3, 1) best (1, -0.32247632247632246, 3, 2)
step 46 score (1, -0.3552833078101072, 3, 1) best (1, -0.32247632247632246, 3, 2)
step 47 score (1, -0.35604395604395606, 3, 4) best (1, -0.32247632247632246, 3, 2)
step 48 score (1, -0.3518329938900204, 3, 3) best (1, -0.32247632247632246, 3, 2)
step 49 score (1, -0.35184826785368684, 3, 1) best (1, -0.32247632247632246, 3, 2)
step 50 score (1, -0.37068765918036584, 3, 1) best (1, -0.32247632247632246, 3, 2)
step 51 score (1, -0.35184826785368684, 3, 1) best (1, -0.32247632247632246, 3, 2)
step 52 score (1, -0.3518329938900204, 3, 3) best (1, -0.32247632247632246, 3, 2)
step 53 score (1, -0.35905304690925033, 3, 1) best (1, -0.32247632247632246, 3, 2)
step 54 score (1, -0.33882428940568476, 3, 1) best (1, -0.32247632247632246, 3, 2)
step 55 score (1, -0.34397528321318227, 2, 1) best (1, -0.32247632247632246, 3, 2)
step 56 score (1, -0.3486454652532391, 3, 1) best (1, -0.32247632247632246, 3, 2)
step 57 score (1, -0.3140096618357488, 3, 1) best (1, -0.3140096618357488, 3, 1)
step 58 score (1, -0.3032581453634085, 3, 1) best (1, -0.3032581453634085, 3, 1)
step 59 score (1, -0.3140096618357488, 3, 1) best (1, -0.3032581453634085, 3, 1)
step 60 score (1, -0.35832521908471276, 2, 1) best (1, -0.3032581453634085, 3, 1)
step 61 score (1, -0.2777777777777778, 2, 3) best (1, -0.2777777777777778, 2, 3)
step 62 score (1, -0.3443396226415094, 2, 4) best (1, -0.2777777777777778, 2, 3)
step 63 score (1, -0.25, 2, 6) best (1, -0.25, 2, 6)
step 64 score (1, -0.375, 2, 3) best (1, -0.25, 2, 6)
step 65 score (1, -0.25, 2, 6) best (1, -0.25, 2, 6)
step 66 score (1, -0.25, 2, 6) best (1, -0.25, 2, 6)
step 67 score (1, -0.25, 2, 6) best (1, -0.25, 2, 6)
step 68 score (1, -0.25, 2, 6) best (1, -0.25, 2, 6)
step 69 score (1, -0.25, 2, 6) best (1, -0.25, 2, 6)
step 70 score (1, -0.25, 2, 6) best (1, -0.25, 2, 6)
step 71 score (1, -0.25, 2, 8) best (1, -0.25, 2, 8)
step 72 score (1, -0.25, 2, 4) best (1, -0.25, 2, 8)
step 73 score (1, -0.3797814207650273, 2, 2) best (1, -0.25, 2, 8)
step 74 score (1, -0.25, 2, 6) best (1, -0.25, 2, 8)
step 75 score (1, -0.25, 2, 7) best (1, -0.25, 2, 8)
step 76 score (1, -0.25, 2, 10) best (1, -0.25, 2, 10)
step 77 score (1, -0.25, 2, 22) best (1, -0.25, 2, 22)
step 78 score (1, -0.25, 2, 24) best (1, -0.25, 2, 24)
step 79 score (1, -0.25, 2, 22) best (1, -0.25, 2, 24)
step 80 score (1, -0.25, 2, 16) best (1, -0.25, 2, 24)
step 81 score (1, -0.25, 2, 22) best (1, -0.25, 2, 24)
step 82 score (1, -0.25, 2, 16) best (1, -0.25, 2, 24)
step 83 score (1, -0.25, 4, 4) best (1, -0.25, 4, 4)
step 84 score (1, -0.25, 2, 8) best (1, -0.25, 4, 4)
step 85 score (1, -0.25, 4, 4) best (1, -0.25, 4, 4)
step 86 score (1, -0.25, 2, 7) best (1, -0.25, 4, 4)
step 87 score (1, -0.25, 4, 4) best (1, -0.25, 4, 4)
step 88 score (1, -0.25, 2, 16) best (1, -0.25, 4, 4)
step 89 score (1, -0.25, 2, 22) best (1, -0.25, 4, 4)
step 90 score (1, -0.25, 3, 24) best (1, -0.25, 4, 4)
step 91 score (1, -0.25, 2, 24) best (1, -0.25, 4, 4)
step 92 score (1, -0.25, 2, 24) best (1, -0.25, 4, 4)
step 93 score (1, -0.25, 2, 30) best (1, -0.25, 4, 4)
step 94 score (1, -0.25, 2, 24) best (1, -0.25, 4, 4)
step 95 score (1, -0.25, 2, 30) best (1, -0.25, 4, 4)
step 96 score (1, -0.25, 2, 24) best (1, -0.25, 4, 4)
step 97 score (1, -0.25, 3, 24) best (1, -0.25, 4, 4)
step 98 score (1, -0.25, 2, 24) best (1, -0.25, 4, 4)
step 99 score (1, -0.25, 2, 16) best (1, -0.25, 4, 4)
step 100 score (1, -0.25, 2, 16) best (1, -0.25, 4, 4)
step 101 score (1, -0.25, 2, 22) best (1, -0.25, 4, 4)
step 102 score (1, -0.25, 2, 4) best (1, -0.25, 4, 4)
step 103 score (1, -0.25, 3, 8) best (1, -0.25, 4, 4)
step 104 score (1, -0.25, 2, 10) best (1, -0.25, 4, 4)
step 105 score (1, -0.25, 2, 12) best (1, -0.25, 4, 4)
step 106 score (1, -0.25, 2, 12) best (1, -0.25, 4, 4)
step 107 score (1, -0.25, 2, 8) best (1, -0.25, 4, 4)
step 108 score (1, -0.25, 2, 8) best (1, -0.25, 4, 4)
step 109 score (1, -0.25, 2, 12) best (1, -0.25, 4, 4)
step 110 score (1, -0.25, 2, 8) best (1, -0.25, 4, 4)
step 111 score (1, -0.25, 2, 14) best (1, -0.25, 4, 4)
step 112 score (1, -0.25, 2, 20) best (1, -0.25, 4, 4)
step 113 score (1, -0.25, 2, 12) best (1, -0.25, 4, 4)
step 114 score (1, -0.25, 2, 11) best (1, -0.25, 4, 4)
step 115 score (1, -0.25, 2, 11) best (1, -0.25, 4, 4)
step 116 score (1, -0.25, 2, 10) best (1, -0.25, 4, 4)
step 117 score (1, -0.25, 4, 4) best (1, -0.25, 4, 4)
step 118 score (1, -0.25, 2, 10) best (1, -0.25, 4, 4)
step 119 score (1, -0.25, 2, 20) best (1, -0.25, 4, 4)
step 120 score (1, -0.25, 2, 13) best (1, -0.25, 4, 4)
step 121 score (1, -0.25, 2, 21) best (1, -0.25, 4, 4)
step 122 score (1, -0.25, 2, 16) best (1, -0.25, 4, 4)
step 123 score (1, -0.25, 2, 16) best (1, -0.25, 4, 4)
step 124 score (1, -0.25, 2, 17) best (1, -0.25, 4, 4)
step 125 score (1, -0.25, 2, 16) best (1, -0.25, 4, 4)
step 126 score (1, -0.25, 2, 17) best (1, -0.25, 4, 4)
step 127 score (1, -0.25, 2, 16) best (1, -0.25, 4, 4)
step 128 score (1, -0.25, 2, 21) best (1, -0.25, 4, 4)
step 129 score (1, -0.25, 2, 18) best (1, -0.25, 4, 4)
step 130 score (1, -0.25, 2, 36) best (1, -0.25, 4, 4)
step 131 score (1, -0.25, 2, 22) best (1, -0.25, 4, 4)
step 132 score (1, -0.25, 2, 22) best (1, -0.25, 4, 4)
step 133 score (1, -0.25, 2, 14) best (1, -0.25, 4, 4)
step 134 score (1, -0.25, 2, 9) best (1, -0.25, 4, 4)
step 135 score (1, -0.25, 2, 14) best (1, -0.25, 4, 4)
step 136 score (1, -0.25, 2, 11) best (1, -0.25, 4, 4)
step 137 score (1, -0.25, 2, 12) best (1, -0.25, 4, 4)
step 138 score (1, -0.25, 2, 12) best (1, -0.25, 4, 4)
step 139 score (1, -0.25, 2, 12) best (1, -0.25, 4, 4)
step 140 score (1, -0.25, 2, 12) best (1, -0.25, 4, 4)
step 141 score (1, -0.25, 2, 12) best (1, -0.25, 4, 4)
step 142 score (1, -0.25, 2, 11) best (1, -0.25, 4, 4)
step 143 score (1, -0.25, 2, 16) best (1, -0.25, 4, 4)
step 144 score (1, -0.25, 2, 9) best (1, -0.25, 4, 4)
step 145 score (1, -0.25, 2, 16) best (1, -0.25, 4, 4)
step 146 score (1, -0.25, 2, 14) best (1, -0.25, 4, 4)
step 147 score (1, -0.25, 2, 10) best (1, -0.25, 4, 4)
step 148 score (1, -0.25, 2, 17) best (1, -0.25, 4, 4)
step 149 score (1, -0.25, 2, 14) best (1, -0.25, 4, 4)
step 150 score (1, -0.25, 2, 23) best (1, -0.25, 4, 4)
step 151 score (1, -0.25, 2, 11) best (1, -0.25, 4, 4)
step 152 score (1, -0.25, 2, 17) best (1, -0.25, 4, 4)
step 153 score (1, -0.25, 2, 15) best (1, -0.25, 4, 4)
step 154 score (1, -0.25, 2, 8) best (1, -0.25, 4, 4)
step 155 score (1, -0.25, 2, 15) best (1, -0.25, 4, 4)
step 156 score (1, -0.25, 2, 17) best (1, -0.25, 4, 4)
step 157 score (1, -0.25, 2, 13) best (1, -0.25, 4, 4)
step 158 score (1, -0.25, 2, 17) best (1, -0.25, 4, 4)
step 159 score (1, -0.25, 2, 13) best (1, -0.25, 4, 4)
step 160 score (1, -0.25, 2, 14) best (1, -0.25, 4, 4)
step 161 score (1, -0.25, 2, 11) best (1, -0.25, 4, 4)
step 162 score (1, -0.25, 2, 14) best (1, -0.25, 4, 4)
step 163 score (1, -0.25, 2, 10) best (1, -0.25, 4, 4)
step 164 score (1, -0.25, 2, 14) best (1, -0.25, 4, 4)
step 165 score (1, -0.25, 2, 12) best (1, -0.25, 4, 4)
step 166 score (1, -0.25, 2, 14) best (1, -0.25, 4, 4)
step 167 score (1, -0.25, 2, 21) best (1, -0.25, 4, 4)
step 168 score (1, -0.25, 2, 20) best (1, -0.25, 4, 4)
step 169 score (1, -0.25, 2, 16) best (1, -0.25, 4, 4)
step 170 score (1, -0.25, 2, 20) best (1, -0.25, 4, 4)
step 171 score (1, -0.25, 2, 16) best (1, -0.25, 4, 4)
step 172 score (1, -0.25, 2, 8) best (1, -0.25, 4, 4)
step 173 score (1, -0.25, 2, 21) best (1, -0.25, 4, 4)
step 174 score (1, -0.25, 2, 16) best (1, -0.25, 4, 4)
step 175 score (1, -0.25, 2, 20) best (1, -0.25, 4, 4)
step 176 score (1, -0.25, 2, 21) best (1, -0.25, 4, 4)
step 177 score (1, -0.25, 2, 16) best (1, -0.25, 4, 4)
step 178 score (1, -0.25, 2, 20) best (1, -0.25, 4, 4)
step 179 score (1, -0.25, 2, 16) best (1, -0.25, 4, 4)
step 180 score (1, -0.25, 2, 22) best (1, -0.25, 4, 4)
step 181 score (1, -0.2755102040816326, 3, 7) best (1, -0.25, 4, 4)
step 182 score (1, -0.25, 2, 16) best (1, -0.25, 4, 4)
step 183 score (1, -0.25, 3, 16) best (1, -0.25, 4, 4)
step 184 score (1, -0.25, 2, 24) best (1, -0.25, 4, 4)
step 185 score (1, -0.25, 3, 16) best (1, -0.25, 4, 4)
step 186 score (1, -0.25, 2, 16) best (1, -0.25, 4, 4)
step 187 score (1, -0.25, 2, 16) best (1, -0.25, 4, 4)
step 188 score (1, -0.25, 2, 24) best (1, -0.25, 4, 4)
step 189 score (1, -0.25, 2, 24) best (1, -0.25, 4, 4)
step 190 score (1, -0.25, 2, 48) best (1, -0.25, 4, 4)
step 191 score (1, -0.25, 3, 44) best (1, -0.25, 4, 4)
step 192 score (1, -0.25, 2, 28) best (1, -0.25, 4, 4)
step 193 score (1, -0.25, 2, 12) best (1, -0.25, 4, 4)
step 194 score (1, -0.25, 2, 8) best (1, -0.25, 4, 4)
step 195 score (1, -0.25, 2, 12) best (1, -0.25, 4, 4)
step 196 score (1, -0.25, 2, 18) best (1, -0.25, 4, 4)
step 197 score (1, -0.25, 2, 19) best (1, -0.25, 4, 4)
step 198 score (1, -0.25, 2, 10) best (1, -0.25, 4, 4)
step 199 score (1, -0.25, 2, 8) best (1, -0.25, 4, 4)
step 200 score (1, -0.25, 2, 10) best (1, -0.25, 4, 4)
step 201 score (1, -0.25, 2, 19) best (1, -0.25, 4, 4)
step 202 score (1, -0.25, 2, 19) best (1, -0.25, 4, 4)
step 203 score (1, -0.25, 2, 10) best (1, -0.25, 4, 4)
step 204 score (1, -0.25, 2, 19) best (1, -0.25, 4, 4)
step 205 score (1, -0.25, 2, 11) best (1, -0.25, 4, 4)
step 206 score (1, -0.25, 2, 19) best (1, -0.25, 4, 4)
step 207 score (1, -0.25, 2, 10) best (1, -0.25, 4, 4)
step 208 score (1, -0.25, 2, 19) best (1, -0.25, 4, 4)
step 209 score (1, -0.25, 2, 19) best (1, -0.25, 4, 4)
step 210 score (1, -0.25, 2, 19) best (1, -0.25, 4, 4)
step 211 score (1, -0.25, 4, 14) best (1, -0.25, 4, 14)
step 212 score (1, -0.25, 2, 15) best (1, -0.25, 4, 14)
step 213 score (1, -0.25, 2, 9) best (1, -0.25, 4, 14)
step 214 score (1, -0.25, 2, 9) best (1, -0.25, 4, 14)
step 215 score (1, -0.25, 2, 12) best (1, -0.25, 4, 14)
step 216 score (1, -0.25, 2, 9) best (1, -0.25, 4, 14)
step 217 score (1, -0.25, 2, 12) best (1, -0.25, 4, 14)
step 218 score (1, -0.25, 2, 9) best (1, -0.25, 4, 14)
step 219 score (1, -0.25, 2, 12) best (1, -0.25, 4, 14)
step 220 score (1, -0.25, 2, 9) best (1, -0.25, 4, 14)
step 221 score (1, -0.25, 2, 6) best (1, -0.25, 4, 14)
step 222 score (1, -0.25, 2, 9) best (1, -0.25, 4, 14)
step 223 score (1, -0.33986928104575165, 3, 3) best (1, -0.25, 4, 14)
step 224 score (1, -0.25, 2, 6) best (1, -0.25, 4, 14)
step 225 score (1, -0.25, 2, 6) best (1, -0.25, 4, 14)
step 226 score (1, -0.25, 2, 8) best (1, -0.25, 4, 14)
step 227 score (1, -0.25, 4, 14) best (1, -0.25, 4, 14)
step 228 score (1, -0.25, 2, 15) best (1, -0.25, 4, 14)
step 229 score (1, -0.25, 2, 9) best (1, -0.25, 4, 14)
step 230 score (1, -0.25, 4, 14) best (1, -0.25, 4, 14)
step 231 score (1, -0.25, 2, 6) best (1, -0.25, 4, 14)
step 232 score (1, -0.25, 2, 6) best (1, -0.25, 4, 14)
step 233 score (1, -0.25, 4, 14) best (1, -0.25, 4, 14)
step 234 score (1, -0.25, 2, 11) best (1, -0.25, 4, 14)
step 235 score (1, -0.25, 2, 6) best (1, -0.25, 4, 14)
step 236 score (1, -0.25, 2, 11) best (1, -0.25, 4, 14)
step 237 score (1, -0.25, 2, 21) best (1, -0.25, 4, 14)
step 238 score (1, -0.25, 2, 28) best (1, -0.25, 4, 14)
step 239 score (1, -0.25, 2, 30) best (1, -0.25, 4, 14)
step 240 score (1, -0.25, 2, 24) best (1, -0.25, 4, 14)
step 241 score (1, -0.25, 2, 16) best (1, -0.25, 4, 14)
step 242 score (1, -0.25, 2, 24) best (1, -0.25, 4, 14)
step 243 score (1, -0.25, 2, 48) best (1, -0.25, 4, 14)
step 244 score (1, -0.25, 3, 44) best (1, -0.25, 4, 14)
step 245 score (1, -0.25, 2, 28) best (1, -0.25, 4, 14)
step 246 score (1, -0.25, 2, 18) best (1, -0.25, 4, 14)
step 247 score (1, -0.25, 2, 18) best (1, -0.25, 4, 14)
step 248 score (1, -0.25, 2, 7) best (1, -0.25, 4, 14)
step 249 score (1, -0.25, 2, 7) best (1, -0.25, 4, 14)
step 250 score (1, -0.25, 2, 14) best (1, -0.25, 4, 14)
step 251 score (1, -0.25, 2, 14) best (1, -0.25, 4, 14)
step 252 score (1, -0.25, 2, 24) best (1, -0.25, 4, 14)
step 253 score (1, -0.25, 2, 30) best (1, -0.25, 4, 14)
step 254 score (1, -0.25, 2, 27) best (1, -0.25, 4, 14)
step 255 score (1, -0.25, 2, 30) best (1, -0.25, 4, 14)
step 256 score (1, -0.25, 4, 11) best (1, -0.25, 4, 14)
step 257 score (1, -0.25, 2, 6) best (1, -0.25, 4, 14)
step 258 score (1, -0.25, 4, 11) best (1, -0.25, 4, 14)
step 259 score (1, -0.25, 4, 6) best (1, -0.25, 4, 14)
step 260 score (1, -0.25, 2, 19) best (1, -0.25, 4, 14)
step 261 score (1, -0.25, 3, 12) best (1, -0.25, 4, 14)
step 262 score (1, -0.25, 4, 8) best (1, -0.25, 4, 14)
step 263 score (1, -0.25, 4, 10) best (1, -0.25, 4, 14)
step 264 score (1, -0.25, 4, 8) best (1, -0.25, 4, 14)
step 265 score (1, -0.25, 3, 12) best (1, -0.25, 4, 14)
step 266 score (1, -0.25, 4, 8) best (1, -0.25, 4, 14)
step 267 score (1, -0.25, 2, 11) best (1, -0.25, 4, 14)
step 268 score (1, -0.25, 4, 28) best (1, -0.25, 4, 28)
step 269 score (1, -0.25, 3, 44) best (1, -0.25, 4, 28)
step 270 score (1, -0.25, 3, 48) best (1, -0.25, 4, 28)
step 271 score (1, -0.25, 2, 22) best (1, -0.25, 4, 28)
step 272 score (1, -0.25, 2, 18) best (1, -0.25, 4, 28)
step 273 score (1, -0.25, 2, 12) best (1, -0.25, 4, 28)
step 274 score (1, -0.25, 2, 10) best (1, -0.25, 4, 28)
step 275 score (1, -0.25, 2, 12) best (1, -0.25, 4, 28)
step 276 score (1, -0.25, 2, 6) best (1, -0.25, 4, 28)
step 277 score (1, -0.25, 2, 8) best (1, -0.25, 4, 28)
step 278 score (1, -0.25, 2, 20) best (1, -0.25, 4, 28)
step 279 score (1, -0.25, 2, 7) best (1, -0.25, 4, 28)
step 280 score (1, -0.25, 2, 11) best (1, -0.25, 4, 28)
step 281 score (1, -0.25, 2, 8) best (1, -0.25, 4, 28)
step 282 score (1, -0.25, 2, 6) best (1, -0.25, 4, 28)
step 283 score (1, -0.25, 2, 8) best (1, -0.25, 4, 28)
step 284 score (1, -0.25, 2, 10) best (1, -0.25, 4, 28)
step 285 score (1, -0.25, 2, 9) best (1, -0.25, 4, 28)
step 286 score (1, -0.25, 2, 9) best (1, -0.25, 4, 28)
step 287 score (1, -0.25, 2, 9) best (1, -0.25, 4, 28)
step 288 score (1, -0.25, 2, 5) best (1, -0.25, 4, 28)
step 289 score (1, -0.25, 2, 5) best (1, -0.25, 4, 28)
step 290 score (1, -0.25, 2, 4) best (1, -0.25, 4, 28)
step 291 score (1, -0.25, 2, 4) best (1, -0.25, 4, 28)
step 292 score (1, -0.25, 2, 4) best (1, -0.25, 4, 28)
step 293 score (1, -0.25, 2, 8) best (1, -0.25, 4, 28)
step 294 score (1, -0.25, 2, 5) best (1, -0.25, 4, 28)
step 295 score (1, -0.25, 2, 7) best (1, -0.25, 4, 28)
step 296 score (1, -0.25, 2, 14) best (1, -0.25, 4, 28)
step 297 score (1, -0.25, 2, 4) best (1, -0.25, 4, 28)
step 298 score (1, -0.25, 2, 14) best (1, -0.25, 4, 28)
step 299 score (1, -0.25, 2, 6) best (1, -0.25, 4, 28)
step 300 score (1, -0.25, 2, 14) best (1, -0.25, 4, 28)
step 301 score (1, -0.25, 2, 7) best (1, -0.25, 4, 28)
step 302 score (1, -0.25, 2, 17) best (1, -0.25, 4, 28)
step 303 score (1, -0.25, 2, 6) best (1, -0.25, 4, 28)
step 304 score (1, -0.25, 2, 16) best (1, -0.25, 4, 28)
step 305 score (1, -0.25, 2, 6) best (1, -0.25, 4, 28)
step 306 score (1, -0.25, 2, 17) best (1, -0.25, 4, 28)
step 307 score (1, -0.25, 2, 3) best (1, -0.25, 4, 28)
step 308 score (1, -0.25, 2, 11) best (1, -0.25, 4, 28)
step 309 score (1, -0.25, 2, 11) best (1, -0.25, 4, 28)
step 310 score (1, -0.25, 2, 20) best (1, -0.25, 4, 28)
step 311 score (1, -0.25, 2, 3) best (1, -0.25, 4, 28)
step 312 score (1, -0.25, 2, 20) best (1, -0.25, 4, 28)
step 313 score (1, -0.25, 2, 3) best (1, -0.25, 4, 28)
step 314 score (1, -0.25, 2, 12) best (1, -0.25, 4, 28)
step 315 score (1, -0.25, 2, 6) best (1, -0.25, 4, 28)
step 316 score (1, -0.25, 2, 14) best (1, -0.25, 4, 28)
step 317 score (1, -0.25, 2, 6) best (1, -0.25, 4, 28)
step 318 score (1, -0.3, 2, 3) best (1, -0.25, 4, 28)
step 319 score (1, -0.3523729525409492, 2, 1) best (1, -0.25, 4, 28)
step 320 score (1, -0.30116959064327486, 4, 2) best (1, -0.25, 4, 28)
step 321 score (1, -0.2732919254658385, 4, 8) best (1, -0.25, 4, 28)
step 322 score (1, -0.25, 2, 9) best (1, -0.25, 4, 28)
step 323 score (1, -0.27880184331797236, 4, 8) best (1, -0.25, 4, 28)
step 324 score (1, -0.2895377128953771, 3, 8) best (1, -0.25, 4, 28)
step 325 score (1, -0.25, 3, 8) best (1, -0.25, 4, 28)
step 326 score (1, -0.25, 3, 8) best (1, -0.25, 4, 28)
step 327 score (1, -0.25, 4, 2) best (1, -0.25, 4, 28)
step 328 score (1, -0.2804878048780488, 4, 4) best (1, -0.25, 4, 28)
step 329 score (1, -0.26876876876876876, 4, 3) best (1, -0.25, 4, 28)
step 330 score (1, -0.25, 4, 14) best (1, -0.25, 4, 28)
step 331 score (1, -0.25, 4, 14) best (1, -0.25, 4, 28)
step 332 score (1, -0.25, 4, 8) best (1, -0.25, 4, 28)
step 333 score (1, -0.25, 4, 8) best (1, -0.25, 4, 28)
step 334 score (1, -0.25, 4, 8) best (1, -0.25, 4, 28)
step 335 score (1, -0.25, 4, 8) best (1, -0.25, 4, 28)
step 336 score (1, -0.25, 4, 14) best (1, -0.25, 4, 28)
step 337 score (1, -0.25, 4, 14) best (1, -0.25, 4, 28)
step 338 score (1, -0.25, 4, 8) best (1, -0.25, 4, 28)
step 339 score (1, -0.25, 3, 8) best (1, -0.25, 4, 28)
step 340 score (1, -0.25, 4, 8) best (1, -0.25, 4, 28)
step 341 score (1, -0.25, 3, 14) best (1, -0.25, 4, 28)
step 342 score (1, -0.25, 4, 8) best (1, -0.25, 4, 28)
step 343 score (1, -0.25, 4, 20) best (1, -0.25, 4, 28)
step 344 score (1, -0.25, 4, 14) best (1, -0.25, 4, 28)
step 345 score (1, -0.25, 4, 20) best (1, -0.25, 4, 28)
step 346 score (1, -0.25, 4, 8) best (1, -0.25, 4, 28)
step 347 score (1, -0.25, 3, 14) best (1, -0.25, 4, 28)
step 348 score (1, -0.25, 4, 6) best (1, -0.25, 4, 28)
step 349 score (1, -0.29255989911727615, 4, 2) best (1, -0.25, 4, 28)
step 350 score (1, -0.2915601023017903, 4, 4) best (1, -0.25, 4, 28)
step 351 score (1, -0.25, 4, 20) best (1, -0.25, 4, 28)
step 352 score (1, -0.25, 4, 8) best (1, -0.25, 4, 28)
step 353 score (1, -0.25, 4, 14) best (1, -0.25, 4, 28)
step 354 score (1, -0.25, 4, 8) best (1, -0.25, 4, 28)
step 355 score (1, -0.25, 4, 20) best (1, -0.25, 4, 28)
step 356 score (1, -0.25, 4, 8) best (1, -0.25, 4, 28)
step 357 score (1, -0.2903225806451613, 4, 2) best (1, -0.25, 4, 28)
step 358 score (1, -0.25, 4, 2) best (1, -0.25, 4, 28)
step 359 score (1, -0.25, 4, 2) best (1, -0.25, 4, 28)
step 360 score (1, -0.2854609929078014, 4, 2) best (1, -0.25, 4, 28)
step 361 score (1, -0.25, 4, 2) best (1, -0.25, 4, 28)
step 362 score (1, -0.28585935516628586, 4, 2) best (1, -0.25, 4, 28)
step 363 score (1, -0.2804878048780488, 4, 10) best (1, -0.25, 4, 28)
step 364 score (1, -0.25, 4, 20) best (1, -0.25, 4, 28)
step 365 score (1, -0.25, 4, 20) best (1, -0.25, 4, 28)
step 366 score (1, -0.25, 4, 14) best (1, -0.25, 4, 28)
step 367 score (1, -0.25, 3, 8) best (1, -0.25, 4, 28)
step 368 score (1, -0.25, 3, 5) best (1, -0.25, 4, 28)
step 369 score (1, -0.25, 4, 7) best (1, -0.25, 4, 28)
step 370 score (1, -0.292894280762565, 4, 5) best (1, -0.25, 4, 28)
step 371 score (1, -0.25, 4, 7) best (1, -0.25, 4, 28)
step 372 score (1, -0.25, 3, 5) best (1, -0.25, 4, 28)
step 373 score (1, -0.25, 3, 6) best (1, -0.25, 4, 28)
step 374 score (1, -0.25, 3, 14) best (1, -0.25, 4, 28)
step 375 score (1, -0.25, 4, 6) best (1, -0.25, 4, 28)
step 376 score (1, -0.25, 4, 2) best (1, -0.25, 4, 28)
step 377 score (1, -0.25, 4, 6) best (1, -0.25, 4, 28)
step 378 score (1, -0.25, 4, 2) best (1, -0.25, 4, 28)
step 379 score (1, -0.25, 4, 3) best (1, -0.25, 4, 28)
step 380 score (1, -0.25, 4, 2) best (1, -0.25, 4, 28)
step 381 score (1, -0.303886925795053, 4, 2) best (1, -0.25, 4, 28)
step 382 score (1, -0.25, 4, 6) best (1, -0.25, 4, 28)
step 383 score (1, -0.25, 3, 14) best (1, -0.25, 4, 28)
step 384 score (1, -0.25, 4, 14) best (1, -0.25, 4, 28)
step 385 score (1, -0.25, 3, 14) best (1, -0.25, 4, 28)
step 386 score (1, -0.25, 4, 8) best (1, -0.25, 4, 28)
step 387 score (1, -0.25, 4, 8) best (1, -0.25, 4, 28)
step 388 score (1, -0.25, 4, 14) best (1, -0.25, 4, 28)
step 389 score (1, -0.25, 4, 8) best (1, -0.25, 4, 28)
step 390 score (1, -0.25, 4, 14) best (1, -0.25, 4, 28)
step 391 score (1, -0.25, 4, 8) best (1, -0.25, 4, 28)
step 392 score (1, -0.25, 4, 9) best (1, -0.25, 4, 28)
step 393 score (1, -0.25, 4, 8) best (1, -0.25, 4, 28)
step 394 score (1, -0.25, 4, 8) best (1, -0.25, 4, 28)
step 395 score (1, -0.2835249042145594, 3, 8) best (1, -0.25, 4, 28)
step 396 score (1, -0.25, 4, 8) best (1, -0.25, 4, 28)
step 397 score (1, -0.25, 4, 8) best (1, -0.25, 4, 28)
step 398 score (1, -0.25, 4, 8) best (1, -0.25, 4, 28)
step 399 score (1, -0.25, 4, 8) best (1, -0.25, 4, 28)
step 400 score (1, -0.25, 4, 8) best (1, -0.25, 4, 28)
step 401 score (1, -0.25, 4, 10) best (1, -0.25, 4, 28)
step 402 score (1, -0.25, 4, 8) best (1, -0.25, 4, 28)
step 403 score (1, -0.25, 3, 8) best (1, -0.25, 4, 28)
step 404 score (1, -0.25, 4, 14) best (1, -0.25, 4, 28)
step 405 score (1, -0.25, 4, 8) best (1, -0.25, 4, 28)
step 406 score (1, -0.25, 4, 8) best (1, -0.25, 4, 28)
step 407 score (1, -0.2818471337579618, 3, 8) best (1, -0.25, 4, 28)
step 408 score (1, -0.25, 4, 8) best (1, -0.25, 4, 28)
step 409 score (1, -0.25, 4, 8) best (1, -0.25, 4, 28)
step 410 score (1, -0.25, 4, 8) best (1, -0.25, 4, 28)
step 411 score (1, -0.25, 2, 3) best (1, -0.25, 4, 28)
step 412 score (1, -0.29411764705882354, 2, 10) best (1, -0.25, 4, 28)
step 413 score (1, -0.25, 2, 3) best (1, -0.25, 4, 28)
step 414 score (1, -0.25, 4, 8) best (1, -0.25, 4, 28)
step 415 score (1, -0.25, 4, 8) best (1, -0.25, 4, 28)
step 416 score (1, -0.25, 4, 8) best (1, -0.25, 4, 28)
step 417 score (1, -0.25, 4, 8) best (1, -0.25, 4, 28)
step 418 score (1, -0.32791327913279134, 4, 8) best (1, -0.25, 4, 28)
step 419 score (1, -0.3220303723736218, 4, 2) best (1, -0.25, 4, 28)
step 420 score (1, -0.31313131313131315, 2, 6) best (1, -0.25, 4, 28)
step 421 score (1, -0.25, 4, 14) best (1, -0.25, 4, 28)
step 422 score (1, -0.2916666666666667, 2, 8) best (1, -0.25, 4, 28)
step 423 score (1, -0.25, 4, 14) best (1, -0.25, 4, 28)
step 424 score (1, -0.25, 3, 8) best (1, -0.25, 4, 28)
step 425 score (1, -0.25, 3, 3) best (1, -0.25, 4, 28)
step 426 score (1, -0.25, 4, 6) best (1, -0.25, 4, 28)
step 427 score (1, -0.25, 2, 4) best (1, -0.25, 4, 28)
step 428 score (1, -0.30952380952380953, 2, 2) best (1, -0.25, 4, 28)
step 429 score (1, -0.3793103448275862, 2, 2) best (1, -0.25, 4, 28)
step 430 score (1, -0.30952380952380953, 2, 2) best (1, -0.25, 4, 28)
step 431 score (1, -0.25, 2, 4) best (1, -0.25, 4, 28)
step 432 score (1, -0.3178155774395703, 3, 3) best (1, -0.25, 4, 28)
step 433 score (1, -0.29816395138350144, 4, 3) best (1, -0.25, 4, 28)
step 434 score (1, -0.25, 2, 3) best (1, -0.25, 4, 28)
step 435 score (1, -0.25, 2, 3) best (1, -0.25, 4, 28)
step 436 score (1, -0.25, 2, 3) best (1, -0.25, 4, 28)
step 437 score (1, -0.25, 2, 3) best (1, -0.25, 4, 28)
step 438 score (1, -0.25, 2, 3) best (1, -0.25, 4, 28)
step 439 score (1, -0.25, 2, 3) best (1, -0.25, 4, 28)
step 440 score (1, -0.25, 2, 3) best (1, -0.25, 4, 28)
step 441 score (1, -0.2849691797060218, 4, 3) best (1, -0.25, 4, 28)
step 442 score (1, -0.25, 2, 3) best (1, -0.25, 4, 28)
step 443 score (1, -0.2789473684210526, 4, 3) best (1, -0.25, 4, 28)
step 444 score (1, -0.25, 2, 3) best (1, -0.25, 4, 28)
step 445 score (1, -0.25, 2, 3) best (1, -0.25, 4, 28)
step 446 score (1, -0.25, 2, 3) best (1, -0.25, 4, 28)
step 447 score (1, -0.25, 2, 3) best (1, -0.25, 4, 28)
step 448 score (1, -0.25, 2, 3) best (1, -0.25, 4, 28)
step 449 score (1, -0.30539887187751813, 4, 3) best (1, -0.25, 4, 28)
step 450 score (1, -0.25, 4, 4) best (1, -0.25, 4, 28)
step 451 score (1, -0.2676056338028169, 4, 6) best (1, -0.25, 4, 28)
step 452 score (1, -0.2676056338028169, 4, 9) best (1, -0.25, 4, 28)
step 453 score (1, -0.27358490566037735, 4, 10) best (1, -0.25, 4, 28)
step 454 score (1, -0.27358490566037735, 4, 4) best (1, -0.25, 4, 28)
step 455 score (1, -0.2676056338028169, 4, 6) best (1, -0.25, 4, 28)
step 456 score (1, -0.25, 4, 7) best (1, -0.25, 4, 28)
step 457 score (1, -0.25, 2, 6) best (1, -0.25, 4, 28)
step 458 score (1, -0.27358490566037735, 4, 4) best (1, -0.25, 4, 28)
step 459 score (1, -0.2909090909090909, 3, 4) best (1, -0.25, 4, 28)
step 460 score (1, -0.2711864406779661, 3, 2) best (1, -0.25, 4, 28)
step 461 score (1, -0.2711864406779661, 3, 6) best (1, -0.25, 4, 28)
step 462 score (1, -0.2962962962962963, 2, 2) best (1, -0.25, 4, 28)
step 463 score (1, -0.2711864406779661, 3, 6) best (1, -0.25, 4, 28)
step 464 score (1, -0.26865671641791045, 4, 4) best (1, -0.25, 4, 28)
step 465 score (1, -0.2711864406779661, 3, 4) best (1, -0.25, 4, 28)
step 466 score (1, -0.29464285714285715, 3, 2) best (1, -0.25, 4, 28)
step 467 score (1, -0.2711864406779661, 3, 6) best (1, -0.25, 4, 28)
step 468 score (1, -0.26865671641791045, 4, 4) best (1, -0.25, 4, 28)
step 469 score (1, -0.2711864406779661, 3, 2) best (1, -0.25, 4, 28)
step 470 score (1, -0.26865671641791045, 4, 4) best (1, -0.25, 4, 28)
step 471 score (1, -0.2711864406779661, 3, 6) best (1, -0.25, 4, 28)
step 472 score (1, -0.30975143403441685, 3, 2) best (1, -0.25, 4, 28)
step 473 score (1, -0.31145495383079613, 3, 2) best (1, -0.25, 4, 28)
step 474 score (1, -0.28465039304923456, 3, 3) best (1, -0.25, 4, 28)
step 475 score (1, -0.2940630797773655, 4, 3) best (1, -0.25, 4, 28)
step 476 score (1, -0.2804878048780488, 3, 8) best (1, -0.25, 4, 28)
step 477 score (1, -0.25, 3, 8) best (1, -0.25, 4, 28)
step 478 score (1, -0.25, 4, 4) best (1, -0.25, 4, 28)
step 479 score (1, -0.25, 4, 4) best (1, -0.25, 4, 28)
step 480 score (1, -0.25, 4, 4) best (1, -0.25, 4, 28)
step 481 score (1, -0.2676056338028169, 4, 6) best (1, -0.25, 4, 28)
step 482 score (1, -0.25, 4, 6) best (1, -0.25, 4, 28)
step 483 score (1, -0.25, 4, 20) best (1, -0.25, 4, 28)
step 484 score (1, -0.25, 4, 20) best (1, -0.25, 4, 28)
step 485 score (1, -0.25, 4, 20) best (1, -0.25, 4, 28)
step 486 score (1, -0.25, 3, 8) best (1, -0.25, 4, 28)
step 487 score (1, -0.25, 4, 8) best (1, -0.25, 4, 28)
step 488 score (1, -0.25, 4, 2) best (1, -0.25, 4, 28)
step 489 score (1, -0.25, 4, 8) best (1, -0.25, 4, 28)
step 490 score (1, -0.25, 3, 8) best (1, -0.25, 4, 28)
step 491 score (1, -0.25, 4, 8) best (1, -0.25, 4, 28)
step 492 score (1, -0.25, 4, 8) best (1, -0.25, 4, 28)
step 493 score (1, -0.25, 4, 4) best (1, -0.25, 4, 28)
step 494 score (1, -0.25, 3, 14) best (1, -0.25, 4, 28)
step 495 score (1, -0.25, 4, 4) best (1, -0.25, 4, 28)
step 496 score (1, -0.25, 4, 8) best (1, -0.25, 4, 28)
step 497 score (1, -0.25, 4, 8) best (1, -0.25, 4, 28)
step 498 score (1, -0.25, 4, 8) best (1, -0.25, 4, 28)
step 499 score (1, -0.25, 4, 14) best (1, -0.25, 4, 28)
step 500 score (1, -0.25, 3, 8) best (1, -0.25, 4, 28)
step 501 score (1, -0.25, 4, 14) best (1, -0.25, 4, 28)
step 502 score (1, -0.29373177842565595, 4, 6) best (1, -0.25, 4, 28)
step 503 score (1, -0.2804878048780488, 4, 10) best (1, -0.25, 4, 28)
step 504 score (1, -0.25, 4, 20) best (1, -0.25, 4, 28)
step 505 score (1, -0.25, 4, 20) best (1, -0.25, 4, 28)
step 506 score (1, -0.25, 4, 6) best (1, -0.25, 4, 28)
step 507 score (1, -0.25, 4, 8) best (1, -0.25, 4, 28)
step 508 score (1, -0.25, 4, 6) best (1, -0.25, 4, 28)
step 509 score (1, -0.25, 4, 6) best (1, -0.25, 4, 28)
step 510 score (1, -0.25, 4, 20) best (1, -0.25, 4, 28)
step 511 score (1, -0.25, 4, 20) best (1, -0.25, 4, 28)
step 512 score (1, -0.25, 4, 14) best (1, -0.25, 4, 28)
step 513 score (1, -0.25, 4, 8) best (1, -0.25, 4, 28)
step 514 score (1, -0.25, 4, 8) best (1, -0.25, 4, 28)
step 515 score (1, -0.25, 4, 4) best (1, -0.25, 4, 28)
step 516 score (1, -0.25, 4, 8) best (1, -0.25, 4, 28)
step 517 score (1, -0.25, 4, 8) best (1, -0.25, 4, 28)
step 518 score (1, -0.25, 4, 2) best (1, -0.25, 4, 28)
step 519 score (1, -0.25, 4, 8) best (1, -0.25, 4, 28)
step 520 score (1, -0.25, 4, 8) best (1, -0.25, 4, 28)
step 521 score (1, -0.25, 4, 4) best (1, -0.25, 4, 28)
step 522 score (1, -0.25, 4, 3) best (1, -0.25, 4, 28)
step 523 score (1, -0.25, 4, 6) best (1, -0.25, 4, 28)
step 524 score (1, -0.30689816987329893, 4, 3) best (1, -0.25, 4, 28)
step 525 score (1, -0.25, 4, 6) best (1, -0.25, 4, 28)
step 526 score (1, -0.25, 3, 2) best (1, -0.25, 4, 28)
step 527 score (1, -0.25, 3, 8) best (1, -0.25, 4, 28)
step 528 score (1, -0.25, 4, 8) best (1, -0.25, 4, 28)
step 529 score (1, -0.2742561448900388, 4, 8) best (1, -0.25, 4, 28)
step 530 score (1, -0.2856294536817102, 4, 8) best (1, -0.25, 4, 28)
step 531 score (1, -0.25, 3, 14) best (1, -0.25, 4, 28)
step 532 score (1, -0.25, 4, 8) best (1, -0.25, 4, 28)
step 533 score (1, -0.25, 3, 14) best (1, -0.25, 4, 28)
step 534 score (1, -0.25, 4, 20) best (1, -0.25, 4, 28)
step 535 score (1, -0.25, 4, 20) best (1, -0.25, 4, 28)
step 536 score (1, -0.25, 4, 20) best (1, -0.25, 4, 28)
step 537 score (1, -0.25, 4, 14) best (1, -0.25, 4, 28)
step 538 score (1, -0.25, 4, 20) best (1, -0.25, 4, 28)
step 539 score (1, -0.25, 4, 20) best (1, -0.25, 4, 28)
step 540 score (1, -0.25, 4, 14) best (1, -0.25, 4, 28)
step 541 score (1, -0.25, 4, 20) best (1, -0.25, 4, 28)
step 542 score (1, -0.25, 4, 8) best (1, -0.25, 4, 28)
step 543 score (1, -0.25, 4, 14) best (1, -0.25, 4, 28)
step 544 score (1, -0.25, 4, 8) best (1, -0.25, 4, 28)
step 545 score (1, -0.25, 4, 20) best (1, -0.25, 4, 28)
step 546 score (1, -0.25, 4, 20) best (1, -0.25, 4, 28)
step 547 score (1, -0.25, 4, 6) best (1, -0.25, 4, 28)
step 548 score (1, -0.25, 4, 20) best (1, -0.25, 4, 28)
step 549 score (1, -0.25, 4, 20) best (1, -0.25, 4, 28)
step 550 score (1, -0.25, 4, 14) best (1, -0.25, 4, 28)
step 551 score (1, -0.25, 3, 8) best (1, -0.25, 4, 28)
step 552 score (1, -0.25, 4, 14) best (1, -0.25, 4, 28)
step 553 score (1, -0.25, 4, 20) best (1, -0.25, 4, 28)
step 554 score (1, -0.25, 4, 8) best (1, -0.25, 4, 28)
step 555 score (1, -0.25, 4, 20) best (1, -0.25, 4, 28)
step 556 score (1, -0.25, 4, 14) best (1, -0.25, 4, 28)
step 557 score (1, -0.25, 4, 10) best (1, -0.25, 4, 28)
step 558 score (1, -0.25, 4, 14) best (1, -0.25, 4, 28)
step 559 score (1, -0.25, 4, 20) best (1, -0.25, 4, 28)
step 560 score (1, -0.25, 4, 20) best (1, -0.25, 4, 28)
step 561 score (1, -0.25, 4, 6) best (1, -0.25, 4, 28)
step 562 score (1, -0.29927007299270075, 4, 4) best (1, -0.25, 4, 28)
step 563 score (1, -0.3178733031674208, 3, 5) best (1, -0.25, 4, 28)
step 564 score (1, -0.30584192439862545, 4, 4) best (1, -0.25, 4, 28)
step 565 score (1, -0.25, 4, 7) best (1, -0.25, 4, 28)
step 566 score (1, -0.29779837775202783, 4, 4) best (1, -0.25, 4, 28)
step 567 score (1, -0.2593516209476309, 4, 4) best (1, -0.25, 4, 28)
step 568 score (1, -0.25, 4, 4) best (1, -0.25, 4, 28)
step 569 score (1, -0.25, 4, 15) best (1, -0.25, 4, 28)
step 570 score (1, -0.2711864406779661, 3, 3) best (1, -0.25, 4, 28)
step 571 score (1, -0.25, 4, 15) best (1, -0.25, 4, 28)
step 572 score (1, -0.25, 4, 4) best (1, -0.25, 4, 28)
step 573 score (1, -0.25, 4, 4) best (1, -0.25, 4, 28)
step 574 score (1, -0.25, 4, 4) best (1, -0.25, 4, 28)
step 575 score (1, -0.29411764705882354, 2, 4) best (1, -0.25, 4, 28)
step 576 score (1, -0.29411764705882354, 2, 4) best (1, -0.25, 4, 28)
step 577 score (1, -0.3231552162849873, 2, 2) best (1, -0.25, 4, 28)
step 578 score (1, -0.29213483146067415, 2, 2) best (1, -0.25, 4, 28)
step 579 score (1, -0.2857142857142857, 2, 4) best (1, -0.25, 4, 28)
step 580 score (1, -0.29213483146067415, 2, 2) best (1, -0.25, 4, 28)
step 581 score (1, -0.2893081761006289, 2, 3) best (1, -0.25, 4, 28)
step 582 score (1, -0.29411764705882354, 2, 5) best (1, -0.25, 4, 28)
step 583 score (1, -0.3065795613625758, 3, 3) best (1, -0.25, 4, 28)
step 584 score (1, -0.25, 4, 9) best (1, -0.25, 4, 28)
step 585 score (1, -0.25, 4, 3) best (1, -0.25, 4, 28)
step 586 score (1, -0.25, 4, 3) best (1, -0.25, 4, 28)
step 587 score (1, -0.25, 4, 3) best (1, -0.25, 4, 28)
step 588 score (1, -0.25, 4, 3) best (1, -0.25, 4, 28)
step 589 score (1, -0.25, 4, 3) best (1, -0.25, 4, 28)
step 590 score (1, -0.28661087866108786, 3, 3) best (1, -0.25, 4, 28)
step 591 score (1, -0.25, 2, 6) best (1, -0.25, 4, 28)
step 592 score (1, -0.25, 4, 9) best (1, -0.25, 4, 28)
step 593 score (1, -0.25, 4, 4) best (1, -0.25, 4, 28)
step 594 score (1, -0.25, 2, 5) best (1, -0.25, 4, 28)
step 595 score (1, -0.25, 4, 4) best (1, -0.25, 4, 28)
step 596 score (1, -0.29411764705882354, 2, 2) best (1, -0.25, 4, 28)
step 597 score (1, -0.29411764705882354, 2, 2) best (1, -0.25, 4, 28)
step 598 score (1, -0.25, 4, 4) best (1, -0.25, 4, 28)
step 599 score (1, -0.30434782608695654, 2, 3) best (1, -0.25, 4, 28)
step 600 score (1, -0.25, 4, 4) best (1, -0.25, 4, 28)
step 601 score (1, -0.25, 4, 5) best (1, -0.25, 4, 28)
step 602 score (1, -0.25, 4, 4) best (1, -0.25, 4, 28)
step 603 score (1, -0.29411764705882354, 2, 2) best (1, -0.25, 4, 28)
step 604 score (1, -0.29411764705882354, 2, 5) best (1, -0.25, 4, 28)
step 605 score (1, -0.29411764705882354, 2, 5) best (1, -0.25, 4, 28)
step 606 score (1, -0.29411764705882354, 2, 2) best (1, -0.25, 4, 28)
step 607 score (1, -0.32762312633832974, 3, 1) best (1, -0.25, 4, 28)
step 608 score (1, -0.3165147339410642, 3, 2) best (1, -0.25, 4, 28)
step 609 score (1, -0.29411764705882354, 2, 3) best (1, -0.25, 4, 28)
step 610 score (1, -0.25, 4, 3) best (1, -0.25, 4, 28)
step 611 score (1, -0.25, 4, 4) best (1, -0.25, 4, 28)
step 612 score (1, -0.25, 4, 3) best (1, -0.25, 4, 28)
step 613 score (1, -0.3235294117647059, 4, 3) best (1, -0.25, 4, 28)
step 614 score (1, -0.3591779542269967, 2, 1) best (1, -0.25, 4, 28)
step 615 score (1, -0.3235294117647059, 4, 4) best (1, -0.25, 4, 28)
step 616 score (1, -0.25, 4, 4) best (1, -0.25, 4, 28)
step 617 score (1, -0.29411764705882354, 2, 4) best (1, -0.25, 4, 28)
step 618 score (1, -0.3235294117647059, 4, 4) best (1, -0.25, 4, 28)
step 619 score (1, -0.25, 4, 8) best (1, -0.25, 4, 28)
step 620 score (1, -0.25, 4, 5) best (1, -0.25, 4, 28)
step 621 score (1, -0.25, 4, 9) best (1, -0.25, 4, 28)
step 622 score (1, -0.25, 4, 19) best (1, -0.25, 4, 28)
step 623 score (1, -0.30434782608695654, 4, 4) best (1, -0.25, 4, 28)
step 624 score (1, -0.2929061784897025, 4, 4) best (1, -0.25, 4, 28)
step 625 score (1, -0.28848346636259975, 4, 4) best (1, -0.25, 4, 28)
step 626 score (1, -0.28369704749679076, 3, 6) best (1, -0.25, 4, 28)
step 627 score (1, -0.25, 4, 15) best (1, -0.25, 4, 28)
step 628 score (1, -0.3160886867538374, 4, 7) best (1, -0.25, 4, 28)
step 629 score (1, -0.32326820603907636, 4, 4) best (1, -0.25, 4, 28)
step 630 score (1, -0.3064295485636115, 4, 6) best (1, -0.25, 4, 28)
step 631 score (1, -0.3022284122562674, 4, 6) best (1, -0.25, 4, 28)
step 632 score (1, -0.2732919254658385, 3, 4) best (1, -0.25, 4, 28)
step 633 score (1, -0.25, 3, 9) best (1, -0.25, 4, 28)
step 634 score (1, -0.2676056338028169, 4, 6) best (1, -0.25, 4, 28)
step 635 score (1, -0.25, 4, 4) best (1, -0.25, 4, 28)
step 636 score (1, -0.25, 4, 4) best (1, -0.25, 4, 28)
step 637 score (1, -0.25, 4, 5) best (1, -0.25, 4, 28)
step 638 score (1, -0.25, 4, 6) best (1, -0.25, 4, 28)
step 639 score (1, -0.25, 4, 8) best (1, -0.25, 4, 28)
step 640 score (1, -0.25, 4, 8) best (1, -0.25, 4, 28)
step 641 score (1, -0.27450980392156865, 4, 8) best (1, -0.25, 4, 28)
step 642 score (1, -0.25, 4, 8) best (1, -0.25, 4, 28)
step 643 score (1, -0.25, 4, 4) best (1, -0.25, 4, 28)
step 644 score (1, -0.25, 4, 4) best (1, -0.25, 4, 28)
step 645 score (1, -0.29213483146067415, 4, 4) best (1, -0.25, 4, 28)
step 646 score (1, -0.2692307692307692, 4, 6) best (1, -0.25, 4, 28)
step 647 score (1, -0.25, 4, 11) best (1, -0.25, 4, 28)
step 648 score (1, -0.2897822445561139, 4, 4) best (1, -0.25, 4, 28)
step 649 score (1, -0.2653061224489796, 4, 5) best (1, -0.25, 4, 28)
step 650 score (1, -0.25, 4, 7) best (1, -0.25, 4, 28)
step 651 score (1, -0.25, 4, 6) best (1, -0.25, 4, 28)
step 652 score (1, -0.27889060092449924, 4, 4) best (1, -0.25, 4, 28)
step 653 score (1, -0.25, 4, 4) best (1, -0.25, 4, 28)
step 654 score (1, -0.30434782608695654, 3, 4) best (1, -0.25, 4, 28)
step 655 score (1, -0.25, 3, 5) best (1, -0.25, 4, 28)
step 656 score (1, -0.28324778348110125, 3, 4) best (1, -0.25, 4, 28)
step 657 score (1, -0.28110599078341014, 3, 4) best (1, -0.25, 4, 28)
step 658 score (1, -0.25, 2, 4) best (1, -0.25, 4, 28)
step 659 score (1, -0.25, 2, 4) best (1, -0.25, 4, 28)
step 660 score (1, -0.25, 2, 4) best (1, -0.25, 4, 28)
step 661 score (1, -0.25, 2, 4) best (1, -0.25, 4, 28)
step 662 score (1, -0.25, 2, 4) best (1, -0.25, 4, 28)
step 663 score (1, -0.25, 2, 4) best (1, -0.25, 4, 28)
step 664 score (1, -0.25, 2, 4) best (1, -0.25, 4, 28)
step 665 score (1, -0.25, 2, 5) best (1, -0.25, 4, 28)
step 666 score (1, -0.25, 2, 3) best (1, -0.25, 4, 28)
step 667 score (1, -0.2916666666666667, 2, 8) best (1, -0.25, 4, 28)
step 668 score (1, -0.25, 2, 3) best (1, -0.25, 4, 28)
step 669 score (1, -0.25, 2, 5) best (1, -0.25, 4, 28)
step 670 score (1, -0.25, 2, 4) best (1, -0.25, 4, 28)
step 671 score (1, -0.25, 2, 4) best (1, -0.25, 4, 28)
step 672 score (1, -0.25, 2, 4) best (1, -0.25, 4, 28)
step 673 score (1, -0.25, 2, 4) best (1, -0.25, 4, 28)
step 674 score (1, -0.25, 2, 2) best (1, -0.25, 4, 28)
step 675 score (1, -0.3069908814589666, 4, 9) best (1, -0.25, 4, 28)
step 676 score (1, -0.25, 2, 2) best (1, -0.25, 4, 28)
step 677 score (1, -0.25, 2, 4) best (1, -0.25, 4, 28)
step 678 score (1, -0.2620320855614973, 4, 4) best (1, -0.25, 4, 28)
step 679 score (1, -0.25, 2, 4) best (1, -0.25, 4, 28)
step 680 score (1, -0.25, 2, 4) best (1, -0.25, 4, 28)
step 681 score (1, -0.25, 2, 4) best (1, -0.25, 4, 28)
step 682 score (1, -0.25, 2, 2) best (1, -0.25, 4, 28)
step 683 score (1, -0.3069908814589666, 4, 9) best (1, -0.25, 4, 28)
step 684 score (1, -0.25, 2, 2) best (1, -0.25, 4, 28)
step 685 score (1, -0.25, 2, 4) best (1, -0.25, 4, 28)
step 686 score (1, -0.25, 2, 4) best (1, -0.25, 4, 28)
step 687 score (1, -0.25, 2, 4) best (1, -0.25, 4, 28)
step 688 score (1, -0.2808219178082192, 4, 4) best (1, -0.25, 4, 28)
step 689 score (1, -0.25, 2, 4) best (1, -0.25, 4, 28)
step 690 score (1, -0.25, 2, 4) best (1, -0.25, 4, 28)
step 691 score (1, -0.25, 2, 2) best (1, -0.25, 4, 28)
step 692 score (1, -0.3493267589607434, 4, 2) best (1, -0.25, 4, 28)
step 693 score (1, -0.25, 2, 2) best (1, -0.25, 4, 28)
step 694 score (1, -0.35906676783004554, 4, 2) best (1, -0.25, 4, 28)
step 695 score (1, -0.34464956195244056, 4, 2) best (1, -0.25, 4, 28)
step 696 score (1, -0.2688821752265861, 4, 4) best (1, -0.25, 4, 28)
step 697 score (1, -0.2753188297074269, 4, 4) best (1, -0.25, 4, 28)
step 698 score (1, -0.2627986348122867, 4, 4) best (1, -0.25, 4, 28)
step 699 score (1, -0.25, 2, 4) best (1, -0.25, 4, 28)
step 700 score (1, -0.25, 2, 4) best (1, -0.25, 4, 28)
step 701 score (1, -0.25, 2, 4) best (1, -0.25, 4, 28)
step 702 score (1, -0.25, 2, 4) best (1, -0.25, 4, 28)
step 703 score (1, -0.25, 2, 2) best (1, -0.25, 4, 28)
step 704 score (1, -0.25, 2, 2) best (1, -0.25, 4, 28)
step 705 score (1, -0.25, 2, 2) best (1, -0.25, 4, 28)
step 706 score (1, -0.25, 2, 3) best (1, -0.25, 4, 28)
step 707 score (1, -0.33998265394622723, 4, 3) best (1, -0.25, 4, 28)
step 708 score (1, -0.25, 2, 3) best (1, -0.25, 4, 28)
step 709 score (1, -0.25, 2, 3) best (1, -0.25, 4, 28)
step 710 score (1, -0.25, 2, 3) best (1, -0.25, 4, 28)
step 711 score (1, -0.2776280323450135, 4, 3) best (1, -0.25, 4, 28)
step 712 score (1, -0.25, 2, 3) best (1, -0.25, 4, 28)
step 713 score (1, -0.2882138050374928, 4, 3) best (1, -0.25, 4, 28)
step 714 score (1, -0.2801589554357082, 4, 3) best (1, -0.25, 4, 28)
step 715 score (1, -0.2801589554357082, 4, 3) best (1, -0.25, 4, 28)
step 716 score (1, -0.2775330396475771, 4, 3) best (1, -0.25, 4, 28)
step 717 score (1, -0.2801589554357082, 4, 3) best (1, -0.25, 4, 28)
step 718 score (1, -0.2801589554357082, 4, 3) best (1, -0.25, 4, 28)
step 719 score (1, -0.2775330396475771, 4, 3) best (1, -0.25, 4, 28)
step 720 score (1, -0.2836624775583483, 4, 7) best (1, -0.25, 4, 28)
step 721 score (1, -0.2961409395973154, 3, 4) best (1, -0.25, 4, 28)
step 722 score (1, -0.25, 4, 8) best (1, -0.25, 4, 28)
step 723 score (1, -0.25, 3, 8) best (1, -0.25, 4, 28)
step 724 score (1, -0.25, 3, 14) best (1, -0.25, 4, 28)
step 725 score (1, -0.25, 3, 8) best (1, -0.25, 4, 28)
step 726 score (1, -0.25, 4, 5) best (1, -0.25, 4, 28)
step 727 score (1, -0.26918957515173153, 4, 5) best (1, -0.25, 4, 28)
step 728 score (1, -0.25, 4, 5) best (1, -0.25, 4, 28)
step 729 score (1, -0.25, 3, 8) best (1, -0.25, 4, 28)
step 730 score (1, -0.25, 4, 9) best (1, -0.25, 4, 28)
step 731 score (1, -0.25, 4, 7) best (1, -0.25, 4, 28)
step 732 score (1, -0.25, 4, 7) best (1, -0.25, 4, 28)
step 733 score (1, -0.25, 4, 9) best (1, -0.25, 4, 28)
step 734 score (1, -0.25, 4, 3) best (1, -0.25, 4, 28)
step 735 score (1, -0.25, 3, 2) best (1, -0.25, 4, 28)
step 736 score (1, -0.25, 3, 5) best (1, -0.25, 4, 28)
step 737 score (1, -0.25, 4, 9) best (1, -0.25, 4, 28)
step 738 score (1, -0.25, 4, 8) best (1, -0.25, 4, 28)
step 739 score (1, -0.25, 4, 9) best (1, -0.25, 4, 28)
step 740 score (1, -0.25, 4, 5) best (1, -0.25, 4, 28)
step 741 score (1, -0.25, 4, 9) best (1, -0.25, 4, 28)
step 742 score (1, -0.25, 4, 8) best (1, -0.25, 4, 28)
step 743 score (1, -0.28126132656759695, 4, 5) best (1, -0.25, 4, 28)
step 744 score (1, -0.25, 4, 5) best (1, -0.25, 4, 28)
step 745 score (1, -0.25, 4, 8) best (1, -0.25, 4, 28)
step 746 score (1, -0.25, 4, 5) best (1, -0.25, 4, 28)
step 747 score (1, -0.25, 4, 8) best (1, -0.25, 4, 28)
step 748 score (1, -0.25, 4, 5) best (1, -0.25, 4, 28)
step 749 score (1, -0.25, 4, 5) best (1, -0.25, 4, 28)
step 750 score (1, -0.25, 4, 5) best (1, -0.25, 4, 28)
step 751 score (1, -0.25, 4, 8) best (1, -0.25, 4, 28)
step 752 score (1, -0.25, 4, 5) best (1, -0.25, 4, 28)
step 753 score (1, -0.25, 4, 8) best (1, -0.25, 4, 28)
step 754 score (1, -0.25, 4, 8) best (1, -0.25, 4, 28)
step 755 score (1, -0.25, 4, 8) best (1, -0.25, 4, 28)
step 756 score (1, -0.25, 4, 8) best (1, -0.25, 4, 28)
step 757 score (1, -0.25, 4, 7) best (1, -0.25, 4, 28)
step 758 score (1, -0.25, 4, 8) best (1, -0.25, 4, 28)
step 759 score (1, -0.25, 4, 8) best (1, -0.25, 4, 28)
step 760 score (1, -0.25, 4, 4) best (1, -0.25, 4, 28)
step 761 score (1, -0.25, 4, 5) best (1, -0.25, 4, 28)
step 762 score (1, -0.25, 3, 3) best (1, -0.25, 4, 28)
step 763 score (1, -0.25, 4, 5) best (1, -0.25, 4, 28)
step 764 score (1, -0.25, 4, 8) best (1, -0.25, 4, 28)
step 765 score (1, -0.25, 4, 5) best (1, -0.25, 4, 28)
step 766 score (1, -0.25, 4, 8) best (1, -0.25, 4, 28)
step 767 score (1, -0.25, 4, 3) best (1, -0.25, 4, 28)
step 768 score (1, -0.25, 4, 3) best (1, -0.25, 4, 28)
step 769 score (1, -0.30952380952380953, 2, 2) best (1, -0.25, 4, 28)
step 770 score (1, -0.25, 4, 3) best (1, -0.25, 4, 28)
step 771 score (1, -0.25, 3, 2) best (1, -0.25, 4, 28)
step 772 score (1, -0.25, 3, 8) best (1, -0.25, 4, 28)
step 773 score (1, -0.25, 3, 8) best (1, -0.25, 4, 28)
step 774 score (1, -0.25, 3, 8) best (1, -0.25, 4, 28)
step 775 score (1, -0.25, 3, 14) best (1, -0.25, 4, 28)
step 776 score (1, -0.25, 4, 8) best (1, -0.25, 4, 28)
step 777 score (1, -0.25, 4, 14) best (1, -0.25, 4, 28)
step 778 score (1, -0.30434782608695654, 2, 8) best (1, -0.25, 4, 28)
step 779 score (1, -0.25, 4, 14) best (1, -0.25, 4, 28)
step 780 score (1, -0.25, 4, 14) best (1, -0.25, 4, 28)
step 781 score (1, -0.2892670157068063, 4, 3) best (1, -0.25, 4, 28)
step 782 score (1, -0.25, 4, 14) best (1, -0.25, 4, 28)
step 783 score (1, -0.29411764705882354, 2, 8) best (1, -0.25, 4, 28)
step 784 score (1, -0.25, 4, 14) best (1, -0.25, 4, 28)
step 785 score (1, -0.25, 4, 20) best (1, -0.25, 4, 28)
step 786 score (1, -0.25, 4, 14) best (1, -0.25, 4, 28)
step 787 score (1, -0.25, 4, 8) best (1, -0.25, 4, 28)
step 788 score (1, -0.25, 4, 14) best (1, -0.25, 4, 28)
step 789 score (1, -0.25, 4, 20) best (1, -0.25, 4, 28)
step 790 score (1, -0.25, 4, 20) best (1, -0.25, 4, 28)
step 791 score (1, -0.25, 4, 20) best (1, -0.25, 4, 28)
step 792 score (1, -0.25, 4, 14) best (1, -0.25, 4, 28)
step 793 score (1, -0.25, 4, 20) best (1, -0.25, 4, 28)
step 794 score (1, -0.25, 4, 14) best (1, -0.25, 4, 28)
step 795 score (1, -0.271865889212828, 4, 8) best (1, -0.25, 4, 28)
step 796 score (1, -0.25, 3, 14) best (1, -0.25, 4, 28)
step 797 score (1, -0.25, 3, 8) best (1, -0.25, 4, 28)
step 798 score (1, -0.25, 4, 4) best (1, -0.25, 4, 28)
step 799 score (1, -0.25, 4, 4) best (1, -0.25, 4, 28)
step 800 score (1, -0.25, 4, 5) best (1, -0.25, 4, 28)
step 801 score (1, -0.25, 4, 6) best (1, -0.25, 4, 28)
step 802 score (1, -0.27218934911242604, 4, 5) best (1, -0.25, 4, 28)
step 803 score (1, -0.25, 4, 6) best (1, -0.25, 4, 28)
step 804 score (1, -0.25, 4, 8) best (1, -0.25, 4, 28)
step 805 score (1, -0.25, 4, 8) best (1, -0.25, 4, 28)
step 806 score (1, -0.25, 4, 20) best (1, -0.25, 4, 28)
step 807 score (1, -0.25, 4, 20) best (1, -0.25, 4, 28)
step 808 score (1, -0.25, 3, 8) best (1, -0.25, 4, 28)
step 809 score (1, -0.25, 4, 20) best (1, -0.25, 4, 28)
step 810 score (1, -0.25, 4, 20) best (1, -0.25, 4, 28)
step 811 score (1, -0.25, 4, 8) best (1, -0.25, 4, 28)
step 812 score (1, -0.25, 4, 20) best (1, -0.25, 4, 28)
step 813 score (1, -0.25, 4, 8) best (1, -0.25, 4, 28)
step 814 score (1, -0.25, 4, 8) best (1, -0.25, 4, 28)
step 815 score (1, -0.29411764705882354, 2, 2) best (1, -0.25, 4, 28)
step 816 score (1, -0.30434782608695654, 2, 2) best (1, -0.25, 4, 28)
step 817 score (1, -0.30434782608695654, 2, 2) best (1, -0.25, 4, 28)
step 818 score (1, -0.283851554663992, 3, 8) best (1, -0.25, 4, 28)
step 819 score (1, -0.25, 4, 10) best (1, -0.25, 4, 28)
step 820 score (1, -0.25, 4, 8) best (1, -0.25, 4, 28)
step 821 score (1, -0.25, 4, 14) best (1, -0.25, 4, 28)
step 822 score (1, -0.25, 4, 14) best (1, -0.25, 4, 28)
step 823 score (1, -0.25, 4, 14) best (1, -0.25, 4, 28)
step 824 score (1, -0.25, 4, 8) best (1, -0.25, 4, 28)
step 825 score (1, -0.2821297429620563, 4, 8) best (1, -0.25, 4, 28)
step 826 score (1, -0.25, 3, 8) best (1, -0.25, 4, 28)
step 827 score (1, -0.25, 4, 4) best (1, -0.25, 4, 28)
step 828 score (1, -0.29305312317571514, 4, 2) best (1, -0.25, 4, 28)
step 829 score (1, -0.2918015102481122, 4, 8) best (1, -0.25, 4, 28)
step 830 score (1, -0.25, 3, 8) best (1, -0.25, 4, 28)
step 831 score (1, -0.25, 4, 8) best (1, -0.25, 4, 28)
step 832 score (1, -0.25, 3, 8) best (1, -0.25, 4, 28)
step 833 score (1, -0.25, 4, 9) best (1, -0.25, 4, 28)
step 834 score (1, -0.25, 3, 14) best (1, -0.25, 4, 28)
step 835 score (1, -0.25, 4, 9) best (1, -0.25, 4, 28)
step 836 score (1, -0.3235294117647059, 4, 4) best (1, -0.25, 4, 28)
step 837 score (1, -0.25, 3, 6) best (1, -0.25, 4, 28)
step 838 score (1, -0.25, 4, 6) best (1, -0.25, 4, 28)
step 839 score (1, -0.31097560975609756, 4, 3) best (1, -0.25, 4, 28)
step 840 score (1, -0.25, 4, 6) best (1, -0.25, 4, 28)
step 841 score (1, -0.25, 3, 4) best (1, -0.25, 4, 28)
step 842 score (1, -0.25, 3, 8) best (1, -0.25, 4, 28)
step 843 score (1, -0.25, 4, 14) best (1, -0.25, 4, 28)
step 844 score (1, -0.3194444444444444, 4, 27) best (1, -0.25, 4, 28)
step 845 score (1, -0.25, 4, 14) best (1, -0.25, 4, 28)
step 846 score (1, -0.25, 4, 8) best (1, -0.25, 4, 28)
step 847 score (1, -0.25, 3, 14) best (1, -0.25, 4, 28)
step 848 score (1, -0.25, 4, 6) best (1, -0.25, 4, 28)
step 849 score (1, -0.25, 4, 2) best (1, -0.25, 4, 28)
step 850 score (1, -0.25, 4, 6) best (1, -0.25, 4, 28)
step 851 score (1, -0.25, 3, 14) best (1, -0.25, 4, 28)
step 852 score (1, -0.25, 4, 8) best (1, -0.25, 4, 28)
step 853 score (1, -0.25, 4, 20) best (1, -0.25, 4, 28)
step 854 score (1, -0.25, 4, 20) best (1, -0.25, 4, 28)
step 855 score (1, -0.25, 4, 8) best (1, -0.25, 4, 28)
step 856 score (1, -0.25, 4, 20) best (1, -0.25, 4, 28)
step 857 score (1, -0.25, 4, 20) best (1, -0.25, 4, 28)
step 858 score (1, -0.25, 4, 6) best (1, -0.25, 4, 28)
step 859 score (1, -0.25, 4, 8) best (1, -0.25, 4, 28)
step 860 score (1, -0.25, 4, 6) best (1, -0.25, 4, 28)
step 861 score (1, -0.29411764705882354, 2, 2) best (1, -0.25, 4, 28)
step 862 score (1, -0.27180232558139533, 4, 8) best (1, -0.25, 4, 28)
step 863 score (1, -0.25, 4, 20) best (1, -0.25, 4, 28)
step 864 score (1, -0.25, 4, 20) best (1, -0.25, 4, 28)
step 865 score (1, -0.25, 4, 8) best (1, -0.25, 4, 28)
step 866 score (1, -0.25, 4, 8) best (1, -0.25, 4, 28)
step 867 score (1, -0.25, 4, 8) best (1, -0.25, 4, 28)
step 868 score (1, -0.25, 2, 3) best (1, -0.25, 4, 28)
step 869 score (1, -0.2913907284768212, 3, 4) best (1, -0.25, 4, 28)
step 870 score (1, -0.25, 4, 14) best (1, -0.25, 4, 28)
step 871 score (1, -0.25, 4, 8) best (1, -0.25, 4, 28)
step 872 score (1, -0.2883435582822086, 3, 4) best (1, -0.25, 4, 28)
step 873 score (1, -0.27358490566037735, 4, 10) best (1, -0.25, 4, 28)
step 874 score (1, -0.27358490566037735, 4, 4) best (1, -0.25, 4, 28)
step 875 score (1, -0.25, 4, 20) best (1, -0.25, 4, 28)
step 876 score (1, -0.25, 3, 8) best (1, -0.25, 4, 28)
step 877 score (1, -0.25, 4, 20) best (1, -0.25, 4, 28)
step 878 score (1, -0.25, 4, 6) best (1, -0.25, 4, 28)
step 879 score (1, -0.3235294117647059, 4, 3) best (1, -0.25, 4, 28)
step 880 score (1, -0.25, 4, 4) best (1, -0.25, 4, 28)
step 881 score (1, -0.25, 4, 2) best (1, -0.25, 4, 28)
step 882 score (1, -0.29554655870445345, 4, 2) best (1, -0.25, 4, 28)
step 883 score (1, -0.25, 4, 2) best (1, -0.25, 4, 28)
step 884 score (1, -0.25, 4, 2) best (1, -0.25, 4, 28)
step 885 score (1, -0.2727272727272727, 4, 4) best (1, -0.25, 4, 28)
step 886 score (1, -0.2727272727272727, 4, 10) best (1, -0.25, 4, 28)
step 887 score (1, -0.2727272727272727, 4, 4) best (1, -0.25, 4, 28)
step 888 score (1, -0.25, 4, 5) best (1, -0.25, 4, 28)
step 889 score (1, -0.25, 4, 3) best (1, -0.25, 4, 28)
step 890 score (1, -0.25, 4, 4) best (1, -0.25, 4, 28)
step 891 score (1, -0.25, 4, 3) best (1, -0.25, 4, 28)
step 892 score (1, -0.27218934911242604, 4, 5) best (1, -0.25, 4, 28)
step 893 score (1, -0.2751677852348993, 4, 5) best (1, -0.25, 4, 28)
step 894 score (1, -0.25, 4, 7) best (1, -0.25, 4, 28)
step 895 score (1, -0.25, 4, 8) best (1, -0.25, 4, 28)
step 896 score (1, -0.25, 3, 2) best (1, -0.25, 4, 28)
step 897 score (1, -0.25, 3, 12) best (1, -0.25, 4, 28)
step 898 score (1, -0.25, 4, 7) best (1, -0.25, 4, 28)
step 899 score (1, -0.2751677852348993, 4, 5) best (1, -0.25, 4, 28)
step 900 score (1, -0.2839224629418472, 4, 3) best (1, -0.25, 4, 28)
step 901 score (1, -0.25, 4, 3) best (1, -0.25, 4, 28)
step 902 score (1, -0.28205128205128205, 4, 4) best (1, -0.25, 4, 28)
step 903 score (1, -0.2676056338028169, 4, 8) best (1, -0.25, 4, 28)
step 904 score (1, -0.2719298245614035, 3, 15) best (1, -0.25, 4, 28)
step 905 score (1, -0.25, 4, 3) best (1, -0.25, 4, 28)
step 906 score (1, -0.25, 3, 3) best (1, -0.25, 4, 28)
step 907 score (1, -0.29310344827586204, 4, 2) best (1, -0.25, 4, 28)
step 908 score (1, -0.2793733681462141, 4, 3) best (1, -0.25, 4, 28)
step 909 score (1, -0.2719298245614035, 3, 15) best (1, -0.25, 4, 28)
step 910 score (1, -0.29591836734693877, 3, 3) best (1, -0.25, 4, 28)
step 911 score (1, -0.2596899224806202, 3, 3) best (1, -0.25, 4, 28)
step 912 score (1, -0.2711864406779661, 3, 2) best (1, -0.25, 4, 28)
step 913 score (1, -0.25, 4, 2) best (1, -0.25, 4, 28)
step 914 score (1, -0.3380281690140845, 2, 2) best (1, -0.25, 4, 28)
step 915 score (1, -0.25, 4, 2) best (1, -0.25, 4, 28)
step 916 score (1, -0.25, 4, 2) best (1, -0.25, 4, 28)
step 917 score (1, -0.25, 4, 2) best (1, -0.25, 4, 28)
step 918 score (1, -0.25, 4, 2) best (1, -0.25, 4, 28)
step 919 score (1, -0.3231552162849873, 3, 2) best (1, -0.25, 4, 28)
step 920 score (1, -0.25, 4, 5) best (1, -0.25, 4, 28)
step 921 score (1, -0.25, 4, 8) best (1, -0.25, 4, 28)
step 922 score (1, -0.25, 4, 8) best (1, -0.25, 4, 28)
step 923 score (1, -0.25, 4, 8) best (1, -0.25, 4, 28)
step 924 score (1, -0.25, 4, 5) best (1, -0.25, 4, 28)
step 925 score (1, -0.25, 4, 5) best (1, -0.25, 4, 28)
step 926 score (1, -0.25, 2, 6) best (1, -0.25, 4, 28)
step 927 score (1, -0.25, 4, 5) best (1, -0.25, 4, 28)
step 928 score (1, -0.25, 4, 5) best (1, -0.25, 4, 28)
step 929 score (1, -0.25, 4, 8) best (1, -0.25, 4, 28)
step 930 score (1, -0.25, 4, 5) best (1, -0.25, 4, 28)
step 931 score (1, -0.25, 4, 5) best (1, -0.25, 4, 28)
step 932 score (1, -0.25, 4, 5) best (1, -0.25, 4, 28)
step 933 score (1, -0.2711864406779661, 3, 5) best (1, -0.25, 4, 28)
step 934 score (1, -0.25, 4, 5) best (1, -0.25, 4, 28)
step 935 score (1, -0.25, 4, 5) best (1, -0.25, 4, 28)
step 936 score (1, -0.25, 4, 5) best (1, -0.25, 4, 28)
step 937 score (1, -0.25, 4, 8) best (1, -0.25, 4, 28)
step 938 score (1, -0.25, 4, 5) best (1, -0.25, 4, 28)
step 939 score (1, -0.25, 4, 4) best (1, -0.25, 4, 28)
step 940 score (1, -0.25, 4, 8) best (1, -0.25, 4, 28)
step 941 score (1, -0.25, 4, 8) best (1, -0.25, 4, 28)
step 942 score (1, -0.25, 4, 7) best (1, -0.25, 4, 28)
step 943 score (1, -0.25, 4, 2) best (1, -0.25, 4, 28)
step 944 score (1, -0.25, 4, 7) best (1, -0.25, 4, 28)
step 945 score (1, -0.25, 4, 3) best (1, -0.25, 4, 28)
step 946 score (1, -0.25, 4, 13) best (1, -0.25, 4, 28)
step 947 score (1, -0.25, 4, 3) best (1, -0.25, 4, 28)
step 948 score (1, -0.25, 4, 7) best (1, -0.25, 4, 28)
step 949 score (1, -0.25, 4, 8) best (1, -0.25, 4, 28)
step 950 score (1, -0.25, 4, 8) best (1, -0.25, 4, 28)
step 951 score (1, -0.25, 4, 8) best (1, -0.25, 4, 28)
step 952 score (1, -0.25, 4, 5) best (1, -0.25, 4, 28)
step 953 score (1, -0.25, 4, 8) best (1, -0.25, 4, 28)
step 954 score (1, -0.25, 4, 5) best (1, -0.25, 4, 28)
step 955 score (1, -0.25, 3, 5) best (1, -0.25, 4, 28)
step 956 score (1, -0.25, 4, 5) best (1, -0.25, 4, 28)
step 957 score (1, -0.25, 4, 5) best (1, -0.25, 4, 28)
step 958 score (1, -0.25, 4, 5) best (1, -0.25, 4, 28)
step 959 score (1, -0.2711864406779661, 3, 5) best (1, -0.25, 4, 28)
step 960 score (1, -0.25, 4, 5) best (1, -0.25, 4, 28)
step 961 score (1, -0.2711864406779661, 3, 5) best (1, -0.25, 4, 28)
step 962 score (1, -0.2711864406779661, 3, 2) best (1, -0.25, 4, 28)
step 963 score (1, -0.2711864406779661, 3, 5) best (1, -0.25, 4, 28)
step 964 score (1, -0.25, 4, 5) best (1, -0.25, 4, 28)
step 965 score (1, -0.2711864406779661, 3, 5) best (1, -0.25, 4, 28)
step 966 score (1, -0.25, 4, 5) best (1, -0.25, 4, 28)
step 967 score (1, -0.2711864406779661, 3, 3) best (1, -0.25, 4, 28)
step 968 score (1, -0.2711864406779661, 3, 3) best (1, -0.25, 4, 28)
step 969 score (1, -0.2711864406779661, 3, 3) best (1, -0.25, 4, 28)
step 970 score (1, -0.2711864406779661, 3, 3) best (1, -0.25, 4, 28)
step 971 score (1, -0.2711864406779661, 3, 5) best (1, -0.25, 4, 28)
step 972 score (1, -0.3020833333333333, 2, 5) best (1, -0.25, 4, 28)
step 973 score (1, -0.25, 4, 5) best (1, -0.25, 4, 28)
step 974 score (1, -0.25, 4, 5) best (1, -0.25, 4, 28)
step 975 score (1, -0.25, 4, 2) best (1, -0.25, 4, 28)
step 976 score (1, -0.2937062937062937, 4, 2) best (1, -0.25, 4, 28)
step 977 score (1, -0.25, 4, 2) best (1, -0.25, 4, 28)
step 978 score (1, -0.3235294117647059, 4, 2) best (1, -0.25, 4, 28)
step 979 score (1, -0.3020833333333333, 2, 5) best (1, -0.25, 4, 28)
step 980 score (1, -0.25, 4, 5) best (1, -0.25, 4, 28)
step 981 score (1, -0.30952380952380953, 2, 3) best (1, -0.25, 4, 28)
step 982 score (1, -0.25, 4, 8) best (1, -0.25, 4, 28)
step 983 score (1, -0.25, 3, 8) best (1, -0.25, 4, 28)
step 984 score (1, -0.2870220786214324, 4, 8) best (1, -0.25, 4, 28)
step 985 score (1, -0.25, 2, 9) best (1, -0.25, 4, 28)
step 986 score (1, -0.27180232558139533, 4, 8) best (1, -0.25, 4, 28)
step 987 score (1, -0.27419354838709675, 4, 8) best (1, -0.25, 4, 28)
step 988 score (1, -0.25, 2, 3) best (1, -0.25, 4, 28)
step 989 score (1, -0.2909494725152693, 4, 3) best (1, -0.25, 4, 28)
step 990 score (1, -0.2879514221796101, 4, 3) best (1, -0.25, 4, 28)
step 991 score (1, -0.28205128205128205, 3, 4) best (1, -0.25, 4, 28)
step 992 score (1, -0.2879514221796101, 4, 3) best (1, -0.25, 4, 28)
step 993 score (1, -0.2909494725152693, 4, 3) best (1, -0.25, 4, 28)
step 994 score (1, -0.28533658735001016, 4, 3) best (1, -0.25, 4, 28)
step 995 score (1, -0.2922262922262922, 4, 3) best (1, -0.25, 4, 28)
step 996 score (1, -0.25, 4, 3) best (1, -0.25, 4, 28)
step 997 score (1, -0.25, 4, 3) best (1, -0.25, 4, 28)
step 998 score (1, -0.25, 4, 6) best (1, -0.25, 4, 28)
step 999 score (1, -0.25, 4, 5) best (1, -0.25, 4, 28)
step 1000 score (1, -0.25, 4, 5) best (1, -0.25, 4, 28)
step 1001 score (1, -0.25, 4, 5) best (1, -0.25, 4, 28)
step 1002 score (1, -0.3300391187976117, 4, 3) best (1, -0.25, 4, 28)
step 1003 score (1, -0.29411764705882354, 2, 4) best (1, -0.25, 4, 28)
step 1004 score (1, -0.30434782608695654, 2, 4) best (1, -0.25, 4, 28)
step 1005 score (1, -0.25, 2, 4) best (1, -0.25, 4, 28)
step 1006 score (1, -0.25, 2, 4) best (1, -0.25, 4, 28)
step 1007 score (1, -0.25, 4, 15) best (1, -0.25, 4, 28)
step 1008 score (1, -0.25, 4, 9) best (1, -0.25, 4, 28)
step 1009 score (1, -0.25, 4, 3) best (1, -0.25, 4, 28)
step 1010 score (1, -0.25, 4, 12) best (1, -0.25, 4, 28)
step 1011 score (1, -0.25, 4, 4) best (1, -0.25, 4, 28)
step 1012 score (1, -0.25, 2, 4) best (1, -0.25, 4, 28)
step 1013 score (1, -0.29411764705882354, 2, 5) best (1, -0.25, 4, 28)
step 1014 score (1, -0.25, 4, 3) best (1, -0.25, 4, 28)
step 1015 score (1, -0.25, 4, 2) best (1, -0.25, 4, 28)
step 1016 score (1, -0.25, 4, 3) best (1, -0.25, 4, 28)
step 1017 score (1, -0.25, 4, 2) best (1, -0.25, 4, 28)
step 1018 score (1, -0.25, 4, 3) best (1, -0.25, 4, 28)
step 1019 score (1, -0.25, 3, 2) best (1, -0.25, 4, 28)
step 1020 score (1, -0.25, 4, 3) best (1, -0.25, 4, 28)
step 1021 score (1, -0.3038520020273695, 4, 2) best (1, -0.25, 4, 28)
step 1022 score (1, -0.31675312786084836, 4, 1) best (1, -0.25, 4, 28)
step 1023 score (1, -0.3126278118609407, 4, 1) best (1, -0.25, 4, 28)
step 1024 score (1, -0.2916666666666667, 3, 7) best (1, -0.25, 4, 28)
step 1025 score (1, -0.25, 2, 7) best (1, -0.25, 4, 28)
step 1026 score (1, -0.2719298245614035, 3, 5) best (1, -0.25, 4, 28)
step 1027 score (1, -0.25, 4, 5) best (1, -0.25, 4, 28)
step 1028 score (1, -0.25, 4, 7) best (1, -0.25, 4, 28)
step 1029 score (1, -0.25, 4, 5) best (1, -0.25, 4, 28)
step 1030 score (1, -0.2719298245614035, 3, 5) best (1, -0.25, 4, 28)
step 1031 score (1, -0.2916666666666667, 3, 8) best (1, -0.25, 4, 28)
step 1032 score (1, -0.2916666666666667, 2, 3) best (1, -0.25, 4, 28)
step 1033 score (1, -0.2916666666666667, 3, 8) best (1, -0.25, 4, 28)
step 1034 score (1, -0.25, 4, 3) best (1, -0.25, 4, 28)
step 1035 score (1, -0.25, 4, 8) best (1, -0.25, 4, 28)
step 1036 score (1, -0.25, 3, 3) best (1, -0.25, 4, 28)
step 1037 score (1, -0.25, 3, 3) best (1, -0.25, 4, 28)
step 1038 score (1, -0.25, 3, 3) best (1, -0.25, 4, 28)
step 1039 score (1, -0.25, 4, 14) best (1, -0.25, 4, 28)
step 1040 score (1, -0.25, 4, 8) best (1, -0.25, 4, 28)
step 1041 score (1, -0.29411764705882354, 2, 5) best (1, -0.25, 4, 28)
step 1042 score (1, -0.29411764705882354, 2, 7) best (1, -0.25, 4, 28)
step 1043 score (1, -0.25, 3, 2) best (1, -0.25, 4, 28)
step 1044 score (1, -0.25, 3, 2) best (1, -0.25, 4, 28)
step 1045 score (1, -0.25, 4, 4) best (1, -0.25, 4, 28)
step 1046 score (1, -0.25, 4, 4) best (1, -0.25, 4, 28)
step 1047 score (1, -0.25, 3, 2) best (1, -0.25, 4, 28)
step 1048 score (1, -0.25, 4, 5) best (1, -0.25, 4, 28)
step 1049 score (1, -0.25, 4, 10) best (1, -0.25, 4, 28)
step 1050 score (1, -0.25, 3, 8) best (1, -0.25, 4, 28)
step 1051 score (1, -0.25, 4, 4) best (1, -0.25, 4, 28)
step 1052 score (1, -0.25, 4, 4) best (1, -0.25, 4, 28)
step 1053 score (1, -0.25, 4, 5) best (1, -0.25, 4, 28)
step 1054 score (1, -0.2784090909090909, 4, 4) best (1, -0.25, 4, 28)
step 1055 score (1, -0.2688316036156679, 4, 4) best (1, -0.25, 4, 28)
step 1056 score (1, -0.25, 4, 4) best (1, -0.25, 4, 28)
step 1057 score (1, -0.25, 4, 4) best (1, -0.25, 4, 28)
step 1058 score (1, -0.3235294117647059, 4, 2) best (1, -0.25, 4, 28)
step 1059 score (1, -0.3235294117647059, 4, 2) best (1, -0.25, 4, 28)
step 1060 score (1, -0.3235294117647059, 4, 2) best (1, -0.25, 4, 28)
step 1061 score (1, -0.25, 4, 2) best (1, -0.25, 4, 28)
step 1062 score (1, -0.25, 3, 2) best (1, -0.25, 4, 28)
step 1063 score (1, -0.25, 3, 3) best (1, -0.25, 4, 28)
step 1064 score (1, -0.2916666666666667, 2, 2) best (1, -0.25, 4, 28)
step 1065 score (1, -0.29411764705882354, 2, 2) best (1, -0.25, 4, 28)
step 1066 score (1, -0.29411764705882354, 2, 3) best (1, -0.25, 4, 28)
step 1067 score (1, -0.25, 2, 3) best (1, -0.25, 4, 28)
step 1068 score (1, -0.25, 2, 3) best (1, -0.25, 4, 28)
step 1069 score (1, -0.25, 2, 6) best (1, -0.25, 4, 28)
step 1070 score (1, -0.25, 2, 5) best (1, -0.25, 4, 28)
step 1071 score (1, -0.35039370078740156, 2, 1) best (1, -0.25, 4, 28)
step 1072 score (1, -0.3368055555555556, 3, 1) best (1, -0.25, 4, 28)
step 1073 score (1, -0.2916666666666667, 2, 2) best (1, -0.25, 4, 28)
step 1074 score (1, -0.2916666666666667, 2, 3) best (1, -0.25, 4, 28)
step 1075 score (1, -0.29411764705882354, 2, 3) best (1, -0.25, 4, 28)
step 1076 score (1, -0.29411764705882354, 2, 5) best (1, -0.25, 4, 28)
step 1077 score (1, -0.25, 4, 25) best (1, -0.25, 4, 28)
step 1078 score (1, -0.25, 4, 6) best (1, -0.25, 4, 28)
step 1079 score (1, -0.25, 4, 18) best (1, -0.25, 4, 28)
step 1080 score (1, -0.25, 4, 12) best (1, -0.25, 4, 28)
step 1081 score (1, -0.25, 4, 4) best (1, -0.25, 4, 28)
step 1082 score (1, -0.2784090909090909, 3, 15) best (1, -0.25, 4, 28)
step 1083 score (1, -0.25, 4, 11) best (1, -0.25, 4, 28)
step 1084 score (1, -0.2913907284768212, 3, 6) best (1, -0.25, 4, 28)
step 1085 score (1, -0.25, 4, 6) best (1, -0.25, 4, 28)
step 1086 score (1, -0.31225296442687744, 4, 7) best (1, -0.25, 4, 28)
step 1087 score (1, -0.25, 2, 4) best (1, -0.25, 4, 28)
step 1088 score (1, -0.30434782608695654, 2, 2) best (1, -0.25, 4, 28)
step 1089 score (1, -0.2913907284768212, 3, 8) best (1, -0.25, 4, 28)
step 1090 score (1, -0.25, 4, 7) best (1, -0.25, 4, 28)
step 1091 score (1, -0.25, 4, 8) best (1, -0.25, 4, 28)
step 1092 score (1, -0.32075471698113206, 4, 8) best (1, -0.25, 4, 28)
step 1093 score (1, -0.25, 4, 8) best (1, -0.25, 4, 28)
step 1094 score (1, -0.3235294117647059, 4, 4) best (1, -0.25, 4, 28)
step 1095 score (1, -0.3563218390804598, 3, 1) best (1, -0.25, 4, 28)
step 1096 score (1, -0.3235294117647059, 4, 4) best (1, -0.25, 4, 28)
step 1097 score (1, -0.2765957446808511, 2, 6) best (1, -0.25, 4, 28)
step 1098 score (1, -0.30434782608695654, 2, 2) best (1, -0.25, 4, 28)
step 1099 score (1, -0.30434782608695654, 2, 2) best (1, -0.25, 4, 28)
step 1100 score (1, -0.30434782608695654, 2, 2) best (1, -0.25, 4, 28)
step 1101 score (1, -0.30434782608695654, 2, 2) best (1, -0.25, 4, 28)
step 1102 score (1, -0.3346613545816733, 2, 4) best (1, -0.25, 4, 28)
step 1103 score (1, -0.2913907284768212, 3, 6) best (1, -0.25, 4, 28)
step 1104 score (1, -0.25, 4, 9) best (1, -0.25, 4, 28)
step 1105 score (1, -0.25, 4, 14) best (1, -0.25, 4, 28)
step 1106 score (1, -0.25, 4, 7) best (1, -0.25, 4, 28)
step 1107 score (1, -0.25, 4, 6) best (1, -0.25, 4, 28)
step 1108 score (1, -0.3235294117647059, 4, 3) best (1, -0.25, 4, 28)
step 1109 score (1, -0.25, 4, 2) best (1, -0.25, 4, 28)
step 1110 score (1, -0.25, 4, 5) best (1, -0.25, 4, 28)
step 1111 score (1, -0.25, 4, 4) best (1, -0.25, 4, 28)
step 1112 score (1, -0.29310344827586204, 4, 2) best (1, -0.25, 4, 28)
step 1113 score (1, -0.28440366972477066, 4, 12) best (1, -0.25, 4, 28)
step 1114 score (1, -0.2913907284768212, 3, 8) best (1, -0.25, 4, 28)
step 1115 score (1, -0.25, 4, 6) best (1, -0.25, 4, 28)
step 1116 score (1, -0.296035655641567, 4, 6) best (1, -0.25, 4, 28)
step 1117 score (1, -0.30434782608695654, 4, 4) best (1, -0.25, 4, 28)
step 1118 score (1, -0.29769194536033916, 4, 4) best (1, -0.25, 4, 28)
step 1119 score (1, -0.30899937067337946, 4, 4) best (1, -0.25, 4, 28)
step 1120 score (1, -0.25, 2, 4) best (1, -0.25, 4, 28)
step 1121 score (1, -0.25, 2, 4) best (1, -0.25, 4, 28)
step 1122 score (1, -0.25, 2, 4) best (1, -0.25, 4, 28)
step 1123 score (1, -0.25, 2, 4) best (1, -0.25, 4, 28)
step 1124 score (1, -0.3137869292748433, 4, 4) best (1, -0.25, 4, 28)
step 1125 score (1, -0.25, 2, 4) best (1, -0.25, 4, 28)
step 1126 score (1, -0.25, 2, 4) best (1, -0.25, 4, 28)
step 1127 score (1, -0.25, 2, 4) best (1, -0.25, 4, 28)
step 1128 score (1, -0.25, 2, 4) best (1, -0.25, 4, 28)
step 1129 score (1, -0.25, 2, 4) best (1, -0.25, 4, 28)
step 1130 score (1, -0.25, 2, 4) best (1, -0.25, 4, 28)
step 1131 score (1, -0.3008130081300813, 3, 17) best (1, -0.25, 4, 28)
step 1132 score (1, -0.25, 2, 4) best (1, -0.25, 4, 28)
step 1133 score (1, -0.25, 2, 4) best (1, -0.25, 4, 28)
step 1134 score (1, -0.25, 2, 4) best (1, -0.25, 4, 28)
step 1135 score (1, -0.25, 2, 6) best (1, -0.25, 4, 28)
step 1136 score (1, -0.25, 2, 4) best (1, -0.25, 4, 28)
step 1137 score (1, -0.31330685203574976, 4, 4) best (1, -0.25, 4, 28)
step 1138 score (1, -0.306439674315322, 4, 4) best (1, -0.25, 4, 28)
step 1139 score (1, -0.2974683544303797, 2, 6) best (1, -0.25, 4, 28)
step 1140 score (1, -0.2974683544303797, 2, 6) best (1, -0.25, 4, 28)
step 1141 score (1, -0.3333333333333333, 2, 6) best (1, -0.25, 4, 28)
step 1142 score (1, -0.25, 2, 13) best (1, -0.25, 4, 28)
step 1143 score (1, -0.25, 2, 13) best (1, -0.25, 4, 28)
step 1144 score (1, -0.27450980392156865, 2, 3) best (1, -0.25, 4, 28)
step 1145 score (1, -0.3169642857142857, 2, 8) best (1, -0.25, 4, 28)
step 1146 score (1, -0.25, 2, 8) best (1, -0.25, 4, 28)
step 1147 score (1, -0.25, 2, 11) best (1, -0.25, 4, 28)
step 1148 score (1, -0.25, 2, 20) best (1, -0.25, 4, 28)
step 1149 score (1, -0.25, 2, 6) best (1, -0.25, 4, 28)
step 1150 score (1, -0.2965050732807215, 4, 4) best (1, -0.25, 4, 28)
step 1151 score (1, -0.25, 3, 4) best (1, -0.25, 4, 28)
step 1152 score (1, -0.280107047279215, 4, 13) best (1, -0.25, 4, 28)
step 1153 score (1, -0.3036371066612178, 4, 4) best (1, -0.25, 4, 28)
step 1154 score (1, -0.2978442586889573, 4, 4) best (1, -0.25, 4, 28)
step 1155 score (1, -0.27302496930004094, 4, 5) best (1, -0.25, 4, 28)
step 1156 score (1, -0.2655086848635236, 4, 4) best (1, -0.25, 4, 28)
step 1157 score (1, -0.2671232876712329, 4, 4) best (1, -0.25, 4, 28)
step 1158 score (1, -0.2600106780565937, 4, 4) best (1, -0.25, 4, 28)
step 1159 score (1, -0.27388535031847133, 4, 4) best (1, -0.25, 4, 28)
step 1160 score (1, -0.25, 4, 4) best (1, -0.25, 4, 28)
step 1161 score (1, -0.25, 4, 4) best (1, -0.25, 4, 28)
step 1162 score (1, -0.3274336283185841, 4, 4) best (1, -0.25, 4, 28)
step 1163 score (1, -0.25, 4, 4) best (1, -0.25, 4, 28)
step 1164 score (1, -0.3194444444444444, 2, 4) best (1, -0.25, 4, 28)
step 1165 score (1, -0.30193905817174516, 4, 4) best (1, -0.25, 4, 28)
step 1166 score (1, -0.25907990314769974, 4, 4) best (1, -0.25, 4, 28)
step 1167 score (1, -0.25, 3, 4) best (1, -0.25, 4, 28)
step 1168 score (1, -0.25, 2, 18) best (1, -0.25, 4, 28)
step 1169 score (1, -0.25, 2, 6) best (1, -0.25, 4, 28)
step 1170 score (1, -0.25, 2, 18) best (1, -0.25, 4, 28)
step 1171 score (1, -0.25, 3, 4) best (1, -0.25, 4, 28)
step 1172 score (1, -0.25, 2, 8) best (1, -0.25, 4, 28)
step 1173 score (1, -0.25, 3, 4) best (1, -0.25, 4, 28)
step 1174 score (1, -0.2556278139069535, 4, 4) best (1, -0.25, 4, 28)
step 1175 score (1, -0.25, 4, 4) best (1, -0.25, 4, 28)
step 1176 score (1, -0.2871287128712871, 4, 8) best (1, -0.25, 4, 28)
step 1177 score (1, -0.25, 2, 4) best (1, -0.25, 4, 28)
step 1178 score (1, -0.25, 2, 4) best (1, -0.25, 4, 28)
step 1179 score (1, -0.25, 2, 7) best (1, -0.25, 4, 28)
step 1180 score (1, -0.25, 2, 10) best (1, -0.25, 4, 28)
step 1181 score (1, -0.25, 2, 10) best (1, -0.25, 4, 28)
step 1182 score (1, -0.25, 2, 10) best (1, -0.25, 4, 28)
step 1183 score (1, -0.25, 2, 7) best (1, -0.25, 4, 28)
step 1184 score (1, -0.25, 2, 19) best (1, -0.25, 4, 28)
step 1185 score (1, -0.25, 2, 21) best (1, -0.25, 4, 28)
step 1186 score (1, -0.25, 2, 55) best (1, -0.25, 4, 28)
step 1187 score (1, -0.25, 2, 19) best (1, -0.25, 4, 28)
step 1188 score (1, -0.25, 2, 17) best (1, -0.25, 4, 28)
step 1189 score (1, -0.3005050505050505, 4, 8) best (1, -0.25, 4, 28)
step 1190 score (1, -0.25, 4, 14) best (1, -0.25, 4, 28)
step 1191 score (1, -0.25, 2, 6) best (1, -0.25, 4, 28)
step 1192 score (1, -0.25, 2, 8) best (1, -0.25, 4, 28)
step 1193 score (1, -0.25, 2, 14) best (1, -0.25, 4, 28)
step 1194 score (1, -0.25, 3, 10) best (1, -0.25, 4, 28)
step 1195 score (1, -0.25, 2, 10) best (1, -0.25, 4, 28)
step 1196 score (1, -0.25, 3, 10) best (1, -0.25, 4, 28)
step 1197 score (1, -0.25, 2, 14) best (1, -0.25, 4, 28)
step 1198 score (1, -0.25, 2, 7) best (1, -0.25, 4, 28)
step 1199 score (1, -0.25, 4, 6) best (1, -0.25, 4, 28)
step 1200 score (1, -0.25, 4, 4) best (1, -0.25, 4, 28)
step 1201 score (1, -0.27906976744186046, 2, 4) best (1, -0.25, 4, 28)
step 1202 score (1, -0.3402061855670103, 3, 4) best (1, -0.25, 4, 28)
step 1203 score (1, -0.3103448275862069, 4, 4) best (1, -0.25, 4, 28)
step 1204 score (1, -0.25, 3, 10) best (1, -0.25, 4, 28)
step 1205 score (1, -0.25, 2, 14) best (1, -0.25, 4, 28)
step 1206 score (1, -0.29411764705882354, 4, 4) best (1, -0.25, 4, 28)
step 1207 score (1, -0.3004484304932735, 4, 4) best (1, -0.25, 4, 28)
step 1208 score (1, -0.25, 2, 20) best (1, -0.25, 4, 28)
step 1209 score (1, -0.25, 2, 12) best (1, -0.25, 4, 28)
step 1210 score (1, -0.25, 2, 12) best (1, -0.25, 4, 28)
step 1211 score (1, -0.25, 2, 12) best (1, -0.25, 4, 28)
step 1212 score (1, -0.25, 2, 20) best (1, -0.25, 4, 28)
step 1213 score (1, -0.25, 2, 11) best (1, -0.25, 4, 28)
step 1214 score (1, -0.25, 2, 16) best (1, -0.25, 4, 28)
step 1215 score (1, -0.25, 2, 12) best (1, -0.25, 4, 28)
step 1216 score (1, -0.25, 2, 16) best (1, -0.25, 4, 28)
step 1217 score (1, -0.25, 2, 14) best (1, -0.25, 4, 28)
step 1218 score (1, -0.25, 2, 12) best (1, -0.25, 4, 28)
step 1219 score (1, -0.25, 2, 14) best (1, -0.25, 4, 28)
step 1220 score (1, -0.25, 2, 10) best (1, -0.25, 4, 28)
step 1221 score (1, -0.25, 2, 6) best (1, -0.25, 4, 28)
step 1222 score (1, -0.25, 2, 10) best (1, -0.25, 4, 28)
step 1223 score (1, -0.32867132867132864, 2, 3) best (1, -0.25, 4, 28)
step 1224 score (1, -0.30434782608695654, 2, 2) best (1, -0.25, 4, 28)
step 1225 score (1, -0.25, 2, 4) best (1, -0.25, 4, 28)
step 1226 score (1, -0.25, 2, 6) best (1, -0.25, 4, 28)
step 1227 score (1, -0.25, 2, 6) best (1, -0.25, 4, 28)
step 1228 score (1, -0.25, 2, 10) best (1, -0.25, 4, 28)
step 1229 score (1, -0.25, 2, 14) best (1, -0.25, 4, 28)
step 1230 score (1, -0.25, 2, 7) best (1, -0.25, 4, 28)
step 1231 score (1, -0.25, 2, 16) best (1, -0.25, 4, 28)
step 1232 score (1, -0.25, 2, 24) best (1, -0.25, 4, 28)
step 1233 score (1, -0.25, 2, 16) best (1, -0.25, 4, 28)
step 1234 score (1, -0.25, 2, 16) best (1, -0.25, 4, 28)
step 1235 score (1, -0.25, 2, 16) best (1, -0.25, 4, 28)
step 1236 score (1, -0.25, 2, 16) best (1, -0.25, 4, 28)
step 1237 score (1, -0.25, 2, 16) best (1, -0.25, 4, 28)
step 1238 score (1, -0.25, 2, 16) best (1, -0.25, 4, 28)
step 1239 score (1, -0.25, 2, 16) best (1, -0.25, 4, 28)
step 1240 score (1, -0.25, 2, 16) best (1, -0.25, 4, 28)
step 1241 score (1, -0.25, 2, 22) best (1, -0.25, 4, 28)
step 1242 score (1, -0.25, 2, 24) best (1, -0.25, 4, 28)
step 1243 score (1, -0.25, 2, 16) best (1, -0.25, 4, 28)
step 1244 score (1, -0.25, 2, 16) best (1, -0.25, 4, 28)
step 1245 score (1, -0.25, 2, 16) best (1, -0.25, 4, 28)
step 1246 score (1, -0.25, 2, 16) best (1, -0.25, 4, 28)
step 1247 score (1, -0.25, 2, 16) best (1, -0.25, 4, 28)
step 1248 score (1, -0.25, 2, 16) best (1, -0.25, 4, 28)
step 1249 score (1, -0.25, 2, 30) best (1, -0.25, 4, 28)
step 1250 score (1, -0.25, 2, 28) best (1, -0.25, 4, 28)
step 1251 score (1, -0.25, 2, 10) best (1, -0.25, 4, 28)
step 1252 score (1, -0.25, 2, 12) best (1, -0.25, 4, 28)
step 1253 score (1, -0.25, 2, 8) best (1, -0.25, 4, 28)
step 1254 score (1, -0.25, 2, 8) best (1, -0.25, 4, 28)
step 1255 score (1, -0.25, 2, 22) best (1, -0.25, 4, 28)
step 1256 score (1, -0.25, 2, 18) best (1, -0.25, 4, 28)
step 1257 score (1, -0.25, 2, 12) best (1, -0.25, 4, 28)
step 1258 score (1, -0.25, 2, 13) best (1, -0.25, 4, 28)
step 1259 score (1, -0.25, 2, 12) best (1, -0.25, 4, 28)
step 1260 score (1, -0.25, 4, 10) best (1, -0.25, 4, 28)
step 1261 score (1, -0.25, 2, 8) best (1, -0.25, 4, 28)
step 1262 score (1, -0.25, 2, 8) best (1, -0.25, 4, 28)
step 1263 score (1, -0.25, 2, 22) best (1, -0.25, 4, 28)
step 1264 score (1, -0.25, 4, 18) best (1, -0.25, 4, 28)
step 1265 score (1, -0.25, 2, 22) best (1, -0.25, 4, 28)
step 1266 score (1, -0.25, 2, 8) best (1, -0.25, 4, 28)
step 1267 score (1, -0.25, 3, 13) best (1, -0.25, 4, 28)
step 1268 score (1, -0.25, 2, 10) best (1, -0.25, 4, 28)
step 1269 score (1, -0.25, 3, 13) best (1, -0.25, 4, 28)
step 1270 score (1, -0.25, 2, 8) best (1, -0.25, 4, 28)
step 1271 score (1, -0.2777777777777778, 2, 4) best (1, -0.25, 4, 28)
step 1272 score (1, -0.25, 2, 5) best (1, -0.25, 4, 28)
step 1273 score (1, -0.25, 2, 7) best (1, -0.25, 4, 28)
step 1274 score (1, -0.25, 2, 7) best (1, -0.25, 4, 28)
step 1275 score (1, -0.25, 2, 7) best (1, -0.25, 4, 28)
step 1276 score (1, -0.25, 2, 19) best (1, -0.25, 4, 28)
step 1277 score (1, -0.25, 2, 11) best (1, -0.25, 4, 28)
step 1278 score (1, -0.25, 2, 19) best (1, -0.25, 4, 28)
step 1279 score (1, -0.25, 2, 6) best (1, -0.25, 4, 28)
step 1280 score (1, -0.25, 2, 7) best (1, -0.25, 4, 28)
step 1281 score (1, -0.25, 2, 6) best (1, -0.25, 4, 28)
step 1282 score (1, -0.29310344827586204, 2, 3) best (1, -0.25, 4, 28)
step 1283 score (1, -0.3064516129032258, 2, 3) best (1, -0.25, 4, 28)
step 1284 score (1, -0.29411764705882354, 3, 3) best (1, -0.25, 4, 28)
step 1285 score (1, -0.2601626016260163, 2, 3) best (1, -0.25, 4, 28)
step 1286 score (1, -0.25, 2, 4) best (1, -0.25, 4, 28)
step 1287 score (1, -0.25, 2, 4) best (1, -0.25, 4, 28)
step 1288 score (1, -0.25, 2, 4) best (1, -0.25, 4, 28)
step 1289 score (1, -0.25, 2, 10) best (1, -0.25, 4, 28)
step 1290 score (1, -0.25, 2, 10) best (1, -0.25, 4, 28)
step 1291 score (1, -0.25, 2, 10) best (1, -0.25, 4, 28)
step 1292 score (1, -0.25, 2, 7) best (1, -0.25, 4, 28)
step 1293 score (1, -0.25, 2, 10) best (1, -0.25, 4, 28)
step 1294 score (1, -0.25, 2, 10) best (1, -0.25, 4, 28)
step 1295 score (1, -0.25, 2, 10) best (1, -0.25, 4, 28)
step 1296 score (1, -0.25, 2, 3) best (1, -0.25, 4, 28)
step 1297 score (1, -0.25, 2, 10) best (1, -0.25, 4, 28)
step 1298 score (1, -0.25, 2, 10) best (1, -0.25, 4, 28)
step 1299 score (1, -0.25, 2, 16) best (1, -0.25, 4, 28)
step 1300 score (1, -0.25, 2, 12) best (1, -0.25, 4, 28)
step 1301 score (1, -0.25, 2, 12) best (1, -0.25, 4, 28)
step 1302 score (1, -0.25, 2, 8) best (1, -0.25, 4, 28)
step 1303 score (1, -0.25, 2, 12) best (1, -0.25, 4, 28)
step 1304 score (1, -0.25, 2, 14) best (1, -0.25, 4, 28)
step 1305 score (1, -0.25, 2, 12) best (1, -0.25, 4, 28)
step 1306 score (1, -0.25, 2, 12) best (1, -0.25, 4, 28)
step 1307 score (1, -0.25, 2, 12) best (1, -0.25, 4, 28)
step 1308 score (1, -0.25, 2, 14) best (1, -0.25, 4, 28)
step 1309 score (1, -0.25, 2, 12) best (1, -0.25, 4, 28)
step 1310 score (1, -0.25, 2, 8) best (1, -0.25, 4, 28)
step 1311 score (1, -0.25, 2, 14) best (1, -0.25, 4, 28)
step 1312 score (1, -0.25, 2, 10) best (1, -0.25, 4, 28)
step 1313 score (1, -0.25, 2, 14) best (1, -0.25, 4, 28)
step 1314 score (1, -0.25, 2, 10) best (1, -0.25, 4, 28)
step 1315 score (1, -0.25, 2, 18) best (1, -0.25, 4, 28)
step 1316 score (1, -0.25, 2, 21) best (1, -0.25, 4, 28)
step 1317 score (1, -0.25, 2, 8) best (1, -0.25, 4, 28)
step 1318 score (1, -0.25, 2, 4) best (1, -0.25, 4, 28)
step 1319 score (1, -0.25, 2, 8) best (1, -0.25, 4, 28)
step 1320 score (1, -0.2857142857142857, 4, 4) best (1, -0.25, 4, 28)
step 1321 score (1, -0.25, 2, 8) best (1, -0.25, 4, 28)
step 1322 score (1, -0.25, 2, 21) best (1, -0.25, 4, 28)
step 1323 score (1, -0.25, 2, 11) best (1, -0.25, 4, 28)
step 1324 score (1, -0.25, 2, 14) best (1, -0.25, 4, 28)
step 1325 score (1, -0.25, 4, 12) best (1, -0.25, 4, 28)
step 1326 score (1, -0.25, 2, 14) best (1, -0.25, 4, 28)
step 1327 score (1, -0.25, 2, 11) best (1, -0.25, 4, 28)
step 1328 score (1, -0.25, 2, 21) best (1, -0.25, 4, 28)
step 1329 score (1, -0.25, 2, 8) best (1, -0.25, 4, 28)
step 1330 score (1, -0.25, 2, 8) best (1, -0.25, 4, 28)
step 1331 score (1, -0.2857142857142857, 4, 4) best (1, -0.25, 4, 28)
step 1332 score (1, -0.25, 2, 21) best (1, -0.25, 4, 28)
step 1333 score (1, -0.25, 2, 11) best (1, -0.25, 4, 28)
step 1334 score (1, -0.25, 2, 14) best (1, -0.25, 4, 28)
step 1335 score (1, -0.25, 2, 14) best (1, -0.25, 4, 28)
step 1336 score (1, -0.25, 2, 11) best (1, -0.25, 4, 28)
step 1337 score (1, -0.25, 2, 21) best (1, -0.25, 4, 28)
step 1338 score (1, -0.25, 2, 11) best (1, -0.25, 4, 28)
step 1339 score (1, -0.25, 2, 21) best (1, -0.25, 4, 28)
step 1340 score (1, -0.25, 2, 4) best (1, -0.25, 4, 28)
step 1341 score (1, -0.25, 2, 14) best (1, -0.25, 4, 28)
step 1342 score (1, -0.25, 2, 14) best (1, -0.25, 4, 28)
step 1343 score (1, -0.2983425414364641, 4, 10) best (1, -0.25, 4, 28)
step 1344 score (1, -0.25, 2, 14) best (1, -0.25, 4, 28)
step 1345 score (1, -0.25, 2, 14) best (1, -0.25, 4, 28)
step 1346 score (1, -0.27218934911242604, 4, 4) best (1, -0.25, 4, 28)
step 1347 score (1, -0.29760225669957685, 3, 3) best (1, -0.25, 4, 28)
step 1348 score (1, -0.315136476426799, 3, 2) best (1, -0.25, 4, 28)
step 1349 score (1, -0.28222523744911804, 3, 2) best (1, -0.25, 4, 28)
step 1350 score (1, -0.30057803468208094, 4, 2) best (1, -0.25, 4, 28)
step 1351 score (1, -0.28222523744911804, 3, 2) best (1, -0.25, 4, 28)
step 1352 score (1, -0.3068181818181818, 3, 4) best (1, -0.25, 4, 28)
step 1353 score (1, -0.25, 2, 5) best (1, -0.25, 4, 28)
step 1354 score (1, -0.25, 2, 4) best (1, -0.25, 4, 28)
step 1355 score (1, -0.25, 2, 10) best (1, -0.25, 4, 28)
step 1356 score (1, -0.25, 2, 10) best (1, -0.25, 4, 28)
step 1357 score (1, -0.25, 2, 8) best (1, -0.25, 4, 28)
step 1358 score (1, -0.34067357512953367, 2, 2) best (1, -0.25, 4, 28)
step 1359 score (1, -0.3425925925925926, 3, 2) best (1, -0.25, 4, 28)
step 1360 score (1, -0.34115674769488685, 3, 1) best (1, -0.25, 4, 28)
step 1361 score (1, -0.34363295880149813, 4, 2) best (1, -0.25, 4, 28)
step 1362 score (1, -0.34151785714285715, 3, 1) best (1, -0.25, 4, 28)
step 1363 score (1, -0.3119834710743802, 4, 1) best (1, -0.25, 4, 28)
step 1364 score (1, -0.3170191834727004, 4, 1) best (1, -0.25, 4, 28)
step 1365 score (1, -0.31055363321799306, 4, 1) best (1, -0.25, 4, 28)
step 1366 score (1, -0.3, 4, 7) best (1, -0.25, 4, 28)
step 1367 score (1, -0.3076923076923077, 3, 4) best (1, -0.25, 4, 28)
step 1368 score (1, -0.28640776699029125, 4, 2) best (1, -0.25, 4, 28)
step 1369 score (1, -0.29651162790697677, 4, 1) best (1, -0.25, 4, 28)
step 1370 score (1, -0.3162878787878788, 4, 3) best (1, -0.25, 4, 28)
step 1371 score (1, -0.3526912181303116, 4, 3) best (1, -0.25, 4, 28)
step 1372 score (1, -0.3263428991905813, 4, 1) best (1, -0.25, 4, 28)
step 1373 score (1, -0.29651162790697677, 4, 1) best (1, -0.25, 4, 28)
step 1374 score (1, -0.28640776699029125, 4, 2) best (1, -0.25, 4, 28)
step 1375 score (1, -0.3109048723897912, 4, 2) best (1, -0.25, 4, 28)
step 1376 score (1, -0.32231404958677684, 4, 3) best (1, -0.25, 4, 28)
step 1377 score (1, -0.2959866220735786, 3, 2) best (1, -0.25, 4, 28)
step 1378 score (1, -0.2996777658431794, 4, 2) best (1, -0.25, 4, 28)
step 1379 score (1, -0.3062684055532183, 3, 2) best (1, -0.25, 4, 28)
step 1380 score (1, -0.2996777658431794, 4, 2) best (1, -0.25, 4, 28)
step 1381 score (1, -0.2990889098334904, 3, 2) best (1, -0.25, 4, 28)
step 1382 score (1, -0.31681877444589307, 4, 2) best (1, -0.25, 4, 28)
step 1383 score (1, -0.32722513089005234, 4, 2) best (1, -0.25, 4, 28)
step 1384 score (1, -0.30348375029226093, 3, 2) best (1, -0.25, 4, 28)
step 1385 score (1, -0.25, 2, 2) best (1, -0.25, 4, 28)
step 1386 score (1, -0.30348375029226093, 3, 2) best (1, -0.25, 4, 28)
step 1387 score (1, -0.25, 2, 2) best (1, -0.25, 4, 28)
step 1388 score (1, -0.25, 2, 2) best (1, -0.25, 4, 28)
step 1389 score (1, -0.30348375029226093, 3, 2) best (1, -0.25, 4, 28)
step 1390 score (1, -0.2732919254658385, 4, 5) best (1, -0.25, 4, 28)
step 1391 score (1, -0.2633624878522838, 4, 5) best (1, -0.25, 4, 28)
step 1392 score (1, -0.2583444592790387, 3, 2) best (1, -0.25, 4, 28)
step 1393 score (1, -0.2583444592790387, 3, 2) best (1, -0.25, 4, 28)
step 1394 score (1, -0.2633624878522838, 4, 5) best (1, -0.25, 4, 28)
step 1395 score (1, -0.3091715976331361, 3, 5) best (1, -0.25, 4, 28)
step 1396 score (1, -0.2633624878522838, 4, 5) best (1, -0.25, 4, 28)
step 1397 score (1, -0.2583444592790387, 3, 2) best (1, -0.25, 4, 28)
step 1398 score (1, -0.2668463611859838, 3, 2) best (1, -0.25, 4, 28)
step 1399 score (1, -0.2668463611859838, 3, 2) best (1, -0.25, 4, 28)
step 1400 score (1, -0.2583444592790387, 3, 2) best (1, -0.25, 4, 28)
step 1401 score (1, -0.2668463611859838, 3, 2) best (1, -0.25, 4, 28)
step 1402 score (1, -0.26280737704918034, 3, 2) best (1, -0.25, 4, 28)
step 1403 score (1, -0.26280737704918034, 3, 2) best (1, -0.25, 4, 28)
step 1404 score (1, -0.2668463611859838, 3, 2) best (1, -0.25, 4, 28)
step 1405 score (1, -0.2668463611859838, 3, 2) best (1, -0.25, 4, 28)
step 1406 score (1, -0.2706543291473893, 3, 2) best (1, -0.25, 4, 28)
step 1407 score (1, -0.26668446342765617, 3, 2) best (1, -0.25, 4, 28)
step 1408 score (1, -0.26668446342765617, 3, 2) best (1, -0.25, 4, 28)
step 1409 score (1, -0.2706543291473893, 3, 2) best (1, -0.25, 4, 28)
step 1410 score (1, -0.2668463611859838, 3, 2) best (1, -0.25, 4, 28)
step 1411 score (1, -0.26726519337016574, 3, 2) best (1, -0.25, 4, 28)
step 1412 score (1, -0.2668463611859838, 3, 2) best (1, -0.25, 4, 28)
step 1413 score (1, -0.2732919254658385, 4, 5) best (1, -0.25, 4, 28)
step 1414 score (1, -0.30348375029226093, 3, 2) best (1, -0.25, 4, 28)
step 1415 score (1, -0.25, 2, 2) best (1, -0.25, 4, 28)
step 1416 score (1, -0.25, 2, 2) best (1, -0.25, 4, 28)
step 1417 score (1, -0.38007147361782634, 2, 1) best (1, -0.25, 4, 28)
step 1418 score (1, -0.3632901751713633, 2, 1) best (1, -0.25, 4, 28)
step 1419 score (1, -0.3369098712446352, 3, 2) best (1, -0.25, 4, 28)
step 1420 score (1, -0.3520408163265306, 3, 2) best (1, -0.25, 4, 28)
step 1421 score (1, -0.3369098712446352, 3, 2) best (1, -0.25, 4, 28)
step 1422 score (1, -0.32982021078735274, 3, 3) best (1, -0.25, 4, 28)
step 1423 score (1, -0.25, 2, 4) best (1, -0.25, 4, 28)
step 1424 score (1, -0.27906976744186046, 2, 3) best (1, -0.25, 4, 28)
step 1425 score (1, -0.33892161304938834, 3, 3) best (1, -0.25, 4, 28)
