== T4 hole 4 n=17 canonical states 68 filled 22 DL 21 radius hist (unfilled) {1: 25, 2: 15, 3: 4, 4: 2}
  K(alpha,mu,A,B)        {1: {(1, 4, 3, 3): 2, (2, 3, 2, 4): 3, (2, 3, 4, 2): 3, (3, 4, 1, 3): 1, (3, 4, 3, 1): 2, (4, 1, 2, 4): 2, (4, 1, 4, 2): 3, (4, 3, 2, 2): 4, (4, 3, 4, 0): 2, (5, 2, 1, 3): 2, (5, 4, 1, 1): 1}, 2: {(1, 4, 3, 3): 1, (2, 1, 4, 4): 2, (2, 3, 2, 4): 1, (2, 3, 4, 2): 1, (3, 2, 3, 3): 4, (3, 4, 1, 3): 2, (3, 4, 3, 1): 2, (4, 1, 4, 2): 1, (5, 2, 1, 3): 1}, 3: {(2, 3, 2, 4): 2, (4, 3, 2, 2): 2}, 4: {(3, 2, 3, 3): 2}}
  Phi_beta               {1: {5: 13, 7: 11, 9: 1}, 2: {3: 2, 5: 8, 7: 5}, 3: {5: 2, 7: 2}, 4: {5: 2}}
  Phi_gamma              {1: {4: 6, 6: 14, 8: 5}, 2: {4: 4, 6: 10, 8: 1}, 3: {4: 2, 6: 2}, 4: {6: 2}}
  Phi_delta              {1: {4: 9, 6: 12, 8: 4}, 2: {4: 4, 6: 10, 8: 1}, 3: {6: 4}, 4: {6: 2}}
  kappa_alpha-kappa_mu   {1: {-3: 2, -1: 9, 1: 7, 3: 7}, 2: {-3: 1, -1: 6, 1: 6, 3: 2}, 3: {-1: 2, 1: 2}, 4: {1: 2}}
  argmin-role            {1: {(0,): 2, (0, 2): 3, (0, 3): 3, (1,): 5, (2,): 3, (2, 3): 5, (3,): 4}, 2: {(0,): 1, (0, 2): 1, (0, 3): 1, (1,): 7, (2,): 3, (3,): 2}, 3: {(0, 2): 2, (2, 3): 2}, 4: {(1,): 2}}
  shortest-fill steps (DL -> closer, unfilled to unfilled), change of Phi by role: {'beta': {'flat': 23, 'up': 14, 'down': 7}, 'gamma': {'flat': 27, 'up': 10, 'down': 7}, 'delta': {'flat': 25, 'up': 9, 'down': 10}}
  verdict: {'K(alpha,mu,A,B)': 'overlaps', 'Phi_beta': 'overlaps', 'Phi_gamma': 'overlaps', 'Phi_delta': 'overlaps', 'kappa_alpha-kappa_mu': 'overlaps', 'argmin-role': 'overlaps'}
== A_3 hole 0 n=17 canonical states 100 filled 40 DL 30 radius hist (unfilled) {1: 30, 2: 20, 3: 10}
  K(alpha,mu,A,B)        {1: {(4, 3, 2, 2): 30}, 2: {(3, 2, 3, 3): 10, (4, 3, 2, 2): 10}, 3: {(3, 2, 3, 3): 10}}
  Phi_beta               {1: {7: 30}, 2: {5: 10, 7: 10}, 3: {5: 10}}
  Phi_gamma              {1: {6: 30}, 2: {6: 20}, 3: {6: 10}}
  Phi_delta              {1: {6: 30}, 2: {6: 20}, 3: {6: 10}}
  kappa_alpha-kappa_mu   {1: {1: 30}, 2: {1: 20}, 3: {1: 10}}
  argmin-role            {1: {(2, 3): 30}, 2: {(1,): 10, (2, 3): 10}, 3: {(1,): 10}}
  shortest-fill steps (DL -> closer, unfilled to unfilled), change of Phi by role: {'beta': {'up': 40, 'flat': 20}, 'gamma': {'flat': 60}, 'delta': {'flat': 60}}
  verdict: {'K(alpha,mu,A,B)': 'overlaps', 'Phi_beta': 'overlaps', 'Phi_gamma': 'overlaps', 'Phi_delta': 'overlaps', 'kappa_alpha-kappa_mu': 'overlaps', 'argmin-role': 'overlaps'}
== order-28 (6^5) hole 0 n=28 canonical states 1118 filled 542 DL 121 radius hist (unfilled) {1: 455, 2: 117, 3: 3, 4: 1}
  K(alpha,mu,A,B)        {1: {(-2, 3, 4, 6): 2, (-2, 5, 4, 4): 2, (-1, 2, 5, 5): 1, (-1, 4, 3, 5): 26, (-1, 4, 5, 3): 17, (-1, 6, 1, 5): 2, (-1, 6, 5, 1): 1, (0, 1, 6, 4): 1, (0, 3, 4, 4): 2, (0, 5, 0, 6): 2, (0, 5, 2, 4): 2, (0, 5, 4, 2): 5, (1, 0, 5, 5): 6, (1, 2, 3, 5): 16, (1, 2, 5, 3): 15, (1, 4, 1, 5): 11, (1, 4, 3, 3): 23, (1, 4, 5, 1): 15, (1, 6, -1, 5): 2, (1, 6, 1, 3): 6, (1, 6, 3, 1): 7, (1, 6, 5, -1): 2, (2, -1, 4, 6): 3, (2, 1, 2, 6): 1, (2, 1, 4, 4): 7, (2, 1, 6, 2): 3, (2, 3, 0, 6): 4, (2, 3, 2, 4): 26, (2, 3, 4, 2): 35, (2, 3, 6, 0): 13, (2, 5, -2, 6): 2, (2, 5, 0, 4): 16, (2, 5, 2, 2): 7, (2, 5, 6, -2): 8, (3, -2, 5, 5): 8, (3, 0, 3, 5): 7, (3, 0, 5, 3): 3, (3, 2, 3, 3): 3, (3, 4, -1, 5): 2, (3, 4, 1, 3): 3, (3, 4, 3, 1): 4, (3, 4, 5, -1): 20, (3, 6, -1, 3): 4, (3, 6, 1, 1): 1, (3, 6, 3, -1): 2, (4, -1, 2, 6): 3, (4, -1, 4, 4): 9, (4, -1, 6, 2): 1, (4, 1, 0, 6): 2, (4, 1, 2, 4): 2, (4, 1, 4, 2): 6, (4, 3, -2, 6): 2, (4, 3, 0, 4): 4, (4, 3, 2, 2): 6, (4, 3, 6, -2): 4, (4, 5, -2, 4): 21, (4, 5, 0, 2): 1, (4, 5, 2, 0): 5, (4, 5, 4, -2): 7, (5, -2, 3, 5): 6, (5, -2, 5, 3): 4, (5, 0, 1, 5): 2, (5, 0, 3, 3): 9, (5, 0, 5, 1): 1, (5, 2, -1, 5): 2, (5, 2, 1, 3): 3, (5, 4, -1, 3): 1, (6, -1, 4, 2): 1, (6, 1, 4, 0): 1, (6, 3, 0, 2): 3, (6, 5, 0, 0): 1}, 2: {(-1, 2, 5, 5): 1, (-1, 6, 5, 1): 1, (0, 1, 4, 6): 1, (0, 3, 4, 4): 1, (0, 5, 4, 2): 1, (1, 2, 3, 5): 8, (1, 4, 3, 3): 19, (1, 4, 5, 1): 2, (1, 6, 1, 3): 3, (1, 6, 3, 1): 1, (1, 6, 5, -1): 1, (2, -1, 6, 4): 1, (2, 3, 0, 6): 2, (2, 3, 2, 4): 1, (2, 3, 4, 2): 11, (2, 3, 6, 0): 2, (2, 5, -2, 6): 3, (2, 5, 0, 4): 1, (2, 5, 2, 2): 2, (3, -2, 5, 5): 4, (3, 0, 3, 5): 2, (3, 2, 1, 5): 1, (3, 2, 3, 3): 2, (3, 4, 1, 3): 2, (3, 4, 3, 1): 4, (3, 4, 5, -1): 3, (3, 6, -1, 3): 1, (3, 6, 3, -1): 1, (4, -1, 4, 4): 2, (4, 1, 4, 2): 1, (4, 3, -2, 6): 2, (4, 3, 0, 4): 5, (4, 3, 2, 2): 3, (4, 3, 4, 0): 1, (4, 3, 6, -2): 1, (4, 5, -2, 4): 3, (4, 5, 0, 2): 2, (4, 5, 2, 0): 1, (4, 5, 4, -2): 5, (5, -2, 3, 5): 1, (5, -2, 5, 3): 3, (5, 0, 3, 3): 2, (5, 2, 5, -1): 2, (5, 6, -1, 1): 1}, 3: {(4, -1, 4, 4): 1, (4, 3, 4, 0): 1, (5, 4, -1, 3): 1}, 4: {(5, 4, -1, 3): 1}}
  Phi_beta               {1: {1: 21, 3: 122, 5: 165, 7: 101, 9: 45, 11: 1}, 2: {1: 7, 3: 17, 5: 45, 7: 34, 9: 13, 11: 1}, 3: {3: 1, 7: 1, 9: 1}, 4: {9: 1}}
  Phi_gamma              {1: {0: 8, 2: 98, 4: 120, 6: 125, 8: 92, 10: 12}, 2: {0: 3, 2: 12, 4: 47, 6: 27, 8: 22, 10: 6}, 3: {4: 1, 8: 2}, 4: {4: 1}}
  Phi_delta              {1: {0: 11, 2: 92, 4: 135, 6: 116, 8: 84, 10: 17}, 2: {0: 2, 2: 16, 4: 45, 6: 24, 8: 27, 10: 3}, 3: {4: 1, 8: 2}, 4: {8: 1}}
  kappa_alpha-kappa_mu   {1: {-7: 5, -5: 71, -3: 92, -1: 173, 1: 38, 3: 31, 5: 34, 7: 11}, 2: {-7: 1, -5: 6, -3: 31, -1: 46, 1: 15, 3: 6, 5: 8, 7: 4}, 3: {1: 2, 5: 1}, 4: {1: 1}}
  argmin-role            {1: {(0,): 115, (0, 2): 45, (0, 2, 3): 7, (0, 3): 57, (1,): 85, (2,): 72, (2, 3): 8, (3,): 66}, 2: {(0,): 32, (0, 2): 4, (0, 2, 3): 2, (0, 3): 14, (1,): 18, (2,): 23, (2, 3): 3, (3,): 21}, 3: {(1,): 1, (2,): 1, (3,): 1}, 4: {(2,): 1}}
  shortest-fill steps (DL -> closer, unfilled to unfilled), change of Phi by role: {'beta': {'flat': 261, 'down': 113, 'up': 56}, 'gamma': {'down': 104, 'up': 123, 'flat': 203}, 'delta': {'up': 137, 'flat': 186, 'down': 107}}
  verdict: {'K(alpha,mu,A,B)': 'overlaps', 'Phi_beta': 'overlaps', 'Phi_gamma': 'overlaps', 'Phi_delta': 'overlaps', 'kappa_alpha-kappa_mu': 'overlaps', 'argmin-role': 'overlaps'}
