E2 records (state x sense): 628

killing first swaps (pair, named vertices in K, result, depth) : number of records having it
   628 ('ab', ('x0', 'x1', 'x2'), 'unlocked', 'depth1')
   320 ('ad', ('w2', 'x2'), 'unlocked', 'depth2')
   320 ('ag', ('w4', 'x0'), 'unlocked', 'depth2')
   280 ('ab', (), 'unlocked', 'depth3')
   280 ('ab', ('m3', 'm4', 'w3'), 'unlocked', 'depth4')
   128 ('ab', ('m3', 'm4', 'w3'), 'unlocked', 'depth3')
   120 ('ag', ('w1', 'w3', 'x2', 'x3'), 'unlocked', 'depth5')
   120 ('ad', ('w0', 'w3', 'x0', 'x4'), 'unlocked', 'depth5')
   120 ('ag', ('w1', 'w3', 'x2', 'x3'), 'unlocked', 'depth4')
   120 ('ad', ('w0', 'w3', 'x0', 'x4'), 'unlocked', 'depth4')
   100 ('ab', ('m3', 'm4', 'w3'), 'unlocked', 'depth2')
   80 ('ad', (), 'unlocked', 'depth3')
   80 ('ag', (), 'unlocked', 'depth3')
   80 ('dg', ('w0', 'w1', 'w2', 'w4', 'x3', 'x4'), 'unlocked', 'depth3')
   80 ('dg', (), 'unlocked', 'depth3')
   60 ('ad', ('w0', 'w3', 'x0', 'x4'), 'unlocked', 'depth3')
   60 ('ag', ('w1', 'w3', 'x2', 'x3'), 'unlocked', 'depth3')
   40 ('ad', (), 'unlocked', 'depth4')
   40 ('ag', (), 'unlocked', 'depth4')
   40 ('ag', ('w4', 'x0'), 'unlocked', 'depth3')
   40 ('ad', ('w2', 'x2'), 'unlocked', 'depth3')
   20 ('ag', ('w4', 'x0'), 'unlocked', 'depth4')
   20 ('ad', ('w2', 'x2'), 'unlocked', 'depth4')
   20 ('ab', (), 'unlocked', 'depth4')

full kill-sets per record (how many records have exactly this set of killing swaps):
   128 (('ab', ('m3', 'm4', 'w3'), 'unlocked', 'depth3'), ('ab', ('x0', 'x1', 'x2'), 'unlocked', 'depth1'))
   40 (('ab', (), 'unlocked', 'depth3'), ('ab', ('x0', 'x1', 'x2'), 'unlocked', 'depth1'), ('ad', ('w0', 'w3', 'x0', 'x4'), 'unlocked', 'depth4'), ('ad', ('w2', 'x2'), 'unlocked', 'depth2'), ('ag', ('w1', 'w3', 'x2', 'x3'), 'unlocked', 'depth4'), ('ag', ('w4', 'x0'), 'unlocked', 'depth2'))
   40 (('ab', (), 'unlocked', 'depth3'), ('ab', ('x0', 'x1', 'x2'), 'unlocked', 'depth1'), ('ad', ('w0', 'w3', 'x0', 'x4'), 'unlocked', 'depth5'), ('ad', ('w2', 'x2'), 'unlocked', 'depth2'), ('ag', ('w1', 'w3', 'x2', 'x3'), 'unlocked', 'depth5'), ('ag', ('w4', 'x0'), 'unlocked', 'depth2'))
   40 (('ab', (), 'unlocked', 'depth3'), ('ab', ('x0', 'x1', 'x2'), 'unlocked', 'depth1'), ('ad', ('w2', 'x2'), 'unlocked', 'depth2'), ('ag', ('w4', 'x0'), 'unlocked', 'depth2'))
   20 (('ab', (), 'unlocked', 'depth3'), ('ab', ('m3', 'm4', 'w3'), 'unlocked', 'depth2'), ('ab', ('x0', 'x1', 'x2'), 'unlocked', 'depth1'), ('ad', (), 'unlocked', 'depth4'), ('ad', ('w2', 'x2'), 'unlocked', 'depth2'), ('ag', (), 'unlocked', 'depth4'), ('ag', ('w4', 'x0'), 'unlocked', 'depth2'))
   20 (('ab', (), 'unlocked', 'depth3'), ('ab', ('m3', 'm4', 'w3'), 'unlocked', 'depth2'), ('ab', ('x0', 'x1', 'x2'), 'unlocked', 'depth1'), ('ad', (), 'unlocked', 'depth3'), ('ad', ('w2', 'x2'), 'unlocked', 'depth2'), ('ag', (), 'unlocked', 'depth3'), ('ag', ('w4', 'x0'), 'unlocked', 'depth2'))
   20 (('ab', ('m3', 'm4', 'w3'), 'unlocked', 'depth4'), ('ab', ('x0', 'x1', 'x2'), 'unlocked', 'depth1'), ('ag', ('w1', 'w3', 'x2', 'x3'), 'unlocked', 'depth5'), ('ag', ('w4', 'x0'), 'unlocked', 'depth3'), ('dg', (), 'unlocked', 'depth3'), ('dg', ('w0', 'w1', 'w2', 'w4', 'x3', 'x4'), 'unlocked', 'depth3'))
   20 (('ab', ('m3', 'm4', 'w3'), 'unlocked', 'depth4'), ('ab', ('x0', 'x1', 'x2'), 'unlocked', 'depth1'), ('ad', ('w0', 'w3', 'x0', 'x4'), 'unlocked', 'depth5'), ('ad', ('w2', 'x2'), 'unlocked', 'depth3'), ('dg', (), 'unlocked', 'depth3'), ('dg', ('w0', 'w1', 'w2', 'w4', 'x3', 'x4'), 'unlocked', 'depth3'))
   20 (('ab', ('m3', 'm4', 'w3'), 'unlocked', 'depth4'), ('ab', ('x0', 'x1', 'x2'), 'unlocked', 'depth1'), ('ag', ('w1', 'w3', 'x2', 'x3'), 'unlocked', 'depth4'), ('ag', ('w4', 'x0'), 'unlocked', 'depth4'), ('dg', (), 'unlocked', 'depth3'), ('dg', ('w0', 'w1', 'w2', 'w4', 'x3', 'x4'), 'unlocked', 'depth3'))
   20 (('ab', ('m3', 'm4', 'w3'), 'unlocked', 'depth4'), ('ab', ('x0', 'x1', 'x2'), 'unlocked', 'depth1'), ('ad', ('w0', 'w3', 'x0', 'x4'), 'unlocked', 'depth4'), ('ad', ('w2', 'x2'), 'unlocked', 'depth4'), ('dg', (), 'unlocked', 'depth3'), ('dg', ('w0', 'w1', 'w2', 'w4', 'x3', 'x4'), 'unlocked', 'depth3'))
