CERTIFICATE f22837fbf7d3131c
step 0 score (0, 0, 6, 16, 0.166213) best (0, 1, 5, 13, 0.133824)
step 1 score (0, 0, 6, 14, 0.168604) best (0, 1, 5, 13, 0.133824)
step 2 score (0, 0, 8, 17, 0.163931) best (0, 1, 5, 13, 0.133824)
step 3 score (0, 0, 9, 15, 0.171637) best (0, 1, 5, 13, 0.133824)
step 4 score (0, 0, 8, 10, 0.138877) best (0, 1, 5, 13, 0.133824)
step 5 score (0, 0, 9, 15, 0.171637) best (0, 1, 5, 13, 0.133824)
step 6 score (0, 0, 8, 18, 0.147095) best (0, 1, 5, 13, 0.133824)
step 7 score (0, 0, 9, 15, 0.171637) best (0, 1, 5, 13, 0.133824)
step 8 score (0, 0, 8, 10, 0.119072) best (0, 1, 5, 13, 0.133824)
step 9 score (0, 0, 7, 14, 0.126848) best (0, 1, 5, 13, 0.133824)
step 10 score (0, 0, 6, 16, 0.190099) best (0, 1, 5, 13, 0.133824)
step 11 score (0, 0, 10, 16, 0.172082) best (0, 1, 5, 13, 0.133824)
step 12 score (0, 0, 11, 17, 0.152863) best (0, 1, 5, 13, 0.133824)
step 13 score (0, 0, 10, 17, 0.150956) best (0, 1, 5, 13, 0.133824)
step 14 score (0, 0, 9, 17, 0.198914) best (0, 1, 5, 13, 0.133824)
step 15 score (0, 0, 11, 18, 0.176201) best (0, 1, 5, 13, 0.133824)
step 16 score (0, 0, 14, 18, 0.172366) best (0, 1, 5, 13, 0.133824)
step 17 score (0, 0, 13, 17, 0.196959) best (0, 1, 5, 13, 0.133824)
step 18 score (0, 0, 11, 17, 0.152863) best (0, 1, 5, 13, 0.133824)
step 19 score (0, 0, 8, 17, 0.171845) best (0, 1, 5, 13, 0.133824)
step 20 score (0, 0, 8, 17, 0.170947) best (0, 1, 5, 13, 0.133824)
step 21 score (0, 0, 10, 17, 0.150956) best (0, 1, 5, 13, 0.133824)
step 22 score (0, 0, 6, 17, 0.171666) best (0, 1, 5, 13, 0.133824)
step 23 score (0, 0, 10, 17, 0.150956) best (0, 1, 5, 13, 0.133824)
step 24 score (0, 0, 11, 17, 0.152863) best (0, 1, 5, 13, 0.133824)
step 25 score (0, 0, 13, 17, 0.196959) best (0, 1, 5, 13, 0.133824)
step 26 score (0, 0, 14, 18, 0.172366) best (0, 1, 5, 13, 0.133824)
step 27 score (0, 0, 11, 18, 0.176201) best (0, 1, 5, 13, 0.133824)
step 28 score (0, 0, 12, 18, 0.178387) best (0, 1, 5, 13, 0.133824)
step 29 score (0, 0, 5, 13, 0.125276) best (0, 1, 5, 13, 0.133824)
step 30 score (0, 0, 4, 16, 0.149807) best (0, 1, 5, 13, 0.133824)
step 31 score (0, 0, 8, 17, 0.151835) best (0, 1, 5, 13, 0.133824)
step 32 score (0, 0, 8, 16, 0.158386) best (0, 1, 5, 13, 0.133824)
step 33 score (0, 0, 7, 13, 0.138742) best (0, 1, 5, 13, 0.133824)
step 34 score (0, 0, 4, 15, 0.144003) best (0, 1, 5, 13, 0.133824)
step 35 score (0, 0, 7, 13, 0.138742) best (0, 1, 5, 13, 0.133824)
step 36 score (0, 0, 8, 16, 0.158386) best (0, 1, 5, 13, 0.133824)
step 37 score (0, 0, 4, 16, 0.148488) best (0, 1, 5, 13, 0.133824)
step 38 score (0, 0, 4, 16, 0.149807) best (0, 1, 5, 13, 0.133824)
step 39 score (0, 0, 5, 13, 0.125276) best (0, 1, 5, 13, 0.133824)
step 40 score (0, 0, 6, 14, 0.12701) best (0, 1, 5, 13, 0.133824)
step 41 score (0, 0, 6, 14, 0.139449) best (0, 1, 5, 13, 0.133824)
step 42 score (0, 0, 5, 11, 0.134966) best (0, 1, 5, 13, 0.133824)
step 43 score (0, 0, 4, 10, 0.116476) best (0, 1, 5, 13, 0.133824)
step 44 score (0, 0, 5, 10, 0.118977) best (0, 1, 5, 13, 0.133824)
step 45 score (0, 0, 3, 15, 0.110113) best (0, 1, 5, 13, 0.133824)
step 46 score (0, 0, 5, 10, 0.118977) best (0, 1, 5, 13, 0.133824)
step 47 score (0, 0, 5, 10, 0.128458) best (0, 1, 5, 13, 0.133824)
step 48 score (0, 0, 6, 14, 0.139469) best (0, 1, 5, 13, 0.133824)
step 49 score (0, 0, 4, 14, 0.143248) best (0, 1, 5, 13, 0.133824)
step 50 score (0, 0, 4, 14, 0.143406) best (0, 1, 5, 13, 0.133824)
step 51 score (0, 0, 4, 10, 0.114564) best (0, 1, 5, 13, 0.133824)
step 52 score (0, 0, 5, 11, 0.113612) best (0, 1, 5, 13, 0.133824)
step 53 score (0, 0, 1, 9, 0.117537) best (0, 1, 5, 13, 0.133824)
step 54 score (0, 0, 1, 7, 0.123531) best (0, 1, 5, 13, 0.133824)
step 55 score (0, 0, 1, 12, 0.149567) best (0, 1, 5, 13, 0.133824)
step 56 score (0, 0, 2, 11, 0.13951) best (0, 1, 5, 13, 0.133824)
step 57 score (0, 0, 0, 13, 0.11454) best (0, 1, 5, 13, 0.133824)
step 58 score (0, 0, 2, 11, 0.13951) best (0, 1, 5, 13, 0.133824)
step 59 score (0, 0, 0, 16, 0.143768) best (0, 1, 5, 13, 0.133824)
step 60 score (0, 0, 1, 16, 0.145679) best (0, 1, 5, 13, 0.133824)
step 61 score (0, 0, 1, 14, 0.152536) best (0, 1, 5, 13, 0.133824)
step 62 score (0, 0, 3, 14, 0.166351) best (0, 1, 5, 13, 0.133824)
step 63 score (0, 0, 1, 14, 0.142015) best (0, 1, 5, 13, 0.133824)
step 64 score (0, 0, 0, 16, 0.116264) best (0, 1, 5, 13, 0.133824)
step 65 score (0, 0, 2, 9, 0.126593) best (0, 1, 5, 13, 0.133824)
step 66 score (0, 0, 0, 12, 0.112119) best (0, 1, 5, 13, 0.133824)
step 67 score (0, 0, 4, 13, 0.116983) best (0, 1, 5, 13, 0.133824)
step 68 score (0, 0, 4, 17, 0.165902) best (0, 1, 5, 13, 0.133824)
step 69 score (0, 0, 5, 16, 0.153546) best (0, 1, 5, 13, 0.133824)
step 70 score (0, 0, 8, 10, 0.140191) best (0, 1, 5, 13, 0.133824)
step 71 score (0, 0, 5, 16, 0.153546) best (0, 1, 5, 13, 0.133824)
step 72 score (0, 0, 7, 17, 0.164487) best (0, 1, 5, 13, 0.133824)
step 73 score (0, 0, 7, 13, 0.098781) best (0, 1, 5, 13, 0.133824)
step 74 score (0, 0, 1, 12, 0.125646) best (0, 1, 5, 13, 0.133824)
step 75 score (0, 0, 7, 13, 0.098781) best (0, 1, 5, 13, 0.133824)
step 76 score (0, 0, 1, 12, 0.124975) best (0, 1, 5, 13, 0.133824)
step 77 score (0, 0, 7, 13, 0.098781) best (0, 1, 5, 13, 0.133824)
step 78 score (0, 0, 0, 14, 0.118637) best (0, 1, 5, 13, 0.133824)
step 79 score (0, 0, 0, 13, 0.128347) best (0, 1, 5, 13, 0.133824)
step 80 score (0, 0, 1, 9, 0.130126) best (0, 1, 5, 13, 0.133824)
step 81 score (0, 0, 2, 11, 0.129571) best (0, 1, 5, 13, 0.133824)
step 82 score (0, 0, 2, 10, 0.108661) best (0, 1, 5, 13, 0.133824)
step 83 score (0, 0, 2, 9, 0.109862) best (0, 1, 5, 13, 0.133824)
step 84 score (0, 0, 0, 8, 0.113412) best (0, 1, 5, 13, 0.133824)
step 85 score (0, 0, 1, 12, 0.138906) best (0, 1, 5, 13, 0.133824)
step 86 score (0, 0, 2, 13, 0.143126) best (0, 1, 5, 13, 0.133824)
step 87 score (0, 0, 2, 14, 0.127802) best (0, 1, 5, 13, 0.133824)
step 88 score (0, 0, 1, 12, 0.119103) best (0, 1, 5, 13, 0.133824)
step 89 score (0, 0, 2, 14, 0.127802) best (0, 1, 5, 13, 0.133824)
step 90 score (0, 0, 0, 11, 0.107765) best (0, 1, 5, 13, 0.133824)
CERTIFICATE a0a90665080ae034
step 91 score (0, 1, 4, 15, 0.111339) best (0, 1, 5, 13, 0.133824)
step 92 score (0, 0, 1, 13, 0.131458) best (0, 1, 5, 13, 0.133824)
step 93 score (0, 0, 4, 15, 0.128195) best (0, 1, 5, 13, 0.133824)
step 94 score (0, 0, 3, 13, 0.133178) best (0, 1, 5, 13, 0.133824)
step 95 score (0, 0, 4, 13, 0.116198) best (0, 1, 5, 13, 0.133824)
step 96 score (0, 0, 1, 7, 0.114671) best (0, 1, 5, 13, 0.133824)
step 97 score (0, 0, 1, 12, 0.124046) best (0, 1, 5, 13, 0.133824)
step 98 score (0, 0, 1, 13, 0.126011) best (0, 1, 5, 13, 0.133824)
step 99 score (0, 0, 1, 12, 0.132806) best (0, 1, 5, 13, 0.133824)
step 100 score (0, 0, 0, 13, 0.123907) best (0, 1, 5, 13, 0.133824)
step 101 score (0, 0, 0, 16, 0.141346) best (0, 1, 5, 13, 0.133824)
step 102 score (0, 0, 0, 14, 0.129687) best (0, 1, 5, 13, 0.133824)
step 103 score (0, 0, 1, 14, 0.104093) best (0, 1, 5, 13, 0.133824)
step 104 score (0, 0, 0, 15, 0.109661) best (0, 1, 5, 13, 0.133824)
step 105 score (0, 0, 3, 13, 0.120372) best (0, 1, 5, 13, 0.133824)
step 106 score (0, 0, 2, 13, 0.122931) best (0, 1, 5, 13, 0.133824)
step 107 score (0, 0, 0, 12, 0.118762) best (0, 1, 5, 13, 0.133824)
step 108 score (0, 0, 2, 9, 0.089446) best (0, 1, 5, 13, 0.133824)
step 109 score (0, 0, 0, 13, 0.129795) best (0, 1, 5, 13, 0.133824)
step 110 score (0, 0, 1, 16, 0.151736) best (0, 1, 5, 13, 0.133824)
step 111 score (0, 0, 1, 13, 0.141875) best (0, 1, 5, 13, 0.133824)
step 112 score (0, 0, 0, 12, 0.135027) best (0, 1, 5, 13, 0.133824)
step 113 score (0, 0, 1, 13, 0.141875) best (0, 1, 5, 13, 0.133824)
step 114 score (0, 0, 0, 13, 0.12284) best (0, 1, 5, 13, 0.133824)
step 115 score (0, 0, 1, 8, 0.107484) best (0, 1, 5, 13, 0.133824)
step 116 score (0, 0, 0, 13, 0.12284) best (0, 1, 5, 13, 0.133824)
step 117 score (0, 0, 1, 13, 0.141875) best (0, 1, 5, 13, 0.133824)
step 118 score (0, 0, 0, 14, 0.15821) best (0, 1, 5, 13, 0.133824)
step 119 score (0, 0, 1, 15, 0.127307) best (0, 1, 5, 13, 0.133824)
step 120 score (0, 0, 3, 12, 0.11898) best (0, 1, 5, 13, 0.133824)
step 121 score (0, 0, 1, 12, 0.12922) best (0, 1, 5, 13, 0.133824)
step 122 score (0, 0, 6, 15, 0.155513) best (0, 1, 5, 13, 0.133824)
step 123 score (0, 0, 8, 16, 0.152239) best (0, 1, 5, 13, 0.133824)
step 124 score (0, 0, 7, 15, 0.136824) best (0, 1, 5, 13, 0.133824)
step 125 score (0, 0, 0, 15, 0.120777) best (0, 1, 5, 13, 0.133824)
step 126 score (0, 0, 1, 10, 0.106743) best (0, 1, 5, 13, 0.133824)
step 127 score (0, 0, 1, 7, 0.10024) best (0, 1, 5, 13, 0.133824)
step 128 score (0, 0, 1, 10, 0.106743) best (0, 1, 5, 13, 0.133824)
step 129 score (0, 0, 4, 15, 0.142192) best (0, 1, 5, 13, 0.133824)
step 130 score (0, 0, 7, 15, 0.136824) best (0, 1, 5, 13, 0.133824)
step 131 score (0, 0, 7, 10, 0.106556) best (0, 1, 5, 13, 0.133824)
step 132 score (0, 0, 7, 16, 0.149479) best (0, 1, 5, 13, 0.133824)
step 133 score (0, 0, 13, 17, 0.155466) best (0, 1, 5, 13, 0.133824)
step 134 score (0, 0, 10, 17, 0.184406) best (0, 1, 5, 13, 0.133824)
step 135 score (0, 0, 13, 17, 0.155466) best (0, 1, 5, 13, 0.133824)
step 136 score (0, 0, 10, 17, 0.163511) best (0, 1, 5, 13, 0.133824)
step 137 score (0, 0, 9, 17, 0.197404) best (0, 1, 5, 13, 0.133824)
step 138 score (0, 0, 8, 15, 0.179543) best (0, 1, 5, 13, 0.133824)
step 139 score (0, 0, 9, 17, 0.197404) best (0, 1, 5, 13, 0.133824)
step 140 score (0, 0, 10, 17, 0.184406) best (0, 1, 5, 13, 0.133824)
step 141 score (0, 0, 13, 17, 0.155466) best (0, 1, 5, 13, 0.133824)
step 142 score (0, 0, 7, 13, 0.136534) best (0, 1, 5, 13, 0.133824)
step 143 score (0, 0, 2, 12, 0.1414) best (0, 1, 5, 13, 0.133824)
step 144 score (0, 0, 7, 13, 0.136534) best (0, 1, 5, 13, 0.133824)
step 145 score (0, 0, 13, 17, 0.155466) best (0, 1, 5, 13, 0.133824)
step 146 score (0, 0, 10, 17, 0.163511) best (0, 1, 5, 13, 0.133824)
step 147 score (0, 0, 5, 9, 0.114321) best (0, 1, 5, 13, 0.133824)
step 148 score (0, 0, 10, 17, 0.163511) best (0, 1, 5, 13, 0.133824)
step 149 score (0, 0, 9, 17, 0.197404) best (0, 1, 5, 13, 0.133824)
step 150 score (0, 0, 6, 18, 0.179931) best (0, 1, 5, 13, 0.133824)
step 151 score (0, 0, 6, 16, 0.170354) best (0, 1, 5, 13, 0.133824)
step 152 score (0, 0, 4, 14, 0.106517) best (0, 1, 5, 13, 0.133824)
step 153 score (0, 0, 5, 13, 0.116888) best (0, 1, 5, 13, 0.133824)
step 154 score (0, 0, 6, 16, 0.139215) best (0, 1, 5, 13, 0.133824)
step 155 score (0, 0, 5, 13, 0.116888) best (0, 1, 5, 13, 0.133824)
step 156 score (0, 0, 4, 13, 0.128363) best (0, 1, 5, 13, 0.133824)
step 157 score (0, 0, 2, 13, 0.134972) best (0, 1, 5, 13, 0.133824)
step 158 score (0, 0, 5, 11, 0.136624) best (0, 1, 5, 13, 0.133824)
step 159 score (0, 0, 7, 10, 0.140214) best (0, 1, 5, 13, 0.133824)
step 160 score (0, 0, 6, 11, 0.153496) best (0, 1, 5, 13, 0.133824)
step 161 score (0, 0, 7, 12, 0.139611) best (0, 1, 5, 13, 0.133824)
step 162 score (0, 0, 6, 11, 0.153496) best (0, 1, 5, 13, 0.133824)
step 163 score (0, 0, 7, 10, 0.140214) best (0, 1, 5, 13, 0.133824)
step 164 score (0, 0, 8, 10, 0.145573) best (0, 1, 5, 13, 0.133824)
step 165 score (0, 0, 6, 12, 0.174109) best (0, 1, 5, 13, 0.133824)
step 166 score (0, 0, 8, 9, 0.158135) best (0, 1, 5, 13, 0.133824)
step 167 score (0, 0, 8, 9, 0.194166) best (0, 1, 5, 13, 0.133824)
step 168 score (0, 0, 10, 10, 0.168218) best (0, 1, 5, 13, 0.133824)
step 169 score (0, 0, 10, 10, 0.133834) best (0, 1, 5, 13, 0.133824)
step 170 score (0, 0, 10, 10, 0.168218) best (0, 1, 5, 13, 0.133824)
step 171 score (0, 0, 10, 10, 0.138018) best (0, 1, 5, 13, 0.133824)
step 172 score (0, 0, 10, 12, 0.150257) best (0, 1, 5, 13, 0.133824)
step 173 score (0, 0, 10, 10, 0.138018) best (0, 1, 5, 13, 0.133824)
step 174 score (0, 0, 10, 12, 0.150257) best (0, 1, 5, 13, 0.133824)
step 175 score (0, 0, 10, 10, 0.138018) best (0, 1, 5, 13, 0.133824)
step 176 score (0, 0, 10, 10, 0.168218) best (0, 1, 5, 13, 0.133824)
step 177 score (0, 0, 10, 10, 0.133834) best (0, 1, 5, 13, 0.133824)
step 178 score (0, 0, 10, 10, 0.146439) best (0, 1, 5, 13, 0.133824)
step 179 score (0, 0, 10, 10, 0.133834) best (0, 1, 5, 13, 0.133824)
step 180 score (0, 0, 10, 10, 0.168218) best (0, 1, 5, 13, 0.133824)
step 181 score (0, 0, 10, 10, 0.133834) best (0, 1, 5, 13, 0.133824)
step 182 score (0, 0, 10, 10, 0.168218) best (0, 1, 5, 13, 0.133824)
step 183 score (0, 0, 10, 10, 0.138018) best (0, 1, 5, 13, 0.133824)
step 184 score (0, 0, 10, 10, 0.168218) best (0, 1, 5, 13, 0.133824)
step 185 score (0, 0, 10, 10, 0.133834) best (0, 1, 5, 13, 0.133824)
step 186 score (0, 0, 10, 10, 0.146439) best (0, 1, 5, 13, 0.133824)
step 187 score (0, 0, 7, 9, 0.142194) best (0, 1, 5, 13, 0.133824)
step 188 score (0, 0, 8, 9, 0.133661) best (0, 1, 5, 13, 0.133824)
step 189 score (0, 0, 7, 9, 0.142194) best (0, 1, 5, 13, 0.133824)
step 190 score (0, 0, 8, 9, 0.103143) best (0, 1, 5, 13, 0.133824)
step 191 score (0, 0, 6, 9, 0.102497) best (0, 1, 5, 13, 0.133824)
step 192 score (0, 0, 2, 9, 0.101701) best (0, 1, 5, 13, 0.133824)
step 193 score (0, 0, 7, 9, 0.122893) best (0, 1, 5, 13, 0.133824)
step 194 score (0, 0, 4, 11, 0.12582) best (0, 1, 5, 13, 0.133824)
step 195 score (0, 0, 9, 10, 0.13413) best (0, 1, 5, 13, 0.133824)
step 196 score (0, 0, 5, 12, 0.15656) best (0, 1, 5, 13, 0.133824)
step 197 score (0, 0, 4, 12, 0.126641) best (0, 1, 5, 13, 0.133824)
step 198 score (0, 0, 7, 11, 0.124422) best (0, 1, 5, 13, 0.133824)
step 199 score (0, 0, 7, 11, 0.12745) best (0, 1, 5, 13, 0.133824)
step 200 score (0, 0, 6, 12, 0.119149) best (0, 1, 5, 13, 0.133824)
step 201 score (0, 0, 7, 11, 0.12745) best (0, 1, 5, 13, 0.133824)
step 202 score (0, 0, 7, 11, 0.124422) best (0, 1, 5, 13, 0.133824)
step 203 score (0, 0, 5, 12, 0.132855) best (0, 1, 5, 13, 0.133824)
step 204 score (0, 0, 7, 12, 0.123093) best (0, 1, 5, 13, 0.133824)
step 205 score (0, 0, 5, 13, 0.106262) best (0, 1, 5, 13, 0.133824)
step 206 score (0, 0, 1, 10, 0.089605) best (0, 1, 5, 13, 0.133824)
step 207 score (0, 0, 5, 13, 0.106262) best (0, 1, 5, 13, 0.133824)
step 208 score (0, 0, 2, 14, 0.119732) best (0, 1, 5, 13, 0.133824)
step 209 score (0, 0, 5, 13, 0.106262) best (0, 1, 5, 13, 0.133824)
step 210 score (0, 0, 3, 14, 0.121246) best (0, 1, 5, 13, 0.133824)
step 211 score (0, 0, 5, 13, 0.106262) best (0, 1, 5, 13, 0.133824)
step 212 score (0, 0, 1, 13, 0.118248) best (0, 1, 5, 13, 0.133824)
step 213 score (0, 0, 3, 8, 0.109097) best (0, 1, 5, 13, 0.133824)
step 214 score (0, 0, 1, 11, 0.106069) best (0, 1, 5, 13, 0.133824)
step 215 score (0, 0, 1, 13, 0.114654) best (0, 1, 5, 13, 0.133824)
step 216 score (0, 0, 1, 13, 0.118248) best (0, 1, 5, 13, 0.133824)
step 217 score (0, 0, 2, 14, 0.095676) best (0, 1, 5, 13, 0.133824)
step 218 score (0, 0, 4, 15, 0.140489) best (0, 1, 5, 13, 0.133824)
step 219 score (0, 0, 3, 14, 0.10649) best (0, 1, 5, 13, 0.133824)
step 220 score (0, 0, 2, 11, 0.101022) best (0, 1, 5, 13, 0.133824)
CERTIFICATE fd45ddf823a938c4
step 221 score (0, 1, 3, 11, 0.114479) best (0, 1, 5, 13, 0.133824)
step 222 score (0, 0, 5, 15, 0.130971) best (0, 1, 5, 13, 0.133824)
step 223 score (0, 0, 4, 17, 0.149892) best (0, 1, 5, 13, 0.133824)
step 224 score (0, 0, 6, 15, 0.135851) best (0, 1, 5, 13, 0.133824)
step 225 score (0, 0, 1, 16, 0.140131) best (0, 1, 5, 13, 0.133824)
step 226 score (0, 0, 6, 17, 0.131892) best (0, 1, 5, 13, 0.133824)
step 227 score (0, 0, 1, 16, 0.140131) best (0, 1, 5, 13, 0.133824)
step 228 score (0, 0, 1, 12, 0.130012) best (0, 1, 5, 13, 0.133824)
step 229 score (0, 0, 1, 16, 0.140131) best (0, 1, 5, 13, 0.133824)
step 230 score (0, 0, 6, 17, 0.131892) best (0, 1, 5, 13, 0.133824)
step 231 score (0, 0, 1, 13, 0.12731) best (0, 1, 5, 13, 0.133824)
step 232 score (0, 0, 1, 13, 0.119288) best (0, 1, 5, 13, 0.133824)
step 233 score (0, 0, 1, 13, 0.12731) best (0, 1, 5, 13, 0.133824)
step 234 score (0, 0, 6, 17, 0.131892) best (0, 1, 5, 13, 0.133824)
step 235 score (0, 0, 3, 15, 0.13175) best (0, 1, 5, 13, 0.133824)
step 236 score (0, 0, 1, 13, 0.126305) best (0, 1, 5, 13, 0.133824)
step 237 score (0, 0, 3, 15, 0.13175) best (0, 1, 5, 13, 0.133824)
step 238 score (0, 0, 1, 13, 0.119288) best (0, 1, 5, 13, 0.133824)
step 239 score (0, 0, 0, 15, 0.102517) best (0, 1, 5, 13, 0.133824)
step 240 score (0, 0, 0, 13, 0.127208) best (0, 1, 5, 13, 0.133824)
step 241 score (0, 0, 1, 15, 0.133357) best (0, 1, 5, 13, 0.133824)
step 242 score (0, 0, 4, 14, 0.138898) best (0, 1, 5, 13, 0.133824)
step 243 score (0, 0, 5, 14, 0.108475) best (0, 1, 5, 13, 0.133824)
step 244 score (0, 0, 4, 14, 0.138898) best (0, 1, 5, 13, 0.133824)
step 245 score (0, 0, 2, 14, 0.136171) best (0, 1, 5, 13, 0.133824)
step 246 score (0, 0, 1, 8, 0.103657) best (0, 1, 5, 13, 0.133824)
step 247 score (0, 0, 2, 14, 0.136171) best (0, 1, 5, 13, 0.133824)
step 248 score (0, 0, 4, 14, 0.114408) best (0, 1, 5, 13, 0.133824)
step 249 score (0, 0, 0, 12, 0.10946) best (0, 1, 5, 13, 0.133824)
step 250 score (0, 0, 4, 14, 0.138898) best (0, 1, 5, 13, 0.133824)
step 251 score (0, 0, 1, 12, 0.127951) best (0, 1, 5, 13, 0.133824)
step 252 score (0, 0, 4, 14, 0.138898) best (0, 1, 5, 13, 0.133824)
step 253 score (0, 0, 5, 14, 0.108475) best (0, 1, 5, 13, 0.133824)
step 254 score (0, 0, 1, 13, 0.12454) best (0, 1, 5, 13, 0.133824)
step 255 score (0, 0, 4, 13, 0.117011) best (0, 1, 5, 13, 0.133824)
step 256 score (0, 0, 11, 15, 0.106315) best (0, 1, 5, 13, 0.133824)
step 257 score (0, 0, 0, 14, 0.121461) best (0, 1, 5, 13, 0.133824)
step 258 score (0, 0, 0, 12, 0.11047) best (0, 1, 5, 13, 0.133824)
step 259 score (0, 0, 0, 14, 0.121461) best (0, 1, 5, 13, 0.133824)
step 260 score (0, 0, 11, 15, 0.106315) best (0, 1, 5, 13, 0.133824)
step 261 score (0, 0, 4, 13, 0.121503) best (0, 1, 5, 13, 0.133824)
step 262 score (0, 0, 11, 15, 0.106315) best (0, 1, 5, 13, 0.133824)
step 263 score (0, 0, 4, 16, 0.129648) best (0, 1, 5, 13, 0.133824)
step 264 score (0, 0, 11, 15, 0.106315) best (0, 1, 5, 13, 0.133824)
step 265 score (0, 0, 0, 13, 0.137391) best (0, 1, 5, 13, 0.133824)
step 266 score (0, 0, 5, 14, 0.155518) best (0, 1, 5, 13, 0.133824)
step 267 score (0, 0, 7, 14, 0.09574) best (0, 1, 5, 13, 0.133824)
step 268 score (0, 0, 1, 12, 0.110019) best (0, 1, 5, 13, 0.133824)
step 269 score (0, 0, 5, 15, 0.150023) best (0, 1, 5, 13, 0.133824)
step 270 score (0, 0, 4, 17, 0.159943) best (0, 1, 5, 13, 0.133824)
step 271 score (0, 0, 5, 15, 0.150023) best (0, 1, 5, 13, 0.133824)
step 272 score (0, 0, 5, 14, 0.155518) best (0, 1, 5, 13, 0.133824)
step 273 score (0, 0, 7, 14, 0.09574) best (0, 1, 5, 13, 0.133824)
step 274 score (0, 0, 2, 16, 0.120487) best (0, 1, 5, 13, 0.133824)
step 275 score (0, 0, 4, 15, 0.109109) best (0, 1, 5, 13, 0.133824)
step 276 score (0, 0, 4, 17, 0.136245) best (0, 1, 5, 13, 0.133824)
step 277 score (0, 0, 3, 16, 0.141951) best (0, 1, 5, 13, 0.133824)
step 278 score (0, 0, 6, 15, 0.132464) best (0, 1, 5, 13, 0.133824)
step 279 score (0, 0, 2, 16, 0.139334) best (0, 1, 5, 13, 0.133824)
step 280 score (0, 0, 1, 14, 0.181285) best (0, 1, 5, 13, 0.133824)
step 281 score (0, 0, 2, 16, 0.139334) best (0, 1, 5, 13, 0.133824)
step 282 score (0, 0, 6, 15, 0.132464) best (0, 1, 5, 13, 0.133824)
step 283 score (0, 0, 7, 13, 0.133244) best (0, 1, 5, 13, 0.133824)
step 284 score (0, 0, 3, 15, 0.138912) best (0, 1, 5, 13, 0.133824)
step 285 score (0, 0, 5, 15, 0.143838) best (0, 1, 5, 13, 0.133824)
step 286 score (0, 0, 3, 16, 0.135632) best (0, 1, 5, 13, 0.133824)
step 287 score (0, 0, 4, 15, 0.106311) best (0, 1, 5, 13, 0.133824)
step 288 score (0, 0, 6, 16, 0.135271) best (0, 1, 5, 13, 0.133824)
step 289 score (0, 0, 6, 17, 0.128857) best (0, 1, 5, 13, 0.133824)
step 290 score (0, 0, 6, 16, 0.135271) best (0, 1, 5, 13, 0.133824)
step 291 score (0, 0, 5, 15, 0.163977) best (0, 1, 5, 13, 0.133824)
step 292 score (0, 0, 6, 16, 0.135271) best (0, 1, 5, 13, 0.133824)
step 293 score (0, 0, 6, 17, 0.128857) best (0, 1, 5, 13, 0.133824)
step 294 score (0, 0, 3, 13, 0.126449) best (0, 1, 5, 13, 0.133824)
step 295 score (0, 0, 0, 14, 0.153111) best (0, 1, 5, 13, 0.133824)
step 296 score (0, 0, 2, 13, 0.137377) best (0, 1, 5, 13, 0.133824)
step 297 score (0, 0, 2, 13, 0.148637) best (0, 1, 5, 13, 0.133824)
step 298 score (0, 0, 1, 15, 0.134119) best (0, 1, 5, 13, 0.133824)
CERTIFICATE 32c898039d1b52df
step 299 score (0, 1, 1, 15, 0.132435) best (0, 1, 5, 13, 0.133824)
step 300 score (0, 0, 5, 16, 0.154644) best (0, 1, 5, 13, 0.133824)
step 301 score (0, 0, 4, 17, 0.181149) best (0, 1, 5, 13, 0.133824)
step 302 score (0, 0, 5, 16, 0.154644) best (0, 1, 5, 13, 0.133824)
step 303 score (0, 0, 7, 17, 0.16691) best (0, 1, 5, 13, 0.133824)
step 304 score (0, 0, 7, 17, 0.143896) best (0, 1, 5, 13, 0.133824)
step 305 score (0, 0, 6, 17, 0.152851) best (0, 1, 5, 13, 0.133824)
step 306 score (0, 0, 5, 17, 0.13035) best (0, 1, 5, 13, 0.133824)
step 307 score (0, 0, 6, 17, 0.130597) best (0, 1, 5, 13, 0.133824)
step 308 score (0, 0, 7, 17, 0.143896) best (0, 1, 5, 13, 0.133824)
step 309 score (0, 0, 6, 17, 0.152851) best (0, 1, 5, 13, 0.133824)
step 310 score (0, 0, 1, 11, 0.119451) best (0, 1, 5, 13, 0.133824)
step 311 score (0, 0, 0, 15, 0.117119) best (0, 1, 5, 13, 0.133824)
step 312 score (0, 0, 2, 12, 0.122801) best (0, 1, 5, 13, 0.133824)
step 313 score (0, 0, 1, 12, 0.115979) best (0, 1, 5, 13, 0.133824)
step 314 score (0, 0, 2, 16, 0.158469) best (0, 1, 5, 13, 0.133824)
step 315 score (0, 0, 2, 13, 0.130185) best (0, 1, 5, 13, 0.133824)
step 316 score (0, 0, 7, 17, 0.16691) best (0, 1, 5, 13, 0.133824)
step 317 score (0, 0, 5, 16, 0.154644) best (0, 1, 5, 13, 0.133824)
CERTIFICATE b3075b2339982e70
step 318 score (0, 1, 1, 15, 0.132435) best (0, 1, 5, 13, 0.133824)
step 319 score (0, 0, 3, 15, 0.123879) best (0, 1, 5, 13, 0.133824)
step 320 score (0, 0, 3, 12, 0.10006) best (0, 1, 5, 13, 0.133824)
CERTIFICATE 88ab3ffe9753a7a0
step 321 score (0, 1, 1, 13, 0.099954) best (0, 1, 5, 13, 0.133824)
step 322 score (0, 0, 1, 12, 0.096191) best (0, 1, 5, 13, 0.133824)
CERTIFICATE 1b25b3f2d9eb7440
step 323 score (0, 1, 1, 13, 0.099954) best (0, 1, 5, 13, 0.133824)
step 324 score (0, 0, 3, 12, 0.10006) best (0, 1, 5, 13, 0.133824)
step 325 score (0, 0, 2, 14, 0.120613) best (0, 1, 5, 13, 0.133824)
step 326 score (0, 0, 3, 12, 0.10006) best (0, 1, 5, 13, 0.133824)
step 327 score (0, 0, 1, 15, 0.12914) best (0, 1, 5, 13, 0.133824)
step 328 score (0, 0, 3, 13, 0.141218) best (0, 1, 5, 13, 0.133824)
step 329 score (0, 0, 6, 15, 0.126329) best (0, 1, 5, 13, 0.133824)
step 330 score (0, 0, 6, 15, 0.148772) best (0, 1, 5, 13, 0.133824)
step 331 score (0, 0, 4, 13, 0.155692) best (0, 1, 5, 13, 0.133824)
step 332 score (0, 0, 1, 10, 0.11353) best (0, 1, 5, 13, 0.133824)
step 333 score (0, 0, 4, 13, 0.155692) best (0, 1, 5, 13, 0.133824)
step 334 score (0, 0, 1, 14, 0.154449) best (0, 1, 5, 13, 0.133824)
step 335 score (0, 0, 4, 13, 0.155692) best (0, 1, 5, 13, 0.133824)
step 336 score (0, 0, 1, 11, 0.114971) best (0, 1, 5, 13, 0.133824)
step 337 score (0, 0, 3, 7, 0.094219) best (0, 1, 5, 13, 0.133824)
step 338 score (0, 0, 0, 10, 0.131442) best (0, 1, 5, 13, 0.133824)
step 339 score (0, 0, 1, 12, 0.119514) best (0, 1, 5, 13, 0.133824)
step 340 score (0, 0, 0, 11, 0.132575) best (0, 1, 5, 13, 0.133824)
step 341 score (0, 0, 1, 12, 0.125147) best (0, 1, 5, 13, 0.133824)
step 342 score (0, 0, 1, 12, 0.115358) best (0, 1, 5, 13, 0.133824)
step 343 score (0, 0, 1, 12, 0.125147) best (0, 1, 5, 13, 0.133824)
step 344 score (0, 0, 0, 13, 0.131517) best (0, 1, 5, 13, 0.133824)
step 345 score (0, 0, 0, 12, 0.140255) best (0, 1, 5, 13, 0.133824)
step 346 score (0, 0, 0, 16, 0.136073) best (0, 1, 5, 13, 0.133824)
step 347 score (0, 0, 4, 14, 0.116771) best (0, 1, 5, 13, 0.133824)
step 348 score (0, 0, 3, 15, 0.140531) best (0, 1, 5, 13, 0.133824)
step 349 score (0, 0, 5, 16, 0.124971) best (0, 1, 5, 13, 0.133824)
CERTIFICATE 6b0aa182a7eaef9b
step 350 score (0, 1, 4, 12, 0.102479) best (0, 1, 5, 13, 0.133824)
step 351 score (0, 0, 5, 16, 0.107117) best (0, 1, 5, 13, 0.133824)
step 352 score (0, 0, 0, 16, 0.125686) best (0, 1, 5, 13, 0.133824)
step 353 score (0, 0, 0, 13, 0.14063) best (0, 1, 5, 13, 0.133824)
step 354 score (0, 0, 2, 16, 0.119929) best (0, 1, 5, 13, 0.133824)
step 355 score (0, 0, 5, 17, 0.140459) best (0, 1, 5, 13, 0.133824)
step 356 score (0, 0, 7, 16, 0.129945) best (0, 1, 5, 13, 0.133824)
CERTIFICATE b9af253db18a16f7
step 357 score (0, 1, 9, 17, 0.127717) best (0, 1, 9, 17, 0.127717)
step 358 score (0, 0, 0, 15, 0.142864) best (0, 1, 9, 17, 0.127717)
CERTIFICATE 6bf89bcd4f5c0600
step 359 score (0, 1, 9, 17, 0.127717) best (0, 1, 9, 17, 0.127717)
step 360 score (0, 0, 7, 16, 0.125556) best (0, 1, 9, 17, 0.127717)
step 361 score (0, 0, 5, 17, 0.140459) best (0, 1, 9, 17, 0.127717)
step 362 score (0, 0, 7, 16, 0.129945) best (0, 1, 9, 17, 0.127717)
step 363 score (0, 0, 3, 15, 0.125125) best (0, 1, 9, 17, 0.127717)
step 364 score (0, 0, 1, 11, 0.108951) best (0, 1, 9, 17, 0.127717)
step 365 score (0, 0, 4, 13, 0.121745) best (0, 1, 9, 17, 0.127717)
step 366 score (0, 0, 1, 15, 0.12925) best (0, 1, 9, 17, 0.127717)
step 367 score (0, 0, 2, 14, 0.126174) best (0, 1, 9, 17, 0.127717)
step 368 score (0, 0, 0, 14, 0.12274) best (0, 1, 9, 17, 0.127717)
step 369 score (0, 0, 2, 14, 0.126174) best (0, 1, 9, 17, 0.127717)
step 370 score (0, 0, 0, 13, 0.128683) best (0, 1, 9, 17, 0.127717)
step 371 score (0, 0, 2, 14, 0.126174) best (0, 1, 9, 17, 0.127717)
step 372 score (0, 0, 1, 7, 0.122612) best (0, 1, 9, 17, 0.127717)
step 373 score (0, 0, 2, 16, 0.139471) best (0, 1, 9, 17, 0.127717)
step 374 score (0, 0, 1, 13, 0.132404) best (0, 1, 9, 17, 0.127717)
step 375 score (0, 0, 2, 16, 0.139471) best (0, 1, 9, 17, 0.127717)
step 376 score (0, 0, 5, 17, 0.125806) best (0, 1, 9, 17, 0.127717)
step 377 score (0, 0, 2, 11, 0.097479) best (0, 1, 9, 17, 0.127717)
step 378 score (0, 0, 5, 17, 0.125806) best (0, 1, 9, 17, 0.127717)
step 379 score (0, 0, 4, 14, 0.123011) best (0, 1, 9, 17, 0.127717)
step 380 score (0, 0, 5, 17, 0.125806) best (0, 1, 9, 17, 0.127717)
step 381 score (0, 0, 2, 16, 0.139471) best (0, 1, 9, 17, 0.127717)
step 382 score (0, 0, 1, 7, 0.122612) best (0, 1, 9, 17, 0.127717)
step 383 score (0, 0, 1, 15, 0.12682) best (0, 1, 9, 17, 0.127717)
step 384 score (0, 0, 0, 13, 0.121255) best (0, 1, 9, 17, 0.127717)
step 385 score (0, 0, 1, 14, 0.116974) best (0, 1, 9, 17, 0.127717)
step 386 score (0, 0, 0, 13, 0.127371) best (0, 1, 9, 17, 0.127717)
step 387 score (0, 0, 1, 14, 0.116974) best (0, 1, 9, 17, 0.127717)
step 388 score (0, 0, 1, 10, 0.112683) best (0, 1, 9, 17, 0.127717)
step 389 score (0, 0, 2, 9, 0.11426) best (0, 1, 9, 17, 0.127717)
step 390 score (0, 0, 1, 10, 0.112683) best (0, 1, 9, 17, 0.127717)
step 391 score (0, 0, 1, 14, 0.116974) best (0, 1, 9, 17, 0.127717)
step 392 score (0, 0, 1, 9, 0.110572) best (0, 1, 9, 17, 0.127717)
step 393 score (0, 0, 0, 12, 0.116062) best (0, 1, 9, 17, 0.127717)
step 394 score (0, 0, 1, 9, 0.110572) best (0, 1, 9, 17, 0.127717)
step 395 score (0, 0, 1, 12, 0.133213) best (0, 1, 9, 17, 0.127717)
step 396 score (0, 0, 1, 13, 0.144089) best (0, 1, 9, 17, 0.127717)
step 397 score (0, 0, 4, 14, 0.132543) best (0, 1, 9, 17, 0.127717)
step 398 score (0, 0, 6, 16, 0.176725) best (0, 1, 9, 17, 0.127717)
step 399 score (0, 0, 7, 16, 0.162259) best (0, 1, 9, 17, 0.127717)
step 400 score (0, 0, 9, 12, 0.150078) best (0, 1, 9, 17, 0.127717)
step 401 score (0, 0, 5, 11, 0.155488) best (0, 1, 9, 17, 0.127717)
step 402 score (0, 0, 9, 12, 0.150078) best (0, 1, 9, 17, 0.127717)
step 403 score (0, 0, 6, 13, 0.166914) best (0, 1, 9, 17, 0.127717)
step 404 score (0, 0, 4, 12, 0.175461) best (0, 1, 9, 17, 0.127717)
step 405 score (0, 0, 10, 10, 0.193306) best (0, 1, 9, 17, 0.127717)
step 406 score (0, 0, 10, 10, 0.177144) best (0, 1, 9, 17, 0.127717)
step 407 score (0, 0, 10, 10, 0.152326) best (0, 1, 9, 17, 0.127717)
step 408 score (0, 0, 10, 10, 0.177144) best (0, 1, 9, 17, 0.127717)
step 409 score (0, 0, 10, 10, 0.193306) best (0, 1, 9, 17, 0.127717)
step 410 score (0, 0, 5, 9, 0.179833) best (0, 1, 9, 17, 0.127717)
step 411 score (0, 0, 10, 10, 0.193306) best (0, 1, 9, 17, 0.127717)
step 412 score (0, 0, 10, 10, 0.177144) best (0, 1, 9, 17, 0.127717)
step 413 score (0, 0, 10, 10, 0.152326) best (0, 1, 9, 17, 0.127717)
step 414 score (0, 0, 10, 10, 0.177144) best (0, 1, 9, 17, 0.127717)
step 415 score (0, 0, 10, 10, 0.193306) best (0, 1, 9, 17, 0.127717)
step 416 score (0, 0, 5, 9, 0.179833) best (0, 1, 9, 17, 0.127717)
step 417 score (0, 0, 9, 9, 0.181845) best (0, 1, 9, 17, 0.127717)
step 418 score (0, 0, 9, 9, 0.143714) best (0, 1, 9, 17, 0.127717)
step 419 score (0, 0, 9, 9, 0.181845) best (0, 1, 9, 17, 0.127717)
step 420 score (0, 0, 5, 9, 0.179833) best (0, 1, 9, 17, 0.127717)
step 421 score (0, 0, 8, 9, 0.160741) best (0, 1, 9, 17, 0.127717)
step 422 score (0, 0, 9, 9, 0.160698) best (0, 1, 9, 17, 0.127717)
step 423 score (0, 0, 8, 9, 0.128163) best (0, 1, 9, 17, 0.127717)
step 424 score (0, 0, 9, 9, 0.160698) best (0, 1, 9, 17, 0.127717)
step 425 score (0, 0, 8, 9, 0.160741) best (0, 1, 9, 17, 0.127717)
step 426 score (0, 0, 9, 9, 0.160698) best (0, 1, 9, 17, 0.127717)
step 427 score (0, 0, 5, 9, 0.176621) best (0, 1, 9, 17, 0.127717)
step 428 score (0, 0, 10, 10, 0.177144) best (0, 1, 9, 17, 0.127717)
step 429 score (0, 0, 10, 10, 0.193306) best (0, 1, 9, 17, 0.127717)
step 430 score (0, 0, 4, 12, 0.175461) best (0, 1, 9, 17, 0.127717)
step 431 score (0, 0, 6, 13, 0.166914) best (0, 1, 9, 17, 0.127717)
step 432 score (0, 0, 5, 15, 0.172301) best (0, 1, 9, 17, 0.127717)
step 433 score (0, 0, 6, 16, 0.169632) best (0, 1, 9, 17, 0.127717)
step 434 score (0, 0, 5, 15, 0.172301) best (0, 1, 9, 17, 0.127717)
step 435 score (0, 0, 4, 15, 0.151312) best (0, 1, 9, 17, 0.127717)
step 436 score (0, 0, 2, 14, 0.139082) best (0, 1, 9, 17, 0.127717)
step 437 score (0, 0, 7, 16, 0.162259) best (0, 1, 9, 17, 0.127717)
step 438 score (0, 0, 6, 16, 0.176725) best (0, 1, 9, 17, 0.127717)
step 439 score (0, 0, 6, 13, 0.166914) best (0, 1, 9, 17, 0.127717)
step 440 score (0, 0, 3, 17, 0.124305) best (0, 1, 9, 17, 0.127717)
step 441 score (0, 0, 7, 14, 0.125846) best (0, 1, 9, 17, 0.127717)
step 442 score (0, 0, 0, 12, 0.120616) best (0, 1, 9, 17, 0.127717)
step 443 score (0, 0, 4, 15, 0.176526) best (0, 1, 9, 17, 0.127717)
step 444 score (0, 0, 4, 14, 0.16699) best (0, 1, 9, 17, 0.127717)
step 445 score (0, 0, 3, 15, 0.174538) best (0, 1, 9, 17, 0.127717)
step 446 score (0, 0, 1, 15, 0.14697) best (0, 1, 9, 17, 0.127717)
step 447 score (0, 0, 8, 12, 0.118081) best (0, 1, 9, 17, 0.127717)
step 448 score (0, 0, 7, 16, 0.122858) best (0, 1, 9, 17, 0.127717)
step 449 score (0, 0, 5, 16, 0.131545) best (0, 1, 9, 17, 0.127717)
step 450 score (0, 0, 8, 17, 0.140442) best (0, 1, 9, 17, 0.127717)
CERTIFICATE 91453bc411cee9b5
step 451 score (0, 1, 8, 16, 0.139937) best (0, 1, 9, 17, 0.127717)
step 452 score (0, 0, 9, 18, 0.189324) best (0, 1, 9, 17, 0.127717)
step 453 score (0, 0, 9, 18, 0.194965) best (0, 1, 9, 17, 0.127717)
step 454 score (0, 0, 9, 18, 0.203763) best (0, 1, 9, 17, 0.127717)
CERTIFICATE 56051b230202432a
step 455 score (0, 1, 3, 16, 0.142125) best (0, 1, 9, 17, 0.127717)
step 456 score (0, 0, 5, 15, 0.14782) best (0, 1, 9, 17, 0.127717)
step 457 score (0, 0, 1, 15, 0.183084) best (0, 1, 9, 17, 0.127717)
step 458 score (0, 0, 5, 18, 0.192997) best (0, 1, 9, 17, 0.127717)
step 459 score (0, 0, 7, 18, 0.174215) best (0, 1, 9, 17, 0.127717)
step 460 score (0, 0, 8, 16, 0.146144) best (0, 1, 9, 17, 0.127717)
step 461 score (0, 0, 7, 17, 0.165425) best (0, 1, 9, 17, 0.127717)
step 462 score (0, 0, 2, 16, 0.150526) best (0, 1, 9, 17, 0.127717)
step 463 score (0, 0, 2, 16, 0.163009) best (0, 1, 9, 17, 0.127717)
step 464 score (0, 0, 7, 17, 0.17503) best (0, 1, 9, 17, 0.127717)
step 465 score (0, 0, 7, 17, 0.165425) best (0, 1, 9, 17, 0.127717)
step 466 score (0, 0, 8, 16, 0.146144) best (0, 1, 9, 17, 0.127717)
step 467 score (0, 0, 4, 12, 0.094894) best (0, 1, 9, 17, 0.127717)
step 468 score (0, 0, 5, 11, 0.121099) best (0, 1, 9, 17, 0.127717)
step 469 score (0, 0, 9, 12, 0.13732) best (0, 1, 9, 17, 0.127717)
step 470 score (0, 0, 7, 16, 0.171862) best (0, 1, 9, 17, 0.127717)
step 471 score (0, 0, 7, 18, 0.174215) best (0, 1, 9, 17, 0.127717)
step 472 score (0, 0, 8, 16, 0.146144) best (0, 1, 9, 17, 0.127717)
step 473 score (0, 0, 4, 16, 0.172919) best (0, 1, 9, 17, 0.127717)
step 474 score (0, 0, 6, 17, 0.156042) best (0, 1, 9, 17, 0.127717)
step 475 score (0, 0, 4, 16, 0.172919) best (0, 1, 9, 17, 0.127717)
step 476 score (0, 0, 5, 18, 0.192997) best (0, 1, 9, 17, 0.127717)
step 477 score (0, 0, 7, 18, 0.174215) best (0, 1, 9, 17, 0.127717)
step 478 score (0, 0, 8, 16, 0.146144) best (0, 1, 9, 17, 0.127717)
step 479 score (0, 0, 4, 12, 0.094894) best (0, 1, 9, 17, 0.127717)
step 480 score (0, 0, 7, 16, 0.171862) best (0, 1, 9, 17, 0.127717)
step 481 score (0, 0, 9, 12, 0.13732) best (0, 1, 9, 17, 0.127717)
step 482 score (0, 0, 5, 11, 0.121099) best (0, 1, 9, 17, 0.127717)
step 483 score (0, 0, 0, 13, 0.128202) best (0, 1, 9, 17, 0.127717)
step 484 score (0, 0, 1, 8, 0.105234) best (0, 1, 9, 17, 0.127717)
step 485 score (0, 0, 0, 13, 0.128202) best (0, 1, 9, 17, 0.127717)
step 486 score (0, 0, 0, 12, 0.134613) best (0, 1, 9, 17, 0.127717)
step 487 score (0, 0, 0, 12, 0.129783) best (0, 1, 9, 17, 0.127717)
step 488 score (0, 0, 2, 14, 0.156138) best (0, 1, 9, 17, 0.127717)
step 489 score (0, 0, 4, 14, 0.163118) best (0, 1, 9, 17, 0.127717)
step 490 score (0, 0, 2, 14, 0.15963) best (0, 1, 9, 17, 0.127717)
step 491 score (0, 0, 3, 14, 0.145412) best (0, 1, 9, 17, 0.127717)
step 492 score (0, 0, 3, 14, 0.145084) best (0, 1, 9, 17, 0.127717)
step 493 score (0, 0, 0, 14, 0.149139) best (0, 1, 9, 17, 0.127717)
step 494 score (0, 0, 2, 15, 0.145176) best (0, 1, 9, 17, 0.127717)
step 495 score (0, 0, 2, 14, 0.128968) best (0, 1, 9, 17, 0.127717)
step 496 score (0, 0, 3, 17, 0.158834) best (0, 1, 9, 17, 0.127717)
step 497 score (0, 0, 3, 15, 0.158214) best (0, 1, 9, 17, 0.127717)
step 498 score (0, 0, 3, 17, 0.160438) best (0, 1, 9, 17, 0.127717)
step 499 score (0, 0, 4, 17, 0.144407) best (0, 1, 9, 17, 0.127717)
step 500 score (0, 0, 7, 11, 0.112258) best (0, 1, 9, 17, 0.127717)
step 501 score (0, 0, 4, 17, 0.144407) best (0, 1, 9, 17, 0.127717)
step 502 score (0, 0, 3, 17, 0.160438) best (0, 1, 9, 17, 0.127717)
step 503 score (0, 0, 4, 14, 0.12761) best (0, 1, 9, 17, 0.127717)
step 504 score (0, 0, 5, 14, 0.134585) best (0, 1, 9, 17, 0.127717)
step 505 score (0, 0, 7, 17, 0.147202) best (0, 1, 9, 17, 0.127717)
step 506 score (0, 0, 2, 17, 0.139548) best (0, 1, 9, 17, 0.127717)
step 507 score (0, 0, 6, 14, 0.138127) best (0, 1, 9, 17, 0.127717)
step 508 score (0, 0, 6, 16, 0.134498) best (0, 1, 9, 17, 0.127717)
step 509 score (0, 0, 6, 12, 0.113587) best (0, 1, 9, 17, 0.127717)
step 510 score (0, 0, 6, 13, 0.118392) best (0, 1, 9, 17, 0.127717)
step 511 score (0, 0, 1, 13, 0.119075) best (0, 1, 9, 17, 0.127717)
step 512 score (0, 0, 6, 13, 0.118392) best (0, 1, 9, 17, 0.127717)
step 513 score (0, 0, 1, 12, 0.101281) best (0, 1, 9, 17, 0.127717)
step 514 score (0, 0, 6, 16, 0.134498) best (0, 1, 9, 17, 0.127717)
step 515 score (0, 0, 6, 12, 0.113587) best (0, 1, 9, 17, 0.127717)
step 516 score (0, 0, 2, 15, 0.143251) best (0, 1, 9, 17, 0.127717)
step 517 score (0, 0, 3, 11, 0.14065) best (0, 1, 9, 17, 0.127717)
step 518 score (0, 0, 2, 15, 0.156855) best (0, 1, 9, 17, 0.127717)
step 519 score (0, 0, 2, 15, 0.159682) best (0, 1, 9, 17, 0.127717)
step 520 score (0, 0, 3, 16, 0.204192) best (0, 1, 9, 17, 0.127717)
step 521 score (0, 0, 6, 16, 0.181008) best (0, 1, 9, 17, 0.127717)
step 522 score (0, 0, 10, 16, 0.148876) best (0, 1, 9, 17, 0.127717)
step 523 score (0, 0, 6, 16, 0.169756) best (0, 1, 9, 17, 0.127717)
step 524 score (0, 0, 12, 16, 0.152589) best (0, 1, 9, 17, 0.127717)
step 525 score (0, 0, 10, 16, 0.175374) best (0, 1, 9, 17, 0.127717)
step 526 score (0, 0, 12, 16, 0.152589) best (0, 1, 9, 17, 0.127717)
step 527 score (0, 0, 7, 17, 0.186131) best (0, 1, 9, 17, 0.127717)
step 528 score (0, 0, 5, 17, 0.171141) best (0, 1, 9, 17, 0.127717)
step 529 score (0, 0, 8, 16, 0.190646) best (0, 1, 9, 17, 0.127717)
step 530 score (0, 0, 13, 16, 0.175088) best (0, 1, 9, 17, 0.127717)
step 531 score (0, 0, 9, 16, 0.187344) best (0, 1, 9, 17, 0.127717)
step 532 score (0, 0, 4, 17, 0.205026) best (0, 1, 9, 17, 0.127717)
step 533 score (0, 0, 9, 16, 0.187344) best (0, 1, 9, 17, 0.127717)
step 534 score (0, 0, 5, 16, 0.185409) best (0, 1, 9, 17, 0.127717)
step 535 score (0, 0, 9, 16, 0.187344) best (0, 1, 9, 17, 0.127717)
step 536 score (0, 0, 13, 16, 0.175088) best (0, 1, 9, 17, 0.127717)
step 537 score (0, 0, 8, 16, 0.190646) best (0, 1, 9, 17, 0.127717)
step 538 score (0, 0, 5, 17, 0.171141) best (0, 1, 9, 17, 0.127717)
step 539 score (0, 0, 9, 17, 0.17533) best (0, 1, 9, 17, 0.127717)
step 540 score (0, 0, 8, 16, 0.11917) best (0, 1, 9, 17, 0.127717)
step 541 score (0, 0, 2, 15, 0.164477) best (0, 1, 9, 17, 0.127717)
step 542 score (0, 0, 8, 16, 0.11917) best (0, 1, 9, 17, 0.127717)
step 543 score (0, 0, 9, 17, 0.17533) best (0, 1, 9, 17, 0.127717)
step 544 score (0, 0, 7, 17, 0.188872) best (0, 1, 9, 17, 0.127717)
step 545 score (0, 0, 11, 18, 0.193492) best (0, 1, 9, 17, 0.127717)
step 546 score (0, 0, 11, 18, 0.183616) best (0, 1, 9, 17, 0.127717)
step 547 score (0, 0, 10, 12, 0.167221) best (0, 1, 9, 17, 0.127717)
step 548 score (0, 0, 12, 18, 0.181078) best (0, 1, 9, 17, 0.127717)
step 549 score (0, 0, 12, 18, 0.187064) best (0, 1, 9, 17, 0.127717)
step 550 score (0, 0, 10, 18, 0.199319) best (0, 1, 9, 17, 0.127717)
step 551 score (0, 0, 6, 14, 0.119151) best (0, 1, 9, 17, 0.127717)
step 552 score (0, 0, 10, 18, 0.199319) best (0, 1, 9, 17, 0.127717)
step 553 score (0, 0, 12, 18, 0.187064) best (0, 1, 9, 17, 0.127717)
step 554 score (0, 0, 12, 18, 0.181078) best (0, 1, 9, 17, 0.127717)
step 555 score (0, 0, 10, 12, 0.167221) best (0, 1, 9, 17, 0.127717)
step 556 score (0, 0, 12, 18, 0.181078) best (0, 1, 9, 17, 0.127717)
step 557 score (0, 0, 11, 18, 0.193492) best (0, 1, 9, 17, 0.127717)
step 558 score (0, 0, 10, 18, 0.199319) best (0, 1, 9, 17, 0.127717)
step 559 score (0, 0, 12, 18, 0.187064) best (0, 1, 9, 17, 0.127717)
step 560 score (0, 0, 8, 15, 0.153301) best (0, 1, 9, 17, 0.127717)
step 561 score (0, 0, 3, 12, 0.147375) best (0, 1, 9, 17, 0.127717)
step 562 score (0, 0, 4, 13, 0.148237) best (0, 1, 9, 17, 0.127717)
step 563 score (0, 0, 7, 11, 0.153397) best (0, 1, 9, 17, 0.127717)
step 564 score (0, 0, 7, 10, 0.122838) best (0, 1, 9, 17, 0.127717)
step 565 score (0, 0, 9, 11, 0.148684) best (0, 1, 9, 17, 0.127717)
step 566 score (0, 0, 10, 11, 0.128346) best (0, 1, 9, 17, 0.127717)
step 567 score (0, 0, 9, 11, 0.148684) best (0, 1, 9, 17, 0.127717)
step 568 score (0, 0, 4, 13, 0.148237) best (0, 1, 9, 17, 0.127717)
step 569 score (0, 0, 7, 11, 0.153397) best (0, 1, 9, 17, 0.127717)
step 570 score (0, 0, 8, 11, 0.138878) best (0, 1, 9, 17, 0.127717)
step 571 score (0, 0, 5, 12, 0.154272) best (0, 1, 9, 17, 0.127717)
step 572 score (0, 0, 5, 10, 0.131946) best (0, 1, 9, 17, 0.127717)
step 573 score (0, 0, 7, 10, 0.117922) best (0, 1, 9, 17, 0.127717)
step 574 score (0, 0, 8, 11, 0.138878) best (0, 1, 9, 17, 0.127717)
step 575 score (0, 0, 5, 12, 0.154272) best (0, 1, 9, 17, 0.127717)
step 576 score (0, 0, 1, 11, 0.150911) best (0, 1, 9, 17, 0.127717)
step 577 score (0, 0, 4, 11, 0.160371) best (0, 1, 9, 17, 0.127717)
step 578 score (0, 0, 6, 10, 0.149876) best (0, 1, 9, 17, 0.127717)
step 579 score (0, 0, 2, 10, 0.117353) best (0, 1, 9, 17, 0.127717)
step 580 score (0, 0, 4, 10, 0.140617) best (0, 1, 9, 17, 0.127717)
step 581 score (0, 0, 5, 10, 0.162665) best (0, 1, 9, 17, 0.127717)
step 582 score (0, 0, 6, 9, 0.138103) best (0, 1, 9, 17, 0.127717)
step 583 score (0, 0, 5, 10, 0.118891) best (0, 1, 9, 17, 0.127717)
step 584 score (0, 0, 8, 9, 0.121946) best (0, 1, 9, 17, 0.127717)
step 585 score (0, 0, 7, 10, 0.158509) best (0, 1, 9, 17, 0.127717)
step 586 score (0, 0, 8, 9, 0.121946) best (0, 1, 9, 17, 0.127717)
step 587 score (0, 0, 3, 9, 0.146009) best (0, 1, 9, 17, 0.127717)
step 588 score (0, 0, 1, 9, 0.132961) best (0, 1, 9, 17, 0.127717)
step 589 score (0, 0, 2, 9, 0.173256) best (0, 1, 9, 17, 0.127717)
step 590 score (0, 0, 7, 10, 0.13832) best (0, 1, 9, 17, 0.127717)
step 591 score (0, 0, 5, 9, 0.164051) best (0, 1, 9, 17, 0.127717)
step 592 score (0, 0, 9, 9, 0.175961) best (0, 1, 9, 17, 0.127717)
step 593 score (0, 0, 9, 9, 0.148433) best (0, 1, 9, 17, 0.127717)
step 594 score (0, 0, 7, 9, 0.106479) best (0, 1, 9, 17, 0.127717)
step 595 score (0, 0, 9, 10, 0.142256) best (0, 1, 9, 17, 0.127717)
step 596 score (0, 0, 4, 10, 0.151127) best (0, 1, 9, 17, 0.127717)
step 597 score (0, 0, 4, 9, 0.12447) best (0, 1, 9, 17, 0.127717)
step 598 score (0, 0, 7, 9, 0.106479) best (0, 1, 9, 17, 0.127717)
step 599 score (0, 0, 9, 9, 0.148433) best (0, 1, 9, 17, 0.127717)
step 600 score (0, 0, 9, 11, 0.165007) best (0, 1, 9, 17, 0.127717)
step 601 score (0, 0, 9, 9, 0.148433) best (0, 1, 9, 17, 0.127717)
step 602 score (0, 0, 9, 9, 0.175961) best (0, 1, 9, 17, 0.127717)
step 603 score (0, 0, 9, 9, 0.148433) best (0, 1, 9, 17, 0.127717)
step 604 score (0, 0, 9, 11, 0.165007) best (0, 1, 9, 17, 0.127717)
step 605 score (0, 0, 9, 9, 0.148433) best (0, 1, 9, 17, 0.127717)
step 606 score (0, 0, 9, 11, 0.165007) best (0, 1, 9, 17, 0.127717)
step 607 score (0, 0, 5, 13, 0.180128) best (0, 1, 9, 17, 0.127717)
step 608 score (0, 0, 10, 14, 0.172419) best (0, 1, 9, 17, 0.127717)
step 609 score (0, 0, 10, 12, 0.141084) best (0, 1, 9, 17, 0.127717)
step 610 score (0, 0, 10, 14, 0.172419) best (0, 1, 9, 17, 0.127717)
step 611 score (0, 0, 10, 10, 0.169232) best (0, 1, 9, 17, 0.127717)
step 612 score (0, 0, 10, 10, 0.189061) best (0, 1, 9, 17, 0.127717)
step 613 score (0, 0, 10, 10, 0.205578) best (0, 1, 9, 17, 0.127717)
step 614 score (0, 0, 8, 10, 0.172756) best (0, 1, 9, 17, 0.127717)
step 615 score (0, 0, 10, 10, 0.135128) best (0, 1, 9, 17, 0.127717)
step 616 score (0, 0, 10, 10, 0.169581) best (0, 1, 9, 17, 0.127717)
step 617 score (0, 0, 10, 10, 0.135128) best (0, 1, 9, 17, 0.127717)
step 618 score (0, 0, 10, 10, 0.185394) best (0, 1, 9, 17, 0.127717)
step 619 score (0, 0, 10, 10, 0.205578) best (0, 1, 9, 17, 0.127717)
step 620 score (0, 0, 10, 11, 0.139799) best (0, 1, 9, 17, 0.127717)
step 621 score (0, 0, 10, 10, 0.205578) best (0, 1, 9, 17, 0.127717)
step 622 score (0, 0, 10, 10, 0.186751) best (0, 1, 9, 17, 0.127717)
step 623 score (0, 0, 10, 11, 0.147475) best (0, 1, 9, 17, 0.127717)
step 624 score (0, 0, 10, 11, 0.098643) best (0, 1, 9, 17, 0.127717)
step 625 score (0, 0, 10, 11, 0.147475) best (0, 1, 9, 17, 0.127717)
step 626 score (0, 0, 10, 10, 0.186751) best (0, 1, 9, 17, 0.127717)
step 627 score (0, 0, 10, 10, 0.201757) best (0, 1, 9, 17, 0.127717)
step 628 score (0, 0, 10, 10, 0.186751) best (0, 1, 9, 17, 0.127717)
step 629 score (0, 0, 10, 11, 0.147475) best (0, 1, 9, 17, 0.127717)
step 630 score (0, 0, 10, 11, 0.098643) best (0, 1, 9, 17, 0.127717)
step 631 score (0, 0, 10, 11, 0.147475) best (0, 1, 9, 17, 0.127717)
step 632 score (0, 0, 8, 10, 0.172756) best (0, 1, 9, 17, 0.127717)
step 633 score (0, 0, 10, 10, 0.146665) best (0, 1, 9, 17, 0.127717)
step 634 score (0, 0, 10, 10, 0.121838) best (0, 1, 9, 17, 0.127717)
step 635 score (0, 0, 10, 10, 0.169581) best (0, 1, 9, 17, 0.127717)
step 636 score (0, 0, 10, 10, 0.121838) best (0, 1, 9, 17, 0.127717)
step 637 score (0, 0, 10, 10, 0.169232) best (0, 1, 9, 17, 0.127717)
step 638 score (0, 0, 10, 10, 0.189061) best (0, 1, 9, 17, 0.127717)
step 639 score (0, 0, 10, 10, 0.172301) best (0, 1, 9, 17, 0.127717)
step 640 score (0, 0, 8, 9, 0.178798) best (0, 1, 9, 17, 0.127717)
step 641 score (0, 0, 8, 9, 0.152997) best (0, 1, 9, 17, 0.127717)
step 642 score (0, 0, 9, 13, 0.169061) best (0, 1, 9, 17, 0.127717)
step 643 score (0, 0, 8, 9, 0.152997) best (0, 1, 9, 17, 0.127717)
step 644 score (0, 0, 8, 9, 0.178798) best (0, 1, 9, 17, 0.127717)
step 645 score (0, 0, 5, 9, 0.17944) best (0, 1, 9, 17, 0.127717)
step 646 score (0, 0, 10, 10, 0.189061) best (0, 1, 9, 17, 0.127717)
step 647 score (0, 0, 10, 10, 0.205578) best (0, 1, 9, 17, 0.127717)
step 648 score (0, 0, 10, 11, 0.139799) best (0, 1, 9, 17, 0.127717)
step 649 score (0, 0, 10, 10, 0.205578) best (0, 1, 9, 17, 0.127717)
step 650 score (0, 0, 10, 10, 0.189061) best (0, 1, 9, 17, 0.127717)
step 651 score (0, 0, 10, 10, 0.205578) best (0, 1, 9, 17, 0.127717)
step 652 score (0, 0, 10, 11, 0.139799) best (0, 1, 9, 17, 0.127717)
step 653 score (0, 0, 10, 10, 0.205578) best (0, 1, 9, 17, 0.127717)
step 654 score (0, 0, 10, 11, 0.139799) best (0, 1, 9, 17, 0.127717)
step 655 score (0, 0, 10, 10, 0.146716) best (0, 1, 9, 17, 0.127717)
step 656 score (0, 0, 10, 11, 0.139799) best (0, 1, 9, 17, 0.127717)
step 657 score (0, 0, 10, 10, 0.205578) best (0, 1, 9, 17, 0.127717)
step 658 score (0, 0, 10, 10, 0.186751) best (0, 1, 9, 17, 0.127717)
step 659 score (0, 0, 10, 11, 0.147475) best (0, 1, 9, 17, 0.127717)
step 660 score (0, 0, 10, 10, 0.149921) best (0, 1, 9, 17, 0.127717)
step 661 score (0, 0, 10, 10, 0.169232) best (0, 1, 9, 17, 0.127717)
step 662 score (0, 0, 10, 14, 0.172419) best (0, 1, 9, 17, 0.127717)
step 663 score (0, 0, 10, 10, 0.169232) best (0, 1, 9, 17, 0.127717)
step 664 score (0, 0, 10, 10, 0.186751) best (0, 1, 9, 17, 0.127717)
step 665 score (0, 0, 10, 10, 0.205578) best (0, 1, 9, 17, 0.127717)
step 666 score (0, 0, 10, 11, 0.139799) best (0, 1, 9, 17, 0.127717)
step 667 score (0, 0, 10, 10, 0.205578) best (0, 1, 9, 17, 0.127717)
step 668 score (0, 0, 10, 11, 0.139799) best (0, 1, 9, 17, 0.127717)
step 669 score (0, 0, 10, 10, 0.205578) best (0, 1, 9, 17, 0.127717)
step 670 score (0, 0, 10, 10, 0.189061) best (0, 1, 9, 17, 0.127717)
step 671 score (0, 0, 10, 10, 0.172301) best (0, 1, 9, 17, 0.127717)
step 672 score (0, 0, 8, 9, 0.178798) best (0, 1, 9, 17, 0.127717)
step 673 score (0, 0, 10, 10, 0.172301) best (0, 1, 9, 17, 0.127717)
step 674 score (0, 0, 10, 10, 0.189061) best (0, 1, 9, 17, 0.127717)
step 675 score (0, 0, 10, 10, 0.205578) best (0, 1, 9, 17, 0.127717)
step 676 score (0, 0, 10, 11, 0.139799) best (0, 1, 9, 17, 0.127717)
step 677 score (0, 0, 10, 10, 0.205578) best (0, 1, 9, 17, 0.127717)
step 678 score (0, 0, 10, 11, 0.139799) best (0, 1, 9, 17, 0.127717)
step 679 score (0, 0, 10, 10, 0.146665) best (0, 1, 9, 17, 0.127717)
step 680 score (0, 0, 8, 10, 0.172756) best (0, 1, 9, 17, 0.127717)
step 681 score (0, 0, 10, 11, 0.147475) best (0, 1, 9, 17, 0.127717)
step 682 score (0, 0, 10, 11, 0.098643) best (0, 1, 9, 17, 0.127717)
step 683 score (0, 0, 10, 11, 0.147475) best (0, 1, 9, 17, 0.127717)
step 684 score (0, 0, 8, 10, 0.172756) best (0, 1, 9, 17, 0.127717)
step 685 score (0, 0, 10, 10, 0.205578) best (0, 1, 9, 17, 0.127717)
step 686 score (0, 0, 10, 10, 0.186751) best (0, 1, 9, 17, 0.127717)
step 687 score (0, 0, 10, 10, 0.205578) best (0, 1, 9, 17, 0.127717)
step 688 score (0, 0, 10, 10, 0.189061) best (0, 1, 9, 17, 0.127717)
step 689 score (0, 0, 10, 10, 0.205578) best (0, 1, 9, 17, 0.127717)
step 690 score (0, 0, 10, 10, 0.186751) best (0, 1, 9, 17, 0.127717)
step 691 score (0, 0, 10, 10, 0.169232) best (0, 1, 9, 17, 0.127717)
step 692 score (0, 0, 10, 10, 0.189061) best (0, 1, 9, 17, 0.127717)
step 693 score (0, 0, 10, 10, 0.205578) best (0, 1, 9, 17, 0.127717)
step 694 score (0, 0, 10, 11, 0.139799) best (0, 1, 9, 17, 0.127717)
step 695 score (0, 0, 10, 10, 0.205578) best (0, 1, 9, 17, 0.127717)
step 696 score (0, 0, 10, 11, 0.139799) best (0, 1, 9, 17, 0.127717)
step 697 score (0, 0, 10, 10, 0.205578) best (0, 1, 9, 17, 0.127717)
step 698 score (0, 0, 10, 10, 0.189061) best (0, 1, 9, 17, 0.127717)
step 699 score (0, 0, 10, 10, 0.172301) best (0, 1, 9, 17, 0.127717)
step 700 score (0, 0, 10, 10, 0.189061) best (0, 1, 9, 17, 0.127717)
step 701 score (0, 0, 10, 10, 0.205578) best (0, 1, 9, 17, 0.127717)
step 702 score (0, 0, 10, 11, 0.139799) best (0, 1, 9, 17, 0.127717)
step 703 score (0, 0, 10, 10, 0.146716) best (0, 1, 9, 17, 0.127717)
step 704 score (0, 0, 10, 11, 0.139799) best (0, 1, 9, 17, 0.127717)
step 705 score (0, 0, 10, 10, 0.205578) best (0, 1, 9, 17, 0.127717)
step 706 score (0, 0, 10, 11, 0.139799) best (0, 1, 9, 17, 0.127717)
step 707 score (0, 0, 10, 10, 0.205578) best (0, 1, 9, 17, 0.127717)
step 708 score (0, 0, 10, 11, 0.139799) best (0, 1, 9, 17, 0.127717)
step 709 score (0, 0, 10, 10, 0.146716) best (0, 1, 9, 17, 0.127717)
step 710 score (0, 0, 10, 11, 0.139799) best (0, 1, 9, 17, 0.127717)
step 711 score (0, 0, 10, 10, 0.146665) best (0, 1, 9, 17, 0.127717)
step 712 score (0, 0, 10, 11, 0.139799) best (0, 1, 9, 17, 0.127717)
step 713 score (0, 0, 10, 10, 0.205578) best (0, 1, 9, 17, 0.127717)
step 714 score (0, 0, 10, 10, 0.186751) best (0, 1, 9, 17, 0.127717)
step 715 score (0, 0, 10, 11, 0.147475) best (0, 1, 9, 17, 0.127717)
step 716 score (0, 0, 10, 11, 0.098643) best (0, 1, 9, 17, 0.127717)
step 717 score (0, 0, 10, 11, 0.147475) best (0, 1, 9, 17, 0.127717)
step 718 score (0, 0, 10, 10, 0.186751) best (0, 1, 9, 17, 0.127717)
step 719 score (0, 0, 10, 10, 0.205578) best (0, 1, 9, 17, 0.127717)
step 720 score (0, 0, 10, 10, 0.189061) best (0, 1, 9, 17, 0.127717)
step 721 score (0, 0, 10, 10, 0.205578) best (0, 1, 9, 17, 0.127717)
step 722 score (0, 0, 10, 11, 0.139799) best (0, 1, 9, 17, 0.127717)
step 723 score (0, 0, 10, 10, 0.205578) best (0, 1, 9, 17, 0.127717)
step 724 score (0, 0, 10, 11, 0.139799) best (0, 1, 9, 17, 0.127717)
step 725 score (0, 0, 10, 10, 0.205578) best (0, 1, 9, 17, 0.127717)
step 726 score (0, 0, 10, 10, 0.186751) best (0, 1, 9, 17, 0.127717)
step 727 score (0, 0, 10, 11, 0.147475) best (0, 1, 9, 17, 0.127717)
step 728 score (0, 0, 10, 11, 0.098643) best (0, 1, 9, 17, 0.127717)
step 729 score (0, 0, 10, 11, 0.147475) best (0, 1, 9, 17, 0.127717)
step 730 score (0, 0, 8, 10, 0.172756) best (0, 1, 9, 17, 0.127717)
step 731 score (0, 0, 10, 10, 0.205578) best (0, 1, 9, 17, 0.127717)
step 732 score (0, 0, 10, 11, 0.139799) best (0, 1, 9, 17, 0.127717)
step 733 score (0, 0, 10, 10, 0.146716) best (0, 1, 9, 17, 0.127717)
step 734 score (0, 0, 10, 11, 0.139799) best (0, 1, 9, 17, 0.127717)
step 735 score (0, 0, 10, 10, 0.205578) best (0, 1, 9, 17, 0.127717)
step 736 score (0, 0, 10, 11, 0.139799) best (0, 1, 9, 17, 0.127717)
step 737 score (0, 0, 10, 10, 0.205578) best (0, 1, 9, 17, 0.127717)
step 738 score (0, 0, 10, 10, 0.189061) best (0, 1, 9, 17, 0.127717)
step 739 score (0, 0, 10, 10, 0.172301) best (0, 1, 9, 17, 0.127717)
step 740 score (0, 0, 10, 10, 0.189061) best (0, 1, 9, 17, 0.127717)
step 741 score (0, 0, 10, 10, 0.205578) best (0, 1, 9, 17, 0.127717)
step 742 score (0, 0, 10, 11, 0.139799) best (0, 1, 9, 17, 0.127717)
step 743 score (0, 0, 10, 10, 0.205578) best (0, 1, 9, 17, 0.127717)
step 744 score (0, 0, 10, 11, 0.139799) best (0, 1, 9, 17, 0.127717)
step 745 score (0, 0, 10, 10, 0.205578) best (0, 1, 9, 17, 0.127717)
step 746 score (0, 0, 10, 11, 0.139799) best (0, 1, 9, 17, 0.127717)
step 747 score (0, 0, 10, 10, 0.146716) best (0, 1, 9, 17, 0.127717)
step 748 score (0, 0, 10, 11, 0.139799) best (0, 1, 9, 17, 0.127717)
step 749 score (0, 0, 10, 10, 0.205578) best (0, 1, 9, 17, 0.127717)
step 750 score (0, 0, 10, 10, 0.186751) best (0, 1, 9, 17, 0.127717)
step 751 score (0, 0, 10, 11, 0.147475) best (0, 1, 9, 17, 0.127717)
step 752 score (0, 0, 10, 11, 0.098643) best (0, 1, 9, 17, 0.127717)
step 753 score (0, 0, 9, 10, 0.123509) best (0, 1, 9, 17, 0.127717)
step 754 score (0, 0, 3, 9, 0.16696) best (0, 1, 9, 17, 0.127717)
step 755 score (0, 0, 9, 9, 0.193713) best (0, 1, 9, 17, 0.127717)
step 756 score (0, 0, 5, 9, 0.19752) best (0, 1, 9, 17, 0.127717)
step 757 score (0, 0, 10, 10, 0.201757) best (0, 1, 9, 17, 0.127717)
step 758 score (0, 0, 10, 10, 0.186751) best (0, 1, 9, 17, 0.127717)
step 759 score (0, 0, 10, 11, 0.147475) best (0, 1, 9, 17, 0.127717)
step 760 score (0, 0, 10, 10, 0.149921) best (0, 1, 9, 17, 0.127717)
step 761 score (0, 0, 10, 10, 0.169232) best (0, 1, 9, 17, 0.127717)
step 762 score (0, 0, 10, 10, 0.189061) best (0, 1, 9, 17, 0.127717)
step 763 score (0, 0, 10, 10, 0.172301) best (0, 1, 9, 17, 0.127717)
step 764 score (0, 0, 10, 10, 0.189061) best (0, 1, 9, 17, 0.127717)
step 765 score (0, 0, 10, 10, 0.169232) best (0, 1, 9, 17, 0.127717)
step 766 score (0, 0, 10, 14, 0.172419) best (0, 1, 9, 17, 0.127717)
step 767 score (0, 0, 10, 12, 0.141084) best (0, 1, 9, 17, 0.127717)
step 768 score (0, 0, 10, 14, 0.172419) best (0, 1, 9, 17, 0.127717)
step 769 score (0, 0, 10, 10, 0.169232) best (0, 1, 9, 17, 0.127717)
step 770 score (0, 0, 10, 10, 0.186751) best (0, 1, 9, 17, 0.127717)
step 771 score (0, 0, 10, 10, 0.205578) best (0, 1, 9, 17, 0.127717)
step 772 score (0, 0, 10, 11, 0.139799) best (0, 1, 9, 17, 0.127717)
step 773 score (0, 0, 10, 10, 0.205578) best (0, 1, 9, 17, 0.127717)
step 774 score (0, 0, 10, 10, 0.189061) best (0, 1, 9, 17, 0.127717)
step 775 score (0, 0, 10, 10, 0.172301) best (0, 1, 9, 17, 0.127717)
step 776 score (0, 0, 8, 9, 0.178798) best (0, 1, 9, 17, 0.127717)
step 777 score (0, 0, 8, 9, 0.152997) best (0, 1, 9, 17, 0.127717)
step 778 score (0, 0, 9, 9, 0.127231) best (0, 1, 9, 17, 0.127717)
step 779 score (0, 0, 2, 8, 0.113525) best (0, 1, 9, 17, 0.127717)
step 780 score (0, 0, 2, 8, 0.14629) best (0, 1, 9, 17, 0.127717)
step 781 score (0, 0, 2, 12, 0.188595) best (0, 1, 9, 17, 0.127717)
step 782 score (0, 0, 9, 13, 0.169061) best (0, 1, 9, 17, 0.127717)
step 783 score (0, 0, 10, 12, 0.141084) best (0, 1, 9, 17, 0.127717)
step 784 score (0, 0, 10, 14, 0.172419) best (0, 1, 9, 17, 0.127717)
step 785 score (0, 0, 10, 10, 0.169232) best (0, 1, 9, 17, 0.127717)
step 786 score (0, 0, 10, 10, 0.121838) best (0, 1, 9, 17, 0.127717)
step 787 score (0, 0, 10, 10, 0.146665) best (0, 1, 9, 17, 0.127717)
step 788 score (0, 0, 10, 11, 0.139799) best (0, 1, 9, 17, 0.127717)
step 789 score (0, 0, 10, 10, 0.205578) best (0, 1, 9, 17, 0.127717)
step 790 score (0, 0, 10, 11, 0.139799) best (0, 1, 9, 17, 0.127717)
step 791 score (0, 0, 10, 10, 0.205578) best (0, 1, 9, 17, 0.127717)
step 792 score (0, 0, 10, 10, 0.189061) best (0, 1, 9, 17, 0.127717)
step 793 score (0, 0, 10, 10, 0.172301) best (0, 1, 9, 17, 0.127717)
step 794 score (0, 0, 4, 10, 0.126336) best (0, 1, 9, 17, 0.127717)
step 795 score (0, 0, 10, 10, 0.169232) best (0, 1, 9, 17, 0.127717)
step 796 score (0, 0, 10, 14, 0.172419) best (0, 1, 9, 17, 0.127717)
step 797 score (0, 0, 10, 12, 0.141084) best (0, 1, 9, 17, 0.127717)
step 798 score (0, 0, 10, 14, 0.172419) best (0, 1, 9, 17, 0.127717)
step 799 score (0, 0, 10, 10, 0.169232) best (0, 1, 9, 17, 0.127717)
step 800 score (0, 0, 10, 10, 0.186751) best (0, 1, 9, 17, 0.127717)
step 801 score (0, 0, 10, 11, 0.147475) best (0, 1, 9, 17, 0.127717)
step 802 score (0, 0, 10, 11, 0.098643) best (0, 1, 9, 17, 0.127717)
step 803 score (0, 0, 9, 10, 0.123509) best (0, 1, 9, 17, 0.127717)
step 804 score (0, 0, 9, 9, 0.127231) best (0, 1, 9, 17, 0.127717)
step 805 score (0, 0, 2, 8, 0.113525) best (0, 1, 9, 17, 0.127717)
step 806 score (0, 0, 9, 9, 0.127231) best (0, 1, 9, 17, 0.127717)
step 807 score (0, 0, 5, 9, 0.125914) best (0, 1, 9, 17, 0.127717)
step 808 score (0, 0, 5, 9, 0.158209) best (0, 1, 9, 17, 0.127717)
step 809 score (0, 0, 9, 9, 0.148433) best (0, 1, 9, 17, 0.127717)
step 810 score (0, 0, 7, 9, 0.106479) best (0, 1, 9, 17, 0.127717)
step 811 score (0, 0, 9, 9, 0.148433) best (0, 1, 9, 17, 0.127717)
step 812 score (0, 0, 9, 11, 0.165007) best (0, 1, 9, 17, 0.127717)
step 813 score (0, 0, 9, 9, 0.148433) best (0, 1, 9, 17, 0.127717)
step 814 score (0, 0, 5, 9, 0.158209) best (0, 1, 9, 17, 0.127717)
step 815 score (0, 0, 10, 10, 0.169232) best (0, 1, 9, 17, 0.127717)
step 816 score (0, 0, 10, 10, 0.186751) best (0, 1, 9, 17, 0.127717)
step 817 score (0, 0, 10, 10, 0.205578) best (0, 1, 9, 17, 0.127717)
step 818 score (0, 0, 10, 11, 0.139799) best (0, 1, 9, 17, 0.127717)
step 819 score (0, 0, 10, 10, 0.205578) best (0, 1, 9, 17, 0.127717)
step 820 score (0, 0, 10, 10, 0.189061) best (0, 1, 9, 17, 0.127717)
step 821 score (0, 0, 10, 10, 0.172301) best (0, 1, 9, 17, 0.127717)
step 822 score (0, 0, 10, 10, 0.189061) best (0, 1, 9, 17, 0.127717)
step 823 score (0, 0, 10, 10, 0.205578) best (0, 1, 9, 17, 0.127717)
step 824 score (0, 0, 10, 11, 0.139799) best (0, 1, 9, 17, 0.127717)
step 825 score (0, 0, 10, 10, 0.205578) best (0, 1, 9, 17, 0.127717)
step 826 score (0, 0, 10, 11, 0.139799) best (0, 1, 9, 17, 0.127717)
step 827 score (0, 0, 10, 10, 0.146716) best (0, 1, 9, 17, 0.127717)
step 828 score (0, 0, 10, 10, 0.185394) best (0, 1, 9, 17, 0.127717)
step 829 score (0, 0, 10, 12, 0.21276) best (0, 1, 9, 17, 0.127717)
step 830 score (0, 0, 5, 11, 0.187943) best (0, 1, 9, 17, 0.127717)
step 831 score (0, 0, 8, 13, 0.173587) best (0, 1, 9, 17, 0.127717)
step 832 score (0, 0, 6, 17, 0.149242) best (0, 1, 9, 17, 0.127717)
step 833 score (0, 0, 10, 18, 0.19561) best (0, 1, 9, 17, 0.127717)
step 834 score (0, 0, 10, 17, 0.174072) best (0, 1, 9, 17, 0.127717)
step 835 score (0, 0, 8, 17, 0.182974) best (0, 1, 9, 17, 0.127717)
step 836 score (0, 0, 8, 18, 0.207662) best (0, 1, 9, 17, 0.127717)
step 837 score (0, 0, 10, 17, 0.196604) best (0, 1, 9, 17, 0.127717)
step 838 score (0, 0, 7, 17, 0.192784) best (0, 1, 9, 17, 0.127717)
step 839 score (0, 0, 8, 17, 0.185575) best (0, 1, 9, 17, 0.127717)
step 840 score (0, 0, 7, 15, 0.155799) best (0, 1, 9, 17, 0.127717)
step 841 score (0, 0, 4, 14, 0.168867) best (0, 1, 9, 17, 0.127717)
step 842 score (0, 0, 3, 16, 0.153059) best (0, 1, 9, 17, 0.127717)
step 843 score (0, 0, 2, 10, 0.142002) best (0, 1, 9, 17, 0.127717)
step 844 score (0, 0, 5, 16, 0.176192) best (0, 1, 9, 17, 0.127717)
step 845 score (0, 0, 6, 16, 0.160061) best (0, 1, 9, 17, 0.127717)
step 846 score (0, 0, 6, 14, 0.127151) best (0, 1, 9, 17, 0.127717)
step 847 score (0, 0, 6, 16, 0.160061) best (0, 1, 9, 17, 0.127717)
step 848 score (0, 0, 6, 16, 0.177533) best (0, 1, 9, 17, 0.127717)
step 849 score (0, 0, 3, 10, 0.147356) best (0, 1, 9, 17, 0.127717)
step 850 score (0, 0, 7, 10, 0.15184) best (0, 1, 9, 17, 0.127717)
step 851 score (0, 0, 12, 17, 0.183719) best (0, 1, 9, 17, 0.127717)
step 852 score (0, 0, 9, 16, 0.18457) best (0, 1, 9, 17, 0.127717)
step 853 score (0, 0, 8, 16, 0.195512) best (0, 1, 9, 17, 0.127717)
step 854 score (0, 0, 10, 17, 0.195152) best (0, 1, 9, 17, 0.127717)
step 855 score (0, 0, 14, 17, 0.171654) best (0, 1, 9, 17, 0.127717)
step 856 score (0, 0, 7, 17, 0.183459) best (0, 1, 9, 17, 0.127717)
step 857 score (0, 0, 12, 17, 0.168477) best (0, 1, 9, 17, 0.127717)
step 858 score (0, 0, 6, 15, 0.157821) best (0, 1, 9, 17, 0.127717)
step 859 score (0, 0, 12, 17, 0.168477) best (0, 1, 9, 17, 0.127717)
step 860 score (0, 0, 10, 17, 0.192016) best (0, 1, 9, 17, 0.127717)
step 861 score (0, 0, 8, 17, 0.206485) best (0, 1, 9, 17, 0.127717)
step 862 score (0, 0, 10, 17, 0.195152) best (0, 1, 9, 17, 0.127717)
step 863 score (0, 0, 12, 17, 0.183719) best (0, 1, 9, 17, 0.127717)
step 864 score (0, 0, 10, 17, 0.197989) best (0, 1, 9, 17, 0.127717)
step 865 score (0, 0, 13, 17, 0.181408) best (0, 1, 9, 17, 0.127717)
step 866 score (0, 0, 7, 10, 0.15184) best (0, 1, 9, 17, 0.127717)
step 867 score (0, 0, 11, 17, 0.17587) best (0, 1, 9, 17, 0.127717)
step 868 score (0, 0, 7, 17, 0.184691) best (0, 1, 9, 17, 0.127717)
step 869 score (0, 0, 8, 17, 0.163176) best (0, 1, 9, 17, 0.127717)
step 870 score (0, 0, 3, 12, 0.173817) best (0, 1, 9, 17, 0.127717)
step 871 score (0, 0, 3, 16, 0.19469) best (0, 1, 9, 17, 0.127717)
step 872 score (0, 0, 2, 16, 0.185374) best (0, 1, 9, 17, 0.127717)
step 873 score (0, 0, 5, 16, 0.16687) best (0, 1, 9, 17, 0.127717)
step 874 score (0, 0, 9, 14, 0.175174) best (0, 1, 9, 17, 0.127717)
step 875 score (0, 0, 6, 17, 0.192837) best (0, 1, 9, 17, 0.127717)
step 876 score (0, 0, 2, 14, 0.152406) best (0, 1, 9, 17, 0.127717)
step 877 score (0, 0, 0, 12, 0.141508) best (0, 1, 9, 17, 0.127717)
step 878 score (0, 0, 2, 13, 0.128013) best (0, 1, 9, 17, 0.127717)
step 879 score (0, 0, 6, 15, 0.125962) best (0, 1, 9, 17, 0.127717)
step 880 score (0, 0, 0, 13, 0.146829) best (0, 1, 9, 17, 0.127717)
step 881 score (0, 0, 3, 15, 0.133338) best (0, 1, 9, 17, 0.127717)
step 882 score (0, 0, 7, 8, 0.138939) best (0, 1, 9, 17, 0.127717)
step 883 score (0, 0, 3, 8, 0.145133) best (0, 1, 9, 17, 0.127717)
step 884 score (0, 0, 9, 9, 0.148854) best (0, 1, 9, 17, 0.127717)
step 885 score (0, 0, 6, 15, 0.153381) best (0, 1, 9, 17, 0.127717)
step 886 score (0, 0, 9, 16, 0.178229) best (0, 1, 9, 17, 0.127717)
step 887 score (0, 0, 7, 16, 0.192759) best (0, 1, 9, 17, 0.127717)
step 888 score (0, 0, 10, 16, 0.170747) best (0, 1, 9, 17, 0.127717)
step 889 score (0, 0, 8, 16, 0.147645) best (0, 1, 9, 17, 0.127717)
step 890 score (0, 0, 1, 10, 0.140741) best (0, 1, 9, 17, 0.127717)
step 891 score (0, 0, 6, 9, 0.138119) best (0, 1, 9, 17, 0.127717)
step 892 score (0, 0, 14, 17, 0.171654) best (0, 1, 9, 17, 0.127717)
step 893 score (0, 0, 7, 17, 0.183459) best (0, 1, 9, 17, 0.127717)
step 894 score (0, 0, 8, 17, 0.206485) best (0, 1, 9, 17, 0.127717)
step 895 score (0, 0, 10, 17, 0.195152) best (0, 1, 9, 17, 0.127717)
step 896 score (0, 0, 14, 17, 0.171654) best (0, 1, 9, 17, 0.127717)
step 897 score (0, 0, 8, 16, 0.155318) best (0, 1, 9, 17, 0.127717)
step 898 score (0, 0, 14, 17, 0.171654) best (0, 1, 9, 17, 0.127717)
step 899 score (0, 0, 10, 17, 0.195152) best (0, 1, 9, 17, 0.127717)
step 900 score (0, 0, 12, 17, 0.183719) best (0, 1, 9, 17, 0.127717)
step 901 score (0, 0, 9, 16, 0.18457) best (0, 1, 9, 17, 0.127717)
step 902 score (0, 0, 8, 16, 0.184908) best (0, 1, 9, 17, 0.127717)
step 903 score (0, 0, 10, 16, 0.204911) best (0, 1, 9, 17, 0.127717)
step 904 score (0, 0, 8, 15, 0.135314) best (0, 1, 9, 17, 0.127717)
step 905 score (0, 0, 1, 12, 0.135254) best (0, 1, 9, 17, 0.127717)
step 906 score (0, 0, 8, 15, 0.135314) best (0, 1, 9, 17, 0.127717)
step 907 score (0, 0, 5, 15, 0.128104) best (0, 1, 9, 17, 0.127717)
step 908 score (0, 0, 3, 15, 0.129122) best (0, 1, 9, 17, 0.127717)
step 909 score (0, 0, 1, 13, 0.156101) best (0, 1, 9, 17, 0.127717)
step 910 score (0, 0, 4, 15, 0.128379) best (0, 1, 9, 17, 0.127717)
step 911 score (0, 0, 6, 14, 0.151414) best (0, 1, 9, 17, 0.127717)
step 912 score (0, 0, 6, 14, 0.163704) best (0, 1, 9, 17, 0.127717)
step 913 score (0, 0, 11, 13, 0.154095) best (0, 1, 9, 17, 0.127717)
step 914 score (0, 0, 7, 13, 0.146995) best (0, 1, 9, 17, 0.127717)
step 915 score (0, 0, 5, 12, 0.154193) best (0, 1, 9, 17, 0.127717)
step 916 score (0, 0, 2, 11, 0.141943) best (0, 1, 9, 17, 0.127717)
step 917 score (0, 0, 5, 10, 0.126373) best (0, 1, 9, 17, 0.127717)
step 918 score (0, 0, 2, 12, 0.118447) best (0, 1, 9, 17, 0.127717)
step 919 score (0, 0, 5, 10, 0.126373) best (0, 1, 9, 17, 0.127717)
step 920 score (0, 0, 9, 11, 0.146214) best (0, 1, 9, 17, 0.127717)
step 921 score (0, 0, 5, 10, 0.126373) best (0, 1, 9, 17, 0.127717)
step 922 score (0, 0, 5, 9, 0.118222) best (0, 1, 9, 17, 0.127717)
step 923 score (0, 0, 5, 10, 0.126373) best (0, 1, 9, 17, 0.127717)
step 924 score (0, 0, 6, 11, 0.148084) best (0, 1, 9, 17, 0.127717)
step 925 score (0, 0, 5, 10, 0.126373) best (0, 1, 9, 17, 0.127717)
step 926 score (0, 0, 5, 9, 0.118222) best (0, 1, 9, 17, 0.127717)
step 927 score (0, 0, 5, 10, 0.119535) best (0, 1, 9, 17, 0.127717)
step 928 score (0, 0, 8, 13, 0.153198) best (0, 1, 9, 17, 0.127717)
step 929 score (0, 0, 8, 12, 0.143927) best (0, 1, 9, 17, 0.127717)
step 930 score (0, 0, 8, 13, 0.153198) best (0, 1, 9, 17, 0.127717)
step 931 score (0, 0, 5, 10, 0.119535) best (0, 1, 9, 17, 0.127717)
step 932 score (0, 0, 7, 10, 0.133031) best (0, 1, 9, 17, 0.127717)
step 933 score (0, 0, 5, 10, 0.111749) best (0, 1, 9, 17, 0.127717)
step 934 score (0, 0, 2, 7, 0.098209) best (0, 1, 9, 17, 0.127717)
step 935 score (0, 0, 0, 8, 0.092882) best (0, 1, 9, 17, 0.127717)
step 936 score (0, 0, 2, 9, 0.113635) best (0, 1, 9, 17, 0.127717)
step 937 score (0, 0, 5, 10, 0.152279) best (0, 1, 9, 17, 0.127717)
step 938 score (0, 0, 9, 10, 0.127349) best (0, 1, 9, 17, 0.127717)
step 939 score (0, 0, 6, 9, 0.139869) best (0, 1, 9, 17, 0.127717)
step 940 score (0, 0, 6, 9, 0.153479) best (0, 1, 9, 17, 0.127717)
step 941 score (0, 0, 6, 9, 0.139869) best (0, 1, 9, 17, 0.127717)
step 942 score (0, 0, 1, 7, 0.104885) best (0, 1, 9, 17, 0.127717)
step 943 score (0, 0, 5, 9, 0.090067) best (0, 1, 9, 17, 0.127717)
step 944 score (0, 0, 2, 8, 0.147316) best (0, 1, 9, 17, 0.127717)
step 945 score (0, 0, 8, 8, 0.141194) best (0, 1, 9, 17, 0.127717)
step 946 score (0, 0, 7, 8, 0.129663) best (0, 1, 9, 17, 0.127717)
step 947 score (0, 0, 8, 8, 0.132804) best (0, 1, 9, 17, 0.127717)
step 948 score (0, 0, 7, 8, 0.129663) best (0, 1, 9, 17, 0.127717)
step 949 score (0, 0, 2, 8, 0.115215) best (0, 1, 9, 17, 0.127717)
step 950 score (0, 0, 2, 9, 0.138618) best (0, 1, 9, 17, 0.127717)
step 951 score (0, 0, 2, 9, 0.174147) best (0, 1, 9, 17, 0.127717)
step 952 score (0, 0, 2, 9, 0.160434) best (0, 1, 9, 17, 0.127717)
step 953 score (0, 0, 2, 9, 0.147979) best (0, 1, 9, 17, 0.127717)
step 954 score (0, 0, 8, 9, 0.132674) best (0, 1, 9, 17, 0.127717)
step 955 score (0, 0, 9, 9, 0.154034) best (0, 1, 9, 17, 0.127717)
step 956 score (0, 0, 8, 9, 0.140787) best (0, 1, 9, 17, 0.127717)
step 957 score (0, 0, 9, 9, 0.143845) best (0, 1, 9, 17, 0.127717)
step 958 score (0, 0, 6, 10, 0.151149) best (0, 1, 9, 17, 0.127717)
step 959 score (0, 0, 9, 9, 0.143845) best (0, 1, 9, 17, 0.127717)
step 960 score (0, 0, 8, 9, 0.140787) best (0, 1, 9, 17, 0.127717)
step 961 score (0, 0, 9, 9, 0.150185) best (0, 1, 9, 17, 0.127717)
step 962 score (0, 0, 8, 9, 0.140787) best (0, 1, 9, 17, 0.127717)
step 963 score (0, 0, 9, 9, 0.154034) best (0, 1, 9, 17, 0.127717)
step 964 score (0, 0, 9, 9, 0.140787) best (0, 1, 9, 17, 0.127717)
step 965 score (0, 0, 4, 10, 0.144773) best (0, 1, 9, 17, 0.127717)
step 966 score (0, 0, 5, 10, 0.154219) best (0, 1, 9, 17, 0.127717)
step 967 score (0, 0, 9, 9, 0.143845) best (0, 1, 9, 17, 0.127717)
step 968 score (0, 0, 8, 9, 0.140787) best (0, 1, 9, 17, 0.127717)
step 969 score (0, 0, 9, 9, 0.154034) best (0, 1, 9, 17, 0.127717)
step 970 score (0, 0, 8, 9, 0.132674) best (0, 1, 9, 17, 0.127717)
step 971 score (0, 0, 9, 9, 0.154034) best (0, 1, 9, 17, 0.127717)
step 972 score (0, 0, 9, 9, 0.140787) best (0, 1, 9, 17, 0.127717)
step 973 score (0, 0, 9, 9, 0.150185) best (0, 1, 9, 17, 0.127717)
step 974 score (0, 0, 8, 10, 0.13854) best (0, 1, 9, 17, 0.127717)
step 975 score (0, 0, 3, 10, 0.142946) best (0, 1, 9, 17, 0.127717)
step 976 score (0, 0, 8, 10, 0.13854) best (0, 1, 9, 17, 0.127717)
step 977 score (0, 0, 9, 9, 0.150185) best (0, 1, 9, 17, 0.127717)
step 978 score (0, 0, 9, 9, 0.140787) best (0, 1, 9, 17, 0.127717)
step 979 score (0, 0, 2, 9, 0.127916) best (0, 1, 9, 17, 0.127717)
step 980 score (0, 0, 0, 9, 0.111505) best (0, 1, 9, 17, 0.127717)
step 981 score (0, 0, 6, 10, 0.151149) best (0, 1, 9, 17, 0.127717)
step 982 score (0, 0, 9, 9, 0.143845) best (0, 1, 9, 17, 0.127717)
step 983 score (0, 0, 8, 9, 0.140787) best (0, 1, 9, 17, 0.127717)
step 984 score (0, 0, 9, 9, 0.143845) best (0, 1, 9, 17, 0.127717)
step 985 score (0, 0, 6, 10, 0.151149) best (0, 1, 9, 17, 0.127717)
step 986 score (0, 0, 2, 9, 0.125769) best (0, 1, 9, 17, 0.127717)
step 987 score (0, 0, 5, 11, 0.134784) best (0, 1, 9, 17, 0.127717)
step 988 score (0, 0, 2, 9, 0.131506) best (0, 1, 9, 17, 0.127717)
step 989 score (0, 0, 7, 10, 0.13758) best (0, 1, 9, 17, 0.127717)
step 990 score (0, 0, 4, 14, 0.162712) best (0, 1, 9, 17, 0.127717)
step 991 score (0, 0, 5, 16, 0.175779) best (0, 1, 9, 17, 0.127717)
step 992 score (0, 0, 7, 13, 0.121229) best (0, 1, 9, 17, 0.127717)
step 993 score (0, 0, 5, 9, 0.119507) best (0, 1, 9, 17, 0.127717)
step 994 score (0, 0, 3, 9, 0.135315) best (0, 1, 9, 17, 0.127717)
step 995 score (0, 0, 5, 9, 0.119507) best (0, 1, 9, 17, 0.127717)
step 996 score (0, 0, 7, 13, 0.121229) best (0, 1, 9, 17, 0.127717)
step 997 score (0, 0, 6, 16, 0.128263) best (0, 1, 9, 17, 0.127717)
step 998 score (0, 0, 4, 16, 0.143616) best (0, 1, 9, 17, 0.127717)
step 999 score (0, 0, 7, 16, 0.126789) best (0, 1, 9, 17, 0.127717)
step 1000 score (0, 0, 4, 16, 0.143616) best (0, 1, 9, 17, 0.127717)
step 1001 score (0, 0, 6, 16, 0.128263) best (0, 1, 9, 17, 0.127717)
step 1002 score (0, 0, 7, 13, 0.121229) best (0, 1, 9, 17, 0.127717)
step 1003 score (0, 0, 6, 14, 0.129921) best (0, 1, 9, 17, 0.127717)
step 1004 score (0, 0, 7, 13, 0.121229) best (0, 1, 9, 17, 0.127717)
step 1005 score (0, 0, 6, 16, 0.128263) best (0, 1, 9, 17, 0.127717)
step 1006 score (0, 0, 4, 16, 0.143616) best (0, 1, 9, 17, 0.127717)
step 1007 score (0, 0, 4, 9, 0.125527) best (0, 1, 9, 17, 0.127717)
step 1008 score (0, 0, 6, 9, 0.11516) best (0, 1, 9, 17, 0.127717)
step 1009 score (0, 0, 7, 11, 0.140835) best (0, 1, 9, 17, 0.127717)
step 1010 score (0, 0, 6, 10, 0.119651) best (0, 1, 9, 17, 0.127717)
step 1011 score (0, 0, 7, 9, 0.126193) best (0, 1, 9, 17, 0.127717)
step 1012 score (0, 0, 8, 9, 0.159656) best (0, 1, 9, 17, 0.127717)
step 1013 score (0, 0, 7, 9, 0.137569) best (0, 1, 9, 17, 0.127717)
step 1014 score (0, 0, 8, 9, 0.159656) best (0, 1, 9, 17, 0.127717)
step 1015 score (0, 0, 7, 9, 0.137569) best (0, 1, 9, 17, 0.127717)
step 1016 score (0, 0, 9, 9, 0.154349) best (0, 1, 9, 17, 0.127717)
step 1017 score (0, 0, 7, 9, 0.137569) best (0, 1, 9, 17, 0.127717)
step 1018 score (0, 0, 9, 11, 0.123808) best (0, 1, 9, 17, 0.127717)
step 1019 score (0, 0, 7, 9, 0.137569) best (0, 1, 9, 17, 0.127717)
step 1020 score (0, 0, 9, 9, 0.154349) best (0, 1, 9, 17, 0.127717)
step 1021 score (0, 0, 8, 9, 0.145952) best (0, 1, 9, 17, 0.127717)
step 1022 score (0, 0, 4, 9, 0.154135) best (0, 1, 9, 17, 0.127717)
step 1023 score (0, 0, 8, 9, 0.123434) best (0, 1, 9, 17, 0.127717)
step 1024 score (0, 0, 9, 9, 0.132698) best (0, 1, 9, 17, 0.127717)
step 1025 score (0, 0, 4, 9, 0.117752) best (0, 1, 9, 17, 0.127717)
step 1026 score (0, 0, 4, 9, 0.131112) best (0, 1, 9, 17, 0.127717)
step 1027 score (0, 0, 5, 12, 0.136766) best (0, 1, 9, 17, 0.127717)
step 1028 score (0, 0, 7, 13, 0.160149) best (0, 1, 9, 17, 0.127717)
step 1029 score (0, 0, 5, 12, 0.136766) best (0, 1, 9, 17, 0.127717)
step 1030 score (0, 0, 9, 9, 0.102303) best (0, 1, 9, 17, 0.127717)
step 1031 score (0, 0, 7, 9, 0.083648) best (0, 1, 9, 17, 0.127717)
step 1032 score (0, 0, 9, 9, 0.102303) best (0, 1, 9, 17, 0.127717)
step 1033 score (0, 0, 5, 9, 0.124697) best (0, 1, 9, 17, 0.127717)
step 1034 score (0, 0, 9, 9, 0.102303) best (0, 1, 9, 17, 0.127717)
step 1035 score (0, 0, 7, 12, 0.140631) best (0, 1, 9, 17, 0.127717)
step 1036 score (0, 0, 2, 10, 0.10613) best (0, 1, 9, 17, 0.127717)
step 1037 score (0, 0, 6, 9, 0.127663) best (0, 1, 9, 17, 0.127717)
step 1038 score (0, 0, 6, 9, 0.114247) best (0, 1, 9, 17, 0.127717)
step 1039 score (0, 0, 5, 9, 0.136439) best (0, 1, 9, 17, 0.127717)
step 1040 score (0, 0, 4, 9, 0.142653) best (0, 1, 9, 17, 0.127717)
step 1041 score (0, 0, 4, 9, 0.153135) best (0, 1, 9, 17, 0.127717)
step 1042 score (0, 0, 4, 13, 0.171248) best (0, 1, 9, 17, 0.127717)
step 1043 score (0, 0, 10, 17, 0.192016) best (0, 1, 9, 17, 0.127717)
step 1044 score (0, 0, 13, 17, 0.181408) best (0, 1, 9, 17, 0.127717)
step 1045 score (0, 0, 7, 10, 0.15184) best (0, 1, 9, 17, 0.127717)
step 1046 score (0, 0, 7, 9, 0.111347) best (0, 1, 9, 17, 0.127717)
step 1047 score (0, 0, 1, 10, 0.122531) best (0, 1, 9, 17, 0.127717)
step 1048 score (0, 0, 3, 14, 0.134211) best (0, 1, 9, 17, 0.127717)
step 1049 score (0, 0, 6, 14, 0.127151) best (0, 1, 9, 17, 0.127717)
