flat/ipr62_1000.json flat profile [1, 1, 1, 1, 1, 1, 1, 1, 1, 1, 1, 2]
{"graph": "flat/ipr62_1000.json", "hole": 58, "flat": 2, "n_states": 76953643, "n_classes": 1, "classes_without_filled_state": 0} classes 1
flat/ipr62_1010.json flat profile [1, 1, 1, 1, 1, 1, 1, 1, 1, 1, 1, 2]
{"graph": "flat/ipr62_1010.json", "hole": 10, "flat": 2, "n_states": 57251989, "n_classes": 1, "classes_without_filled_state": 0} classes 1
flat/ipr62_1015.json flat profile [1, 1, 1, 1, 1, 1, 1, 1, 1, 1, 1, 2]
{"graph": "flat/ipr62_1015.json", "hole": 37, "flat": 2, "n_states": 64303490, "n_classes": 1, "classes_without_filled_state": 0} classes 1
flat/ipr62_1019.json flat profile [1, 1, 1, 1, 1, 1, 1, 1, 1, 1, 1, 2]
{"graph": "flat/ipr62_1019.json", "hole": 39, "flat": 2, "n_states": 65605020, "n_classes": 1, "classes_without_filled_state": 0} classes 1
flat/ipr62_102.json flat profile [1, 1, 1, 1, 1, 1, 1, 1, 1, 1, 1, 2]
{"graph": "flat/ipr62_102.json", "hole": 56, "flat": 2, "n_states": 78637992, "n_classes": 1, "classes_without_filled_state": 0} classes 1
flat/ipr62_1026.json flat profile [1, 1, 1, 1, 1, 1, 1, 1, 1, 1, 1, 2]
{"graph": "flat/ipr62_1026.json", "hole": 37, "flat": 2, "n_states": 96017538, "n_classes": 1, "classes_without_filled_state": 0} classes 1
flat/ipr62_1027.json flat profile [1, 1, 1, 1, 1, 1, 1, 1, 1, 1, 1, 2]
{"graph": "flat/ipr62_1027.json", "hole": 60, "flat": 2, "n_states": 73445761, "n_classes": 1, "classes_without_filled_state": 0} classes 1
flat/ipr62_104.json flat profile [1, 1, 1, 1, 1, 1, 1, 1, 1, 1, 2, 2]
{"graph": "flat/ipr62_104.json", "hole": 3, "flat": 2, "n_states": 51949761, "n_classes": 1, "classes_without_filled_state": 0} classes 1
{"graph": "flat/ipr62_104.json", "hole": 45, "flat": 2, "n_states": 53064051, "n_classes": 1, "classes_without_filled_state": 0} classes 1
flat/ipr62_105.json flat profile [1, 1, 1, 1, 1, 1, 1, 1, 1, 1, 2, 2]
{"graph": "flat/ipr62_105.json", "hole": 3, "flat": 2, "n_states": 74823091, "n_classes": 1, "classes_without_filled_state": 0} classes 1
{"graph": "flat/ipr62_105.json", "hole": 44, "flat": 2, "n_states": 74823091, "n_classes": 1, "classes_without_filled_state": 0} classes 1
flat/ipr62_1059.json flat profile [1, 1, 1, 1, 1, 1, 1, 1, 1, 1, 1, 2]
{"graph": "flat/ipr62_1059.json", "hole": 61, "flat": 2, "n_states": 111917628, "n_classes": 1, "classes_without_filled_state": 0} classes 1
flat/ipr62_106.json flat profile [1, 1, 1, 1, 1, 1, 1, 1, 1, 1, 1, 2]
{"graph": "flat/ipr62_106.json", "hole": 27, "flat": 2, "n_states": 105872452, "n_classes": 1, "classes_without_filled_state": 0} classes 1
flat/ipr62_1068.json flat profile [1, 1, 1, 1, 1, 1, 1, 1, 1, 1, 1, 2]
{"graph": "flat/ipr62_1068.json", "hole": 16, "flat": 2, "n_states": 46204464, "n_classes": 1, "classes_without_filled_state": 0} classes 1
flat/ipr62_1072.json flat profile [1, 1, 1, 1, 1, 1, 1, 1, 1, 1, 1, 2]
{"graph": "flat/ipr62_1072.json", "hole": 17, "flat": 2, "n_states": 56225283, "n_classes": 1, "classes_without_filled_state": 0} classes 1
flat/ipr62_1079.json flat profile [1, 1, 1, 1, 1, 1, 1, 1, 1, 1, 1, 2]
{"graph": "flat/ipr62_1079.json", "hole": 38, "flat": 2, "n_states": 98928721, "n_classes": 1, "classes_without_filled_state": 0} classes 1
flat/ipr62_1083.json flat profile [1, 1, 1, 1, 1, 1, 1, 1, 1, 1, 1, 2]
{"graph": "flat/ipr62_1083.json", "hole": 17, "flat": 2, "n_states": 71153020, "n_classes": 1, "classes_without_filled_state": 0} classes 1
flat/ipr62_1089.json flat profile [1, 1, 1, 1, 1, 1, 1, 1, 1, 1, 1, 2]
{"graph": "flat/ipr62_1089.json", "hole": 3, "flat": 2, "n_states": 54205396, "n_classes": 1, "classes_without_filled_state": 0} classes 1
flat/ipr62_1093.json flat profile [1, 1, 1, 1, 1, 1, 1, 1, 1, 1, 1, 2]
{"graph": "flat/ipr62_1093.json", "hole": 9, "flat": 2, "n_states": 55698779, "n_classes": 1, "classes_without_filled_state": 0} classes 1
flat/ipr62_1108.json flat profile [1, 1, 1, 1, 1, 1, 1, 1, 1, 1, 1, 2]
{"graph": "flat/ipr62_1108.json", "hole": 16, "flat": 2, "n_states": 54841600, "n_classes": 1, "classes_without_filled_state": 0} classes 1
flat/ipr62_1115.json flat profile [1, 1, 1, 1, 1, 1, 1, 1, 1, 1, 1, 2]
{"graph": "flat/ipr62_1115.json", "hole": 16, "flat": 2, "n_states": 72085223, "n_classes": 1, "classes_without_filled_state": 0} classes 1
flat/ipr62_1127.json flat profile [1, 1, 1, 1, 1, 1, 1, 1, 1, 1, 1, 2]
{"graph": "flat/ipr62_1127.json", "hole": 44, "flat": 2, "n_states": 63425170, "n_classes": 1, "classes_without_filled_state": 0} classes 1
flat/ipr62_1134.json flat profile [1, 1, 1, 1, 1, 1, 1, 1, 1, 1, 1, 2]
{"graph": "flat/ipr62_1134.json", "hole": 50, "flat": 2, "n_states": 69344175, "n_classes": 1, "classes_without_filled_state": 0} classes 1
flat/ipr62_1137.json flat profile [1, 1, 1, 1, 1, 1, 1, 1, 1, 1, 1, 2]
{"graph": "flat/ipr62_1137.json", "hole": 36, "flat": 2, "n_states": 49900377, "n_classes": 1, "classes_without_filled_state": 0} classes 1
flat/ipr62_115.json flat profile [1, 1, 1, 1, 1, 1, 1, 1, 1, 1, 1, 2]
{"graph": "flat/ipr62_115.json", "hole": 16, "flat": 2, "n_states": 53895640, "n_classes": 1, "classes_without_filled_state": 0} classes 1
flat/ipr62_1153.json flat profile [1, 1, 1, 1, 1, 1, 1, 1, 1, 1, 1, 2]
{"graph": "flat/ipr62_1153.json", "hole": 29, "flat": 2, "n_states": 78157964, "n_classes": 1, "classes_without_filled_state": 0} classes 1
flat/ipr62_1161.json flat profile [1, 1, 1, 1, 1, 1, 1, 1, 1, 1, 1, 2]
{"graph": "flat/ipr62_1161.json", "hole": 17, "flat": 2, "n_states": 59727194, "n_classes": 1, "classes_without_filled_state": 0} classes 1
flat/ipr62_1166.json flat profile [1, 1, 1, 1, 1, 1, 1, 1, 1, 1, 1, 2]
{"graph": "flat/ipr62_1166.json", "hole": 50, "flat": 2, "n_states": 63295838, "n_classes": 1, "classes_without_filled_state": 0} classes 1
flat/ipr62_1167.json flat profile [1, 1, 1, 1, 1, 1, 1, 1, 1, 1, 1, 2]
{"graph": "flat/ipr62_1167.json", "hole": 49, "flat": 2, "n_states": 68703441, "n_classes": 1, "classes_without_filled_state": 0} classes 1
flat/ipr62_1181.json flat profile [1, 1, 1, 1, 1, 1, 1, 1, 1, 1, 1, 2]
{"graph": "flat/ipr62_1181.json", "hole": 9, "flat": 2, "n_states": 124287784, "n_classes": 1, "classes_without_filled_state": 0} classes 1
flat/ipr62_1186.json flat profile [1, 1, 1, 1, 1, 1, 1, 1, 1, 1, 1, 2]
{"graph": "flat/ipr62_1186.json", "hole": 61, "flat": 2, "n_states": 89593361, "n_classes": 1, "classes_without_filled_state": 0} classes 1
flat/ipr62_1189.json flat profile [1, 1, 1, 1, 1, 1, 1, 1, 1, 1, 1, 2]
{"graph": "flat/ipr62_1189.json", "hole": 54, "flat": 2, "n_states": 94660327, "n_classes": 1, "classes_without_filled_state": 0} classes 1
flat/ipr62_1191.json flat profile [1, 1, 1, 1, 1, 1, 1, 1, 1, 1, 1, 2]
{"graph": "flat/ipr62_1191.json", "hole": 5, "flat": 2, "n_states": 66641740, "n_classes": 1, "classes_without_filled_state": 0} classes 1
flat/ipr62_1192.json flat profile [1, 1, 1, 1, 1, 1, 1, 1, 1, 1, 1, 2]
{"graph": "flat/ipr62_1192.json", "hole": 5, "flat": 2, "n_states": 59000280, "n_classes": 1, "classes_without_filled_state": 0} classes 1
flat/ipr62_1193.json flat profile [1, 1, 1, 1, 1, 1, 1, 1, 1, 1, 1, 2]
{"graph": "flat/ipr62_1193.json", "hole": 5, "flat": 2, "n_states": 83800977, "n_classes": 1, "classes_without_filled_state": 0} classes 1
flat/ipr62_1194.json flat profile [1, 1, 1, 1, 1, 1, 1, 1, 1, 1, 1, 2]
{"graph": "flat/ipr62_1194.json", "hole": 5, "flat": 2, "n_states": 94177815, "n_classes": 1, "classes_without_filled_state": 0} classes 1
flat/ipr62_1197.json flat profile [1, 1, 1, 1, 1, 1, 1, 1, 1, 1, 2, 2]
{"graph": "flat/ipr62_1197.json", "hole": 6, "flat": 2, "n_states": 96399547, "n_classes": 1, "classes_without_filled_state": 0} classes 1
{"graph": "flat/ipr62_1197.json", "hole": 60, "flat": 2, "n_states": 96399547, "n_classes": 1, "classes_without_filled_state": 0} classes 1
flat/ipr62_1206.json flat profile [1, 1, 1, 1, 1, 1, 1, 1, 1, 1, 1, 2]
{"graph": "flat/ipr62_1206.json", "hole": 46, "flat": 2, "n_states": 104158628, "n_classes": 1, "classes_without_filled_state": 0} classes 1
flat/ipr62_121.json flat profile [1, 1, 1, 1, 1, 1, 1, 1, 1, 1, 1, 2]
{"graph": "flat/ipr62_121.json", "hole": 43, "flat": 2, "n_states": 65679285, "n_classes": 1, "classes_without_filled_state": 0} classes 1
flat/ipr62_1211.json flat profile [1, 1, 1, 1, 1, 1, 1, 1, 1, 1, 1, 2]
{"graph": "flat/ipr62_1211.json", "hole": 51, "flat": 2, "n_states": 103720473, "n_classes": 1, "classes_without_filled_state": 0} classes 1
flat/ipr62_1214.json flat profile [1, 1, 1, 1, 1, 1, 1, 1, 1, 1, 1, 2]
{"graph": "flat/ipr62_1214.json", "hole": 57, "flat": 2, "n_states": 89321798, "n_classes": 1, "classes_without_filled_state": 0} classes 1
flat/ipr62_1219.json flat profile [1, 1, 1, 1, 1, 1, 1, 1, 1, 1, 1, 2]
{"graph": "flat/ipr62_1219.json", "hole": 10, "flat": 2, "n_states": 88877828, "n_classes": 1, "classes_without_filled_state": 0} classes 1
