flat/ipr60_1000.json flat profile [1, 1, 1, 1, 1, 1, 1, 1, 1, 1, 1, 2]
{"graph": "flat/ipr60_1000.json", "hole": 1, "flat": 2, "n_states": 36981464, "n_classes": 1, "classes_without_filled_state": 0} classes 1
flat/ipr60_1003.json flat profile [1, 1, 1, 1, 1, 1, 1, 1, 1, 1, 1, 2]
{"graph": "flat/ipr60_1003.json", "hole": 1, "flat": 2, "n_states": 31296870, "n_classes": 1, "classes_without_filled_state": 0} classes 1
flat/ipr60_1004.json flat profile [1, 1, 1, 1, 1, 1, 1, 1, 1, 1, 1, 2]
{"graph": "flat/ipr60_1004.json", "hole": 1, "flat": 2, "n_states": 31268533, "n_classes": 1, "classes_without_filled_state": 0} classes 1
flat/ipr60_1005.json flat profile [1, 1, 1, 1, 1, 1, 1, 1, 1, 1, 1, 2]
{"graph": "flat/ipr60_1005.json", "hole": 1, "flat": 2, "n_states": 25427634, "n_classes": 1, "classes_without_filled_state": 0} classes 1
flat/ipr60_1008.json flat profile [1, 1, 1, 1, 1, 1, 1, 1, 1, 1, 1, 2]
{"graph": "flat/ipr60_1008.json", "hole": 11, "flat": 2, "n_states": 29325243, "n_classes": 1, "classes_without_filled_state": 0} classes 1
flat/ipr60_101.json flat profile [1, 1, 1, 1, 1, 1, 1, 1, 1, 1, 1, 2]
{"graph": "flat/ipr60_101.json", "hole": 14, "flat": 2, "n_states": 30251192, "n_classes": 1, "classes_without_filled_state": 0} classes 1
flat/ipr60_1010.json flat profile [1, 1, 1, 1, 1, 1, 1, 1, 1, 1, 1, 2]
{"graph": "flat/ipr60_1010.json", "hole": 14, "flat": 2, "n_states": 33563576, "n_classes": 1, "classes_without_filled_state": 0} classes 1
flat/ipr60_1011.json flat profile [1, 1, 1, 1, 1, 1, 1, 1, 1, 1, 1, 2]
{"graph": "flat/ipr60_1011.json", "hole": 11, "flat": 2, "n_states": 33717057, "n_classes": 1, "classes_without_filled_state": 0} classes 1
flat/ipr60_102.json flat profile [1, 1, 1, 1, 1, 1, 1, 1, 1, 1, 2, 2]
{"graph": "flat/ipr60_102.json", "hole": 14, "flat": 2, "n_states": 46441739, "n_classes": 1, "classes_without_filled_state": 0} classes 1
{"graph": "flat/ipr60_102.json", "hole": 50, "flat": 2, "n_states": 46441739, "n_classes": 1, "classes_without_filled_state": 0} classes 1
flat/ipr60_1022.json flat profile [1, 1, 1, 1, 1, 1, 1, 1, 1, 1, 1, 2]
{"graph": "flat/ipr60_1022.json", "hole": 31, "flat": 2, "n_states": 44205343, "n_classes": 1, "classes_without_filled_state": 0} classes 1
flat/ipr60_1024.json flat profile [1, 1, 1, 1, 1, 1, 1, 1, 1, 1, 1, 2]
{"graph": "flat/ipr60_1024.json", "hole": 29, "flat": 2, "n_states": 29181511, "n_classes": 1, "classes_without_filled_state": 0} classes 1
flat/ipr60_1025.json flat profile [1, 1, 1, 1, 1, 1, 1, 1, 1, 1, 2, 2]
{"graph": "flat/ipr60_1025.json", "hole": 1, "flat": 2, "n_states": 25312148, "n_classes": 1, "classes_without_filled_state": 0} classes 1
{"graph": "flat/ipr60_1025.json", "hole": 30, "flat": 2, "n_states": 25352468, "n_classes": 1, "classes_without_filled_state": 0} classes 1
flat/ipr60_1026.json flat profile [1, 1, 1, 1, 1, 1, 1, 1, 1, 1, 1, 2]
{"graph": "flat/ipr60_1026.json", "hole": 30, "flat": 2, "n_states": 25967296, "n_classes": 1, "classes_without_filled_state": 0} classes 1
flat/ipr60_1027.json flat profile [1, 1, 1, 1, 1, 1, 1, 1, 1, 1, 1, 2]
{"graph": "flat/ipr60_1027.json", "hole": 31, "flat": 2, "n_states": 36311781, "n_classes": 1, "classes_without_filled_state": 0} classes 1
flat/ipr60_1029.json flat profile [1, 1, 1, 1, 1, 1, 1, 1, 1, 1, 1, 2]
{"graph": "flat/ipr60_1029.json", "hole": 1, "flat": 2, "n_states": 27180666, "n_classes": 1, "classes_without_filled_state": 0} classes 1
flat/ipr60_103.json flat profile [1, 1, 1, 1, 1, 1, 1, 1, 1, 1, 1, 2]
{"graph": "flat/ipr60_103.json", "hole": 14, "flat": 2, "n_states": 44831195, "n_classes": 1, "classes_without_filled_state": 0} classes 1
flat/ipr60_1115.json flat profile [1, 1, 1, 1, 1, 1, 1, 1, 1, 1, 1, 2]
{"graph": "flat/ipr60_1115.json", "hole": 4, "flat": 2, "n_states": 39754294, "n_classes": 1, "classes_without_filled_state": 0} classes 1
flat/ipr60_1141.json flat profile [1, 1, 1, 1, 1, 1, 1, 1, 1, 1, 1, 2]
{"graph": "flat/ipr60_1141.json", "hole": 37, "flat": 2, "n_states": 53294469, "n_classes": 1, "classes_without_filled_state": 0} classes 1
flat/ipr60_115.json flat profile [1, 1, 1, 1, 1, 1, 1, 1, 1, 1, 1, 2]
{"graph": "flat/ipr60_115.json", "hole": 20, "flat": 2, "n_states": 34945695, "n_classes": 1, "classes_without_filled_state": 0} classes 1
flat/ipr60_1162.json flat profile [1, 1, 1, 1, 1, 1, 1, 1, 1, 1, 1, 2]
{"graph": "flat/ipr60_1162.json", "hole": 58, "flat": 2, "n_states": 35309850, "n_classes": 1, "classes_without_filled_state": 0} classes 1
flat/ipr60_1167.json flat profile [1, 1, 1, 1, 1, 1, 1, 1, 1, 1, 1, 2]
{"graph": "flat/ipr60_1167.json", "hole": 41, "flat": 2, "n_states": 35911431, "n_classes": 1, "classes_without_filled_state": 0} classes 1
flat/ipr60_1170.json flat profile [1, 1, 1, 1, 1, 1, 1, 1, 1, 1, 1, 2]
{"graph": "flat/ipr60_1170.json", "hole": 42, "flat": 2, "n_states": 37829749, "n_classes": 1, "classes_without_filled_state": 0} classes 1
flat/ipr60_1185.json flat profile [1, 1, 1, 1, 1, 1, 1, 1, 1, 1, 1, 2]
{"graph": "flat/ipr60_1185.json", "hole": 27, "flat": 2, "n_states": 50484741, "n_classes": 1, "classes_without_filled_state": 0} classes 1
flat/ipr60_1186.json flat profile [1, 1, 1, 1, 1, 1, 1, 1, 1, 1, 1, 2]
{"graph": "flat/ipr60_1186.json", "hole": 41, "flat": 2, "n_states": 31065594, "n_classes": 1, "classes_without_filled_state": 0} classes 1
flat/ipr60_120.json flat profile [1, 1, 1, 1, 1, 1, 1, 1, 1, 1, 1, 2]
{"graph": "flat/ipr60_120.json", "hole": 45, "flat": 2, "n_states": 25294978, "n_classes": 1, "classes_without_filled_state": 0} classes 1
flat/ipr60_1249.json flat profile [1, 1, 1, 1, 1, 1, 1, 1, 1, 1, 1, 2]
{"graph": "flat/ipr60_1249.json", "hole": 22, "flat": 2, "n_states": 49445968, "n_classes": 1, "classes_without_filled_state": 0} classes 1
flat/ipr60_1255.json flat profile [1, 1, 1, 1, 1, 1, 1, 1, 1, 1, 1, 2]
{"graph": "flat/ipr60_1255.json", "hole": 47, "flat": 2, "n_states": 37288359, "n_classes": 1, "classes_without_filled_state": 0} classes 1
flat/ipr60_1262.json flat profile [1, 1, 1, 1, 1, 1, 1, 1, 1, 1, 1, 2]
{"graph": "flat/ipr60_1262.json", "hole": 22, "flat": 2, "n_states": 36053665, "n_classes": 1, "classes_without_filled_state": 0} classes 1
flat/ipr60_1265.json flat profile [1, 1, 1, 1, 1, 1, 1, 1, 1, 1, 1, 2]
{"graph": "flat/ipr60_1265.json", "hole": 45, "flat": 2, "n_states": 34622082, "n_classes": 1, "classes_without_filled_state": 0} classes 1
flat/ipr60_128.json flat profile [1, 1, 1, 1, 1, 1, 1, 1, 1, 1, 1, 2]
{"graph": "flat/ipr60_128.json", "hole": 55, "flat": 2, "n_states": 29302783, "n_classes": 1, "classes_without_filled_state": 0} classes 1
flat/ipr60_1293.json flat profile [1, 1, 1, 1, 1, 1, 1, 1, 1, 1, 1, 2]
{"graph": "flat/ipr60_1293.json", "hole": 49, "flat": 2, "n_states": 26644410, "n_classes": 1, "classes_without_filled_state": 0} classes 1
flat/ipr60_1295.json flat profile [1, 1, 1, 1, 1, 1, 1, 1, 1, 1, 1, 2]
{"graph": "flat/ipr60_1295.json", "hole": 12, "flat": 2, "n_states": 45276896, "n_classes": 1, "classes_without_filled_state": 0} classes 1
flat/ipr60_1301.json flat profile [1, 1, 1, 1, 1, 1, 1, 1, 1, 1, 1, 2]
{"graph": "flat/ipr60_1301.json", "hole": 30, "flat": 2, "n_states": 41334694, "n_classes": 1, "classes_without_filled_state": 0} classes 1
flat/ipr60_1313.json flat profile [1, 1, 1, 1, 1, 1, 1, 1, 1, 1, 1, 2]
{"graph": "flat/ipr60_1313.json", "hole": 12, "flat": 2, "n_states": 43781361, "n_classes": 1, "classes_without_filled_state": 0} classes 1
flat/ipr60_1314.json flat profile [1, 1, 1, 1, 1, 1, 1, 1, 1, 1, 1, 2]
{"graph": "flat/ipr60_1314.json", "hole": 12, "flat": 2, "n_states": 41733810, "n_classes": 1, "classes_without_filled_state": 0} classes 1
flat/ipr60_1315.json flat profile [1, 1, 1, 1, 1, 1, 1, 1, 1, 1, 1, 2]
{"graph": "flat/ipr60_1315.json", "hole": 12, "flat": 2, "n_states": 31322337, "n_classes": 1, "classes_without_filled_state": 0} classes 1
flat/ipr60_1323.json flat profile [1, 1, 1, 1, 1, 1, 1, 1, 1, 1, 1, 2]
{"graph": "flat/ipr60_1323.json", "hole": 12, "flat": 2, "n_states": 40007300, "n_classes": 1, "classes_without_filled_state": 0} classes 1
flat/ipr60_1325.json flat profile [1, 1, 1, 1, 1, 1, 1, 1, 1, 1, 1, 2]
{"graph": "flat/ipr60_1325.json", "hole": 29, "flat": 2, "n_states": 41054937, "n_classes": 1, "classes_without_filled_state": 0} classes 1
flat/ipr60_1326.json flat profile [1, 1, 1, 1, 1, 1, 1, 1, 1, 1, 1, 2]
{"graph": "flat/ipr60_1326.json", "hole": 12, "flat": 2, "n_states": 35337276, "n_classes": 1, "classes_without_filled_state": 0} classes 1
flat/ipr60_1331.json flat profile [1, 1, 1, 1, 1, 1, 1, 1, 1, 1, 1, 2]
{"graph": "flat/ipr60_1331.json", "hole": 35, "flat": 2, "n_states": 32580460, "n_classes": 1, "classes_without_filled_state": 0} classes 1
