flat/ipr56_1005.json flat profile [1, 1, 1, 1, 1, 1, 1, 1, 1, 1, 1, 2]
{"graph": "flat/ipr56_1005.json", "hole": 19, "flat": 2, "n_states": 9434797, "n_classes": 1, "classes_without_filled_state": 0} classes 1
flat/ipr56_1058.json flat profile [1, 1, 1, 1, 1, 1, 1, 1, 1, 1, 1, 2]
{"graph": "flat/ipr56_1058.json", "hole": 42, "flat": 2, "n_states": 8109679, "n_classes": 1, "classes_without_filled_state": 0} classes 1
flat/ipr56_1064.json flat profile [1, 1, 1, 1, 1, 1, 1, 1, 1, 1, 1, 2]
{"graph": "flat/ipr56_1064.json", "hole": 43, "flat": 2, "n_states": 9433544, "n_classes": 1, "classes_without_filled_state": 0} classes 1
flat/ipr56_107.json flat profile [1, 1, 1, 1, 1, 1, 1, 1, 1, 1, 1, 2]
{"graph": "flat/ipr56_107.json", "hole": 17, "flat": 2, "n_states": 7023669, "n_classes": 1, "classes_without_filled_state": 0} classes 1
flat/ipr56_1095.json flat profile [1, 1, 1, 1, 1, 1, 1, 1, 1, 1, 1, 2]
{"graph": "flat/ipr56_1095.json", "hole": 9, "flat": 2, "n_states": 9257087, "n_classes": 1, "classes_without_filled_state": 0} classes 1
flat/ipr56_1113.json flat profile [1, 1, 1, 1, 1, 1, 1, 1, 1, 1, 1, 2]
{"graph": "flat/ipr56_1113.json", "hole": 34, "flat": 2, "n_states": 12701391, "n_classes": 1, "classes_without_filled_state": 0} classes 1
flat/ipr56_1114.json flat profile [1, 1, 1, 1, 1, 1, 1, 1, 1, 1, 1, 2]
{"graph": "flat/ipr56_1114.json", "hole": 52, "flat": 2, "n_states": 8082627, "n_classes": 1, "classes_without_filled_state": 0} classes 1
flat/ipr56_1138.json flat profile [1, 1, 1, 1, 1, 1, 1, 1, 1, 1, 1, 2]
{"graph": "flat/ipr56_1138.json", "hole": 31, "flat": 2, "n_states": 8489334, "n_classes": 1, "classes_without_filled_state": 0} classes 1
flat/ipr56_1147.json flat profile [1, 1, 1, 1, 1, 1, 1, 1, 1, 1, 1, 2]
{"graph": "flat/ipr56_1147.json", "hole": 38, "flat": 2, "n_states": 10614867, "n_classes": 1, "classes_without_filled_state": 0} classes 1
flat/ipr56_1148.json flat profile [1, 1, 1, 1, 1, 1, 1, 1, 1, 1, 1, 2]
{"graph": "flat/ipr56_1148.json", "hole": 40, "flat": 2, "n_states": 10991279, "n_classes": 1, "classes_without_filled_state": 0} classes 1
flat/ipr56_1167.json flat profile [1, 1, 1, 1, 1, 1, 1, 1, 1, 1, 1, 2]
{"graph": "flat/ipr56_1167.json", "hole": 24, "flat": 2, "n_states": 8665883, "n_classes": 1, "classes_without_filled_state": 0} classes 1
flat/ipr56_1174.json flat profile [1, 1, 1, 1, 1, 1, 1, 1, 1, 1, 1, 2]
{"graph": "flat/ipr56_1174.json", "hole": 12, "flat": 2, "n_states": 11519131, "n_classes": 1, "classes_without_filled_state": 0} classes 1
flat/ipr56_1289.json flat profile [1, 1, 1, 1, 1, 1, 1, 1, 1, 1, 1, 2]
{"graph": "flat/ipr56_1289.json", "hole": 32, "flat": 2, "n_states": 7418160, "n_classes": 1, "classes_without_filled_state": 0} classes 1
flat/ipr56_1349.json flat profile [1, 1, 1, 1, 1, 1, 1, 1, 1, 1, 1, 2]
{"graph": "flat/ipr56_1349.json", "hole": 55, "flat": 2, "n_states": 9240438, "n_classes": 1, "classes_without_filled_state": 0} classes 1
flat/ipr56_1403.json flat profile [1, 1, 1, 1, 1, 1, 1, 1, 1, 1, 1, 2]
{"graph": "flat/ipr56_1403.json", "hole": 37, "flat": 2, "n_states": 7733346, "n_classes": 1, "classes_without_filled_state": 0} classes 1
flat/ipr56_144.json flat profile [1, 1, 1, 1, 1, 1, 1, 1, 1, 1, 1, 2]
{"graph": "flat/ipr56_144.json", "hole": 20, "flat": 2, "n_states": 7457391, "n_classes": 1, "classes_without_filled_state": 0} classes 1
flat/ipr56_1444.json flat profile [1, 1, 1, 1, 1, 1, 1, 1, 1, 1, 1, 2]
{"graph": "flat/ipr56_1444.json", "hole": 45, "flat": 2, "n_states": 6812300, "n_classes": 1, "classes_without_filled_state": 0} classes 1
flat/ipr56_1454.json flat profile [1, 1, 1, 1, 1, 1, 1, 1, 1, 1, 1, 2]
{"graph": "flat/ipr56_1454.json", "hole": 38, "flat": 2, "n_states": 12471005, "n_classes": 1, "classes_without_filled_state": 0} classes 1
flat/ipr56_1476.json flat profile [1, 1, 1, 1, 1, 1, 1, 1, 1, 1, 1, 2]
{"graph": "flat/ipr56_1476.json", "hole": 15, "flat": 2, "n_states": 10590851, "n_classes": 1, "classes_without_filled_state": 0} classes 1
flat/ipr56_1478.json flat profile [1, 1, 1, 1, 1, 1, 1, 1, 1, 1, 1, 2]
{"graph": "flat/ipr56_1478.json", "hole": 51, "flat": 2, "n_states": 7584523, "n_classes": 1, "classes_without_filled_state": 0} classes 1
flat/ipr56_148.json flat profile [1, 1, 1, 1, 1, 1, 1, 1, 1, 1, 1, 2]
{"graph": "flat/ipr56_148.json", "hole": 2, "flat": 2, "n_states": 10342827, "n_classes": 1, "classes_without_filled_state": 0} classes 1
flat/ipr56_1490.json flat profile [1, 1, 1, 1, 1, 1, 1, 1, 1, 1, 1, 2]
{"graph": "flat/ipr56_1490.json", "hole": 51, "flat": 2, "n_states": 9914029, "n_classes": 1, "classes_without_filled_state": 0} classes 1
flat/ipr56_1536.json flat profile [1, 1, 1, 1, 1, 1, 1, 1, 1, 1, 1, 2]
{"graph": "flat/ipr56_1536.json", "hole": 24, "flat": 2, "n_states": 8029142, "n_classes": 1, "classes_without_filled_state": 0} classes 1
flat/ipr56_1575.json flat profile [1, 1, 1, 1, 1, 1, 1, 1, 1, 1, 1, 2]
{"graph": "flat/ipr56_1575.json", "hole": 34, "flat": 2, "n_states": 7685713, "n_classes": 1, "classes_without_filled_state": 0} classes 1
flat/ipr56_1604.json flat profile [1, 1, 1, 1, 1, 1, 1, 1, 1, 1, 1, 2]
{"graph": "flat/ipr56_1604.json", "hole": 14, "flat": 2, "n_states": 10157195, "n_classes": 1, "classes_without_filled_state": 0} classes 1
flat/ipr56_1653.json flat profile [1, 1, 1, 1, 1, 1, 1, 1, 1, 1, 1, 2]
{"graph": "flat/ipr56_1653.json", "hole": 55, "flat": 2, "n_states": 9844648, "n_classes": 1, "classes_without_filled_state": 0} classes 1
flat/ipr56_1654.json flat profile [1, 1, 1, 1, 1, 1, 1, 1, 1, 1, 1, 2]
{"graph": "flat/ipr56_1654.json", "hole": 2, "flat": 2, "n_states": 6733555, "n_classes": 1, "classes_without_filled_state": 0} classes 1
flat/ipr56_1656.json flat profile [1, 1, 1, 1, 1, 1, 1, 1, 1, 1, 1, 2]
{"graph": "flat/ipr56_1656.json", "hole": 55, "flat": 2, "n_states": 8624006, "n_classes": 1, "classes_without_filled_state": 0} classes 1
flat/ipr56_1660.json flat profile [1, 1, 1, 1, 1, 1, 1, 1, 1, 1, 1, 2]
{"graph": "flat/ipr56_1660.json", "hole": 54, "flat": 2, "n_states": 7042633, "n_classes": 1, "classes_without_filled_state": 0} classes 1
flat/ipr56_1685.json flat profile [1, 1, 1, 1, 1, 1, 1, 1, 1, 1, 1, 2]
{"graph": "flat/ipr56_1685.json", "hole": 53, "flat": 2, "n_states": 10446421, "n_classes": 1, "classes_without_filled_state": 0} classes 1
flat/ipr56_1688.json flat profile [1, 1, 1, 1, 1, 1, 1, 1, 1, 1, 1, 2]
{"graph": "flat/ipr56_1688.json", "hole": 13, "flat": 2, "n_states": 7620545, "n_classes": 1, "classes_without_filled_state": 0} classes 1
flat/ipr56_1711.json flat profile [1, 1, 1, 1, 1, 1, 1, 1, 1, 1, 1, 2]
{"graph": "flat/ipr56_1711.json", "hole": 44, "flat": 2, "n_states": 8929698, "n_classes": 1, "classes_without_filled_state": 0} classes 1
flat/ipr56_1795.json flat profile [1, 1, 1, 1, 1, 1, 1, 1, 1, 1, 1, 2]
{"graph": "flat/ipr56_1795.json", "hole": 38, "flat": 2, "n_states": 8710618, "n_classes": 1, "classes_without_filled_state": 0} classes 1
flat/ipr56_242.json flat profile [1, 1, 1, 1, 1, 1, 1, 1, 1, 1, 1, 2]
{"graph": "flat/ipr56_242.json", "hole": 30, "flat": 2, "n_states": 6751931, "n_classes": 1, "classes_without_filled_state": 0} classes 1
flat/ipr56_299.json flat profile [1, 1, 1, 1, 1, 1, 1, 1, 1, 1, 1, 2]
{"graph": "flat/ipr56_299.json", "hole": 4, "flat": 2, "n_states": 8646993, "n_classes": 1, "classes_without_filled_state": 0} classes 1
flat/ipr56_320.json flat profile [1, 1, 1, 1, 1, 1, 1, 1, 1, 1, 1, 2]
{"graph": "flat/ipr56_320.json", "hole": 28, "flat": 2, "n_states": 8730985, "n_classes": 1, "classes_without_filled_state": 0} classes 1
flat/ipr56_402.json flat profile [1, 1, 1, 1, 1, 1, 1, 1, 1, 1, 1, 2]
{"graph": "flat/ipr56_402.json", "hole": 14, "flat": 2, "n_states": 7729997, "n_classes": 1, "classes_without_filled_state": 0} classes 1
flat/ipr56_439.json flat profile [1, 1, 1, 1, 1, 1, 1, 1, 1, 1, 1, 2]
{"graph": "flat/ipr56_439.json", "hole": 3, "flat": 2, "n_states": 9947248, "n_classes": 1, "classes_without_filled_state": 0} classes 1
flat/ipr56_447.json flat profile [1, 1, 1, 1, 1, 1, 1, 1, 1, 1, 1, 2]
{"graph": "flat/ipr56_447.json", "hole": 3, "flat": 2, "n_states": 8305012, "n_classes": 1, "classes_without_filled_state": 0} classes 1
flat/ipr56_474.json flat profile [1, 1, 1, 1, 1, 1, 1, 1, 1, 1, 1, 2]
{"graph": "flat/ipr56_474.json", "hole": 1, "flat": 2, "n_states": 8072996, "n_classes": 1, "classes_without_filled_state": 0} classes 1
flat/ipr56_512.json flat profile [1, 1, 1, 1, 1, 1, 1, 1, 1, 1, 1, 2]
{"graph": "flat/ipr56_512.json", "hole": 3, "flat": 2, "n_states": 9363454, "n_classes": 1, "classes_without_filled_state": 0} classes 1
flat/ipr56_547.json flat profile [1, 1, 1, 1, 1, 1, 1, 1, 1, 1, 1, 2]
{"graph": "flat/ipr56_547.json", "hole": 16, "flat": 2, "n_states": 9670859, "n_classes": 1, "classes_without_filled_state": 0} classes 1
flat/ipr56_585.json flat profile [1, 1, 1, 1, 1, 1, 1, 1, 1, 1, 1, 2]
{"graph": "flat/ipr56_585.json", "hole": 54, "flat": 2, "n_states": 8286268, "n_classes": 1, "classes_without_filled_state": 0} classes 1
flat/ipr56_592.json flat profile [1, 1, 1, 1, 1, 1, 1, 1, 1, 1, 1, 2]
{"graph": "flat/ipr56_592.json", "hole": 2, "flat": 2, "n_states": 11374418, "n_classes": 1, "classes_without_filled_state": 0} classes 1
flat/ipr56_702.json flat profile [1, 1, 1, 1, 1, 1, 1, 1, 1, 1, 1, 2]
{"graph": "flat/ipr56_702.json", "hole": 19, "flat": 2, "n_states": 7403633, "n_classes": 1, "classes_without_filled_state": 0} classes 1
flat/ipr56_731.json flat profile [1, 1, 1, 1, 1, 1, 1, 1, 1, 1, 1, 2]
{"graph": "flat/ipr56_731.json", "hole": 19, "flat": 2, "n_states": 7385524, "n_classes": 1, "classes_without_filled_state": 0} classes 1
flat/ipr56_745.json flat profile [1, 1, 1, 1, 1, 1, 1, 1, 1, 1, 1, 2]
{"graph": "flat/ipr56_745.json", "hole": 54, "flat": 2, "n_states": 6948452, "n_classes": 1, "classes_without_filled_state": 0} classes 1
flat/ipr56_780.json flat profile [1, 1, 1, 1, 1, 1, 1, 1, 1, 1, 1, 2]
{"graph": "flat/ipr56_780.json", "hole": 22, "flat": 2, "n_states": 7889857, "n_classes": 1, "classes_without_filled_state": 0} classes 1
flat/ipr56_892.json flat profile [1, 1, 1, 1, 1, 1, 1, 1, 1, 1, 1, 2]
{"graph": "flat/ipr56_892.json", "hole": 15, "flat": 2, "n_states": 7973037, "n_classes": 1, "classes_without_filled_state": 0} classes 1
flat/ipr56_895.json flat profile [1, 1, 1, 1, 1, 1, 1, 1, 1, 1, 1, 2]
{"graph": "flat/ipr56_895.json", "hole": 48, "flat": 2, "n_states": 7320494, "n_classes": 1, "classes_without_filled_state": 0} classes 1
