flat/ipr58_104.json flat profile [1, 1, 1, 1, 1, 1, 1, 1, 1, 1, 1, 2]
{"graph": "flat/ipr58_104.json", "hole": 3, "flat": 2, "n_states": 19073804, "n_classes": 1, "classes_without_filled_state": 0} classes 1
flat/ipr58_106.json flat profile [1, 1, 1, 1, 1, 1, 1, 1, 1, 1, 2, 2]
{"graph": "flat/ipr58_106.json", "hole": 16, "flat": 2, "n_states": 19132944, "n_classes": 1, "classes_without_filled_state": 0} classes 1
{"graph": "flat/ipr58_106.json", "hole": 22, "flat": 2, "n_states": 19132944, "n_classes": 1, "classes_without_filled_state": 0} classes 1
flat/ipr58_132.json flat profile [1, 1, 1, 1, 1, 1, 1, 1, 1, 1, 1, 2]
{"graph": "flat/ipr58_132.json", "hole": 16, "flat": 2, "n_states": 15933098, "n_classes": 1, "classes_without_filled_state": 0} classes 1
flat/ipr58_143.json flat profile [1, 1, 1, 1, 1, 1, 1, 1, 1, 1, 1, 2]
{"graph": "flat/ipr58_143.json", "hole": 55, "flat": 2, "n_states": 16996720, "n_classes": 1, "classes_without_filled_state": 0} classes 1
flat/ipr58_167.json flat profile [1, 1, 1, 1, 1, 1, 1, 1, 1, 1, 1, 2]
{"graph": "flat/ipr58_167.json", "hole": 55, "flat": 2, "n_states": 19692396, "n_classes": 1, "classes_without_filled_state": 0} classes 1
flat/ipr58_169.json flat profile [1, 1, 1, 1, 1, 1, 1, 1, 1, 1, 1, 2]
{"graph": "flat/ipr58_169.json", "hole": 9, "flat": 2, "n_states": 17261339, "n_classes": 1, "classes_without_filled_state": 0} classes 1
flat/ipr58_181.json flat profile [1, 1, 1, 1, 1, 1, 1, 1, 1, 1, 1, 2]
{"graph": "flat/ipr58_181.json", "hole": 54, "flat": 2, "n_states": 17916510, "n_classes": 1, "classes_without_filled_state": 0} classes 1
flat/ipr58_202.json flat profile [1, 1, 1, 1, 1, 1, 1, 1, 1, 1, 1, 2]
{"graph": "flat/ipr58_202.json", "hole": 10, "flat": 2, "n_states": 14464777, "n_classes": 1, "classes_without_filled_state": 0} classes 1
flat/ipr58_237.json flat profile [1, 1, 1, 1, 1, 1, 1, 1, 1, 1, 1, 2]
{"graph": "flat/ipr58_237.json", "hole": 1, "flat": 2, "n_states": 24104246, "n_classes": 1, "classes_without_filled_state": 0} classes 1
flat/ipr58_242.json flat profile [1, 1, 1, 1, 1, 1, 1, 1, 1, 1, 1, 2]
{"graph": "flat/ipr58_242.json", "hole": 12, "flat": 2, "n_states": 17669714, "n_classes": 1, "classes_without_filled_state": 0} classes 1
flat/ipr58_256.json flat profile [1, 1, 1, 1, 1, 1, 1, 1, 1, 1, 1, 2]
{"graph": "flat/ipr58_256.json", "hole": 1, "flat": 2, "n_states": 18520992, "n_classes": 1, "classes_without_filled_state": 0} classes 1
flat/ipr58_308.json flat profile [1, 1, 1, 1, 1, 1, 1, 1, 1, 1, 1, 2]
{"graph": "flat/ipr58_308.json", "hole": 12, "flat": 2, "n_states": 17660394, "n_classes": 1, "classes_without_filled_state": 0} classes 1
flat/ipr58_311.json flat profile [1, 1, 1, 1, 1, 1, 1, 1, 1, 1, 1, 2]
{"graph": "flat/ipr58_311.json", "hole": 1, "flat": 2, "n_states": 19143920, "n_classes": 1, "classes_without_filled_state": 0} classes 1
flat/ipr58_314.json flat profile [1, 1, 1, 1, 1, 1, 1, 1, 1, 1, 1, 2]
{"graph": "flat/ipr58_314.json", "hole": 54, "flat": 2, "n_states": 20070871, "n_classes": 1, "classes_without_filled_state": 0} classes 1
flat/ipr58_338.json flat profile [1, 1, 1, 1, 1, 1, 1, 1, 1, 1, 1, 2]
{"graph": "flat/ipr58_338.json", "hole": 1, "flat": 2, "n_states": 18540053, "n_classes": 1, "classes_without_filled_state": 0} classes 1
flat/ipr58_339.json flat profile [1, 1, 1, 1, 1, 1, 1, 1, 1, 1, 1, 2]
{"graph": "flat/ipr58_339.json", "hole": 18, "flat": 2, "n_states": 12537152, "n_classes": 1, "classes_without_filled_state": 0} classes 1
flat/ipr58_344.json flat profile [1, 1, 1, 1, 1, 1, 1, 1, 1, 1, 1, 2]
{"graph": "flat/ipr58_344.json", "hole": 28, "flat": 2, "n_states": 14456801, "n_classes": 1, "classes_without_filled_state": 0} classes 1
