step 0 score (-8, 2, 3, 8) best (-8, 2, 3, 8)
step 1 score (-64, 2, 2, 17) best (-8, 2, 3, 8)
step 2 score (-1, 2, 6, 9) best (-1, 2, 6, 9)
step 3 score (-64, 2, 2, 17) best (-1, 2, 6, 9)
step 4 score (-72, 2, 2, 17) best (-1, 2, 6, 9)
step 5 score (-4, 2, 4, 18) best (-1, 2, 6, 9)
step 6 score (-56, 2, 2, 18) best (-1, 2, 6, 9)
step 7 score (-4, 2, 4, 18) best (-1, 2, 6, 9)
step 8 score (-72, 2, 2, 17) best (-1, 2, 6, 9)
step 9 score (-144, 2, 2, 9) best (-1, 2, 6, 9)
step 10 score (-48, 2, 4, 9) best (-1, 2, 6, 9)
step 11 score (-6, 2, 7, 18) best (-1, 2, 6, 9)
step 12 score (-8, 1, 9, 19) best (-1, 2, 6, 9)
step 13 score (-6, 2, 7, 18) best (-1, 2, 6, 9)
step 14 score (-24, 2, 4, 19) best (-1, 2, 6, 9)
step 15 score (-6, 2, 7, 18) best (-1, 2, 6, 9)
step 16 score (-8, 1, 9, 19) best (-1, 2, 6, 9)
step 17 score (-96, 2, 3, 19) best (-1, 2, 6, 9)
step 18 score (-8, 1, 9, 20) best (-1, 2, 6, 9)
step 19 score (-96, 2, 3, 19) best (-1, 2, 6, 9)
step 20 score (-8, 1, 9, 19) best (-1, 2, 6, 9)
step 21 score (-6, 2, 7, 18) best (-1, 2, 6, 9)
step 22 score (-24, 2, 4, 19) best (-1, 2, 6, 9)
step 23 score (-6, 2, 7, 18) best (-1, 2, 6, 9)
step 24 score (-16, 1, 4, 9) best (-1, 2, 6, 9)
step 25 score (-6, 2, 7, 10) best (-1, 2, 6, 9)
step 26 score (-16, 1, 4, 9) best (-1, 2, 6, 9)
step 27 score (-16, 1, 4, 10) best (-1, 2, 6, 9)
step 28 score (-16, 1, 4, 9) best (-1, 2, 6, 9)
step 29 score (-6, 2, 7, 18) best (-1, 2, 6, 9)
step 30 score (-8, 1, 9, 19) best (-1, 2, 6, 9)
step 31 score (-24, 2, 4, 18) best (-1, 2, 6, 9)
step 32 score (-8, 1, 9, 19) best (-1, 2, 6, 9)
step 33 score (-6, 2, 7, 18) best (-1, 2, 6, 9)
step 34 score (-32, 1, 4, 18) best (-1, 2, 6, 9)
step 35 score (-6, 2, 7, 18) best (-1, 2, 6, 9)
step 36 score (-8, 1, 9, 19) best (-1, 2, 6, 9)
step 37 score (-96, 2, 2, 18) best (-1, 2, 6, 9)
step 38 score (-8, 1, 9, 19) best (-1, 2, 6, 9)
step 39 score (-6, 2, 7, 18) best (-1, 2, 6, 9)
step 40 score (-16, 1, 4, 9) best (-1, 2, 6, 9)
step 41 score (-6, 2, 7, 18) best (-1, 2, 6, 9)
step 42 score (-8, 1, 9, 19) best (-1, 2, 6, 9)
step 43 score (-24, 2, 4, 18) best (-1, 2, 6, 9)
step 44 score (-8, 1, 9, 19) best (-1, 2, 6, 9)
step 45 score (-6, 2, 7, 18) best (-1, 2, 6, 9)
step 46 score (-16, 1, 4, 9) best (-1, 2, 6, 9)
