step 0 score (-1, 2, 2, 1) best (-1, 2, 3, 3)
step 1 score (-1, 2, 3, 3) best (-1, 2, 3, 3)
step 2 score (-221, 3, 1, 0) best (-1, 2, 3, 3)
step 3 score (-1, 2, 5, 3) best (-1, 2, 5, 3)
step 4 score (-1, 2, 2, 1) best (-1, 2, 5, 3)
step 5 score (-4, 1, 2, 1) best (-1, 2, 5, 3)
step 6 score (-236, 3, 1, 0) best (-1, 2, 5, 3)
step 7 score (-4, 1, 2, 1) best (-1, 2, 5, 3)
step 8 score (-1, 2, 2, 2) best (-1, 2, 5, 3)
step 9 score (-191, 4, 1, 0) best (-1, 2, 5, 3)
step 10 score (-1, 2, 2, 2) best (-1, 2, 5, 3)
step 11 score (-1, 2, 3, 1) best (-1, 2, 5, 3)
step 12 score (-1, 2, 2, 2) best (-1, 2, 5, 3)
step 13 score (-4, 1, 2, 1) best (-1, 2, 5, 3)
step 14 score (-1, 2, 2, 2) best (-1, 2, 5, 3)
step 15 score (-232, 3, 1, 0) best (-1, 2, 5, 3)
step 16 score (-4, 1, 2, 1) best (-1, 2, 5, 3)
step 17 score (-1, 2, 3, 1) best (-1, 2, 5, 3)
step 18 score (-246, 3, 1, 0) best (-1, 2, 5, 3)
step 19 score (-265, 3, 1, 0) best (-1, 2, 5, 3)
step 20 score (-1, 2, 2, 2) best (-1, 2, 5, 3)
step 21 score (-8, 1, 2, 1) best (-1, 2, 5, 3)
step 22 score (-284, 3, 1, 0) best (-1, 2, 5, 3)
step 23 score (-243, 3, 1, 0) best (-1, 2, 5, 3)
step 24 score (-207, 4, 1, 0) best (-1, 2, 5, 3)
step 25 score (-242, 3, 1, 0) best (-1, 2, 5, 3)
step 26 score (-246, 3, 1, 0) best (-1, 2, 5, 3)
step 27 score (-242, 3, 1, 0) best (-1, 2, 5, 3)
step 28 score (-207, 4, 1, 0) best (-1, 2, 5, 3)
step 29 score (-243, 3, 1, 0) best (-1, 2, 5, 3)
step 30 score (-276, 4, 1, 0) best (-1, 2, 5, 3)
step 31 score (-254, 3, 1, 0) best (-1, 2, 5, 3)
step 32 score (-233, 4, 1, 0) best (-1, 2, 5, 3)
step 33 score (-254, 3, 1, 0) best (-1, 2, 5, 3)
step 34 score (-217, 4, 1, 0) best (-1, 2, 5, 3)
step 35 score (-207, 3, 1, 0) best (-1, 2, 5, 3)
step 36 score (-207, 3, 1, 0) best (-1, 2, 5, 3)
step 37 score (-1, 2, 3, 1) best (-1, 2, 5, 3)
step 38 score (-4, 1, 2, 2) best (-1, 2, 5, 3)
step 39 score (-1, 2, 3, 2) best (-1, 2, 5, 3)
step 40 score (-1, 2, 3, 1) best (-1, 2, 5, 3)
step 41 score (-1, 2, 3, 2) best (-1, 2, 5, 3)
step 42 score (-1, 2, 3, 1) best (-1, 2, 5, 3)
step 43 score (-1, 2, 2, 1) best (-1, 2, 5, 3)
step 44 score (-1, 2, 3, 1) best (-1, 2, 5, 3)
step 45 score (-1, 2, 2, 1) best (-1, 2, 5, 3)
step 46 score (-1, 2, 3, 1) best (-1, 2, 5, 3)
step 47 score (-1, 2, 3, 2) best (-1, 2, 5, 3)
step 48 score (-1, 2, 2, 1) best (-1, 2, 5, 3)
step 49 score (-240, 3, 1, 0) best (-1, 2, 5, 3)
step 50 score (-1, 2, 2, 2) best (-1, 2, 5, 3)
step 51 score (-4, 1, 2, 1) best (-1, 2, 5, 3)
step 52 score (-1, 2, 2, 2) best (-1, 2, 5, 3)
