step 0 score (-4, 2, 4, 17) best (-1, 2, 10, 17)
step 1 score (-1, 2, 10, 17) best (-1, 2, 10, 17)
step 2 score (-8, 1, 2, 1) best (-1, 2, 10, 17)
step 3 score (-252, 3, 1, 0) best (-1, 2, 10, 17)
step 4 score (-8, 1, 2, 1) best (-1, 2, 10, 17)
step 5 score (-1, 2, 10, 17) best (-1, 2, 10, 17)
step 6 score (-4, 2, 4, 17) best (-1, 2, 10, 17)
step 7 score (-8, 1, 2, 1) best (-1, 2, 10, 17)
step 8 score (-8, 1, 2, 1) best (-1, 2, 10, 17)
step 9 score (-242, 3, 1, 0) best (-1, 2, 10, 17)
step 10 score (-252, 3, 1, 0) best (-1, 2, 10, 17)
step 11 score (-8, 1, 2, 1) best (-1, 2, 10, 17)
step 12 score (-1, 2, 2, 1) best (-1, 2, 10, 17)
step 13 score (-1, 2, 2, 1) best (-1, 2, 10, 17)
step 14 score (-1, 2, 2, 1) best (-1, 2, 10, 17)
step 15 score (-8, 1, 2, 1) best (-1, 2, 10, 17)
step 16 score (-252, 3, 1, 0) best (-1, 2, 10, 17)
step 17 score (-242, 3, 1, 0) best (-1, 2, 10, 17)
step 18 score (-266, 3, 1, 0) best (-1, 2, 10, 17)
step 19 score (-265, 3, 1, 0) best (-1, 2, 10, 17)
step 20 score (-1, 2, 2, 1) best (-1, 2, 10, 17)
step 21 score (-260, 3, 1, 0) best (-1, 2, 10, 17)
step 22 score (-240, 3, 1, 0) best (-1, 2, 10, 17)
step 23 score (-1, 2, 2, 1) best (-1, 2, 10, 17)
step 24 score (-268, 3, 1, 0) best (-1, 2, 10, 17)
step 25 score (-282, 3, 1, 0) best (-1, 2, 10, 17)
step 26 score (-268, 3, 1, 0) best (-1, 2, 10, 17)
step 27 score (-296, 3, 1, 0) best (-1, 2, 10, 17)
step 28 score (-230, 3, 1, 0) best (-1, 2, 10, 17)
step 29 score (-1, 2, 2, 1) best (-1, 2, 10, 17)
step 30 score (-194, 3, 1, 0) best (-1, 2, 10, 17)
step 31 score (-1, 2, 2, 1) best (-1, 2, 10, 17)
step 32 score (-1, 2, 3, 4) best (-1, 2, 10, 17)
step 33 score (-1, 2, 2, 1) best (-1, 2, 10, 17)
step 34 score (-4, 1, 2, 1) best (-1, 2, 10, 17)
step 35 score (-1, 2, 3, 1) best (-1, 2, 10, 17)
step 36 score (-4, 1, 2, 2) best (-1, 2, 10, 17)
step 37 score (-1, 2, 3, 1) best (-1, 2, 10, 17)
step 38 score (-4, 1, 2, 1) best (-1, 2, 10, 17)
step 39 score (-1, 2, 3, 1) best (-1, 2, 10, 17)
step 40 score (-293, 3, 1, 0) best (-1, 2, 10, 17)
step 41 score (-4, 1, 2, 1) best (-1, 2, 10, 17)
step 42 score (-4, 1, 2, 1) best (-1, 2, 10, 17)
step 43 score (-1, 2, 3, 1) best (-1, 2, 10, 17)
step 44 score (-4, 1, 2, 2) best (-1, 2, 10, 17)
step 45 score (-1, 2, 3, 2) best (-1, 2, 10, 17)
step 46 score (-4, 1, 2, 2) best (-1, 2, 10, 17)
step 47 score (-4, 1, 2, 1) best (-1, 2, 10, 17)
step 48 score (-4, 1, 2, 1) best (-1, 2, 10, 17)
step 49 score (-245, 3, 1, 0) best (-1, 2, 10, 17)
