step 0 score (-1, 2, 3, 1) best (-1, 2, 6, 2)
step 1 score (-152, 3, 1, 0) best (-1, 2, 6, 2)
step 2 score (-1, 2, 2, 2) best (-1, 2, 6, 2)
step 3 score (-1, 2, 2, 2) best (-1, 2, 6, 2)
step 4 score (-1, 2, 2, 2) best (-1, 2, 6, 2)
step 5 score (-1, 2, 2, 1) best (-1, 2, 6, 2)
step 6 score (-1, 2, 3, 1) best (-1, 2, 6, 2)
step 7 score (-1, 2, 3, 2) best (-1, 2, 6, 2)
step 8 score (-1, 2, 3, 2) best (-1, 2, 6, 2)
step 9 score (-152, 3, 1, 0) best (-1, 2, 6, 2)
step 10 score (-1, 2, 3, 1) best (-1, 2, 6, 2)
step 11 score (-1, 2, 3, 1) best (-1, 2, 6, 2)
step 12 score (-1, 2, 3, 2) best (-1, 2, 6, 2)
step 13 score (-142, 4, 1, 0) best (-1, 2, 6, 2)
step 14 score (-132, 3, 1, 0) best (-1, 2, 6, 2)
step 15 score (-132, 3, 1, 0) best (-1, 2, 6, 2)
step 16 score (-132, 3, 1, 0) best (-1, 2, 6, 2)
step 17 score (-124, 3, 1, 0) best (-1, 2, 6, 2)
step 18 score (-1, 2, 5, 2) best (-1, 2, 6, 2)
step 19 score (-1, 2, 2, 2) best (-1, 2, 6, 2)
step 20 score (-137, 3, 1, 0) best (-1, 2, 6, 2)
step 21 score (-123, 3, 1, 0) best (-1, 2, 6, 2)
step 22 score (-124, 3, 1, 0) best (-1, 2, 6, 2)
step 23 score (-123, 3, 1, 0) best (-1, 2, 6, 2)
step 24 score (-137, 3, 1, 0) best (-1, 2, 6, 2)
step 25 score (-1, 2, 6, 2) best (-1, 2, 6, 2)
step 26 score (-1, 2, 3, 1) best (-1, 2, 6, 2)
step 27 score (-136, 4, 1, 0) best (-1, 2, 6, 2)
step 28 score (-4, 1, 2, 1) best (-1, 2, 6, 2)
step 29 score (-1, 2, 2, 1) best (-1, 2, 6, 2)
step 30 score (-172, 3, 1, 0) best (-1, 2, 6, 2)
step 31 score (-1, 2, 3, 1) best (-1, 2, 6, 2)
step 32 score (-4, 1, 2, 1) best (-1, 2, 6, 2)
step 33 score (-1, 2, 2, 1) best (-1, 2, 6, 2)
step 34 score (-4, 1, 2, 1) best (-1, 2, 6, 2)
step 35 score (-132, 3, 1, 0) best (-1, 2, 6, 2)
step 36 score (-4, 1, 2, 1) best (-1, 2, 6, 2)
step 37 score (-160, 3, 1, 0) best (-1, 2, 6, 2)
step 38 score (-1, 2, 3, 1) best (-1, 2, 6, 2)
step 39 score (-152, 3, 1, 0) best (-1, 2, 6, 2)
step 40 score (-1, 2, 2, 2) best (-1, 2, 6, 2)
step 41 score (-1, 2, 2, 1) best (-1, 2, 6, 2)
step 42 score (-1, 2, 3, 1) best (-1, 2, 6, 2)
step 43 score (-1, 2, 2, 2) best (-1, 2, 6, 2)
step 44 score (-1, 2, 3, 1) best (-1, 2, 6, 2)
step 45 score (-1, 2, 2, 1) best (-1, 2, 6, 2)
step 46 score (-146, 3, 1, 0) best (-1, 2, 6, 2)
step 47 score (-1, 2, 3, 1) best (-1, 2, 6, 2)
step 48 score (-1, 2, 3, 2) best (-1, 2, 6, 2)
step 49 score (-1, 2, 3, 2) best (-1, 2, 6, 2)
step 50 score (-1, 2, 3, 1) best (-1, 2, 6, 2)
step 51 score (-1, 2, 3, 1) best (-1, 2, 6, 2)
step 52 score (-1, 2, 3, 2) best (-1, 2, 6, 2)
step 53 score (-1, 2, 3, 1) best (-1, 2, 6, 2)
step 54 score (-1, 2, 2, 1) best (-1, 2, 6, 2)
step 55 score (-1, 2, 3, 1) best (-1, 2, 6, 2)
step 56 score (-1, 2, 3, 1) best (-1, 2, 6, 2)
step 57 score (-1, 2, 2, 1) best (-1, 2, 6, 2)
step 58 score (-8, 1, 2, 1) best (-1, 2, 6, 2)
step 59 score (-1, 2, 2, 1) best (-1, 2, 6, 2)
step 60 score (-1, 2, 2, 1) best (-1, 2, 6, 2)
step 61 score (-165, 4, 1, 0) best (-1, 2, 6, 2)
step 62 score (-1, 2, 2, 1) best (-1, 2, 6, 2)
