[exploratory] T4: max pure radius per deg-5 hole: {0: 4, 1: 4, 5: 4, 3: 4, 4: 4, 6: 4, 7: 4, 15: 4, 12: 4, 13: 4, 14: 4, 16: 4}
   states at radius 4: hole-move successor radius histograms (hole, [(R', count)]) -> #states
     (0, ((2, 6), (3, 10), (4, 6))) 2
     (0, ((3, 6), (4, 12))) 2
     (1, ((2, 4), (3, 4), (4, 4))) 1
     (1, ((3, 4), (4, 7))) 1
     (3, ((2, 4), (3, 4), (4, 4))) 1
     (3, ((3, 4), (4, 7))) 1
     (4, ((2, 2), (3, 7), (4, 7))) 1
     (4, ((3, 6), (4, 10))) 1
     (5, ((2, 2), (3, 7), (4, 7))) 1
     (5, ((3, 6), (4, 10))) 1
     (6, ((3, 4),)) 1
     (7, ((3, 4),)) 1
     (12, ((2, 4), (3, 4), (4, 4))) 1
     (12, ((3, 4), (4, 7))) 1
     (13, ((2, 2), (3, 7), (4, 7))) 1
     (13, ((3, 6), (4, 10))) 1
     (14, ((2, 2), (3, 7), (4, 7))) 1
     (14, ((3, 6), (4, 10))) 1
     (15, ((2, 4), (3, 4), (4, 4))) 1
     (15, ((3, 4), (4, 7))) 1
     (16, ((2, 6), (3, 10), (4, 6))) 2
     (16, ((3, 6), (4, 12))) 2
[exploratory] A_3: max pure radius per deg-5 hole: {0: 2, 1: 2, 2: 2, 3: 2, 4: 2, 10: 2, 11: 2, 12: 2, 13: 2, 14: 2, 15: 3, 16: 3}
   states at radius 3: hole-move successor radius histograms (hole, [(R', count)]) -> #states
     (15, ((1, 8), (2, 25))) 10
     (16, ((1, 8), (2, 25))) 10
[exploratory] order-14 bicapped hexagonal antiprism: max pure radius per deg-5 hole: {0: 2, 1: 2, 2: 2, 3: 2, 4: 2, 5: 2, 6: 2, 7: 2, 8: 2, 9: 2, 10: 2, 11: 2}
   states at radius 2: hole-move successor radius histograms (hole, [(R', count)]) -> #states
     (0, ((0, 6), (1, 13), (2, 5))) 2
     (0, ((0, 8), (1, 16))) 1
     (1, ((0, 6), (1, 13), (2, 5))) 2
     (1, ((0, 8), (1, 16))) 1
     (2, ((0, 6), (1, 13), (2, 5))) 2
     (2, ((0, 8), (1, 16))) 1
     (3, ((0, 6), (1, 13), (2, 5))) 2
     (3, ((0, 8), (1, 16))) 1
     (4, ((0, 6), (1, 13), (2, 5))) 2
     (4, ((0, 8), (1, 16))) 1
     (5, ((0, 6), (1, 13), (2, 5))) 2
     (5, ((0, 8), (1, 16))) 1
     (6, ((0, 6), (1, 13), (2, 5))) 2
     (6, ((0, 8), (1, 16))) 1
     (7, ((0, 6), (1, 13), (2, 5))) 2
     (7, ((0, 8), (1, 16))) 1
     (8, ((0, 6), (1, 13), (2, 5))) 2
     (8, ((0, 8), (1, 16))) 1
     (9, ((0, 6), (1, 13), (2, 5))) 2
     (9, ((0, 8), (1, 16))) 1
     (10, ((0, 6), (1, 13), (2, 5))) 2
     (10, ((0, 8), (1, 16))) 1
     (11, ((0, 6), (1, 13), (2, 5))) 2
     (11, ((0, 8), (1, 16))) 1
cpu 1.4
