[exploratory] T4: deg-5 holes 12; unfilled (state,deg5-neighbour) pairs 1576; mobility failures 0; kinds {'slide': 940, 'swap-fills': 244, 'swap+slide': 392}
   hole 0: states 68, pure-radius hist {0: 22, 1: 24, 2: 13, 3: 5, 4: 4}
   hole 1: states 63, pure-radius hist {0: 22, 1: 23, 2: 12, 3: 4, 4: 2}
   hole 5: states 68, pure-radius hist {0: 22, 1: 25, 2: 15, 3: 4, 4: 2}
   hole 3: states 63, pure-radius hist {0: 22, 1: 23, 2: 12, 3: 4, 4: 2}
   hole 4: states 68, pure-radius hist {0: 22, 1: 25, 2: 15, 3: 4, 4: 2}
   hole 6: states 63, pure-radius hist {0: 22, 1: 24, 2: 14, 3: 2, 4: 1}
   hole 7: states 63, pure-radius hist {0: 22, 1: 24, 2: 14, 3: 2, 4: 1}
   hole 15: states 63, pure-radius hist {0: 22, 1: 23, 2: 12, 3: 4, 4: 2}
   hole 12: states 63, pure-radius hist {0: 22, 1: 23, 2: 12, 3: 4, 4: 2}
   hole 13: states 68, pure-radius hist {0: 22, 1: 25, 2: 15, 3: 4, 4: 2}
   hole 14: states 68, pure-radius hist {0: 22, 1: 25, 2: 15, 3: 4, 4: 2}
   hole 16: states 68, pure-radius hist {0: 22, 1: 24, 2: 13, 3: 5, 4: 4}
   mixed game: 1296 states over all holes
   (pure radius, mixed distance) counts at deg-5 holes: {(0, 0): 264, (1, 1): 288, (2, 2): 162, (3, 3): 46, (4, 3): 8, (4, 4): 18}
   unreached states in mixed game: 0
[exploratory] A_3: deg-5 holes 12; unfilled (state,deg5-neighbour) pairs 1800; mobility failures 0; kinds {'swap-fills': 378, 'slide': 1040, 'swap+slide': 382}
   hole 0: states 80, pure-radius hist {0: 40, 1: 26, 2: 14}
   hole 1: states 80, pure-radius hist {0: 40, 1: 26, 2: 14}
   hole 2: states 80, pure-radius hist {0: 40, 1: 26, 2: 14}
   hole 3: states 80, pure-radius hist {0: 40, 1: 26, 2: 14}
   hole 4: states 80, pure-radius hist {0: 40, 1: 26, 2: 14}
   hole 10: states 80, pure-radius hist {0: 40, 1: 26, 2: 14}
   hole 11: states 80, pure-radius hist {0: 40, 1: 26, 2: 14}
   hole 12: states 80, pure-radius hist {0: 40, 1: 26, 2: 14}
   hole 13: states 80, pure-radius hist {0: 40, 1: 26, 2: 14}
   hole 14: states 80, pure-radius hist {0: 40, 1: 26, 2: 14}
   hole 15: states 100, pure-radius hist {0: 40, 1: 30, 2: 20, 3: 10}
   hole 16: states 100, pure-radius hist {0: 40, 1: 30, 2: 20, 3: 10}
   mixed game: 1650 states over all holes
   (pure radius, mixed distance) counts at deg-5 holes: {(0, 0): 480, (1, 1): 320, (2, 2): 180, (3, 3): 20}
   unreached states in mixed game: 0
cpu 1.1
