[exploratory] doubly locked states: 2148  key = (len Z1, len Z2, shared non-P nodes, shared edges)
   (4, 4, 0, 0) 492
   (4, 8, 0, 0) 108
   (4, 10, 0, 0) 24
   (4, 14, 0, 0) 24
   (8, 4, 0, 0) 96
   (8, 8, 0, 0) 60
   (8, 8, 2, 1) 186
   (8, 10, 0, 0) 30
   (8, 14, 2, 1) 252
   (8, 18, 2, 1) 48
   (10, 4, 0, 0) 48
   (10, 8, 0, 0) 18
   (10, 14, 6, 3) 12
   (10, 20, 6, 3) 18
   (12, 12, 4, 2) 24
   (12, 14, 6, 3) 30
   (12, 20, 8, 4) 24
   (14, 4, 0, 0) 36
   (14, 8, 2, 1) 252
   (14, 10, 6, 3) 12
   (14, 12, 6, 3) 18
   (14, 14, 8, 4) 108
   (14, 16, 6, 3) 30
   (14, 20, 8, 4) 18
   (16, 14, 6, 3) 18
   (18, 10, 6, 3) 24
   (18, 20, 12, 6) 24
   (20, 10, 6, 3) 30
   (20, 12, 8, 4) 24
   (20, 14, 8, 4) 30
   (20, 20, 14, 7) 30
