[exploratory] step  0 j=0 e(rel to beta,gamma,delta)=AABAC gamma-path e2->e1 delta-path e4->e0 locks=(True, True) k=(2,0,0) |K|=4 cut=13 edges in 1 Kempe cycle(s)
[exploratory] step  1 j=3 e(rel to beta,gamma,delta)=BACAA gamma-path e-3->e1 delta-path e-1->e0 locks=(True, True) k=(0,0,1) |K|=6 cut=19 edges in 1 Kempe cycle(s)
[exploratory] step  2 j=1 e(rel to beta,gamma,delta)=CAABA gamma-path e2->e1 delta-path e-1->e0 locks=(True, True) k=(0,2,0) |K|=6 cut=19 edges in 1 Kempe cycle(s)
[exploratory] step  3 j=4 e(rel to beta,gamma,delta)=ABACA gamma-path e-3->e1 delta-path e-1->e0 locks=(True, True) k=(1,0,0) |K|=4 cut=13 edges in 1 Kempe cycle(s)
[exploratory] step  4 j=2 e(rel to beta,gamma,delta)=ACAAB gamma-path e2->e1 delta-path e-1->e0 locks=(True, True) k=(0,0,2) |K|=4 cut=13 edges in 1 Kempe cycle(s)
[exploratory] step  5 j=0 e(rel to beta,gamma,delta)=AABAC gamma-path e2->e1 delta-path e4->e0 locks=(True, True) k=(0,1,0) |K|=6 cut=19 edges in 1 Kempe cycle(s)
[exploratory] step  6 j=3 e(rel to beta,gamma,delta)=BACAA gamma-path e-3->e1 delta-path e-1->e0 locks=(True, True) k=(2,0,0) |K|=6 cut=19 edges in 1 Kempe cycle(s)
[exploratory] step  7 j=1 e(rel to beta,gamma,delta)=CAABA gamma-path e2->e1 delta-path e-1->e0 locks=(True, True) k=(0,0,1) |K|=4 cut=13 edges in 1 Kempe cycle(s)
[exploratory] step  8 j=4 e(rel to beta,gamma,delta)=ABACA gamma-path e-3->e1 delta-path e-1->e0 locks=(True, True) k=(0,2,0) |K|=4 cut=13 edges in 1 Kempe cycle(s)
[exploratory] step  9 j=2 e(rel to beta,gamma,delta)=ACAAB gamma-path e2->e1 delta-path e-1->e0 locks=(True, True) k=(1,0,0) |K|=6 cut=19 edges in 1 Kempe cycle(s)
[exploratory] step 10 j=0 e(rel to beta,gamma,delta)=AABAC gamma-path e2->e1 delta-path e4->e0 locks=(True, True) k=(0,0,2) |K|=6 cut=19 edges in 1 Kempe cycle(s)
[exploratory] step 11 j=3 e(rel to beta,gamma,delta)=BACAA gamma-path e-3->e1 delta-path e-1->e0 locks=(True, True) k=(0,1,0) |K|=4 cut=13 edges in 1 Kempe cycle(s)
[exploratory] step 12 j=1 e(rel to beta,gamma,delta)=CAABA gamma-path e2->e1 delta-path e-1->e0 locks=(True, True) k=(2,0,0) |K|=4 cut=13 edges in 1 Kempe cycle(s)
[exploratory] step 13 j=4 e(rel to beta,gamma,delta)=ABACA gamma-path e-3->e1 delta-path e-1->e0 locks=(True, True) k=(0,0,1) |K|=6 cut=19 edges in 1 Kempe cycle(s)
[exploratory] step 14 j=2 e(rel to beta,gamma,delta)=ACAAB gamma-path e2->e1 delta-path e-1->e0 locks=(True, True) k=(0,2,0) |K|=6 cut=19 edges in 1 Kempe cycle(s)
[exploratory] step 15 j=0 e(rel to beta,gamma,delta)=AABAC gamma-path e2->e1 delta-path e4->e0 locks=(True, True) k=(1,0,0) |K|=4 cut=13 edges in 1 Kempe cycle(s)
[exploratory] step 16 j=3 e(rel to beta,gamma,delta)=BACAA gamma-path e-3->e1 delta-path e-1->e0 locks=(True, True) k=(0,0,2) |K|=4 cut=13 edges in 1 Kempe cycle(s)
[exploratory] step 17 j=1 e(rel to beta,gamma,delta)=CAABA gamma-path e2->e1 delta-path e-1->e0 locks=(True, True) k=(0,1,0) |K|=6 cut=19 edges in 1 Kempe cycle(s)
[exploratory] step 18 j=4 e(rel to beta,gamma,delta)=ABACA gamma-path e-3->e1 delta-path e-1->e0 locks=(True, True) k=(2,0,0) |K|=6 cut=19 edges in 1 Kempe cycle(s)
[exploratory] step 19 j=2 e(rel to beta,gamma,delta)=ACAAB gamma-path e2->e1 delta-path e-1->e0 locks=(True, True) k=(0,0,1) |K|=4 cut=13 edges in 1 Kempe cycle(s)
[exploratory] step 20 j=0 e(rel to beta,gamma,delta)=AABAC gamma-path e2->e1 delta-path e4->e0 locks=(True, True) k=(0,2,0) |K|=4 cut=13 edges in 1 Kempe cycle(s)
[exploratory] step 21 j=3 e(rel to beta,gamma,delta)=BACAA gamma-path e-3->e1 delta-path e-1->e0 locks=(True, True) k=(1,0,0) |K|=6 cut=19 edges in 1 Kempe cycle(s)
[exploratory] step 22 j=1 e(rel to beta,gamma,delta)=CAABA gamma-path e2->e1 delta-path e-1->e0 locks=(True, True) k=(0,0,2) |K|=6 cut=19 edges in 1 Kempe cycle(s)
[exploratory] step 23 j=4 e(rel to beta,gamma,delta)=ABACA gamma-path e-3->e1 delta-path e-1->e0 locks=(True, True) k=(0,1,0) |K|=4 cut=13 edges in 1 Kempe cycle(s)
[exploratory] step 24 j=2 e(rel to beta,gamma,delta)=ACAAB gamma-path e2->e1 delta-path e-1->e0 locks=(True, True) k=(2,0,0) |K|=4 cut=13 edges in 1 Kempe cycle(s)
[exploratory] step 25 j=0 e(rel to beta,gamma,delta)=AABAC gamma-path e2->e1 delta-path e4->e0 locks=(True, True) k=(0,0,1) |K|=6 cut=19 edges in 1 Kempe cycle(s)
[exploratory] step 26 j=3 e(rel to beta,gamma,delta)=BACAA gamma-path e-3->e1 delta-path e-1->e0 locks=(True, True) k=(0,2,0) |K|=6 cut=19 edges in 1 Kempe cycle(s)
[exploratory] step 27 j=1 e(rel to beta,gamma,delta)=CAABA gamma-path e2->e1 delta-path e-1->e0 locks=(True, True) k=(1,0,0) |K|=4 cut=13 edges in 1 Kempe cycle(s)
[exploratory] step 28 j=4 e(rel to beta,gamma,delta)=ABACA gamma-path e-3->e1 delta-path e-1->e0 locks=(True, True) k=(0,0,2) |K|=4 cut=13 edges in 1 Kempe cycle(s)
[exploratory] step 29 j=2 e(rel to beta,gamma,delta)=ACAAB gamma-path e2->e1 delta-path e-1->e0 locks=(True, True) k=(0,1,0) |K|=6 cut=19 edges in 1 Kempe cycle(s)
[exploratory] step 30 j=0 e(rel to beta,gamma,delta)=AABAC gamma-path e2->e1 delta-path e4->e0 locks=(True, True) k=(2,0,0) |K|=6 cut=19 edges in 1 Kempe cycle(s)
[exploratory] step 31 j=3 e(rel to beta,gamma,delta)=BACAA gamma-path e-3->e1 delta-path e-1->e0 locks=(True, True) k=(0,0,1) |K|=4 cut=13 edges in 1 Kempe cycle(s)
[exploratory] step 32 j=1 e(rel to beta,gamma,delta)=CAABA gamma-path e2->e1 delta-path e-1->e0 locks=(True, True) k=(0,2,0) |K|=4 cut=13 edges in 1 Kempe cycle(s)
[exploratory] step 33 j=4 e(rel to beta,gamma,delta)=ABACA gamma-path e-3->e1 delta-path e-1->e0 locks=(True, True) k=(1,0,0) |K|=6 cut=19 edges in 1 Kempe cycle(s)
[exploratory] step 34 j=2 e(rel to beta,gamma,delta)=ACAAB gamma-path e2->e1 delta-path e-1->e0 locks=(True, True) k=(0,0,2) |K|=6 cut=19 edges in 1 Kempe cycle(s)
[exploratory] step 35 j=0 e(rel to beta,gamma,delta)=AABAC gamma-path e2->e1 delta-path e4->e0 locks=(True, True) k=(0,1,0) |K|=4 cut=13 edges in 1 Kempe cycle(s)
[exploratory] step 36 j=3 e(rel to beta,gamma,delta)=BACAA gamma-path e-3->e1 delta-path e-1->e0 locks=(True, True) k=(2,0,0) |K|=4 cut=13 edges in 1 Kempe cycle(s)
[exploratory] step 37 j=1 e(rel to beta,gamma,delta)=CAABA gamma-path e2->e1 delta-path e-1->e0 locks=(True, True) k=(0,0,1) |K|=6 cut=19 edges in 1 Kempe cycle(s)
[exploratory] step 38 j=4 e(rel to beta,gamma,delta)=ABACA gamma-path e-3->e1 delta-path e-1->e0 locks=(True, True) k=(0,2,0) |K|=6 cut=19 edges in 1 Kempe cycle(s)
[exploratory] step 39 j=2 e(rel to beta,gamma,delta)=ACAAB gamma-path e2->e1 delta-path e-1->e0 locks=(True, True) k=(1,0,0) |K|=4 cut=13 edges in 1 Kempe cycle(s)
[exploratory] step 40 j=0 e(rel to beta,gamma,delta)=AABAC gamma-path e2->e1 delta-path e4->e0 locks=(True, True) k=(0,0,2) |K|=4 cut=13 edges in 1 Kempe cycle(s)
[exploratory] step 41 j=3 e(rel to beta,gamma,delta)=BACAA gamma-path e-3->e1 delta-path e-1->e0 locks=(True, True) k=(0,1,0) |K|=6 cut=19 edges in 1 Kempe cycle(s)
[exploratory] step 42 j=1 e(rel to beta,gamma,delta)=CAABA gamma-path e2->e1 delta-path e-1->e0 locks=(True, True) k=(2,0,0) |K|=6 cut=19 edges in 1 Kempe cycle(s)
[exploratory] step 43 j=4 e(rel to beta,gamma,delta)=ABACA gamma-path e-3->e1 delta-path e-1->e0 locks=(True, True) k=(0,0,1) |K|=4 cut=13 edges in 1 Kempe cycle(s)
[exploratory] step 44 j=2 e(rel to beta,gamma,delta)=ACAAB gamma-path e2->e1 delta-path e-1->e0 locks=(True, True) k=(0,2,0) |K|=4 cut=13 edges in 1 Kempe cycle(s)
[exploratory] step 45 j=0 e(rel to beta,gamma,delta)=AABAC gamma-path e2->e1 delta-path e4->e0 locks=(True, True) k=(1,0,0) |K|=6 cut=19 edges in 1 Kempe cycle(s)
[exploratory] step 46 j=3 e(rel to beta,gamma,delta)=BACAA gamma-path e-3->e1 delta-path e-1->e0 locks=(True, True) k=(0,0,2) |K|=6 cut=19 edges in 1 Kempe cycle(s)
[exploratory] step 47 j=1 e(rel to beta,gamma,delta)=CAABA gamma-path e2->e1 delta-path e-1->e0 locks=(True, True) k=(0,1,0) |K|=4 cut=13 edges in 1 Kempe cycle(s)
[exploratory] step 48 j=4 e(rel to beta,gamma,delta)=ABACA gamma-path e-3->e1 delta-path e-1->e0 locks=(True, True) k=(2,0,0) |K|=4 cut=13 edges in 1 Kempe cycle(s)
[exploratory] step 49 j=2 e(rel to beta,gamma,delta)=ACAAB gamma-path e2->e1 delta-path e-1->e0 locks=(True, True) k=(0,0,1) |K|=6 cut=19 edges in 1 Kempe cycle(s)
[exploratory] step 50 j=0 e(rel to beta,gamma,delta)=AABAC gamma-path e2->e1 delta-path e4->e0 locks=(True, True) k=(0,2,0) |K|=6 cut=19 edges in 1 Kempe cycle(s)
[exploratory] step 51 j=3 e(rel to beta,gamma,delta)=BACAA gamma-path e-3->e1 delta-path e-1->e0 locks=(True, True) k=(1,0,0) |K|=4 cut=13 edges in 1 Kempe cycle(s)
[exploratory] step 52 j=1 e(rel to beta,gamma,delta)=CAABA gamma-path e2->e1 delta-path e-1->e0 locks=(True, True) k=(0,0,2) |K|=4 cut=13 edges in 1 Kempe cycle(s)
[exploratory] step 53 j=4 e(rel to beta,gamma,delta)=ABACA gamma-path e-3->e1 delta-path e-1->e0 locks=(True, True) k=(0,1,0) |K|=6 cut=19 edges in 1 Kempe cycle(s)
[exploratory] step 54 j=2 e(rel to beta,gamma,delta)=ACAAB gamma-path e2->e1 delta-path e-1->e0 locks=(True, True) k=(2,0,0) |K|=6 cut=19 edges in 1 Kempe cycle(s)
[exploratory] step 55 j=0 e(rel to beta,gamma,delta)=AABAC gamma-path e2->e1 delta-path e4->e0 locks=(True, True) k=(0,0,1) |K|=4 cut=13 edges in 1 Kempe cycle(s)
[exploratory] step 56 j=3 e(rel to beta,gamma,delta)=BACAA gamma-path e-3->e1 delta-path e-1->e0 locks=(True, True) k=(0,2,0) |K|=4 cut=13 edges in 1 Kempe cycle(s)
[exploratory] step 57 j=1 e(rel to beta,gamma,delta)=CAABA gamma-path e2->e1 delta-path e-1->e0 locks=(True, True) k=(1,0,0) |K|=6 cut=19 edges in 1 Kempe cycle(s)
[exploratory] step 58 j=4 e(rel to beta,gamma,delta)=ABACA gamma-path e-3->e1 delta-path e-1->e0 locks=(True, True) k=(0,0,2) |K|=6 cut=19 edges in 1 Kempe cycle(s)
[exploratory] step 59 j=2 e(rel to beta,gamma,delta)=ACAAB gamma-path e2->e1 delta-path e-1->e0 locks=(True, True) k=(0,1,0) |K|=4 cut=13 edges in 1 Kempe cycle(s)
[exploratory] raw state repeats: step 60 == step 0 (period 60 )
