step 0 score (-8, 8, 8) best (-8, 8, 8)
step 1 score (-72, 2, 17) best (-8, 8, 8)
step 2 score (-64, 2, 8) best (-8, 8, 8)
step 3 score (-16, 2, 1) best (-8, 8, 8)
step 4 score (-288, 1, 0) best (-8, 8, 8)
step 5 score (-16, 3, 9) best (-8, 8, 8)
step 6 score (-8, 7, 1) best (-8, 8, 8)
step 7 score (-16, 3, 9) best (-8, 8, 8)
step 8 score (-20, 2, 17) best (-8, 8, 8)
step 9 score (-16, 3, 9) best (-8, 8, 8)
step 10 score (-8, 7, 1) best (-8, 8, 8)
step 11 score (-268, 1, 0) best (-8, 8, 8)
step 12 score (-8, 7, 1) best (-8, 8, 8)
step 13 score (-296, 1, 0) best (-8, 8, 8)
step 14 score (-8, 3, 1) best (-8, 8, 8)
step 15 score (-32, 2, 1) best (-8, 8, 8)
step 16 score (-16, 3, 8) best (-8, 8, 8)
step 17 score (-1, 6, 9) best (-1, 6, 9)
step 18 score (-16, 3, 8) best (-1, 6, 9)
step 19 score (-16, 3, 17) best (-1, 6, 9)
step 20 score (-1, 10, 17) best (-1, 10, 17)
step 21 score (-4, 4, 17) best (-1, 10, 17)
step 22 score (-1, 10, 17) best (-1, 10, 17)
step 23 score (-8, 2, 1) best (-1, 10, 17)
step 24 score (-261, 1, 0) best (-1, 10, 17)
step 25 score (-8, 2, 1) best (-1, 10, 17)
step 26 score (-276, 1, 0) best (-1, 10, 17)
step 27 score (-16, 3, 17) best (-1, 10, 17)
step 28 score (-1, 10, 17) best (-1, 10, 17)
step 29 score (-4, 4, 17) best (-1, 10, 17)
step 30 score (-8, 2, 1) best (-1, 10, 17)
step 31 score (-202, 1, 0) best (-1, 10, 17)
step 32 score (-234, 1, 0) best (-1, 10, 17)
step 33 score (-8, 2, 2) best (-1, 10, 17)
step 34 score (-4, 3, 17) best (-1, 10, 17)
step 35 score (-8, 2, 1) best (-1, 10, 17)
step 36 score (-262, 1, 0) best (-1, 10, 17)
step 37 score (-4, 3, 1) best (-1, 10, 17)
step 38 score (-262, 1, 0) best (-1, 10, 17)
step 39 score (-8, 2, 2) best (-1, 10, 17)
step 40 score (-40, 2, 1) best (-1, 10, 17)
step 41 score (-8, 2, 1) best (-1, 10, 17)
step 42 score (-40, 2, 1) best (-1, 10, 17)
step 43 score (-8, 2, 2) best (-1, 10, 17)
step 44 score (-260, 1, 0) best (-1, 10, 17)
step 45 score (-214, 1, 0) best (-1, 10, 17)
step 46 score (-194, 1, 0) best (-1, 10, 17)
step 47 score (-8, 2, 2) best (-1, 10, 17)
step 48 score (-8, 2, 2) best (-1, 10, 17)
step 49 score (-1, 5, 2) best (-1, 10, 17)
step 50 score (-1, 5, 1) best (-1, 10, 17)
step 51 score (-1, 5, 2) best (-1, 10, 17)
step 52 score (-8, 2, 2) best (-1, 10, 17)
step 53 score (-1, 5, 2) best (-1, 10, 17)
step 54 score (-1, 3, 1) best (-1, 10, 17)
step 55 score (-1, 5, 2) best (-1, 10, 17)
step 56 score (-1, 5, 1) best (-1, 10, 17)
step 57 score (-1, 5, 2) best (-1, 10, 17)
step 58 score (-1, 3, 1) best (-1, 10, 17)
step 59 score (-246, 1, 0) best (-1, 10, 17)
step 60 score (-1, 3, 1) best (-1, 10, 17)
step 61 score (-2, 3, 1) best (-1, 10, 17)
step 62 score (-1, 3, 1) best (-1, 10, 17)
step 63 score (-1, 5, 2) best (-1, 10, 17)
step 64 score (-1, 5, 1) best (-1, 10, 17)
step 65 score (-1, 5, 2) best (-1, 10, 17)
step 66 score (-208, 1, 0) best (-1, 10, 17)
step 67 score (-1, 5, 2) best (-1, 10, 17)
step 68 score (-1, 3, 1) best (-1, 10, 17)
step 69 score (-224, 1, 0) best (-1, 10, 17)
step 70 score (-1, 3, 1) best (-1, 10, 17)
step 71 score (-1, 5, 2) best (-1, 10, 17)
step 72 score (-1, 5, 1) best (-1, 10, 17)
step 73 score (-1, 5, 2) best (-1, 10, 17)
step 74 score (-8, 2, 2) best (-1, 10, 17)
step 75 score (-1, 5, 2) best (-1, 10, 17)
step 76 score (-1, 5, 1) best (-1, 10, 17)
step 77 score (-8, 2, 1) best (-1, 10, 17)
step 78 score (-1, 7, 1) best (-1, 10, 17)
step 79 score (-1, 4, 1) best (-1, 10, 17)
step 80 score (-1, 7, 1) best (-1, 10, 17)
step 81 score (-272, 1, 0) best (-1, 10, 17)
step 82 score (-1, 3, 1) best (-1, 10, 17)
