step 0 score (-8, 8, 9) best (-8, 8, 9)
step 1 score (-96, 2, 15) best (-8, 8, 9)
step 2 score (-8, 3, 16) best (-8, 8, 9)
step 3 score (-56, 2, 8) best (-8, 8, 9)
step 4 score (-8, 3, 16) best (-8, 8, 9)
step 5 score (-16, 3, 9) best (-8, 8, 9)
step 6 score (-8, 7, 1) best (-8, 8, 9)
step 7 score (-16, 3, 9) best (-8, 8, 9)
step 8 score (-64, 2, 9) best (-8, 8, 9)
step 9 score (-96, 2, 9) best (-8, 8, 9)
step 10 score (-24, 2, 17) best (-8, 8, 9)
step 11 score (-4, 3, 18) best (-4, 3, 18)
step 12 score (-4, 4, 18) best (-4, 4, 18)
step 13 score (-4, 3, 17) best (-4, 4, 18)
step 14 score (-8, 2, 1) best (-4, 4, 18)
step 15 score (-210, 1, 0) best (-4, 4, 18)
step 16 score (-2, 2, 1) best (-2, 2, 1)
step 17 score (-304, 1, 0) best (-2, 2, 1)
step 18 score (-2, 2, 1) best (-2, 2, 1)
step 19 score (-304, 1, 0) best (-2, 2, 1)
step 20 score (-2, 2, 1) best (-2, 2, 1)
step 21 score (-210, 1, 0) best (-2, 2, 1)
step 22 score (-244, 1, 0) best (-2, 2, 1)
step 23 score (-210, 1, 0) best (-2, 2, 1)
step 24 score (-2, 2, 1) best (-2, 2, 1)
step 25 score (-304, 1, 0) best (-2, 2, 1)
step 26 score (-2, 2, 1) best (-2, 2, 1)
step 27 score (-108, 2, 10) best (-2, 2, 1)
step 28 score (-2, 2, 1) best (-2, 2, 1)
step 29 score (-296, 1, 0) best (-2, 2, 1)
step 30 score (-276, 1, 0) best (-2, 2, 1)
step 31 score (-108, 2, 10) best (-2, 2, 1)
step 32 score (-108, 2, 11) best (-2, 2, 1)
step 33 score (-108, 2, 10) best (-2, 2, 1)
step 34 score (-2, 2, 1) best (-2, 2, 1)
step 35 score (-304, 1, 0) best (-2, 2, 1)
step 36 score (-2, 2, 1) best (-2, 2, 1)
step 37 score (-296, 1, 0) best (-2, 2, 1)
step 38 score (-2, 2, 1) best (-2, 2, 1)
step 39 score (-304, 1, 0) best (-2, 2, 1)
step 40 score (-2, 2, 1) best (-2, 2, 1)
step 41 score (-324, 1, 0) best (-2, 2, 1)
step 42 score (-282, 1, 0) best (-2, 2, 1)
step 43 score (-285, 1, 0) best (-2, 2, 1)
step 44 score (-4, 2, 1) best (-2, 2, 1)
step 45 score (-4, 2, 1) best (-2, 2, 1)
step 46 score (-4, 2, 1) best (-2, 2, 1)
step 47 score (-242, 1, 0) best (-2, 2, 1)
step 48 score (-4, 2, 1) best (-2, 2, 1)
step 49 score (-4, 2, 1) best (-2, 2, 1)
step 50 score (-247, 1, 0) best (-2, 2, 1)
step 51 score (-4, 2, 1) best (-2, 2, 1)
step 52 score (-4, 2, 1) best (-2, 2, 1)
step 53 score (-242, 1, 0) best (-2, 2, 1)
step 54 score (-227, 1, 0) best (-2, 2, 1)
step 55 score (-233, 1, 0) best (-2, 2, 1)
step 56 score (-227, 1, 0) best (-2, 2, 1)
step 57 score (-4, 2, 1) best (-2, 2, 1)
step 58 score (-4, 2, 1) best (-2, 2, 1)
step 59 score (-1, 3, 2) best (-1, 3, 2)
step 60 score (-1, 2, 2) best (-1, 3, 2)
step 61 score (-1, 3, 1) best (-1, 3, 2)
step 62 score (-1, 2, 2) best (-1, 3, 2)
step 63 score (-1, 3, 2) best (-1, 3, 2)
step 64 score (-1, 2, 1) best (-1, 3, 2)
step 65 score (-1, 2, 1) best (-1, 3, 2)
step 66 score (-255, 1, 0) best (-1, 3, 2)
step 67 score (-1, 2, 1) best (-1, 3, 2)
step 68 score (-286, 1, 0) best (-1, 3, 2)
step 69 score (-259, 1, 0) best (-1, 3, 2)
step 70 score (-4, 2, 1) best (-1, 3, 2)
step 71 score (-1, 3, 3) best (-1, 3, 3)
step 72 score (-4, 3, 1) best (-1, 3, 3)
step 73 score (-8, 2, 2) best (-1, 3, 3)
step 74 score (-1, 3, 2) best (-1, 3, 3)
step 75 score (-1, 3, 1) best (-1, 3, 3)
step 76 score (-1, 3, 2) best (-1, 3, 3)
step 77 score (-8, 2, 2) best (-1, 3, 3)
step 78 score (-1, 2, 2) best (-1, 3, 3)
step 79 score (-1, 2, 3) best (-1, 3, 3)
step 80 score (-1, 2, 2) best (-1, 3, 3)
step 81 score (-8, 2, 2) best (-1, 3, 3)
step 82 score (-1, 3, 2) best (-1, 3, 3)
step 83 score (-1, 3, 1) best (-1, 3, 3)
step 84 score (-1, 3, 1) best (-1, 3, 3)
step 85 score (-1, 3, 1) best (-1, 3, 3)
