step 0 score (-8, 8, 8) best (-8, 8, 8)
step 1 score (-16, 4, 17) best (-8, 8, 8)
step 2 score (-16, 4, 17) best (-8, 8, 8)
step 3 score (-16, 4, 17) best (-8, 8, 8)
step 4 score (-8, 8, 9) best (-8, 8, 9)
step 5 score (-104, 2, 10) best (-8, 8, 9)
step 6 score (-56, 2, 16) best (-8, 8, 9)
step 7 score (-32, 4, 18) best (-8, 8, 9)
step 8 score (-16, 4, 17) best (-8, 8, 9)
step 9 score (-96, 2, 9) best (-8, 8, 9)
step 10 score (-48, 2, 8) best (-8, 8, 9)
step 11 score (-48, 2, 8) best (-8, 8, 9)
step 12 score (-32, 2, 8) best (-8, 8, 9)
step 13 score (-64, 2, 8) best (-8, 8, 9)
step 14 score (-32, 2, 8) best (-8, 8, 9)
step 15 score (-64, 2, 8) best (-8, 8, 9)
step 16 score (-56, 2, 8) best (-8, 8, 9)
step 17 score (-40, 2, 15) best (-8, 8, 9)
step 18 score (-56, 2, 9) best (-8, 8, 9)
step 19 score (-52, 2, 9) best (-8, 8, 9)
step 20 score (-56, 2, 9) best (-8, 8, 9)
step 21 score (-40, 2, 15) best (-8, 8, 9)
step 22 score (-48, 2, 8) best (-8, 8, 9)
step 23 score (-40, 2, 15) best (-8, 8, 9)
step 24 score (-32, 2, 15) best (-8, 8, 9)
step 25 score (-52, 2, 9) best (-8, 8, 9)
step 26 score (-56, 2, 9) best (-8, 8, 9)
step 27 score (-80, 2, 10) best (-8, 8, 9)
step 28 score (-64, 2, 17) best (-8, 8, 9)
step 29 score (-16, 5, 18) best (-8, 8, 9)
step 30 score (-16, 4, 10) best (-8, 8, 9)
step 31 score (-16, 5, 18) best (-8, 8, 9)
step 32 score (-16, 4, 9) best (-8, 8, 9)
step 33 score (-16, 5, 18) best (-8, 8, 9)
step 34 score (-16, 4, 10) best (-8, 8, 9)
step 35 score (-32, 3, 9) best (-8, 8, 9)
step 36 score (-16, 4, 10) best (-8, 8, 9)
step 37 score (-16, 3, 9) best (-8, 8, 9)
step 38 score (-8, 5, 10) best (-8, 8, 9)
step 39 score (-16, 3, 10) best (-8, 8, 9)
step 40 score (-2, 2, 1) best (-2, 2, 1)
step 41 score (-1, 2, 1) best (-1, 2, 1)
step 42 score (-2, 2, 1) best (-1, 2, 1)
step 43 score (-8, 2, 1) best (-1, 2, 1)
step 44 score (-2, 2, 1) best (-1, 2, 1)
step 45 score (-16, 3, 10) best (-1, 2, 1)
step 46 score (-2, 2, 1) best (-1, 2, 1)
step 47 score (-1, 2, 1) best (-1, 2, 1)
step 48 score (-2, 2, 1) best (-1, 2, 1)
step 49 score (-24, 2, 1) best (-1, 2, 1)
step 50 score (-2, 2, 1) best (-1, 2, 1)
step 51 score (-1, 2, 1) best (-1, 2, 1)
step 52 score (-262, 1, 0) best (-1, 2, 1)
step 53 score (-8, 2, 1) best (-1, 2, 1)
step 54 score (-262, 1, 0) best (-1, 2, 1)
step 55 score (-1, 2, 1) best (-1, 2, 1)
step 56 score (-2, 2, 1) best (-1, 2, 1)
step 57 score (-1, 2, 1) best (-1, 2, 1)
step 58 score (-302, 1, 0) best (-1, 2, 1)
step 59 score (-24, 2, 1) best (-1, 2, 1)
step 60 score (-8, 2, 2) best (-1, 2, 1)
step 61 score (-8, 2, 1) best (-1, 2, 1)
step 62 score (-8, 2, 1) best (-1, 2, 1)
step 63 score (-1, 2, 1) best (-1, 2, 1)
step 64 score (-8, 2, 1) best (-1, 2, 1)
step 65 score (-1, 2, 1) best (-1, 2, 1)
step 66 score (-1, 2, 1) best (-1, 2, 1)
step 67 score (-4, 2, 1) best (-1, 2, 1)
step 68 score (-290, 1, 0) best (-1, 2, 1)
step 69 score (-4, 2, 1) best (-1, 2, 1)
step 70 score (-1, 2, 1) best (-1, 2, 1)
step 71 score (-4, 2, 1) best (-1, 2, 1)
step 72 score (-1, 2, 1) best (-1, 2, 1)
step 73 score (-1, 2, 1) best (-1, 2, 1)
step 74 score (-250, 1, 0) best (-1, 2, 1)
step 75 score (-4, 2, 1) best (-1, 2, 1)
step 76 score (-1, 2, 1) best (-1, 2, 1)
step 77 score (-4, 2, 1) best (-1, 2, 1)
step 78 score (-264, 1, 0) best (-1, 2, 1)
