step 0 score (-168, 1, 0) best (-168, 1, 0)
step 1 score (-8, 2, 2) best (-8, 2, 2)
step 2 score (-149, 1, 0) best (-8, 2, 2)
step 3 score (-1, 2, 1) best (-1, 2, 1)
step 4 score (-140, 1, 0) best (-1, 2, 1)
step 5 score (-132, 1, 0) best (-1, 2, 1)
step 6 score (-1, 6, 2) best (-1, 6, 2)
step 7 score (-1, 3, 1) best (-1, 6, 2)
step 8 score (-136, 1, 0) best (-1, 6, 2)
step 9 score (-1, 3, 1) best (-1, 6, 2)
step 10 score (-1, 6, 2) best (-1, 6, 2)
step 11 score (-132, 1, 0) best (-1, 6, 2)
step 12 score (-150, 1, 0) best (-1, 6, 2)
step 13 score (-135, 1, 0) best (-1, 6, 2)
step 14 score (-1, 2, 1) best (-1, 6, 2)
step 15 score (-1, 3, 1) best (-1, 6, 2)
step 16 score (-1, 3, 2) best (-1, 6, 2)
step 17 score (-1, 3, 2) best (-1, 6, 2)
step 18 score (-1, 3, 1) best (-1, 6, 2)
step 19 score (-1, 3, 1) best (-1, 6, 2)
step 20 score (-1, 2, 1) best (-1, 6, 2)
step 21 score (-1, 2, 2) best (-1, 6, 2)
step 22 score (-1, 2, 2) best (-1, 6, 2)
step 23 score (-1, 2, 2) best (-1, 6, 2)
step 24 score (-1, 2, 1) best (-1, 6, 2)
step 25 score (-1, 2, 2) best (-1, 6, 2)
step 26 score (-1, 2, 2) best (-1, 6, 2)
step 27 score (-1, 5, 2) best (-1, 6, 2)
step 28 score (-1, 2, 2) best (-1, 6, 2)
step 29 score (-1, 2, 2) best (-1, 6, 2)
step 30 score (-1, 2, 1) best (-1, 6, 2)
step 31 score (-173, 1, 0) best (-1, 6, 2)
step 32 score (-1, 2, 1) best (-1, 6, 2)
step 33 score (-1, 2, 1) best (-1, 6, 2)
step 34 score (-1, 2, 1) best (-1, 6, 2)
step 35 score (-137, 1, 0) best (-1, 6, 2)
step 36 score (-1, 6, 2) best (-1, 6, 2)
step 37 score (-1, 3, 1) best (-1, 6, 2)
step 38 score (-1, 6, 2) best (-1, 6, 2)
step 39 score (-119, 1, 0) best (-1, 6, 2)
step 40 score (-1, 6, 2) best (-1, 6, 2)
step 41 score (-1, 3, 1) best (-1, 6, 2)
step 42 score (-136, 1, 0) best (-1, 6, 2)
step 43 score (-1, 3, 1) best (-1, 6, 2)
step 44 score (-1, 6, 2) best (-1, 6, 2)
step 45 score (-119, 1, 0) best (-1, 6, 2)
step 46 score (-4, 2, 1) best (-1, 6, 2)
step 47 score (-150, 1, 0) best (-1, 6, 2)
step 48 score (-154, 1, 0) best (-1, 6, 2)
step 49 score (-1, 2, 1) best (-1, 6, 2)
step 50 score (-139, 1, 0) best (-1, 6, 2)
step 51 score (-1, 2, 1) best (-1, 6, 2)
step 52 score (-1, 2, 1) best (-1, 6, 2)
step 53 score (-162, 1, 0) best (-1, 6, 2)
step 54 score (-1, 2, 1) best (-1, 6, 2)
step 55 score (-152, 1, 0) best (-1, 6, 2)
step 56 score (-1, 2, 1) best (-1, 6, 2)
step 57 score (-158, 1, 0) best (-1, 6, 2)
step 58 score (-150, 1, 0) best (-1, 6, 2)
step 59 score (-132, 1, 0) best (-1, 6, 2)
step 60 score (-140, 1, 0) best (-1, 6, 2)
step 61 score (-1, 2, 1) best (-1, 6, 2)
step 62 score (-120, 1, 0) best (-1, 6, 2)
step 63 score (-1, 2, 2) best (-1, 6, 2)
step 64 score (-1, 3, 1) best (-1, 6, 2)
step 65 score (-8, 2, 1) best (-1, 6, 2)
step 66 score (-133, 1, 0) best (-1, 6, 2)
step 67 score (-1, 2, 1) best (-1, 6, 2)
step 68 score (-133, 1, 0) best (-1, 6, 2)
step 69 score (-1, 3, 1) best (-1, 6, 2)
step 70 score (-1, 2, 1) best (-1, 6, 2)
step 71 score (-1, 3, 1) best (-1, 6, 2)
step 72 score (-1, 3, 1) best (-1, 6, 2)
step 73 score (-1, 2, 2) best (-1, 6, 2)
step 74 score (-120, 1, 0) best (-1, 6, 2)
step 75 score (-1, 2, 1) best (-1, 6, 2)
step 76 score (-120, 1, 0) best (-1, 6, 2)
step 77 score (-1, 2, 1) best (-1, 6, 2)
step 78 score (-1, 2, 1) best (-1, 6, 2)
step 79 score (-1, 2, 1) best (-1, 6, 2)
step 80 score (-151, 1, 0) best (-1, 6, 2)
step 81 score (-1, 6, 2) best (-1, 6, 2)
step 82 score (-1, 3, 1) best (-1, 6, 2)
step 83 score (-136, 1, 0) best (-1, 6, 2)
step 84 score (-4, 2, 1) best (-1, 6, 2)
step 85 score (-4, 2, 1) best (-1, 6, 2)
step 86 score (-150, 1, 0) best (-1, 6, 2)
step 87 score (-4, 2, 1) best (-1, 6, 2)
step 88 score (-161, 1, 0) best (-1, 6, 2)
step 89 score (-161, 1, 0) best (-1, 6, 2)
step 90 score (-145, 1, 0) best (-1, 6, 2)
step 91 score (-142, 1, 0) best (-1, 6, 2)
step 92 score (-139, 1, 0) best (-1, 6, 2)
step 93 score (-1, 2, 1) best (-1, 6, 2)
step 94 score (-154, 1, 0) best (-1, 6, 2)
step 95 score (-1, 2, 1) best (-1, 6, 2)
step 96 score (-1, 2, 1) best (-1, 6, 2)
step 97 score (-1, 2, 1) best (-1, 6, 2)
step 98 score (-139, 1, 0) best (-1, 6, 2)
step 99 score (-142, 1, 0) best (-1, 6, 2)
step 100 score (-8, 2, 1) best (-1, 6, 2)
step 101 score (-8, 2, 1) best (-1, 6, 2)
step 102 score (-8, 2, 1) best (-1, 6, 2)
step 103 score (-142, 1, 0) best (-1, 6, 2)
step 104 score (-139, 1, 0) best (-1, 6, 2)
