step 0 score (-53, 1, 0) best (-4, 2, 6)
step 1 score (-4, 2, 6) best (-4, 2, 6)
step 2 score (-53, 1, 0) best (-4, 2, 6)
step 3 score (-4, 2, 6) best (-4, 2, 6)
step 4 score (-53, 1, 0) best (-4, 2, 6)
step 5 score (-4, 2, 6) best (-4, 2, 6)
step 6 score (-53, 1, 0) best (-4, 2, 6)
step 7 score (-4, 2, 2) best (-4, 2, 6)
step 8 score (-4, 2, 2) best (-4, 2, 6)
step 9 score (-4, 2, 2) best (-4, 2, 6)
step 10 score (-4, 2, 2) best (-4, 2, 6)
step 11 score (-4, 2, 2) best (-4, 2, 6)
step 12 score (-4, 2, 2) best (-4, 2, 6)
step 13 score (-4, 2, 2) best (-4, 2, 6)
step 14 score (-4, 2, 2) best (-4, 2, 6)
step 15 score (-4, 2, 2) best (-4, 2, 6)
step 16 score (-4, 2, 2) best (-4, 2, 6)
step 17 score (-4, 2, 2) best (-4, 2, 6)
step 18 score (-4, 2, 2) best (-4, 2, 6)
step 19 score (-4, 2, 2) best (-4, 2, 6)
