step 0 score (-84, 1, 0) best (-24, 2, 16)
step 1 score (-24, 2, 16) best (-24, 2, 16)
step 2 score (-84, 1, 0) best (-24, 2, 16)
step 3 score (-24, 2, 16) best (-24, 2, 16)
step 4 score (-84, 1, 0) best (-24, 2, 16)
step 5 score (-24, 2, 16) best (-24, 2, 16)
step 6 score (-84, 1, 0) best (-24, 2, 16)
step 7 score (-106, 1, 0) best (-24, 2, 16)
step 8 score (-80, 1, 0) best (-24, 2, 16)
step 9 score (-80, 1, 0) best (-24, 2, 16)
step 10 score (-80, 1, 0) best (-24, 2, 16)
step 11 score (-106, 1, 0) best (-24, 2, 16)
step 12 score (-84, 1, 0) best (-24, 2, 16)
step 13 score (-24, 2, 16) best (-24, 2, 16)
step 14 score (-84, 1, 0) best (-24, 2, 16)
step 15 score (-106, 1, 0) best (-24, 2, 16)
step 16 score (-80, 1, 0) best (-24, 2, 16)
step 17 score (-80, 1, 0) best (-24, 2, 16)
step 18 score (-80, 1, 0) best (-24, 2, 16)
step 19 score (-106, 1, 0) best (-24, 2, 16)
step 20 score (-84, 1, 0) best (-24, 2, 16)
step 21 score (-24, 2, 16) best (-24, 2, 16)
step 22 score (-84, 1, 0) best (-24, 2, 16)
step 23 score (-106, 1, 0) best (-24, 2, 16)
step 24 score (-80, 1, 0) best (-24, 2, 16)
step 25 score (-80, 1, 0) best (-24, 2, 16)
step 26 score (-80, 1, 0) best (-24, 2, 16)
step 27 score (-106, 1, 0) best (-24, 2, 16)
step 28 score (-80, 1, 0) best (-24, 2, 16)
step 29 score (-80, 1, 0) best (-24, 2, 16)
step 30 score (-106, 1, 0) best (-24, 2, 16)
step 31 score (-80, 1, 0) best (-24, 2, 16)
step 32 score (-80, 1, 0) best (-24, 2, 16)
step 33 score (-106, 1, 0) best (-24, 2, 16)
step 34 score (-80, 1, 0) best (-24, 2, 16)
step 35 score (-80, 1, 0) best (-24, 2, 16)
step 36 score (-106, 1, 0) best (-24, 2, 16)
step 37 score (-80, 1, 0) best (-24, 2, 16)
step 38 score (-80, 1, 0) best (-24, 2, 16)
step 39 score (-106, 1, 0) best (-24, 2, 16)
step 40 score (-84, 1, 0) best (-24, 2, 16)
step 41 score (-24, 2, 16) best (-24, 2, 16)
step 42 score (-84, 1, 0) best (-24, 2, 16)
step 43 score (-24, 2, 16) best (-24, 2, 16)
step 44 score (-84, 1, 0) best (-24, 2, 16)
step 45 score (-106, 1, 0) best (-24, 2, 16)
step 46 score (-80, 1, 0) best (-24, 2, 16)
step 47 score (-80, 1, 0) best (-24, 2, 16)
step 48 score (-80, 1, 0) best (-24, 2, 16)
step 49 score (-106, 1, 0) best (-24, 2, 16)
step 50 score (-84, 1, 0) best (-24, 2, 16)
step 51 score (-24, 2, 16) best (-24, 2, 16)
step 52 score (-84, 1, 0) best (-24, 2, 16)
step 53 score (-106, 1, 0) best (-24, 2, 16)
step 54 score (-80, 1, 0) best (-24, 2, 16)
step 55 score (-80, 1, 0) best (-24, 2, 16)
step 56 score (-80, 1, 0) best (-24, 2, 16)
step 57 score (-106, 1, 0) best (-24, 2, 16)
step 58 score (-84, 1, 0) best (-24, 2, 16)
step 59 score (-24, 2, 16) best (-24, 2, 16)
step 60 score (-84, 1, 0) best (-24, 2, 16)
step 61 score (-106, 1, 0) best (-24, 2, 16)
step 62 score (-80, 1, 0) best (-24, 2, 16)
step 63 score (-80, 1, 0) best (-24, 2, 16)
step 64 score (-106, 1, 0) best (-24, 2, 16)
step 65 score (-80, 1, 0) best (-24, 2, 16)
step 66 score (-80, 1, 0) best (-24, 2, 16)
step 67 score (-106, 1, 0) best (-24, 2, 16)
step 68 score (-80, 1, 0) best (-24, 2, 16)
step 69 score (-80, 1, 0) best (-24, 2, 16)
step 70 score (-106, 1, 0) best (-24, 2, 16)
step 71 score (-80, 1, 0) best (-24, 2, 16)
step 72 score (-80, 1, 0) best (-24, 2, 16)
step 73 score (-106, 1, 0) best (-24, 2, 16)
step 74 score (-84, 1, 0) best (-24, 2, 16)
step 75 score (-24, 2, 16) best (-24, 2, 16)
step 76 score (-84, 1, 0) best (-24, 2, 16)
step 77 score (-24, 2, 16) best (-24, 2, 16)
step 78 score (-84, 1, 0) best (-24, 2, 16)
step 79 score (-24, 2, 16) best (-24, 2, 16)
step 80 score (-84, 1, 0) best (-24, 2, 16)
step 81 score (-24, 2, 16) best (-24, 2, 16)
step 82 score (-84, 1, 0) best (-24, 2, 16)
step 83 score (-106, 1, 0) best (-24, 2, 16)
step 84 score (-80, 1, 0) best (-24, 2, 16)
step 85 score (-80, 1, 0) best (-24, 2, 16)
step 86 score (-80, 1, 0) best (-24, 2, 16)
step 87 score (-106, 1, 0) best (-24, 2, 16)
step 88 score (-84, 1, 0) best (-24, 2, 16)
step 89 score (-24, 2, 16) best (-24, 2, 16)
step 90 score (-84, 1, 0) best (-24, 2, 16)
step 91 score (-24, 2, 16) best (-24, 2, 16)
step 92 score (-84, 1, 0) best (-24, 2, 16)
step 93 score (-24, 2, 16) best (-24, 2, 16)
step 94 score (-84, 1, 0) best (-24, 2, 16)
step 95 score (-106, 1, 0) best (-24, 2, 16)
step 96 score (-80, 1, 0) best (-24, 2, 16)
step 97 score (-80, 1, 0) best (-24, 2, 16)
step 98 score (-80, 1, 0) best (-24, 2, 16)
step 99 score (-106, 1, 0) best (-24, 2, 16)
step 100 score (-84, 1, 0) best (-24, 2, 16)
step 101 score (-24, 2, 16) best (-24, 2, 16)
step 102 score (-84, 1, 0) best (-24, 2, 16)
step 103 score (-106, 1, 0) best (-24, 2, 16)
step 104 score (-80, 1, 0) best (-24, 2, 16)
step 105 score (-80, 1, 0) best (-24, 2, 16)
step 106 score (-80, 1, 0) best (-24, 2, 16)
step 107 score (-106, 1, 0) best (-24, 2, 16)
step 108 score (-84, 1, 0) best (-24, 2, 16)
step 109 score (-24, 2, 16) best (-24, 2, 16)
step 110 score (-84, 1, 0) best (-24, 2, 16)
step 111 score (-24, 2, 16) best (-24, 2, 16)
step 112 score (-84, 1, 0) best (-24, 2, 16)
step 113 score (-106, 1, 0) best (-24, 2, 16)
step 114 score (-80, 1, 0) best (-24, 2, 16)
step 115 score (-80, 1, 0) best (-24, 2, 16)
step 116 score (-80, 1, 0) best (-24, 2, 16)
step 117 score (-106, 1, 0) best (-24, 2, 16)
step 118 score (-84, 1, 0) best (-24, 2, 16)
step 119 score (-24, 2, 16) best (-24, 2, 16)
step 120 score (-84, 1, 0) best (-24, 2, 16)
step 121 score (-24, 2, 16) best (-24, 2, 16)
step 122 score (-84, 1, 0) best (-24, 2, 16)
step 123 score (-106, 1, 0) best (-24, 2, 16)
step 124 score (-80, 1, 0) best (-24, 2, 16)
step 125 score (-80, 1, 0) best (-24, 2, 16)
step 126 score (-80, 1, 0) best (-24, 2, 16)
step 127 score (-106, 1, 0) best (-24, 2, 16)
step 128 score (-84, 1, 0) best (-24, 2, 16)
step 129 score (-24, 2, 16) best (-24, 2, 16)
step 130 score (-84, 1, 0) best (-24, 2, 16)
step 131 score (-106, 1, 0) best (-24, 2, 16)
step 132 score (-80, 1, 0) best (-24, 2, 16)
step 133 score (-80, 1, 0) best (-24, 2, 16)
step 134 score (-106, 1, 0) best (-24, 2, 16)
step 135 score (-80, 1, 0) best (-24, 2, 16)
step 136 score (-80, 1, 0) best (-24, 2, 16)
step 137 score (-106, 1, 0) best (-24, 2, 16)
step 138 score (-84, 1, 0) best (-24, 2, 16)
step 139 score (-24, 2, 16) best (-24, 2, 16)
step 140 score (-84, 1, 0) best (-24, 2, 16)
step 141 score (-24, 2, 16) best (-24, 2, 16)
step 142 score (-84, 1, 0) best (-24, 2, 16)
step 143 score (-106, 1, 0) best (-24, 2, 16)
step 144 score (-84, 1, 0) best (-24, 2, 16)
step 145 score (-112, 1, 0) best (-24, 2, 16)
step 146 score (-84, 1, 0) best (-24, 2, 16)
step 147 score (-24, 2, 16) best (-24, 2, 16)
step 148 score (-84, 1, 0) best (-24, 2, 16)
step 149 score (-24, 2, 16) best (-24, 2, 16)
step 150 score (-84, 1, 0) best (-24, 2, 16)
step 151 score (-106, 1, 0) best (-24, 2, 16)
step 152 score (-80, 1, 0) best (-24, 2, 16)
step 153 score (-80, 1, 0) best (-24, 2, 16)
step 154 score (-80, 1, 0) best (-24, 2, 16)
step 155 score (-106, 1, 0) best (-24, 2, 16)
step 156 score (-84, 1, 0) best (-24, 2, 16)
step 157 score (-24, 2, 16) best (-24, 2, 16)
step 158 score (-84, 1, 0) best (-24, 2, 16)
step 159 score (-24, 2, 16) best (-24, 2, 16)
step 160 score (-84, 1, 0) best (-24, 2, 16)
step 161 score (-106, 1, 0) best (-24, 2, 16)
step 162 score (-80, 1, 0) best (-24, 2, 16)
step 163 score (-80, 1, 0) best (-24, 2, 16)
step 164 score (-80, 1, 0) best (-24, 2, 16)
step 165 score (-106, 1, 0) best (-24, 2, 16)
step 166 score (-84, 1, 0) best (-24, 2, 16)
step 167 score (-24, 2, 16) best (-24, 2, 16)
step 168 score (-84, 1, 0) best (-24, 2, 16)
