@SimpleGraph.SphericalMap.ico_fill : ∀ {n : ℕ} (M : SimpleGraph.SphericalMap n) {h : Fin n}
  (L : SimpleGraph.VacancyMobility.FiveLink M.graph h) {w : Fin 5 → Fin n},
  SimpleGraph.VacancyIcosahedral.IcoBall M.graph h L w →
    (∀ (i : Fin 5),
        M.rotation.next { fst := h, snd := L.port i, adj := ⋯ } = { fst := h, snd := L.port (i + 1), adj := ⋯ }) →
      ∀ {c : Fin n → Fin 4},
        SimpleGraph.VacancySlide.ProperOff M.graph h c → SimpleGraph.VacancyShortFill.PureFill M.graph h c 3
structure SimpleGraph.VacancyIcosahedral.IcoBall.{u_1} {V : Type u_1} (G : SimpleGraph V) (h : V)
  (L : SimpleGraph.VacancyMobility.FiveLink G h) (w : Fin 5 → V) : Prop
number of parameters: 5
fields:
  SimpleGraph.VacancyIcosahedral.IcoBall.nbr : ∀ (t : Fin 5) (u : V),
      G.Adj (L.port t) u ↔ u = h ∨ u = L.port (t + 4) ∨ u = L.port (t + 1) ∨ u = w (t + 4) ∨ u = w t
  SimpleGraph.VacancyIcosahedral.IcoBall.ring : ∀ (t : Fin 5), G.Adj (w t) (w (t + 1))
  SimpleGraph.VacancyIcosahedral.IcoBall.off : ∀ (t i : Fin 5), w t ≠ L.port i
  SimpleGraph.VacancyIcosahedral.IcoBall.offh : ∀ (t : Fin 5), w t ≠ h
constructor:
  SimpleGraph.VacancyIcosahedral.IcoBall.mk.{u_1} {V : Type u_1} {G : SimpleGraph V} {h : V}
    {L : SimpleGraph.VacancyMobility.FiveLink G h} {w : Fin 5 → V}
    (nbr :
      ∀ (t : Fin 5) (u : V),
        G.Adj (L.port t) u ↔ u = h ∨ u = L.port (t + 4) ∨ u = L.port (t + 1) ∨ u = w (t + 4) ∨ u = w t)
    (ring : ∀ (t : Fin 5), G.Adj (w t) (w (t + 1))) (off : ∀ (t i : Fin 5), w t ≠ L.port i)
    (offh : ∀ (t : Fin 5), w t ≠ h) : SimpleGraph.VacancyIcosahedral.IcoBall G h L w
file constants checked: 18; nonstandard: 0; []
exit 0
